# started_at: 2026-07-26T04:56:17
# cwd: /workspace/external/nixl/examples/device/ep
# command: python3 tests/elastic/elastic.py --plan tests/elastic/no_expansion.json --num-processes 4 --num-tokens 128 --num-experts-per-rank 2 --dispatch-only
# env PYTHONPATH=/workspace/external/nixl/install/lib/python3/dist-packages
# env UCX_GDP_ENABLE=y
# env UCX_PLUGIN_PATH=/workspace/external/ucx-spcx-plugin/install/lib/ucx
# env UCX_RC_GDP_NUM_CHANNELS=8
# env UCX_TLS=rc,rc_gdp,tcp,self,sm,cuda_copy

Starting TCPStore and rank server locally
Process 0 -> global_rank=0, local_rank=0
Process 2 -> global_rank=1, local_rank=1
Process 3 -> global_rank=2, local_rank=2
Process 1 -> global_rank=3, local_rank=3
Allocating buffer size: 59.638144 MB ...
global_rank=1, local_rank=1 -> start phase 0
global_rank=1, local_rank=1 -> adding connections to [0, 2, 3]
global_rank=3, local_rank=3 -> start phase 0
global_rank=3, local_rank=3 -> adding connections to [0, 1, 2]
global_rank=0, local_rank=0 -> start phase 0
global_rank=0, local_rank=0 -> adding connections to [1, 2, 3]
global_rank=2, local_rank=2 -> start phase 0
global_rank=2, local_rank=2 -> adding connections to [0, 1, 3]
[rank 2] Dispatch bandwidth: 35.36 GB/s, avg_t=214.55 us, min_t=210.24 us, max_t=220.26 us
[rank 3] Dispatch bandwidth: 35.41 GB/s, avg_t=214.25 us, min_t=207.68 us, max_t=219.97 us
[rank 0] Dispatch bandwidth: 35.33 GB/s, avg_t=214.69 us, min_t=208.16 us, max_t=220.32 us
[rank 1] Dispatch bandwidth: 35.36 GB/s, avg_t=214.53 us, min_t=208.32 us, max_t=222.43 us
global_rank=2, local_rank=2 -> end phase 0
global_rank=3, local_rank=3 -> end phase 0
global_rank=0, local_rank=0 -> end phase 0
global_rank=1, local_rank=1 -> end phase 0
[rank 3] nixlPut latency: samples=95232, p50=1.399000 us, p90=5.278500 us, p99=10.644500 us, average=2.195521 us, overflow_slots=0
[rank 2] nixlPut latency: samples=95232, p50=1.389500 us, p90=5.387500 us, p99=10.436000 us, average=2.200503 us, overflow_slots=0
[rank 1] nixlPut latency: samples=95232, p50=1.402000 us, p90=5.033500 us, p99=10.287500 us, average=2.156634 us, overflow_slots=0
[rank 0] nixlPut latency: samples=95232, p50=1.332000 us, p90=2.926000 us, p99=10.040500 us, average=1.896916 us, overflow_slots=0
global_rank=0, local_rank=0 -> done
global_rank=3, local_rank=3 -> done
global_rank=1, local_rank=1 -> done
global_rank=2, local_rank=2 -> done
