# started_at: 2026-07-26T04:55:27
# cwd: /workspace/external/nixl/examples/device/ep
# command: python3 tests/elastic/elastic.py --plan tests/elastic/no_expansion.json --num-processes 4 --num-tokens 128 --num-experts-per-rank 2 --dispatch-only
# env PYTHONPATH=/workspace/external/nixl/install/lib/python3/dist-packages
# env UCX_GDP_ENABLE=y
# env UCX_PLUGIN_PATH=/workspace/external/ucx-spcx-plugin/install/lib/ucx
# env UCX_RC_GDP_NUM_CHANNELS=2
# env UCX_TLS=rc,rc_gdp,tcp,self,sm,cuda_copy

Starting TCPStore and rank server locally
Process 0 -> global_rank=0, local_rank=0
Process 1 -> global_rank=1, local_rank=1
Process 3 -> global_rank=2, local_rank=2
Process 2 -> global_rank=3, local_rank=3
Allocating buffer size: 59.638144 MB ...
global_rank=0, local_rank=0 -> start phase 0
global_rank=0, local_rank=0 -> adding connections to [1, 2, 3]
global_rank=3, local_rank=3 -> start phase 0
global_rank=3, local_rank=3 -> adding connections to [0, 1, 2]
global_rank=2, local_rank=2 -> start phase 0
global_rank=2, local_rank=2 -> adding connections to [0, 1, 3]
global_rank=1, local_rank=1 -> start phase 0
global_rank=1, local_rank=1 -> adding connections to [0, 2, 3]
[rank 1] Dispatch bandwidth: 35.69 GB/s, avg_t=212.53 us, min_t=208.00 us, max_t=218.21 us
[rank 2] Dispatch bandwidth: 35.63 GB/s, avg_t=212.90 us, min_t=208.32 us, max_t=220.58 us
[rank 3] Dispatch bandwidth: 35.63 GB/s, avg_t=212.91 us, min_t=207.26 us, max_t=220.58 us
[rank 0] Dispatch bandwidth: 35.61 GB/s, avg_t=213.04 us, min_t=209.18 us, max_t=218.59 us
global_rank=2, local_rank=2 -> end phase 0
global_rank=1, local_rank=1 -> end phase 0
global_rank=3, local_rank=3 -> end phase 0
global_rank=0, local_rank=0 -> end phase 0
[rank 2] nixlPut latency: samples=95232, p50=1.324500 us, p90=1.451000 us, p99=1.765000 us, average=1.321477 us, overflow_slots=0
[rank 1] nixlPut latency: samples=95232, p50=1.335500 us, p90=1.467500 us, p99=1.747500 us, average=1.331211 us, overflow_slots=0
[rank 0] nixlPut latency: samples=95232, p50=1.297000 us, p90=1.404000 us, p99=1.633500 us, average=1.294787 us, overflow_slots=0
[rank 3] nixlPut latency: samples=95232, p50=1.359500 us, p90=1.513000 us, p99=1.865000 us, average=1.357834 us, overflow_slots=0
global_rank=1, local_rank=1 -> done
global_rank=3, local_rank=3 -> done
global_rank=0, local_rank=0 -> done
global_rank=2, local_rank=2 -> done
