# started_at: 2026-07-26T04:55:52
# cwd: /workspace/external/nixl/examples/device/ep
# command: python3 tests/elastic/elastic.py --plan tests/elastic/no_expansion.json --num-processes 4 --num-tokens 128 --num-experts-per-rank 2 --dispatch-only
# env PYTHONPATH=/workspace/external/nixl/install/lib/python3/dist-packages
# env UCX_GDP_ENABLE=y
# env UCX_PLUGIN_PATH=/workspace/external/ucx-spcx-plugin/install/lib/ucx
# env UCX_RC_GDP_NUM_CHANNELS=4
# env UCX_TLS=rc,rc_gdp,tcp,self,sm,cuda_copy

Starting TCPStore and rank server locally
Process 3 -> global_rank=0, local_rank=0
Process 2 -> global_rank=1, local_rank=1
Process 1 -> global_rank=2, local_rank=2
Process 0 -> global_rank=3, local_rank=3
Allocating buffer size: 59.638144 MB ...
global_rank=3, local_rank=3 -> start phase 0
global_rank=3, local_rank=3 -> adding connections to [0, 1, 2]
global_rank=0, local_rank=0 -> start phase 0
global_rank=0, local_rank=0 -> adding connections to [1, 2, 3]
global_rank=1, local_rank=1 -> start phase 0
global_rank=1, local_rank=1 -> adding connections to [0, 2, 3]
global_rank=2, local_rank=2 -> start phase 0
global_rank=2, local_rank=2 -> adding connections to [0, 1, 3]
[rank 1] Dispatch bandwidth: 35.61 GB/s, avg_t=213.05 us, min_t=206.75 us, max_t=219.04 us
[rank 2] Dispatch bandwidth: 35.71 GB/s, avg_t=212.44 us, min_t=208.29 us, max_t=216.48 us
[rank 0] Dispatch bandwidth: 35.78 GB/s, avg_t=212.04 us, min_t=207.62 us, max_t=217.22 us
[rank 3] Dispatch bandwidth: 35.70 GB/s, avg_t=212.48 us, min_t=206.27 us, max_t=218.56 us
global_rank=1, local_rank=1 -> end phase 0
global_rank=2, local_rank=2 -> end phase 0
global_rank=0, local_rank=0 -> end phase 0
global_rank=3, local_rank=3 -> end phase 0
[rank 1] nixlPut latency: samples=95232, p50=1.351500 us, p90=1.485000 us, p99=1.966500 us, average=1.351054 us, overflow_slots=0
[rank 0] nixlPut latency: samples=95232, p50=1.301000 us, p90=1.424500 us, p99=1.983500 us, average=1.308060 us, overflow_slots=0
[rank 2] nixlPut latency: samples=95232, p50=1.339500 us, p90=1.464000 us, p99=2.017000 us, average=1.341309 us, overflow_slots=0
[rank 3] nixlPut latency: samples=95232, p50=1.339500 us, p90=1.486500 us, p99=2.095000 us, average=1.347821 us, overflow_slots=0
global_rank=0, local_rank=0 -> done
global_rank=3, local_rank=3 -> done
global_rank=2, local_rank=2 -> done
global_rank=1, local_rank=1 -> done
