# started_at: 2026-07-26T04:57:17
# cwd: /workspace/external/nixl/examples/device/ep
# command: python3 tests/elastic/elastic.py --plan tests/elastic/no_expansion.json --num-processes 4 --num-tokens 128 --num-experts-per-rank 2 --dispatch-only
# env PYTHONPATH=/workspace/external/nixl/install/lib/python3/dist-packages
# env UCX_GDP_ENABLE=y
# env UCX_PLUGIN_PATH=/workspace/external/ucx-spcx-plugin/install/lib/ucx
# env UCX_RC_GDP_NUM_CHANNELS=32
# env UCX_TLS=rc,rc_gdp,tcp,self,sm,cuda_copy

Starting TCPStore and rank server locally
Process 2 -> global_rank=0, local_rank=0
Process 3 -> global_rank=1, local_rank=1
Process 1 -> global_rank=2, local_rank=2
Process 0 -> global_rank=3, local_rank=3
Allocating buffer size: 59.638144 MB ...
global_rank=0, local_rank=0 -> start phase 0
global_rank=0, local_rank=0 -> adding connections to [1, 2, 3]
global_rank=3, local_rank=3 -> start phase 0
global_rank=3, local_rank=3 -> adding connections to [0, 1, 2]
global_rank=1, local_rank=1 -> start phase 0
global_rank=1, local_rank=1 -> adding connections to [0, 2, 3]
global_rank=2, local_rank=2 -> start phase 0
global_rank=2, local_rank=2 -> adding connections to [0, 1, 3]
[rank 1] Dispatch bandwidth: 33.43 GB/s, avg_t=226.91 us, min_t=223.10 us, max_t=232.35 us
[rank 0] Dispatch bandwidth: 33.57 GB/s, avg_t=225.99 us, min_t=221.98 us, max_t=231.58 us
[rank 2] Dispatch bandwidth: 33.52 GB/s, avg_t=226.34 us, min_t=220.54 us, max_t=232.86 us
[rank 3] Dispatch bandwidth: 33.50 GB/s, avg_t=226.43 us, min_t=221.82 us, max_t=233.06 us
global_rank=1, local_rank=1 -> end phase 0
global_rank=0, local_rank=0 -> end phase 0
global_rank=2, local_rank=2 -> end phase 0
global_rank=3, local_rank=3 -> end phase 0
[rank 0] nixlPut latency: samples=95232, p50=6.660000 us, p90=11.459500 us, p99=17.994500 us, average=6.612834 us, overflow_slots=0
[rank 2] nixlPut latency: samples=95232, p50=6.910500 us, p90=11.781000 us, p99=18.879500 us, average=6.884031 us, overflow_slots=0
[rank 1] nixlPut latency: samples=95232, p50=6.836000 us, p90=11.719500 us, p99=19.307000 us, average=6.821739 us, overflow_slots=0
[rank 3] nixlPut latency: samples=95232, p50=6.812000 us, p90=12.027500 us, p99=19.369000 us, average=6.891232 us, overflow_slots=0
global_rank=0, local_rank=0 -> done
global_rank=2, local_rank=2 -> done
global_rank=3, local_rank=3 -> done
global_rank=1, local_rank=1 -> done
