# started_at: 2026-07-26T04:56:51
# cwd: /workspace/external/nixl/examples/device/ep
# command: python3 tests/elastic/elastic.py --plan tests/elastic/no_expansion.json --num-processes 4 --num-tokens 128 --num-experts-per-rank 2 --dispatch-only
# env PYTHONPATH=/workspace/external/nixl/install/lib/python3/dist-packages
# env UCX_GDP_ENABLE=y
# env UCX_PLUGIN_PATH=/workspace/external/ucx-spcx-plugin/install/lib/ucx
# env UCX_RC_GDP_NUM_CHANNELS=16
# env UCX_TLS=rc,rc_gdp,tcp,self,sm,cuda_copy

Starting TCPStore and rank server locally
Process 1 -> global_rank=0, local_rank=0
Process 2 -> global_rank=1, local_rank=1
Process 3 -> global_rank=2, local_rank=2
Process 0 -> global_rank=3, local_rank=3
Allocating buffer size: 59.638144 MB ...
global_rank=0, local_rank=0 -> start phase 0
global_rank=0, local_rank=0 -> adding connections to [1, 2, 3]
global_rank=3, local_rank=3 -> start phase 0
global_rank=3, local_rank=3 -> adding connections to [0, 1, 2]
global_rank=1, local_rank=1 -> start phase 0
global_rank=1, local_rank=1 -> adding connections to [0, 2, 3]
global_rank=2, local_rank=2 -> start phase 0
global_rank=2, local_rank=2 -> adding connections to [0, 1, 3]
[rank 1] Dispatch bandwidth: 34.98 GB/s, avg_t=216.88 us, min_t=212.90 us, max_t=223.10 us
[rank 3] Dispatch bandwidth: 35.08 GB/s, avg_t=216.26 us, min_t=210.37 us, max_t=222.66 us
[rank 2] Dispatch bandwidth: 35.04 GB/s, avg_t=216.48 us, min_t=210.21 us, max_t=224.86 us
[rank 0] Dispatch bandwidth: 35.05 GB/s, avg_t=216.43 us, min_t=212.32 us, max_t=221.47 us
global_rank=1, local_rank=1 -> end phase 0
global_rank=3, local_rank=3 -> end phase 0
global_rank=2, local_rank=2 -> end phase 0
global_rank=0, local_rank=0 -> end phase 0
[rank 1] nixlPut latency: samples=95232, p50=5.169500 us, p90=9.596500 us, p99=13.112000 us, average=5.115767 us, overflow_slots=0
[rank 3] nixlPut latency: samples=95232, p50=5.180000 us, p90=9.846000 us, p99=13.279500 us, average=5.180454 us, overflow_slots=0
[rank 0] nixlPut latency: samples=95232, p50=4.535500 us, p90=9.278000 us, p99=12.762500 us, average=4.786242 us, overflow_slots=0
[rank 2] nixlPut latency: samples=95232, p50=5.179000 us, p90=9.756500 us, p99=13.382500 us, average=5.151950 us, overflow_slots=0
global_rank=1, local_rank=1 -> done
global_rank=3, local_rank=3 -> done
global_rank=2, local_rank=2 -> done
global_rank=0, local_rank=0 -> done
