# started_at: 2026-07-26T04:56:00
# cwd: /workspace/external/nixl/examples/device/ep
# command: python3 tests/elastic/elastic.py --plan tests/elastic/no_expansion.json --num-processes 4 --num-tokens 128 --num-experts-per-rank 2 --dispatch-only
# env PYTHONPATH=/workspace/external/nixl/install/lib/python3/dist-packages
# env UCX_GDP_ENABLE=y
# env UCX_PLUGIN_PATH=/workspace/external/ucx-spcx-plugin/install/lib/ucx
# env UCX_RC_GDP_NUM_CHANNELS=4
# env UCX_TLS=rc,rc_gdp,tcp,self,sm,cuda_copy

Starting TCPStore and rank server locally
Process 0 -> global_rank=0, local_rank=0
Process 3 -> global_rank=1, local_rank=1
Process 1 -> global_rank=2, local_rank=2
Process 2 -> global_rank=3, local_rank=3
Allocating buffer size: 59.638144 MB ...
global_rank=3, local_rank=3 -> start phase 0
global_rank=3, local_rank=3 -> adding connections to [0, 1, 2]
global_rank=0, local_rank=0 -> start phase 0
global_rank=0, local_rank=0 -> adding connections to [1, 2, 3]
global_rank=1, local_rank=1 -> start phase 0
global_rank=1, local_rank=1 -> adding connections to [0, 2, 3]
global_rank=2, local_rank=2 -> start phase 0
global_rank=2, local_rank=2 -> adding connections to [0, 1, 3]
[rank 1] Dispatch bandwidth: 35.52 GB/s, avg_t=213.59 us, min_t=205.73 us, max_t=221.09 us
[rank 3] Dispatch bandwidth: 35.59 GB/s, avg_t=213.15 us, min_t=208.35 us, max_t=222.72 us
[rank 2] Dispatch bandwidth: 35.58 GB/s, avg_t=213.20 us, min_t=208.10 us, max_t=220.35 us
global_rank=1, local_rank=1 -> end phase 0
[rank 0] Dispatch bandwidth: 35.59 GB/s, avg_t=213.16 us, min_t=210.18 us, max_t=218.69 us
global_rank=3, local_rank=3 -> end phase 0
global_rank=2, local_rank=2 -> end phase 0
global_rank=0, local_rank=0 -> end phase 0
[rank 1] nixlPut latency: samples=95232, p50=1.352000 us, p90=1.484000 us, p99=1.964000 us, average=1.350719 us, overflow_slots=0
[rank 3] nixlPut latency: samples=95232, p50=1.340000 us, p90=1.487000 us, p99=2.145500 us, average=1.348620 us, overflow_slots=0
[rank 2] nixlPut latency: samples=95232, p50=1.339500 us, p90=1.464500 us, p99=2.079000 us, average=1.341695 us, overflow_slots=0
[rank 0] nixlPut latency: samples=95232, p50=1.301000 us, p90=1.423000 us, p99=2.025500 us, average=1.308654 us, overflow_slots=0
global_rank=0, local_rank=0 -> done
global_rank=1, local_rank=1 -> done
global_rank=2, local_rank=2 -> done
global_rank=3, local_rank=3 -> done
