# started_at: 2026-07-26T04:57:25
# cwd: /workspace/external/nixl/examples/device/ep
# command: python3 tests/elastic/elastic.py --plan tests/elastic/no_expansion.json --num-processes 4 --num-tokens 128 --num-experts-per-rank 2 --dispatch-only
# env PYTHONPATH=/workspace/external/nixl/install/lib/python3/dist-packages
# env UCX_GDP_ENABLE=y
# env UCX_PLUGIN_PATH=/workspace/external/ucx-spcx-plugin/install/lib/ucx
# env UCX_RC_GDP_NUM_CHANNELS=32
# env UCX_TLS=rc,rc_gdp,tcp,self,sm,cuda_copy

Starting TCPStore and rank server locally
Process 3 -> global_rank=0, local_rank=0
Process 0 -> global_rank=1, local_rank=1
Process 2 -> global_rank=2, local_rank=2
Process 1 -> global_rank=3, local_rank=3
Allocating buffer size: 59.638144 MB ...
global_rank=0, local_rank=0 -> start phase 0
global_rank=0, local_rank=0 -> adding connections to [1, 2, 3]
global_rank=1, local_rank=1 -> start phase 0
global_rank=1, local_rank=1 -> adding connections to [0, 2, 3]
global_rank=3, local_rank=3 -> start phase 0
global_rank=3, local_rank=3 -> adding connections to [0, 1, 2]
global_rank=2, local_rank=2 -> start phase 0
global_rank=2, local_rank=2 -> adding connections to [0, 1, 3]
[rank 3] Dispatch bandwidth: 33.45 GB/s, avg_t=226.75 us, min_t=219.94 us, max_t=234.88 us
[rank 2] Dispatch bandwidth: 33.49 GB/s, avg_t=226.48 us, min_t=221.82 us, max_t=232.67 us
[rank 1] Dispatch bandwidth: 33.42 GB/s, avg_t=226.95 us, min_t=222.43 us, max_t=233.09 us
[rank 0] Dispatch bandwidth: 33.42 GB/s, avg_t=226.96 us, min_t=222.46 us, max_t=233.09 us
global_rank=3, local_rank=3 -> end phase 0
global_rank=2, local_rank=2 -> end phase 0
global_rank=1, local_rank=1 -> end phase 0
global_rank=0, local_rank=0 -> end phase 0
[rank 2] nixlPut latency: samples=95232, p50=6.892000 us, p90=11.903000 us, p99=18.762500 us, average=6.888368 us, overflow_slots=0
[rank 0] nixlPut latency: samples=95232, p50=6.685500 us, p90=11.313000 us, p99=18.030500 us, average=6.629897 us, overflow_slots=0
[rank 3] nixlPut latency: samples=95232, p50=6.674500 us, p90=12.026500 us, p99=19.545000 us, average=6.813228 us, overflow_slots=0
[rank 1] nixlPut latency: samples=95232, p50=6.757500 us, p90=11.734000 us, p99=19.111500 us, average=6.789114 us, overflow_slots=0
global_rank=0, local_rank=0 -> done
global_rank=3, local_rank=3 -> done
global_rank=1, local_rank=1 -> done
global_rank=2, local_rank=2 -> done
