# started_at: 2026-07-26T04:56:42
# cwd: /workspace/external/nixl/examples/device/ep
# command: python3 tests/elastic/elastic.py --plan tests/elastic/no_expansion.json --num-processes 4 --num-tokens 128 --num-experts-per-rank 2 --dispatch-only
# env PYTHONPATH=/workspace/external/nixl/install/lib/python3/dist-packages
# env UCX_GDP_ENABLE=y
# env UCX_PLUGIN_PATH=/workspace/external/ucx-spcx-plugin/install/lib/ucx
# env UCX_RC_GDP_NUM_CHANNELS=16
# env UCX_TLS=rc,rc_gdp,tcp,self,sm,cuda_copy

Starting TCPStore and rank server locally
Process 1 -> global_rank=0, local_rank=0
Process 0 -> global_rank=1, local_rank=1
Process 3 -> global_rank=2, local_rank=2
Process 2 -> global_rank=3, local_rank=3
Allocating buffer size: 59.638144 MB ...
global_rank=1, local_rank=1 -> start phase 0
global_rank=1, local_rank=1 -> adding connections to [0, 2, 3]
global_rank=3, local_rank=3 -> start phase 0
global_rank=3, local_rank=3 -> adding connections to [0, 1, 2]
global_rank=0, local_rank=0 -> start phase 0
global_rank=2, local_rank=2 -> start phase 0
global_rank=0, local_rank=0 -> adding connections to [1, 2, 3]
global_rank=2, local_rank=2 -> adding connections to [0, 1, 3]
[rank 0] Dispatch bandwidth: 35.04 GB/s, avg_t=216.47 us, min_t=210.82 us, max_t=223.10 us
[rank 1] Dispatch bandwidth: 35.18 GB/s, avg_t=215.61 us, min_t=207.71 us, max_t=224.42 us
[rank 2] Dispatch bandwidth: 35.13 GB/s, avg_t=215.94 us, min_t=210.30 us, max_t=222.62 us
[rank 3] Dispatch bandwidth: 35.11 GB/s, avg_t=216.04 us, min_t=210.66 us, max_t=222.66 us
global_rank=0, local_rank=0 -> end phase 0
global_rank=1, local_rank=1 -> end phase 0
global_rank=2, local_rank=2 -> end phase 0
global_rank=3, local_rank=3 -> end phase 0
[rank 0] nixlPut latency: samples=95232, p50=4.434500 us, p90=9.276000 us, p99=13.127500 us, average=4.766578 us, overflow_slots=0
[rank 2] nixlPut latency: samples=95232, p50=4.996000 us, p90=9.729500 us, p99=13.925500 us, average=5.105826 us, overflow_slots=0
[rank 1] nixlPut latency: samples=95232, p50=5.039500 us, p90=9.689500 us, p99=13.472500 us, average=5.101720 us, overflow_slots=0
[rank 3] nixlPut latency: samples=95232, p50=5.109000 us, p90=9.867000 us, p99=13.583500 us, average=5.180486 us, overflow_slots=0
global_rank=1, local_rank=1 -> done
global_rank=2, local_rank=2 -> done
global_rank=0, local_rank=0 -> done
global_rank=3, local_rank=3 -> done
