# started_at: 2026-07-26T05:11:34
# cwd: /workspace/external/nixl/examples/device/ep
# command: python3 tests/elastic/elastic.py --plan tests/elastic/no_expansion.json --num-processes 4 --num-tokens 128 --num-experts-per-rank 4 --dispatch-only
# env PYTHONPATH=/workspace/external/nixl/install/lib/python3/dist-packages
# env UCX_GDP_ENABLE=y
# env UCX_PLUGIN_PATH=/workspace/external/ucx-spcx-plugin/install/lib/ucx
# env UCX_RC_GDP_NUM_CHANNELS=32
# env UCX_TLS=rc,rc_gdp,tcp,self,sm,cuda_copy

Starting TCPStore and rank server locally
Process 3 -> global_rank=0, local_rank=0
Process 1 -> global_rank=1, local_rank=1
Process 2 -> global_rank=2, local_rank=2
Process 0 -> global_rank=3, local_rank=3
Allocating buffer size: 119.275904 MB ...
global_rank=0, local_rank=0 -> start phase 0
global_rank=0, local_rank=0 -> adding connections to [1, 2, 3]
global_rank=1, local_rank=1 -> start phase 0
global_rank=1, local_rank=1 -> adding connections to [0, 2, 3]
global_rank=3, local_rank=3 -> start phase 0
global_rank=3, local_rank=3 -> adding connections to [0, 1, 2]
global_rank=2, local_rank=2 -> start phase 0
global_rank=2, local_rank=2 -> adding connections to [0, 1, 3]
[rank 0] Dispatch bandwidth: 49.51 GB/s, avg_t=153.22 us, min_t=141.18 us, max_t=171.97 us
[rank 1] Dispatch bandwidth: 49.50 GB/s, avg_t=153.24 us, min_t=144.22 us, max_t=173.92 us
[rank 2] Dispatch bandwidth: 49.63 GB/s, avg_t=152.83 us, min_t=136.70 us, max_t=171.14 us
[rank 3] Dispatch bandwidth: 49.65 GB/s, avg_t=152.78 us, min_t=138.85 us, max_t=165.02 us
global_rank=1, local_rank=1 -> end phase 0
global_rank=0, local_rank=0 -> end phase 0
global_rank=2, local_rank=2 -> end phase 0
global_rank=3, local_rank=3 -> end phase 0
[rank 2] nixlPut latency: samples=94116, p50=2.061500 us, p90=15.629000 us, p99=28.027000 us, average=5.863158 us, overflow_slots=0
[rank 3] nixlPut latency: samples=94860, p50=6.368500 us, p90=16.686000 us, p99=27.385500 us, average=7.557679 us, overflow_slots=0
[rank 1] nixlPut latency: samples=94984, p50=5.580500 us, p90=16.247000 us, p99=26.226000 us, average=7.172732 us, overflow_slots=0
[rank 0] nixlPut latency: samples=97464, p50=3.299500 us, p90=16.391500 us, p99=27.322000 us, average=6.658096 us, overflow_slots=0
global_rank=3, local_rank=3 -> done
global_rank=0, local_rank=0 -> done
global_rank=2, local_rank=2 -> done
global_rank=1, local_rank=1 -> done
