# started_at: 2026-07-26T05:11:01
# cwd: /workspace/external/nixl/examples/device/ep
# command: python3 tests/elastic/elastic.py --plan tests/elastic/no_expansion.json --num-processes 4 --num-tokens 128 --num-experts-per-rank 4 --dispatch-only
# env PYTHONPATH=/workspace/external/nixl/install/lib/python3/dist-packages
# env UCX_GDP_ENABLE=y
# env UCX_PLUGIN_PATH=/workspace/external/ucx-spcx-plugin/install/lib/ucx
# env UCX_RC_GDP_NUM_CHANNELS=16
# env UCX_TLS=rc,rc_gdp,tcp,self,sm,cuda_copy

Starting TCPStore and rank server locally
Process 1 -> global_rank=0, local_rank=0
Process 2 -> global_rank=1, local_rank=1
Process 0 -> global_rank=2, local_rank=2
Process 3 -> global_rank=3, local_rank=3
Allocating buffer size: 119.275904 MB ...
global_rank=1, local_rank=1 -> start phase 0
global_rank=1, local_rank=1 -> adding connections to [0, 2, 3]
global_rank=2, local_rank=2 -> start phase 0
global_rank=2, local_rank=2 -> adding connections to [0, 1, 3]
global_rank=0, local_rank=0 -> start phase 0
global_rank=0, local_rank=0 -> adding connections to [1, 2, 3]
global_rank=3, local_rank=3 -> start phase 0
global_rank=3, local_rank=3 -> adding connections to [0, 1, 2]
[rank 1] Dispatch bandwidth: 45.79 GB/s, avg_t=165.68 us, min_t=143.26 us, max_t=221.06 us
[rank 2] Dispatch bandwidth: 45.95 GB/s, avg_t=165.09 us, min_t=142.72 us, max_t=238.98 us
[rank 0] Dispatch bandwidth: 45.79 GB/s, avg_t=165.66 us, min_t=140.99 us, max_t=204.83 us
[rank 3] Dispatch bandwidth: 45.93 GB/s, avg_t=165.17 us, min_t=140.90 us, max_t=220.58 us
global_rank=1, local_rank=1 -> end phase 0
global_rank=2, local_rank=2 -> end phase 0
global_rank=0, local_rank=0 -> end phase 0
global_rank=3, local_rank=3 -> end phase 0
[rank 2] nixlPut latency: samples=94116, p50=1.500500 us, p90=9.926000 us, p99=21.392000 us, average=3.360577 us, overflow_slots=0
[rank 1] nixlPut latency: samples=94984, p50=1.479000 us, p90=10.998000 us, p99=21.866500 us, average=3.769938 us, overflow_slots=0
[rank 3] nixlPut latency: samples=94860, p50=1.508500 us, p90=12.001000 us, p99=22.401500 us, average=4.241008 us, overflow_slots=0
[rank 0] nixlPut latency: samples=97464, p50=1.595500 us, p90=10.417500 us, p99=21.597000 us, average=3.719918 us, overflow_slots=0
global_rank=1, local_rank=1 -> done
global_rank=3, local_rank=3 -> done
global_rank=2, local_rank=2 -> done
global_rank=0, local_rank=0 -> done
