# started_at: 2026-07-26T05:11:09
# cwd: /workspace/external/nixl/examples/device/ep
# command: python3 tests/elastic/elastic.py --plan tests/elastic/no_expansion.json --num-processes 4 --num-tokens 128 --num-experts-per-rank 4 --dispatch-only
# env PYTHONPATH=/workspace/external/nixl/install/lib/python3/dist-packages
# env UCX_GDP_ENABLE=y
# env UCX_PLUGIN_PATH=/workspace/external/ucx-spcx-plugin/install/lib/ucx
# env UCX_RC_GDP_NUM_CHANNELS=16
# env UCX_TLS=rc,rc_gdp,tcp,self,sm,cuda_copy

Starting TCPStore and rank server locally
Process 3 -> global_rank=0, local_rank=0
Process 0 -> global_rank=1, local_rank=1
Process 2 -> global_rank=2, local_rank=2
Process 1 -> global_rank=3, local_rank=3
Allocating buffer size: 119.275904 MB ...
global_rank=3, local_rank=3 -> start phase 0
global_rank=3, local_rank=3 -> adding connections to [0, 1, 2]
global_rank=1, local_rank=1 -> start phase 0
global_rank=1, local_rank=1 -> adding connections to [0, 2, 3]
global_rank=0, local_rank=0 -> start phase 0
global_rank=0, local_rank=0 -> adding connections to [1, 2, 3]
global_rank=2, local_rank=2 -> start phase 0
global_rank=2, local_rank=2 -> adding connections to [0, 1, 3]
[rank 0] Dispatch bandwidth: 46.75 GB/s, avg_t=162.26 us, min_t=140.13 us, max_t=233.34 us
[rank 1] Dispatch bandwidth: 46.72 GB/s, avg_t=162.36 us, min_t=143.26 us, max_t=229.28 us
[rank 2] Dispatch bandwidth: 46.88 GB/s, avg_t=161.80 us, min_t=140.67 us, max_t=259.46 us
[rank 3] Dispatch bandwidth: 46.88 GB/s, avg_t=161.82 us, min_t=142.75 us, max_t=235.07 us
global_rank=0, local_rank=0 -> end phase 0
global_rank=1, local_rank=1 -> end phase 0
global_rank=3, local_rank=3 -> end phase 0
global_rank=2, local_rank=2 -> end phase 0
[rank 1] nixlPut latency: samples=94984, p50=1.473500 us, p90=10.510500 us, p99=20.959000 us, average=3.611478 us, overflow_slots=0
[rank 3] nixlPut latency: samples=94860, p50=1.509000 us, p90=12.078500 us, p99=22.227000 us, average=4.256276 us, overflow_slots=0
[rank 2] nixlPut latency: samples=94116, p50=1.502000 us, p90=9.498000 us, p99=22.128000 us, average=3.313375 us, overflow_slots=0
[rank 0] nixlPut latency: samples=97464, p50=1.596500 us, p90=10.481500 us, p99=21.405000 us, average=3.756393 us, overflow_slots=0
global_rank=0, local_rank=0 -> done
global_rank=1, local_rank=1 -> done
global_rank=2, local_rank=2 -> done
global_rank=3, local_rank=3 -> done
