# started_at: 2026-07-26T05:10:04
# cwd: /workspace/external/nixl/examples/device/ep
# command: python3 tests/elastic/elastic.py --plan tests/elastic/no_expansion.json --num-processes 4 --num-tokens 128 --num-experts-per-rank 4 --dispatch-only
# env PYTHONPATH=/workspace/external/nixl/install/lib/python3/dist-packages
# env UCX_GDP_ENABLE=y
# env UCX_PLUGIN_PATH=/workspace/external/ucx-spcx-plugin/install/lib/ucx
# env UCX_RC_GDP_NUM_CHANNELS=4
# env UCX_TLS=rc,rc_gdp,tcp,self,sm,cuda_copy

Starting TCPStore and rank server locally
Process 0 -> global_rank=0, local_rank=0
Process 3 -> global_rank=1, local_rank=1
Process 1 -> global_rank=2, local_rank=2
Process 2 -> global_rank=3, local_rank=3
Allocating buffer size: 119.275904 MB ...
global_rank=3, local_rank=3 -> start phase 0
global_rank=3, local_rank=3 -> adding connections to [0, 1, 2]
global_rank=1, local_rank=1 -> start phase 0
global_rank=1, local_rank=1 -> adding connections to [0, 2, 3]
global_rank=0, local_rank=0 -> start phase 0
global_rank=0, local_rank=0 -> adding connections to [1, 2, 3]
global_rank=2, local_rank=2 -> start phase 0
global_rank=2, local_rank=2 -> adding connections to [0, 1, 3]
[rank 1] Dispatch bandwidth: 42.65 GB/s, avg_t=177.87 us, min_t=141.22 us, max_t=278.46 us
[rank 0] Dispatch bandwidth: 42.69 GB/s, avg_t=177.68 us, min_t=139.14 us, max_t=290.72 us
[rank 3] Dispatch bandwidth: 42.78 GB/s, avg_t=177.32 us, min_t=138.66 us, max_t=288.16 us
[rank 2] Dispatch bandwidth: 42.74 GB/s, avg_t=177.48 us, min_t=140.70 us, max_t=286.05 us
global_rank=0, local_rank=0 -> end phase 0
global_rank=1, local_rank=1 -> end phase 0
global_rank=3, local_rank=3 -> end phase 0
global_rank=2, local_rank=2 -> end phase 0
[rank 1] nixlPut latency: samples=94984, p50=1.288500 us, p90=1.523000 us, p99=1.865500 us, average=1.324022 us, overflow_slots=0
[rank 2] nixlPut latency: samples=94116, p50=1.369000 us, p90=1.543000 us, p99=1.906500 us, average=1.373774 us, overflow_slots=0
[rank 3] nixlPut latency: samples=94860, p50=1.352000 us, p90=1.531500 us, p99=1.887500 us, average=1.367442 us, overflow_slots=0
[rank 0] nixlPut latency: samples=97464, p50=1.431500 us, p90=1.615500 us, p99=1.944500 us, average=1.449808 us, overflow_slots=0
global_rank=1, local_rank=1 -> done
global_rank=3, local_rank=3 -> done
global_rank=0, local_rank=0 -> done
global_rank=2, local_rank=2 -> done
