# started_at: 2026-07-26T05:10:20
# cwd: /workspace/external/nixl/examples/device/ep
# command: python3 tests/elastic/elastic.py --plan tests/elastic/no_expansion.json --num-processes 4 --num-tokens 128 --num-experts-per-rank 4 --dispatch-only
# env PYTHONPATH=/workspace/external/nixl/install/lib/python3/dist-packages
# env UCX_GDP_ENABLE=y
# env UCX_PLUGIN_PATH=/workspace/external/ucx-spcx-plugin/install/lib/ucx
# env UCX_RC_GDP_NUM_CHANNELS=4
# env UCX_TLS=rc,rc_gdp,tcp,self,sm,cuda_copy

Starting TCPStore and rank server locally
Process 3 -> global_rank=0, local_rank=0
Process 0 -> global_rank=1, local_rank=1
Process 2 -> global_rank=2, local_rank=2
Process 1 -> global_rank=3, local_rank=3
Allocating buffer size: 119.275904 MB ...
global_rank=0, local_rank=0 -> start phase 0
global_rank=0, local_rank=0 -> adding connections to [1, 2, 3]
global_rank=2, local_rank=2 -> start phase 0
global_rank=2, local_rank=2 -> adding connections to [0, 1, 3]
global_rank=3, local_rank=3 -> start phase 0
global_rank=3, local_rank=3 -> adding connections to [0, 1, 2]
global_rank=1, local_rank=1 -> start phase 0
global_rank=1, local_rank=1 -> adding connections to [0, 2, 3]
[rank 0] Dispatch bandwidth: 43.88 GB/s, avg_t=172.88 us, min_t=139.14 us, max_t=274.30 us
[rank 1] Dispatch bandwidth: 43.88 GB/s, avg_t=172.89 us, min_t=141.12 us, max_t=268.19 us
[rank 2] Dispatch bandwidth: 44.06 GB/s, avg_t=172.18 us, min_t=138.66 us, max_t=268.83 us
[rank 3] Dispatch bandwidth: 44.00 GB/s, avg_t=172.41 us, min_t=140.67 us, max_t=263.58 us
global_rank=0, local_rank=0 -> end phase 0
global_rank=1, local_rank=1 -> end phase 0
global_rank=3, local_rank=3 -> end phase 0
global_rank=2, local_rank=2 -> end phase 0
[rank 2] nixlPut latency: samples=94116, p50=1.369500 us, p90=1.542000 us, p99=1.886500 us, average=1.373703 us, overflow_slots=0
[rank 0] nixlPut latency: samples=97464, p50=1.432000 us, p90=1.614000 us, p99=1.971000 us, average=1.450929 us, overflow_slots=0
[rank 1] nixlPut latency: samples=94984, p50=1.288500 us, p90=1.522000 us, p99=1.880500 us, average=1.324874 us, overflow_slots=0
[rank 3] nixlPut latency: samples=94860, p50=1.353000 us, p90=1.530500 us, p99=1.916000 us, average=1.367619 us, overflow_slots=0
global_rank=1, local_rank=1 -> done
global_rank=3, local_rank=3 -> done
global_rank=0, local_rank=0 -> done
global_rank=2, local_rank=2 -> done
