# started_at: 2026-07-26T05:11:25
# cwd: /workspace/external/nixl/examples/device/ep
# command: python3 tests/elastic/elastic.py --plan tests/elastic/no_expansion.json --num-processes 4 --num-tokens 128 --num-experts-per-rank 4 --dispatch-only
# env PYTHONPATH=/workspace/external/nixl/install/lib/python3/dist-packages
# env UCX_GDP_ENABLE=y
# env UCX_PLUGIN_PATH=/workspace/external/ucx-spcx-plugin/install/lib/ucx
# env UCX_RC_GDP_NUM_CHANNELS=32
# env UCX_TLS=rc,rc_gdp,tcp,self,sm,cuda_copy

Starting TCPStore and rank server locally
Process 0 -> global_rank=0, local_rank=0
Process 3 -> global_rank=1, local_rank=1
Process 2 -> global_rank=2, local_rank=2
Process 1 -> global_rank=3, local_rank=3
Allocating buffer size: 119.275904 MB ...
global_rank=0, local_rank=0 -> start phase 0
global_rank=0, local_rank=0 -> adding connections to [1, 2, 3]
global_rank=3, local_rank=3 -> start phase 0
global_rank=3, local_rank=3 -> adding connections to [0, 1, 2]
global_rank=1, local_rank=1 -> start phase 0
global_rank=1, local_rank=1 -> adding connections to [0, 2, 3]
global_rank=2, local_rank=2 -> start phase 0
global_rank=2, local_rank=2 -> adding connections to [0, 1, 3]
[rank 0] Dispatch bandwidth: 49.82 GB/s, avg_t=152.26 us, min_t=141.25 us, max_t=167.84 us
[rank 1] Dispatch bandwidth: 49.82 GB/s, avg_t=152.27 us, min_t=143.23 us, max_t=159.65 us
[rank 3] Dispatch bandwidth: 49.97 GB/s, avg_t=151.79 us, min_t=142.75 us, max_t=160.13 us
[rank 2] Dispatch bandwidth: 49.93 GB/s, avg_t=151.93 us, min_t=142.72 us, max_t=164.22 us
global_rank=0, local_rank=0 -> end phase 0
global_rank=1, local_rank=1 -> end phase 0
global_rank=2, local_rank=2 -> end phase 0
global_rank=3, local_rank=3 -> end phase 0
[rank 1] nixlPut latency: samples=94984, p50=5.489500 us, p90=16.169000 us, p99=26.903000 us, average=7.181542 us, overflow_slots=0
[rank 2] nixlPut latency: samples=94116, p50=2.022500 us, p90=15.467000 us, p99=27.971000 us, average=5.742793 us, overflow_slots=0
[rank 3] nixlPut latency: samples=94860, p50=6.222000 us, p90=16.357500 us, p99=27.169500 us, average=7.432409 us, overflow_slots=0
[rank 0] nixlPut latency: samples=97464, p50=2.964000 us, p90=16.483500 us, p99=27.290000 us, average=6.576168 us, overflow_slots=0
global_rank=1, local_rank=1 -> done
global_rank=0, local_rank=0 -> done
global_rank=3, local_rank=3 -> done
global_rank=2, local_rank=2 -> done
