# started_at: 2026-07-26T05:09:39
# cwd: /workspace/external/nixl/examples/device/ep
# command: python3 tests/elastic/elastic.py --plan tests/elastic/no_expansion.json --num-processes 4 --num-tokens 128 --num-experts-per-rank 4 --dispatch-only
# env PYTHONPATH=/workspace/external/nixl/install/lib/python3/dist-packages
# env UCX_GDP_ENABLE=y
# env UCX_PLUGIN_PATH=/workspace/external/ucx-spcx-plugin/install/lib/ucx
# env UCX_RC_GDP_NUM_CHANNELS=2
# env UCX_TLS=rc,rc_gdp,tcp,self,sm,cuda_copy

Starting TCPStore and rank server locally
Process 1 -> global_rank=0, local_rank=0
Process 3 -> global_rank=1, local_rank=1
Process 2 -> global_rank=2, local_rank=2
Process 0 -> global_rank=3, local_rank=3
Allocating buffer size: 119.275904 MB ...
global_rank=0, local_rank=0 -> start phase 0
global_rank=0, local_rank=0 -> adding connections to [1, 2, 3]
global_rank=3, local_rank=3 -> start phase 0
global_rank=3, local_rank=3 -> adding connections to [0, 1, 2]
global_rank=1, local_rank=1 -> start phase 0
global_rank=1, local_rank=1 -> adding connections to [0, 2, 3]
global_rank=2, local_rank=2 -> start phase 0
global_rank=2, local_rank=2 -> adding connections to [0, 1, 3]
[rank 1] Dispatch bandwidth: 36.53 GB/s, avg_t=207.68 us, min_t=200.67 us, max_t=212.93 us
[rank 0] Dispatch bandwidth: 36.51 GB/s, avg_t=207.80 us, min_t=202.56 us, max_t=216.99 us
[rank 2] Dispatch bandwidth: 36.61 GB/s, avg_t=207.21 us, min_t=198.05 us, max_t=214.37 us
[rank 3] Dispatch bandwidth: 36.61 GB/s, avg_t=207.21 us, min_t=199.94 us, max_t=214.46 us
global_rank=1, local_rank=1 -> end phase 0
global_rank=0, local_rank=0 -> end phase 0
global_rank=2, local_rank=2 -> end phase 0
global_rank=3, local_rank=3 -> end phase 0
[rank 2] nixlPut latency: samples=94116, p50=1.324500 us, p90=1.523500 us, p99=2.041000 us, average=1.346601 us, overflow_slots=0
[rank 1] nixlPut latency: samples=94984, p50=1.265000 us, p90=1.486500 us, p99=1.789000 us, average=1.285878 us, overflow_slots=0
[rank 0] nixlPut latency: samples=97464, p50=1.397000 us, p90=1.573000 us, p99=1.843500 us, average=1.407485 us, overflow_slots=0
[rank 3] nixlPut latency: samples=94860, p50=1.319000 us, p90=1.516500 us, p99=2.031500 us, average=1.341724 us, overflow_slots=0
global_rank=1, local_rank=1 -> done
global_rank=0, local_rank=0 -> done
global_rank=3, local_rank=3 -> done
global_rank=2, local_rank=2 -> done
