# started_at: 2026-07-26T05:09:47
# cwd: /workspace/external/nixl/examples/device/ep
# command: python3 tests/elastic/elastic.py --plan tests/elastic/no_expansion.json --num-processes 4 --num-tokens 128 --num-experts-per-rank 4 --dispatch-only
# env PYTHONPATH=/workspace/external/nixl/install/lib/python3/dist-packages
# env UCX_GDP_ENABLE=y
# env UCX_PLUGIN_PATH=/workspace/external/ucx-spcx-plugin/install/lib/ucx
# env UCX_RC_GDP_NUM_CHANNELS=2
# env UCX_TLS=rc,rc_gdp,tcp,self,sm,cuda_copy

Starting TCPStore and rank server locally
Process 0 -> global_rank=0, local_rank=0
Process 2 -> global_rank=1, local_rank=1
Process 1 -> global_rank=2, local_rank=2
Process 3 -> global_rank=3, local_rank=3
Allocating buffer size: 119.275904 MB ...
global_rank=0, local_rank=0 -> start phase 0
global_rank=0, local_rank=0 -> adding connections to [1, 2, 3]
global_rank=3, local_rank=3 -> start phase 0
global_rank=3, local_rank=3 -> adding connections to [0, 1, 2]
global_rank=1, local_rank=1 -> start phase 0
global_rank=1, local_rank=1 -> adding connections to [0, 2, 3]
global_rank=2, local_rank=2 -> start phase 0
global_rank=2, local_rank=2 -> adding connections to [0, 1, 3]
[rank 1] Dispatch bandwidth: 36.06 GB/s, avg_t=210.36 us, min_t=200.61 us, max_t=245.63 us
[rank 0] Dispatch bandwidth: 36.08 GB/s, avg_t=210.28 us, min_t=198.53 us, max_t=243.58 us
[rank 2] Dispatch bandwidth: 36.15 GB/s, avg_t=209.85 us, min_t=200.00 us, max_t=239.20 us
[rank 3] Dispatch bandwidth: 36.14 GB/s, avg_t=209.91 us, min_t=198.08 us, max_t=243.10 us
global_rank=0, local_rank=0 -> end phase 0
global_rank=1, local_rank=1 -> end phase 0
global_rank=2, local_rank=2 -> end phase 0
global_rank=3, local_rank=3 -> end phase 0
[rank 1] nixlPut latency: samples=94984, p50=1.264500 us, p90=1.485000 us, p99=1.795500 us, average=1.284947 us, overflow_slots=0
[rank 2] nixlPut latency: samples=94116, p50=1.324500 us, p90=1.524000 us, p99=2.019000 us, average=1.346701 us, overflow_slots=0
[rank 3] nixlPut latency: samples=94860, p50=1.319000 us, p90=1.516000 us, p99=2.026000 us, average=1.340874 us, overflow_slots=0
[rank 0] nixlPut latency: samples=97464, p50=1.397000 us, p90=1.572500 us, p99=1.868500 us, average=1.407845 us, overflow_slots=0
global_rank=2, local_rank=2 -> done
global_rank=0, local_rank=0 -> done
global_rank=1, local_rank=1 -> done
global_rank=3, local_rank=3 -> done
