# started_at: 2026-07-26T05:09:23
# cwd: /workspace/external/nixl/examples/device/ep
# command: python3 tests/elastic/elastic.py --plan tests/elastic/no_expansion.json --num-processes 4 --num-tokens 128 --num-experts-per-rank 4 --dispatch-only
# env PYTHONPATH=/workspace/external/nixl/install/lib/python3/dist-packages
# env UCX_GDP_ENABLE=y
# env UCX_PLUGIN_PATH=/workspace/external/ucx-spcx-plugin/install/lib/ucx
# env UCX_RC_GDP_NUM_CHANNELS=1
# env UCX_TLS=rc,rc_gdp,tcp,self,sm,cuda_copy

Starting TCPStore and rank server locally
Process 3 -> global_rank=0, local_rank=0
Process 0 -> global_rank=1, local_rank=1
Process 1 -> global_rank=2, local_rank=2
Process 2 -> global_rank=3, local_rank=3
Allocating buffer size: 119.275904 MB ...
global_rank=1, local_rank=1 -> start phase 0
global_rank=1, local_rank=1 -> adding connections to [0, 2, 3]
global_rank=0, local_rank=0 -> start phase 0
global_rank=0, local_rank=0 -> adding connections to [1, 2, 3]
global_rank=3, local_rank=3 -> start phase 0
global_rank=3, local_rank=3 -> adding connections to [0, 1, 2]
global_rank=2, local_rank=2 -> start phase 0
global_rank=2, local_rank=2 -> adding connections to [0, 1, 3]
[rank 1] Dispatch bandwidth: 20.58 GB/s, avg_t=368.57 us, min_t=362.37 us, max_t=375.71 us
[rank 0] Dispatch bandwidth: 20.59 GB/s, avg_t=368.38 us, min_t=355.20 us, max_t=377.70 us
[rank 3] Dispatch bandwidth: 20.60 GB/s, avg_t=368.21 us, min_t=361.95 us, max_t=376.26 us
[rank 2] Dispatch bandwidth: 20.60 GB/s, avg_t=368.15 us, min_t=360.90 us, max_t=375.26 us
global_rank=0, local_rank=0 -> end phase 0
global_rank=1, local_rank=1 -> end phase 0
global_rank=3, local_rank=3 -> end phase 0
global_rank=2, local_rank=2 -> end phase 0
[rank 1] nixlPut latency: samples=94984, p50=1.208500 us, p90=1.466500 us, p99=1.840000 us, average=1.261861 us, overflow_slots=0
[rank 0] nixlPut latency: samples=97464, p50=1.395000 us, p90=1.531000 us, p99=1.894000 us, average=1.388981 us, overflow_slots=0
[rank 3] nixlPut latency: samples=94860, p50=1.311000 us, p90=1.467500 us, p99=1.818500 us, average=1.307056 us, overflow_slots=0
[rank 2] nixlPut latency: samples=94116, p50=1.309500 us, p90=1.483500 us, p99=1.847500 us, average=1.309129 us, overflow_slots=0
global_rank=1, local_rank=1 -> done
global_rank=0, local_rank=0 -> done
global_rank=2, local_rank=2 -> done
global_rank=3, local_rank=3 -> done
