# started_at: 2026-07-26T05:10:28
# cwd: /workspace/external/nixl/examples/device/ep
# command: python3 tests/elastic/elastic.py --plan tests/elastic/no_expansion.json --num-processes 4 --num-tokens 128 --num-experts-per-rank 4 --dispatch-only
# env PYTHONPATH=/workspace/external/nixl/install/lib/python3/dist-packages
# env UCX_GDP_ENABLE=y
# env UCX_PLUGIN_PATH=/workspace/external/ucx-spcx-plugin/install/lib/ucx
# env UCX_RC_GDP_NUM_CHANNELS=8
# env UCX_TLS=rc,rc_gdp,tcp,self,sm,cuda_copy

Starting TCPStore and rank server locally
Process 1 -> global_rank=0, local_rank=0
Process 2 -> global_rank=1, local_rank=1
Process 3 -> global_rank=2, local_rank=2
Process 0 -> global_rank=3, local_rank=3
Allocating buffer size: 119.275904 MB ...
global_rank=1, local_rank=1 -> start phase 0
global_rank=0, local_rank=0 -> start phase 0
global_rank=1, local_rank=1 -> adding connections to [0, 2, 3]
global_rank=0, local_rank=0 -> adding connections to [1, 2, 3]
global_rank=2, local_rank=2 -> start phase 0
global_rank=2, local_rank=2 -> adding connections to [0, 1, 3]
global_rank=3, local_rank=3 -> start phase 0
global_rank=3, local_rank=3 -> adding connections to [0, 1, 2]
[rank 0] Dispatch bandwidth: 45.17 GB/s, avg_t=167.93 us, min_t=139.07 us, max_t=214.91 us
[rank 1] Dispatch bandwidth: 45.12 GB/s, avg_t=168.12 us, min_t=141.22 us, max_t=211.01 us
[rank 2] Dispatch bandwidth: 45.27 GB/s, avg_t=167.55 us, min_t=142.72 us, max_t=214.43 us
[rank 3] Dispatch bandwidth: 45.24 GB/s, avg_t=167.68 us, min_t=138.72 us, max_t=220.64 us
global_rank=1, local_rank=1 -> end phase 0
global_rank=0, local_rank=0 -> end phase 0
global_rank=2, local_rank=2 -> end phase 0
global_rank=3, local_rank=3 -> end phase 0
[rank 1] nixlPut latency: samples=94984, p50=1.285500 us, p90=1.530500 us, p99=1.915500 us, average=1.322620 us, overflow_slots=0
[rank 2] nixlPut latency: samples=94116, p50=1.382500 us, p90=1.582500 us, p99=1.924000 us, average=1.385024 us, overflow_slots=0
[rank 0] nixlPut latency: samples=97464, p50=1.436500 us, p90=1.651000 us, p99=2.196500 us, average=1.455983 us, overflow_slots=0
[rank 3] nixlPut latency: samples=94860, p50=1.371000 us, p90=1.568000 us, p99=2.077500 us, average=1.387296 us, overflow_slots=0
global_rank=1, local_rank=1 -> done
global_rank=0, local_rank=0 -> done
global_rank=3, local_rank=3 -> done
global_rank=2, local_rank=2 -> done
