# started_at: 2026-07-26T05:10:44
# cwd: /workspace/external/nixl/examples/device/ep
# command: python3 tests/elastic/elastic.py --plan tests/elastic/no_expansion.json --num-processes 4 --num-tokens 128 --num-experts-per-rank 4 --dispatch-only
# env PYTHONPATH=/workspace/external/nixl/install/lib/python3/dist-packages
# env UCX_GDP_ENABLE=y
# env UCX_PLUGIN_PATH=/workspace/external/ucx-spcx-plugin/install/lib/ucx
# env UCX_RC_GDP_NUM_CHANNELS=8
# env UCX_TLS=rc,rc_gdp,tcp,self,sm,cuda_copy

Starting TCPStore and rank server locally
Process 1 -> global_rank=0, local_rank=0
Process 3 -> global_rank=1, local_rank=1
Process 0 -> global_rank=2, local_rank=2
Process 2 -> global_rank=3, local_rank=3
Allocating buffer size: 119.275904 MB ...
global_rank=0, local_rank=0 -> start phase 0
global_rank=0, local_rank=0 -> adding connections to [1, 2, 3]
global_rank=3, local_rank=3 -> start phase 0
global_rank=3, local_rank=3 -> adding connections to [0, 1, 2]
global_rank=1, local_rank=1 -> start phase 0
global_rank=1, local_rank=1 -> adding connections to [0, 2, 3]
global_rank=2, local_rank=2 -> start phase 0
global_rank=2, local_rank=2 -> adding connections to [0, 1, 3]
[rank 1] Dispatch bandwidth: 43.67 GB/s, avg_t=173.71 us, min_t=141.25 us, max_t=255.94 us
[rank 0] Dispatch bandwidth: 43.68 GB/s, avg_t=173.69 us, min_t=141.15 us, max_t=251.81 us
[rank 3] Dispatch bandwidth: 43.71 GB/s, avg_t=173.54 us, min_t=140.74 us, max_t=253.38 us
[rank 2] Dispatch bandwidth: 43.80 GB/s, avg_t=173.20 us, min_t=140.67 us, max_t=247.42 us
global_rank=0, local_rank=0 -> end phase 0
global_rank=1, local_rank=1 -> end phase 0
global_rank=3, local_rank=3 -> end phase 0
global_rank=2, local_rank=2 -> end phase 0
[rank 1] nixlPut latency: samples=94984, p50=1.284500 us, p90=1.528000 us, p99=1.923000 us, average=1.321978 us, overflow_slots=0
[rank 3] nixlPut latency: samples=94860, p50=1.372000 us, p90=1.567000 us, p99=2.080000 us, average=1.386353 us, overflow_slots=0
[rank 0] nixlPut latency: samples=97464, p50=1.437000 us, p90=1.652500 us, p99=2.214500 us, average=1.456952 us, overflow_slots=0
[rank 2] nixlPut latency: samples=94116, p50=1.382500 us, p90=1.582500 us, p99=1.920000 us, average=1.385087 us, overflow_slots=0
global_rank=1, local_rank=1 -> done
global_rank=0, local_rank=0 -> done
global_rank=2, local_rank=2 -> done
global_rank=3, local_rank=3 -> done
