# started_at: 2026-07-26T05:25:17
# cwd: /workspace/external/nixl/examples/device/ep
# command: python3 tests/elastic/elastic.py --plan tests/elastic/no_expansion.json --num-processes 4 --num-tokens 128 --num-experts-per-rank 64 --dispatch-only
# env NIXL_EP_NUM_CHANNELS=4
# env PYTHONPATH=/workspace/external/nixl/install/lib/python3/dist-packages
# env UCX_TLS=rc,rc_gda,tcp,self,sm,cuda_copy

Starting TCPStore and rank server locally
Process 3 -> global_rank=0, local_rank=0
Process 0 -> global_rank=1, local_rank=1
Process 2 -> global_rank=2, local_rank=2
Process 1 -> global_rank=3, local_rank=3
Allocating buffer size: 1908.412544 MB ...
global_rank=0, local_rank=0 -> start phase 0
global_rank=0, local_rank=0 -> adding connections to [1, 2, 3]
global_rank=3, local_rank=3 -> start phase 0
global_rank=3, local_rank=3 -> adding connections to [0, 1, 2]
global_rank=1, local_rank=1 -> start phase 0
global_rank=1, local_rank=1 -> adding connections to [0, 2, 3]
global_rank=2, local_rank=2 -> start phase 0
global_rank=2, local_rank=2 -> adding connections to [0, 1, 3]
[rank 3] Dispatch bandwidth: 35.16 GB/s, avg_t=215.77 us, min_t=142.62 us, max_t=294.50 us
[rank 2] Dispatch bandwidth: 35.28 GB/s, avg_t=215.04 us, min_t=147.78 us, max_t=274.88 us
[rank 1] Dispatch bandwidth: 35.37 GB/s, avg_t=214.49 us, min_t=175.26 us, max_t=242.85 us
[rank 0] Dispatch bandwidth: 35.42 GB/s, avg_t=214.18 us, min_t=154.24 us, max_t=260.70 us
global_rank=3, local_rank=3 -> end phase 0
global_rank=2, local_rank=2 -> end phase 0
global_rank=1, local_rank=1 -> end phase 0
global_rank=0, local_rank=0 -> end phase 0
[rank 2] nixlPut latency: samples=94116, p50=14.452500 us, p90=27.091500 us, p99=36.694500 us, average=15.275981 us, overflow_slots=0
[rank 1] nixlPut latency: samples=94240, p50=14.872500 us, p90=27.538500 us, p99=33.326500 us, average=15.513579 us, overflow_slots=0
[rank 3] nixlPut latency: samples=96472, p50=15.185500 us, p90=28.687500 us, p99=34.688500 us, average=15.937657 us, overflow_slots=0
[rank 0] nixlPut latency: samples=92752, p50=14.628500 us, p90=29.013500 us, p99=37.102000 us, average=15.791125 us, overflow_slots=0
global_rank=2, local_rank=2 -> done
global_rank=3, local_rank=3 -> done
global_rank=0, local_rank=0 -> done
global_rank=1, local_rank=1 -> done
