# started_at: 2026-07-26T05:26:14
# cwd: /workspace/external/nixl/examples/device/ep
# command: python3 tests/elastic/elastic.py --plan tests/elastic/no_expansion.json --num-processes 4 --num-tokens 128 --num-experts-per-rank 64 --dispatch-only
# env NIXL_EP_NUM_CHANNELS=16
# env PYTHONPATH=/workspace/external/nixl/install/lib/python3/dist-packages
# env UCX_TLS=rc,rc_gda,tcp,self,sm,cuda_copy

Starting TCPStore and rank server locally
Process 0 -> global_rank=0, local_rank=0
Process 3 -> global_rank=1, local_rank=1
Process 1 -> global_rank=2, local_rank=2
Process 2 -> global_rank=3, local_rank=3
Allocating buffer size: 1908.412544 MB ...
global_rank=0, local_rank=0 -> start phase 0
global_rank=0, local_rank=0 -> adding connections to [1, 2, 3]
global_rank=1, local_rank=1 -> start phase 0
global_rank=1, local_rank=1 -> adding connections to [0, 2, 3]
global_rank=2, local_rank=2 -> start phase 0
global_rank=2, local_rank=2 -> adding connections to [0, 1, 3]
global_rank=3, local_rank=3 -> start phase 0
global_rank=3, local_rank=3 -> adding connections to [0, 1, 2]
[rank 1] Dispatch bandwidth: 41.19 GB/s, avg_t=184.18 us, min_t=130.98 us, max_t=232.29 us
[rank 0] Dispatch bandwidth: 40.98 GB/s, avg_t=185.09 us, min_t=138.88 us, max_t=231.07 us
[rank 2] Dispatch bandwidth: 41.14 GB/s, avg_t=184.40 us, min_t=113.92 us, max_t=263.68 us
[rank 3] Dispatch bandwidth: 40.97 GB/s, avg_t=185.16 us, min_t=126.24 us, max_t=239.10 us
global_rank=0, local_rank=0 -> end phase 0
global_rank=1, local_rank=1 -> end phase 0
global_rank=2, local_rank=2 -> end phase 0
global_rank=3, local_rank=3 -> end phase 0
[rank 0] nixlPut latency: samples=92752, p50=5.792500 us, p90=9.785500 us, p99=13.747500 us, average=6.210637 us, overflow_slots=0
[rank 1] nixlPut latency: samples=94240, p50=5.727500 us, p90=9.610000 us, p99=12.667500 us, average=6.105431 us, overflow_slots=0
[rank 2] nixlPut latency: samples=94116, p50=5.709500 us, p90=10.049500 us, p99=14.116000 us, average=6.220957 us, overflow_slots=0
[rank 3] nixlPut latency: samples=96472, p50=5.838500 us, p90=9.961000 us, p99=12.714000 us, average=6.203339 us, overflow_slots=0
global_rank=2, local_rank=2 -> done
global_rank=0, local_rank=0 -> done
global_rank=1, local_rank=1 -> done
global_rank=3, local_rank=3 -> done
