# started_at: 2026-07-26T05:26:34
# cwd: /workspace/external/nixl/examples/device/ep
# command: python3 tests/elastic/elastic.py --plan tests/elastic/no_expansion.json --num-processes 4 --num-tokens 128 --num-experts-per-rank 64 --dispatch-only
# env NIXL_EP_NUM_CHANNELS=32
# env PYTHONPATH=/workspace/external/nixl/install/lib/python3/dist-packages
# env UCX_TLS=rc,rc_gda,tcp,self,sm,cuda_copy

Starting TCPStore and rank server locally
Process 2 -> global_rank=0, local_rank=0
Process 0 -> global_rank=1, local_rank=1
Process 3 -> global_rank=2, local_rank=2
Process 1 -> global_rank=3, local_rank=3
Allocating buffer size: 1908.412544 MB ...
global_rank=0, local_rank=0 -> start phase 0
global_rank=0, local_rank=0 -> adding connections to [1, 2, 3]
global_rank=2, local_rank=2 -> start phase 0
global_rank=2, local_rank=2 -> adding connections to [0, 1, 3]
global_rank=3, local_rank=3 -> start phase 0
global_rank=3, local_rank=3 -> adding connections to [0, 1, 2]
global_rank=1, local_rank=1 -> start phase 0
global_rank=1, local_rank=1 -> adding connections to [0, 2, 3]
[rank 0] Dispatch bandwidth: 41.23 GB/s, avg_t=183.99 us, min_t=159.65 us, max_t=202.69 us
[rank 2] Dispatch bandwidth: 41.31 GB/s, avg_t=183.63 us, min_t=122.05 us, max_t=239.20 us
[rank 3] Dispatch bandwidth: 41.36 GB/s, avg_t=183.42 us, min_t=128.32 us, max_t=230.82 us
[rank 1] Dispatch bandwidth: 41.39 GB/s, avg_t=183.27 us, min_t=118.37 us, max_t=247.39 us
global_rank=0, local_rank=0 -> end phase 0
global_rank=3, local_rank=3 -> end phase 0
global_rank=2, local_rank=2 -> end phase 0
global_rank=1, local_rank=1 -> end phase 0
[rank 0] nixlPut latency: samples=92752, p50=4.019500 us, p90=6.750000 us, p99=9.127000 us, average=4.467730 us, overflow_slots=0
[rank 2] nixlPut latency: samples=94116, p50=3.921000 us, p90=6.917500 us, p99=8.957500 us, average=4.437143 us, overflow_slots=0
[rank 1] nixlPut latency: samples=94240, p50=3.946000 us, p90=6.696500 us, p99=9.711000 us, average=4.407180 us, overflow_slots=0
[rank 3] nixlPut latency: samples=96472, p50=4.071000 us, p90=6.828000 us, p99=9.000000 us, average=4.471751 us, overflow_slots=0
global_rank=3, local_rank=3 -> done
global_rank=1, local_rank=1 -> done
global_rank=0, local_rank=0 -> done
global_rank=2, local_rank=2 -> done
