# started_at: 2026-07-26T05:26:04
# cwd: /workspace/external/nixl/examples/device/ep
# command: python3 tests/elastic/elastic.py --plan tests/elastic/no_expansion.json --num-processes 4 --num-tokens 128 --num-experts-per-rank 64 --dispatch-only
# env NIXL_EP_NUM_CHANNELS=16
# env PYTHONPATH=/workspace/external/nixl/install/lib/python3/dist-packages
# env UCX_TLS=rc,rc_gda,tcp,self,sm,cuda_copy

Starting TCPStore and rank server locally
Process 1 -> global_rank=0, local_rank=0
Process 0 -> global_rank=1, local_rank=1
Process 2 -> global_rank=2, local_rank=2
Process 3 -> global_rank=3, local_rank=3
Allocating buffer size: 1908.412544 MB ...
global_rank=1, local_rank=1 -> start phase 0
global_rank=1, local_rank=1 -> adding connections to [0, 2, 3]
global_rank=0, local_rank=0 -> start phase 0
global_rank=0, local_rank=0 -> adding connections to [1, 2, 3]
global_rank=2, local_rank=2 -> start phase 0
global_rank=2, local_rank=2 -> adding connections to [0, 1, 3]
global_rank=3, local_rank=3 -> start phase 0
global_rank=3, local_rank=3 -> adding connections to [0, 1, 2]
[rank 2] Dispatch bandwidth: 42.27 GB/s, avg_t=179.47 us, min_t=138.40 us, max_t=222.85 us
[rank 3] Dispatch bandwidth: 41.90 GB/s, avg_t=181.03 us, min_t=126.24 us, max_t=240.93 us
[rank 0] Dispatch bandwidth: 42.07 GB/s, avg_t=180.30 us, min_t=128.64 us, max_t=222.88 us
[rank 1] Dispatch bandwidth: 42.37 GB/s, avg_t=179.02 us, min_t=116.19 us, max_t=251.10 us
global_rank=3, local_rank=3 -> end phase 0
global_rank=2, local_rank=2 -> end phase 0
global_rank=0, local_rank=0 -> end phase 0
global_rank=1, local_rank=1 -> end phase 0
[rank 2] nixlPut latency: samples=94116, p50=5.717000 us, p90=10.058500 us, p99=14.179000 us, average=6.219251 us, overflow_slots=0
[rank 0] nixlPut latency: samples=92752, p50=5.809000 us, p90=9.806500 us, p99=13.706500 us, average=6.219397 us, overflow_slots=0
[rank 3] nixlPut latency: samples=96472, p50=5.832000 us, p90=9.949000 us, p99=12.694000 us, average=6.199753 us, overflow_slots=0
[rank 1] nixlPut latency: samples=94240, p50=5.770000 us, p90=9.613000 us, p99=12.678500 us, average=6.123706 us, overflow_slots=0
global_rank=0, local_rank=0 -> done
global_rank=3, local_rank=3 -> done
global_rank=1, local_rank=1 -> done
global_rank=2, local_rank=2 -> done
