# started_at: 2026-07-26T05:25:55
# cwd: /workspace/external/nixl/examples/device/ep
# command: python3 tests/elastic/elastic.py --plan tests/elastic/no_expansion.json --num-processes 4 --num-tokens 128 --num-experts-per-rank 64 --dispatch-only
# env NIXL_EP_NUM_CHANNELS=16
# env PYTHONPATH=/workspace/external/nixl/install/lib/python3/dist-packages
# env UCX_TLS=rc,rc_gda,tcp,self,sm,cuda_copy

Starting TCPStore and rank server locally
Process 0 -> global_rank=0, local_rank=0
Process 3 -> global_rank=1, local_rank=1
Process 1 -> global_rank=2, local_rank=2
Process 2 -> global_rank=3, local_rank=3
Allocating buffer size: 1908.412544 MB ...
global_rank=2, local_rank=2 -> start phase 0
global_rank=2, local_rank=2 -> adding connections to [0, 1, 3]
global_rank=0, local_rank=0 -> start phase 0
global_rank=0, local_rank=0 -> adding connections to [1, 2, 3]
global_rank=3, local_rank=3 -> start phase 0
global_rank=3, local_rank=3 -> adding connections to [0, 1, 2]
global_rank=1, local_rank=1 -> start phase 0
global_rank=1, local_rank=1 -> adding connections to [0, 2, 3]
[rank 1] Dispatch bandwidth: 41.68 GB/s, avg_t=182.02 us, min_t=129.12 us, max_t=228.48 us
[rank 2] Dispatch bandwidth: 41.93 GB/s, avg_t=180.91 us, min_t=122.11 us, max_t=238.94 us
[rank 3] Dispatch bandwidth: 41.80 GB/s, avg_t=181.49 us, min_t=126.46 us, max_t=245.28 us
[rank 0] Dispatch bandwidth: 41.73 GB/s, avg_t=181.77 us, min_t=124.45 us, max_t=239.87 us
global_rank=2, local_rank=2 -> end phase 0
global_rank=1, local_rank=1 -> end phase 0
global_rank=3, local_rank=3 -> end phase 0
global_rank=0, local_rank=0 -> end phase 0
[rank 2] nixlPut latency: samples=94116, p50=5.690000 us, p90=10.080500 us, p99=14.147000 us, average=6.218251 us, overflow_slots=0
[rank 1] nixlPut latency: samples=94240, p50=5.749000 us, p90=9.628000 us, p99=12.633000 us, average=6.125333 us, overflow_slots=0
[rank 0] nixlPut latency: samples=92752, p50=5.777000 us, p90=9.792500 us, p99=13.854000 us, average=6.199662 us, overflow_slots=0
[rank 3] nixlPut latency: samples=96472, p50=5.795500 us, p90=9.942000 us, p99=12.724000 us, average=6.188493 us, overflow_slots=0
global_rank=0, local_rank=0 -> done
global_rank=3, local_rank=3 -> done
global_rank=2, local_rank=2 -> done
global_rank=1, local_rank=1 -> done
