# started_at: 2026-07-26T05:24:50
# cwd: /workspace/external/nixl/examples/device/ep
# command: python3 tests/elastic/elastic.py --plan tests/elastic/no_expansion.json --num-processes 4 --num-tokens 128 --num-experts-per-rank 64 --dispatch-only
# env NIXL_EP_NUM_CHANNELS=2
# env PYTHONPATH=/workspace/external/nixl/install/lib/python3/dist-packages
# env UCX_TLS=rc,rc_gda,tcp,self,sm,cuda_copy

Starting TCPStore and rank server locally
Process 0 -> global_rank=0, local_rank=0
Process 3 -> global_rank=1, local_rank=1
Process 2 -> global_rank=2, local_rank=2
Process 1 -> global_rank=3, local_rank=3
Allocating buffer size: 1908.412544 MB ...
global_rank=1, local_rank=1 -> start phase 0
global_rank=1, local_rank=1 -> adding connections to [0, 2, 3]
global_rank=2, local_rank=2 -> start phase 0
global_rank=2, local_rank=2 -> adding connections to [0, 1, 3]
global_rank=0, local_rank=0 -> start phase 0
global_rank=0, local_rank=0 -> adding connections to [1, 2, 3]
global_rank=3, local_rank=3 -> start phase 0
global_rank=3, local_rank=3 -> adding connections to [0, 1, 2]
[rank 1] Dispatch bandwidth: 33.55 GB/s, avg_t=226.14 us, min_t=168.83 us, max_t=275.68 us
[rank 0] Dispatch bandwidth: 33.30 GB/s, avg_t=227.78 us, min_t=167.81 us, max_t=280.54 us
[rank 2] Dispatch bandwidth: 33.44 GB/s, avg_t=226.87 us, min_t=169.98 us, max_t=294.05 us
[rank 3] Dispatch bandwidth: 33.58 GB/s, avg_t=225.90 us, min_t=169.98 us, max_t=284.86 us
global_rank=0, local_rank=0 -> end phase 0
global_rank=1, local_rank=1 -> end phase 0
global_rank=3, local_rank=3 -> end phase 0
global_rank=2, local_rank=2 -> end phase 0
[rank 0] nixlPut latency: samples=92752, p50=24.325000 us, p90=52.485000 us, p99=66.753000 us, average=26.815860 us, overflow_slots=0
[rank 1] nixlPut latency: samples=94240, p50=25.006000 us, p90=50.644000 us, p99=60.043000 us, average=26.885436 us, overflow_slots=0
[rank 2] nixlPut latency: samples=94116, p50=24.926000 us, p90=50.067500 us, p99=62.603500 us, average=26.715109 us, overflow_slots=0
[rank 3] nixlPut latency: samples=96472, p50=26.284000 us, p90=52.745000 us, p99=64.599500 us, average=28.138555 us, overflow_slots=0
global_rank=1, local_rank=1 -> done
global_rank=0, local_rank=0 -> done
global_rank=3, local_rank=3 -> done
global_rank=2, local_rank=2 -> done
