# started_at: 2026-07-26T05:24:40
# cwd: /workspace/external/nixl/examples/device/ep
# command: python3 tests/elastic/elastic.py --plan tests/elastic/no_expansion.json --num-processes 4 --num-tokens 128 --num-experts-per-rank 64 --dispatch-only
# env NIXL_EP_NUM_CHANNELS=2
# env PYTHONPATH=/workspace/external/nixl/install/lib/python3/dist-packages
# env UCX_TLS=rc,rc_gda,tcp,self,sm,cuda_copy

Starting TCPStore and rank server locally
Process 0 -> global_rank=0, local_rank=0
Process 2 -> global_rank=1, local_rank=1
Process 1 -> global_rank=2, local_rank=2
Process 3 -> global_rank=3, local_rank=3
Allocating buffer size: 1908.412544 MB ...
global_rank=0, local_rank=0 -> start phase 0
global_rank=0, local_rank=0 -> adding connections to [1, 2, 3]
global_rank=2, local_rank=2 -> start phase 0
global_rank=2, local_rank=2 -> adding connections to [0, 1, 3]
global_rank=1, local_rank=1 -> start phase 0
global_rank=1, local_rank=1 -> adding connections to [0, 2, 3]
global_rank=3, local_rank=3 -> start phase 0
global_rank=3, local_rank=3 -> adding connections to [0, 1, 2]
[rank 1] Dispatch bandwidth: 33.47 GB/s, avg_t=226.64 us, min_t=190.50 us, max_t=267.52 us
[rank 3] Dispatch bandwidth: 33.44 GB/s, avg_t=226.82 us, min_t=169.31 us, max_t=272.10 us
[rank 2] Dispatch bandwidth: 33.40 GB/s, avg_t=227.12 us, min_t=171.39 us, max_t=267.87 us
[rank 0] Dispatch bandwidth: 33.46 GB/s, avg_t=226.72 us, min_t=189.79 us, max_t=266.66 us
global_rank=3, local_rank=3 -> end phase 0
global_rank=1, local_rank=1 -> end phase 0
global_rank=2, local_rank=2 -> end phase 0
global_rank=0, local_rank=0 -> end phase 0
[rank 1] nixlPut latency: samples=94240, p50=25.030000 us, p90=50.786000 us, p99=59.951500 us, average=26.905997 us, overflow_slots=0
[rank 3] nixlPut latency: samples=96472, p50=26.117000 us, p90=52.824500 us, p99=64.457500 us, average=28.129588 us, overflow_slots=0
[rank 2] nixlPut latency: samples=94116, p50=24.841000 us, p90=50.037000 us, p99=62.408000 us, average=26.707471 us, overflow_slots=0
[rank 0] nixlPut latency: samples=92752, p50=24.462500 us, p90=52.494000 us, p99=66.857500 us, average=26.900647 us, overflow_slots=0
global_rank=3, local_rank=3 -> done
global_rank=2, local_rank=2 -> done
global_rank=0, local_rank=0 -> done
global_rank=1, local_rank=1 -> done
