# started_at: 2026-07-26T05:24:22
# cwd: /workspace/external/nixl/examples/device/ep
# command: python3 tests/elastic/elastic.py --plan tests/elastic/no_expansion.json --num-processes 4 --num-tokens 128 --num-experts-per-rank 64 --dispatch-only
# env NIXL_EP_NUM_CHANNELS=1
# env PYTHONPATH=/workspace/external/nixl/install/lib/python3/dist-packages
# env UCX_TLS=rc,rc_gda,tcp,self,sm,cuda_copy

Starting TCPStore and rank server locally
Process 2 -> global_rank=0, local_rank=0
Process 1 -> global_rank=1, local_rank=1
Process 3 -> global_rank=2, local_rank=2
Process 0 -> global_rank=3, local_rank=3
Allocating buffer size: 1908.412544 MB ...
global_rank=2, local_rank=2 -> start phase 0
global_rank=2, local_rank=2 -> adding connections to [0, 1, 3]
global_rank=0, local_rank=0 -> start phase 0
global_rank=0, local_rank=0 -> adding connections to [1, 2, 3]
global_rank=1, local_rank=1 -> start phase 0
global_rank=1, local_rank=1 -> adding connections to [0, 2, 3]
global_rank=3, local_rank=3 -> start phase 0
global_rank=3, local_rank=3 -> adding connections to [0, 1, 2]
[rank 1] Dispatch bandwidth: 31.69 GB/s, avg_t=239.34 us, min_t=221.09 us, max_t=253.89 us
[rank 0] Dispatch bandwidth: 31.73 GB/s, avg_t=239.07 us, min_t=229.28 us, max_t=247.68 us
[rank 2] Dispatch bandwidth: 31.76 GB/s, avg_t=238.83 us, min_t=218.75 us, max_t=259.74 us
[rank 3] Dispatch bandwidth: 31.78 GB/s, avg_t=238.66 us, min_t=224.74 us, max_t=253.31 us
global_rank=1, local_rank=1 -> end phase 0
global_rank=0, local_rank=0 -> end phase 0
global_rank=2, local_rank=2 -> end phase 0
global_rank=3, local_rank=3 -> end phase 0
[rank 0] nixlPut latency: samples=92752, p50=47.976500 us, p90=105.708500 us, p99=131.727500 us, average=52.835141 us, overflow_slots=0
[rank 1] nixlPut latency: samples=94240, p50=48.457000 us, p90=99.173000 us, p99=113.046500 us, average=51.748814 us, overflow_slots=0
[rank 2] nixlPut latency: samples=94116, p50=48.262000 us, p90=97.281500 us, p99=114.937000 us, average=51.039045 us, overflow_slots=0
[rank 3] nixlPut latency: samples=96472, p50=50.402500 us, p90=102.762000 us, p99=121.825000 us, average=53.570785 us, overflow_slots=0
global_rank=2, local_rank=2 -> done
global_rank=1, local_rank=1 -> done
global_rank=0, local_rank=0 -> done
global_rank=3, local_rank=3 -> done
