# started_at: 2026-07-26T05:25:08
# cwd: /workspace/external/nixl/examples/device/ep
# command: python3 tests/elastic/elastic.py --plan tests/elastic/no_expansion.json --num-processes 4 --num-tokens 128 --num-experts-per-rank 64 --dispatch-only
# env NIXL_EP_NUM_CHANNELS=4
# env PYTHONPATH=/workspace/external/nixl/install/lib/python3/dist-packages
# env UCX_TLS=rc,rc_gda,tcp,self,sm,cuda_copy

Starting TCPStore and rank server locally
Process 3 -> global_rank=0, local_rank=0
Process 0 -> global_rank=1, local_rank=1
Process 2 -> global_rank=2, local_rank=2
Process 1 -> global_rank=3, local_rank=3
Allocating buffer size: 1908.412544 MB ...
global_rank=0, local_rank=0 -> start phase 0
global_rank=0, local_rank=0 -> adding connections to [1, 2, 3]
global_rank=1, local_rank=1 -> start phase 0
global_rank=1, local_rank=1 -> adding connections to [0, 2, 3]
global_rank=2, local_rank=2 -> start phase 0
global_rank=2, local_rank=2 -> adding connections to [0, 1, 3]
global_rank=3, local_rank=3 -> start phase 0
global_rank=3, local_rank=3 -> adding connections to [0, 1, 2]
[rank 1] Dispatch bandwidth: 35.38 GB/s, avg_t=214.39 us, min_t=180.19 us, max_t=245.66 us
[rank 0] Dispatch bandwidth: 35.36 GB/s, avg_t=214.53 us, min_t=140.58 us, max_t=284.32 us
[rank 2] Dispatch bandwidth: 35.52 GB/s, avg_t=213.55 us, min_t=138.91 us, max_t=297.41 us
[rank 3] Dispatch bandwidth: 35.44 GB/s, avg_t=214.07 us, min_t=150.91 us, max_t=263.68 us
global_rank=1, local_rank=1 -> end phase 0
global_rank=2, local_rank=2 -> end phase 0
global_rank=0, local_rank=0 -> end phase 0
global_rank=3, local_rank=3 -> end phase 0
[rank 0] nixlPut latency: samples=92752, p50=14.744000 us, p90=29.048000 us, p99=37.003500 us, average=15.853154 us, overflow_slots=0
[rank 2] nixlPut latency: samples=94116, p50=14.391000 us, p90=27.210000 us, p99=36.738500 us, average=15.278032 us, overflow_slots=0
[rank 1] nixlPut latency: samples=94240, p50=14.885500 us, p90=27.523000 us, p99=33.336500 us, average=15.560516 us, overflow_slots=0
[rank 3] nixlPut latency: samples=96472, p50=15.146000 us, p90=28.621000 us, p99=34.567000 us, average=15.913829 us, overflow_slots=0
global_rank=2, local_rank=2 -> done
global_rank=1, local_rank=1 -> done
global_rank=3, local_rank=3 -> done
global_rank=0, local_rank=0 -> done
