# started_at: 2026-07-26T05:24:13
# cwd: /workspace/external/nixl/examples/device/ep
# command: python3 tests/elastic/elastic.py --plan tests/elastic/no_expansion.json --num-processes 4 --num-tokens 128 --num-experts-per-rank 64 --dispatch-only
# env NIXL_EP_NUM_CHANNELS=1
# env PYTHONPATH=/workspace/external/nixl/install/lib/python3/dist-packages
# env UCX_TLS=rc,rc_gda,tcp,self,sm,cuda_copy

Starting TCPStore and rank server locally
Process 3 -> global_rank=0, local_rank=0
Process 0 -> global_rank=1, local_rank=1
Process 1 -> global_rank=2, local_rank=2
Process 2 -> global_rank=3, local_rank=3
Allocating buffer size: 1908.412544 MB ...
global_rank=0, local_rank=0 -> start phase 0
global_rank=0, local_rank=0 -> adding connections to [1, 2, 3]
global_rank=1, local_rank=1 -> start phase 0
global_rank=2, local_rank=2 -> start phase 0
global_rank=1, local_rank=1 -> adding connections to [0, 2, 3]
global_rank=2, local_rank=2 -> adding connections to [0, 1, 3]
global_rank=3, local_rank=3 -> start phase 0
global_rank=3, local_rank=3 -> adding connections to [0, 1, 2]
[rank 1] Dispatch bandwidth: 30.87 GB/s, avg_t=245.73 us, min_t=229.22 us, max_t=284.54 us
[rank 0] Dispatch bandwidth: 30.87 GB/s, avg_t=245.75 us, min_t=232.35 us, max_t=290.69 us
[rank 2] Dispatch bandwidth: 30.82 GB/s, avg_t=246.15 us, min_t=210.21 us, max_t=307.68 us
[rank 3] Dispatch bandwidth: 30.97 GB/s, avg_t=244.97 us, min_t=226.43 us, max_t=285.82 us
global_rank=0, local_rank=0 -> end phase 0
global_rank=1, local_rank=1 -> end phase 0
global_rank=2, local_rank=2 -> end phase 0
global_rank=3, local_rank=3 -> end phase 0
[rank 0] nixlPut latency: samples=92752, p50=48.248000 us, p90=105.945000 us, p99=131.117500 us, average=52.947723 us, overflow_slots=0
[rank 1] nixlPut latency: samples=94240, p50=48.387000 us, p90=99.172000 us, p99=113.117500 us, average=51.664696 us, overflow_slots=0
[rank 2] nixlPut latency: samples=94116, p50=47.817500 us, p90=97.176500 us, p99=115.860000 us, average=50.939079 us, overflow_slots=0
[rank 3] nixlPut latency: samples=96472, p50=50.489500 us, p90=102.918500 us, p99=121.710000 us, average=53.740673 us, overflow_slots=0
global_rank=0, local_rank=0 -> done
global_rank=2, local_rank=2 -> done
global_rank=1, local_rank=1 -> done
global_rank=3, local_rank=3 -> done
