# started_at: 2026-07-26T05:25:36
# cwd: /workspace/external/nixl/examples/device/ep
# command: python3 tests/elastic/elastic.py --plan tests/elastic/no_expansion.json --num-processes 4 --num-tokens 128 --num-experts-per-rank 64 --dispatch-only
# env NIXL_EP_NUM_CHANNELS=8
# env PYTHONPATH=/workspace/external/nixl/install/lib/python3/dist-packages
# env UCX_TLS=rc,rc_gda,tcp,self,sm,cuda_copy

Starting TCPStore and rank server locally
Process 1 -> global_rank=0, local_rank=0
Process 3 -> global_rank=1, local_rank=1
Process 0 -> global_rank=2, local_rank=2
Process 2 -> global_rank=3, local_rank=3
Allocating buffer size: 1908.412544 MB ...
global_rank=0, local_rank=0 -> start phase 0
global_rank=0, local_rank=0 -> adding connections to [1, 2, 3]
global_rank=3, local_rank=3 -> start phase 0
global_rank=3, local_rank=3 -> adding connections to [0, 1, 2]
global_rank=1, local_rank=1 -> start phase 0
global_rank=1, local_rank=1 -> adding connections to [0, 2, 3]
global_rank=2, local_rank=2 -> start phase 0
global_rank=2, local_rank=2 -> adding connections to [0, 1, 3]
[rank 3] Dispatch bandwidth: 37.80 GB/s, avg_t=200.66 us, min_t=128.67 us, max_t=269.41 us
[rank 1] Dispatch bandwidth: 37.55 GB/s, avg_t=202.02 us, min_t=126.72 us, max_t=294.78 us
[rank 2] Dispatch bandwidth: 37.98 GB/s, avg_t=199.71 us, min_t=148.90 us, max_t=243.23 us
[rank 0] Dispatch bandwidth: 37.90 GB/s, avg_t=200.17 us, min_t=163.17 us, max_t=225.66 us
global_rank=1, local_rank=1 -> end phase 0
global_rank=2, local_rank=2 -> end phase 0
global_rank=3, local_rank=3 -> end phase 0
global_rank=0, local_rank=0 -> end phase 0
[rank 0] nixlPut latency: samples=92752, p50=8.249000 us, p90=15.684000 us, p99=21.037000 us, average=8.989062 us, overflow_slots=0
[rank 2] nixlPut latency: samples=94116, p50=8.345000 us, p90=15.356000 us, p99=21.207500 us, average=8.959765 us, overflow_slots=0
[rank 1] nixlPut latency: samples=94240, p50=8.410500 us, p90=15.651000 us, p99=19.535500 us, average=9.012590 us, overflow_slots=0
[rank 3] nixlPut latency: samples=96472, p50=8.719000 us, p90=16.180000 us, p99=20.692000 us, average=9.326976 us, overflow_slots=0
global_rank=1, local_rank=1 -> done
global_rank=2, local_rank=2 -> done
global_rank=0, local_rank=0 -> done
global_rank=3, local_rank=3 -> done
