# started_at: 2026-07-26T05:24:04
# cwd: /workspace/external/nixl/examples/device/ep
# command: python3 tests/elastic/elastic.py --plan tests/elastic/no_expansion.json --num-processes 4 --num-tokens 128 --num-experts-per-rank 64 --dispatch-only
# env NIXL_EP_NUM_CHANNELS=1
# env PYTHONPATH=/workspace/external/nixl/install/lib/python3/dist-packages
# env UCX_TLS=rc,rc_gda,tcp,self,sm,cuda_copy

Starting TCPStore and rank server locally
Process 2 -> global_rank=0, local_rank=0
Process 0 -> global_rank=1, local_rank=1
Process 1 -> global_rank=2, local_rank=2
Process 3 -> global_rank=3, local_rank=3
Allocating buffer size: 1908.412544 MB ...
global_rank=1, local_rank=1 -> start phase 0
global_rank=1, local_rank=1 -> adding connections to [0, 2, 3]
global_rank=3, local_rank=3 -> start phase 0
global_rank=3, local_rank=3 -> adding connections to [0, 1, 2]
global_rank=2, local_rank=2 -> start phase 0
global_rank=2, local_rank=2 -> adding connections to [0, 1, 3]
global_rank=0, local_rank=0 -> start phase 0
global_rank=0, local_rank=0 -> adding connections to [1, 2, 3]
[rank 0] Dispatch bandwidth: 29.21 GB/s, avg_t=259.73 us, min_t=230.46 us, max_t=304.19 us
[rank 1] Dispatch bandwidth: 28.99 GB/s, avg_t=261.71 us, min_t=206.59 us, max_t=331.62 us
[rank 2] Dispatch bandwidth: 29.23 GB/s, avg_t=259.50 us, min_t=209.89 us, max_t=312.42 us
[rank 3] Dispatch bandwidth: 29.19 GB/s, avg_t=259.85 us, min_t=226.40 us, max_t=306.27 us
global_rank=1, local_rank=1 -> end phase 0
global_rank=0, local_rank=0 -> end phase 0
global_rank=2, local_rank=2 -> end phase 0
global_rank=3, local_rank=3 -> end phase 0
[rank 0] nixlPut latency: samples=92752, p50=48.113500 us, p90=105.716000 us, p99=131.140000 us, average=52.778870 us, overflow_slots=0
[rank 1] nixlPut latency: samples=94240, p50=48.349000 us, p90=98.996000 us, p99=112.869500 us, average=51.670021 us, overflow_slots=0
[rank 2] nixlPut latency: samples=94116, p50=48.013000 us, p90=97.066500 us, p99=115.153000 us, average=50.856063 us, overflow_slots=0
[rank 3] nixlPut latency: samples=96472, p50=50.241000 us, p90=102.925000 us, p99=121.727000 us, average=53.609674 us, overflow_slots=0
global_rank=0, local_rank=0 -> done
global_rank=3, local_rank=3 -> done
global_rank=2, local_rank=2 -> done
global_rank=1, local_rank=1 -> done
