# started_at: 2026-07-26T05:26:44
# cwd: /workspace/external/nixl/examples/device/ep
# command: python3 tests/elastic/elastic.py --plan tests/elastic/no_expansion.json --num-processes 4 --num-tokens 128 --num-experts-per-rank 64 --dispatch-only
# env NIXL_EP_NUM_CHANNELS=32
# env PYTHONPATH=/workspace/external/nixl/install/lib/python3/dist-packages
# env UCX_TLS=rc,rc_gda,tcp,self,sm,cuda_copy

Starting TCPStore and rank server locally
Process 2 -> global_rank=0, local_rank=0
Process 0 -> global_rank=1, local_rank=1
Process 3 -> global_rank=2, local_rank=2
Process 1 -> global_rank=3, local_rank=3
Allocating buffer size: 1908.412544 MB ...
global_rank=0, local_rank=0 -> start phase 0
global_rank=0, local_rank=0 -> adding connections to [1, 2, 3]
global_rank=1, local_rank=1 -> start phase 0
global_rank=1, local_rank=1 -> adding connections to [0, 2, 3]
global_rank=2, local_rank=2 -> start phase 0
global_rank=2, local_rank=2 -> adding connections to [0, 1, 3]
global_rank=3, local_rank=3 -> start phase 0
global_rank=3, local_rank=3 -> adding connections to [0, 1, 2]
[rank 2] Dispatch bandwidth: 44.06 GB/s, avg_t=172.19 us, min_t=128.48 us, max_t=216.67 us
[rank 0] Dispatch bandwidth: 43.79 GB/s, avg_t=173.23 us, min_t=130.88 us, max_t=216.00 us
[rank 3] Dispatch bandwidth: 43.92 GB/s, avg_t=172.71 us, min_t=130.46 us, max_t=212.42 us
[rank 1] Dispatch bandwidth: 44.11 GB/s, avg_t=171.99 us, min_t=124.48 us, max_t=216.83 us
global_rank=0, local_rank=0 -> end phase 0
global_rank=2, local_rank=2 -> end phase 0
global_rank=3, local_rank=3 -> end phase 0
global_rank=1, local_rank=1 -> end phase 0
[rank 0] nixlPut latency: samples=92752, p50=4.035500 us, p90=6.736000 us, p99=9.140500 us, average=4.470150 us, overflow_slots=0
[rank 2] nixlPut latency: samples=94116, p50=3.932000 us, p90=6.907000 us, p99=8.922000 us, average=4.438436 us, overflow_slots=0
[rank 1] nixlPut latency: samples=94240, p50=3.926000 us, p90=6.678500 us, p99=9.612000 us, average=4.398447 us, overflow_slots=0
[rank 3] nixlPut latency: samples=96472, p50=4.086000 us, p90=6.856500 us, p99=9.061000 us, average=4.481045 us, overflow_slots=0
global_rank=3, local_rank=3 -> done
global_rank=0, local_rank=0 -> done
global_rank=2, local_rank=2 -> done
global_rank=1, local_rank=1 -> done
