# started_at: 2026-07-26T05:25:45
# cwd: /workspace/external/nixl/examples/device/ep
# command: python3 tests/elastic/elastic.py --plan tests/elastic/no_expansion.json --num-processes 4 --num-tokens 128 --num-experts-per-rank 64 --dispatch-only
# env NIXL_EP_NUM_CHANNELS=8
# env PYTHONPATH=/workspace/external/nixl/install/lib/python3/dist-packages
# env UCX_TLS=rc,rc_gda,tcp,self,sm,cuda_copy

Starting TCPStore and rank server locally
Process 1 -> global_rank=0, local_rank=0
Process 0 -> global_rank=1, local_rank=1
Process 2 -> global_rank=2, local_rank=2
Process 3 -> global_rank=3, local_rank=3
Allocating buffer size: 1908.412544 MB ...
global_rank=0, local_rank=0 -> start phase 0
global_rank=0, local_rank=0 -> adding connections to [1, 2, 3]
global_rank=2, local_rank=2 -> start phase 0
global_rank=2, local_rank=2 -> adding connections to [0, 1, 3]
global_rank=3, local_rank=3 -> start phase 0
global_rank=3, local_rank=3 -> adding connections to [0, 1, 2]
global_rank=1, local_rank=1 -> start phase 0
global_rank=1, local_rank=1 -> adding connections to [0, 2, 3]
[rank 3] Dispatch bandwidth: 36.81 GB/s, avg_t=206.06 us, min_t=145.09 us, max_t=246.94 us
[rank 2] Dispatch bandwidth: 36.69 GB/s, avg_t=206.77 us, min_t=128.29 us, max_t=298.53 us
[rank 0] Dispatch bandwidth: 36.79 GB/s, avg_t=206.17 us, min_t=182.08 us, max_t=220.32 us
[rank 1] Dispatch bandwidth: 36.97 GB/s, avg_t=205.21 us, min_t=128.48 us, max_t=284.03 us
global_rank=3, local_rank=3 -> end phase 0
global_rank=2, local_rank=2 -> end phase 0
global_rank=0, local_rank=0 -> end phase 0
global_rank=1, local_rank=1 -> end phase 0
[rank 0] nixlPut latency: samples=92752, p50=8.238000 us, p90=15.607500 us, p99=21.012500 us, average=8.966378 us, overflow_slots=0
[rank 2] nixlPut latency: samples=94116, p50=8.367000 us, p90=15.388500 us, p99=21.312500 us, average=8.973082 us, overflow_slots=0
[rank 1] nixlPut latency: samples=94240, p50=8.412000 us, p90=15.610500 us, p99=19.436000 us, average=9.008430 us, overflow_slots=0
[rank 3] nixlPut latency: samples=96472, p50=8.644000 us, p90=16.192500 us, p99=20.567500 us, average=9.286138 us, overflow_slots=0
global_rank=0, local_rank=0 -> done
global_rank=1, local_rank=1 -> done
global_rank=2, local_rank=2 -> done
global_rank=3, local_rank=3 -> done
