# started_at: 2026-07-26T05:19:55
# cwd: /workspace/external/nixl/examples/device/ep
# command: python3 tests/elastic/elastic.py --plan tests/elastic/no_expansion.json --num-processes 4 --num-tokens 128 --num-experts-per-rank 64 --dispatch-only
# env PYTHONPATH=/workspace/external/nixl/install/lib/python3/dist-packages
# env UCX_GDP_ENABLE=y
# env UCX_PLUGIN_PATH=/workspace/external/ucx-spcx-plugin/install/lib/ucx
# env UCX_RC_GDP_NUM_CHANNELS=2
# env UCX_TLS=rc,rc_gdp,tcp,self,sm,cuda_copy

Starting TCPStore and rank server locally
Process 3 -> global_rank=0, local_rank=0
Process 1 -> global_rank=1, local_rank=1
Process 0 -> global_rank=2, local_rank=2
Process 2 -> global_rank=3, local_rank=3
Allocating buffer size: 1908.412544 MB ...
global_rank=0, local_rank=0 -> start phase 0
global_rank=0, local_rank=0 -> adding connections to [1, 2, 3]
global_rank=3, local_rank=3 -> start phase 0
global_rank=3, local_rank=3 -> adding connections to [0, 1, 2]
global_rank=1, local_rank=1 -> start phase 0
global_rank=1, local_rank=1 -> adding connections to [0, 2, 3]
global_rank=2, local_rank=2 -> start phase 0
global_rank=2, local_rank=2 -> adding connections to [0, 1, 3]
[rank 0] Dispatch bandwidth: 26.26 GB/s, avg_t=288.88 us, min_t=202.50 us, max_t=356.38 us
[rank 1] Dispatch bandwidth: 26.12 GB/s, avg_t=290.47 us, min_t=221.15 us, max_t=359.30 us
[rank 2] Dispatch bandwidth: 26.17 GB/s, avg_t=289.82 us, min_t=225.63 us, max_t=354.69 us
[rank 3] Dispatch bandwidth: 26.21 GB/s, avg_t=289.44 us, min_t=202.02 us, max_t=367.01 us
global_rank=0, local_rank=0 -> end phase 0
global_rank=1, local_rank=1 -> end phase 0
global_rank=3, local_rank=3 -> end phase 0
global_rank=2, local_rank=2 -> end phase 0
[rank 0] nixlPut latency: samples=92752, p50=1.573500 us, p90=2.392000 us, p99=8.314000 us, average=1.870320 us, overflow_slots=0
[rank 1] nixlPut latency: samples=94240, p50=1.487500 us, p90=2.303500 us, p99=10.357000 us, average=1.867709 us, overflow_slots=0
[rank 2] nixlPut latency: samples=94116, p50=1.503500 us, p90=2.359500 us, p99=11.042500 us, average=1.907362 us, overflow_slots=0
[rank 3] nixlPut latency: samples=96472, p50=1.482000 us, p90=2.353500 us, p99=10.001500 us, average=1.849942 us, overflow_slots=0
global_rank=0, local_rank=0 -> done
global_rank=1, local_rank=1 -> done
global_rank=2, local_rank=2 -> done
global_rank=3, local_rank=3 -> done
