# started_at: 2026-07-26T05:20:51
# cwd: /workspace/external/nixl/examples/device/ep
# command: python3 tests/elastic/elastic.py --plan tests/elastic/no_expansion.json --num-processes 4 --num-tokens 128 --num-experts-per-rank 64 --dispatch-only
# env PYTHONPATH=/workspace/external/nixl/install/lib/python3/dist-packages
# env UCX_GDP_ENABLE=y
# env UCX_PLUGIN_PATH=/workspace/external/ucx-spcx-plugin/install/lib/ucx
# env UCX_RC_GDP_NUM_CHANNELS=8
# env UCX_TLS=rc,rc_gdp,tcp,self,sm,cuda_copy

Starting TCPStore and rank server locally
Process 0 -> global_rank=0, local_rank=0
Process 1 -> global_rank=1, local_rank=1
Process 2 -> global_rank=2, local_rank=2
Process 3 -> global_rank=3, local_rank=3
Allocating buffer size: 1908.412544 MB ...
global_rank=1, local_rank=1 -> start phase 0
global_rank=1, local_rank=1 -> adding connections to [0, 2, 3]
global_rank=3, local_rank=3 -> start phase 0
global_rank=3, local_rank=3 -> adding connections to [0, 1, 2]
global_rank=0, local_rank=0 -> start phase 0
global_rank=0, local_rank=0 -> adding connections to [1, 2, 3]
global_rank=2, local_rank=2 -> start phase 0
global_rank=2, local_rank=2 -> adding connections to [0, 1, 3]
[rank 0] Dispatch bandwidth: 35.82 GB/s, avg_t=211.77 us, min_t=122.75 us, max_t=315.42 us
[rank 1] Dispatch bandwidth: 35.66 GB/s, avg_t=212.70 us, min_t=126.78 us, max_t=298.98 us
[rank 2] Dispatch bandwidth: 35.75 GB/s, avg_t=212.20 us, min_t=128.26 us, max_t=288.13 us
[rank 3] Dispatch bandwidth: 35.76 GB/s, avg_t=212.10 us, min_t=140.74 us, max_t=271.74 us
global_rank=0, local_rank=0 -> end phase 0
global_rank=1, local_rank=1 -> end phase 0
global_rank=2, local_rank=2 -> end phase 0
global_rank=3, local_rank=3 -> end phase 0
[rank 0] nixlPut latency: samples=92752, p50=1.573000 us, p90=2.146000 us, p99=2.912000 us, average=1.677933 us, overflow_slots=0
[rank 2] nixlPut latency: samples=94116, p50=1.445500 us, p90=2.005000 us, p99=3.342000 us, average=1.555342 us, overflow_slots=0
[rank 1] nixlPut latency: samples=94240, p50=1.451500 us, p90=1.978000 us, p99=2.607500 us, average=1.537241 us, overflow_slots=0
[rank 3] nixlPut latency: samples=96472, p50=1.457500 us, p90=2.027000 us, p99=3.682500 us, average=1.593835 us, overflow_slots=0
global_rank=1, local_rank=1 -> done
global_rank=0, local_rank=0 -> done
global_rank=3, local_rank=3 -> done
global_rank=2, local_rank=2 -> done
