# started_at: 2026-07-26T05:19:28
# cwd: /workspace/external/nixl/examples/device/ep
# command: python3 tests/elastic/elastic.py --plan tests/elastic/no_expansion.json --num-processes 4 --num-tokens 128 --num-experts-per-rank 64 --dispatch-only
# env PYTHONPATH=/workspace/external/nixl/install/lib/python3/dist-packages
# env UCX_GDP_ENABLE=y
# env UCX_PLUGIN_PATH=/workspace/external/ucx-spcx-plugin/install/lib/ucx
# env UCX_RC_GDP_NUM_CHANNELS=1
# env UCX_TLS=rc,rc_gdp,tcp,self,sm,cuda_copy

Starting TCPStore and rank server locally
Process 2 -> global_rank=0, local_rank=0
Process 0 -> global_rank=1, local_rank=1
Process 1 -> global_rank=2, local_rank=2
Process 3 -> global_rank=3, local_rank=3
Allocating buffer size: 1908.412544 MB ...
global_rank=0, local_rank=0 -> start phase 0
global_rank=0, local_rank=0 -> adding connections to [1, 2, 3]
global_rank=3, local_rank=3 -> start phase 0
global_rank=3, local_rank=3 -> adding connections to [0, 1, 2]
global_rank=1, local_rank=1 -> start phase 0
global_rank=1, local_rank=1 -> adding connections to [0, 2, 3]
global_rank=2, local_rank=2 -> start phase 0
global_rank=2, local_rank=2 -> adding connections to [0, 1, 3]
[rank 1] Dispatch bandwidth: 14.72 GB/s, avg_t=515.23 us, min_t=437.06 us, max_t=742.34 us
[rank 0] Dispatch bandwidth: 14.72 GB/s, avg_t=515.36 us, min_t=429.98 us, max_t=748.42 us
[rank 3] Dispatch bandwidth: 14.74 GB/s, avg_t=514.62 us, min_t=415.17 us, max_t=756.13 us
[rank 2] Dispatch bandwidth: 14.73 GB/s, avg_t=514.95 us, min_t=445.54 us, max_t=708.00 us
global_rank=0, local_rank=0 -> end phase 0
global_rank=1, local_rank=1 -> end phase 0
global_rank=3, local_rank=3 -> end phase 0
global_rank=2, local_rank=2 -> end phase 0
[rank 0] nixlPut latency: samples=92752, p50=1.807500 us, p90=5.151500 us, p99=11.210000 us, average=2.582306 us, overflow_slots=0
[rank 1] nixlPut latency: samples=94240, p50=1.791500 us, p90=6.522000 us, p99=13.496000 us, average=2.866221 us, overflow_slots=0
[rank 3] nixlPut latency: samples=96472, p50=1.737500 us, p90=5.854500 us, p99=12.363000 us, average=2.681561 us, overflow_slots=0
[rank 2] nixlPut latency: samples=94116, p50=1.772500 us, p90=7.044000 us, p99=14.540000 us, average=3.319693 us, overflow_slots=0
global_rank=0, local_rank=0 -> done
global_rank=1, local_rank=1 -> done
global_rank=3, local_rank=3 -> done
global_rank=2, local_rank=2 -> done
