# started_at: 2026-07-26T05:19:37
# cwd: /workspace/external/nixl/examples/device/ep
# command: python3 tests/elastic/elastic.py --plan tests/elastic/no_expansion.json --num-processes 4 --num-tokens 128 --num-experts-per-rank 64 --dispatch-only
# env PYTHONPATH=/workspace/external/nixl/install/lib/python3/dist-packages
# env UCX_GDP_ENABLE=y
# env UCX_PLUGIN_PATH=/workspace/external/ucx-spcx-plugin/install/lib/ucx
# env UCX_RC_GDP_NUM_CHANNELS=1
# env UCX_TLS=rc,rc_gdp,tcp,self,sm,cuda_copy

Starting TCPStore and rank server locally
Process 2 -> global_rank=0, local_rank=0
Process 3 -> global_rank=1, local_rank=1
Process 1 -> global_rank=2, local_rank=2
Process 0 -> global_rank=3, local_rank=3
Allocating buffer size: 1908.412544 MB ...
global_rank=0, local_rank=0 -> start phase 0
global_rank=0, local_rank=0 -> adding connections to [1, 2, 3]
global_rank=3, local_rank=3 -> start phase 0
global_rank=3, local_rank=3 -> adding connections to [0, 1, 2]
global_rank=1, local_rank=1 -> start phase 0
global_rank=1, local_rank=1 -> adding connections to [0, 2, 3]
global_rank=2, local_rank=2 -> start phase 0
global_rank=2, local_rank=2 -> adding connections to [0, 1, 3]
[rank 1] Dispatch bandwidth: 14.50 GB/s, avg_t=523.27 us, min_t=438.18 us, max_t=754.59 us
[rank 0] Dispatch bandwidth: 14.47 GB/s, avg_t=524.15 us, min_t=426.78 us, max_t=734.08 us
[rank 3] Dispatch bandwidth: 14.51 GB/s, avg_t=522.70 us, min_t=441.73 us, max_t=669.82 us
[rank 2] Dispatch bandwidth: 14.49 GB/s, avg_t=523.57 us, min_t=421.02 us, max_t=722.24 us
global_rank=0, local_rank=0 -> end phase 0
global_rank=1, local_rank=1 -> end phase 0
global_rank=2, local_rank=2 -> end phase 0
global_rank=3, local_rank=3 -> end phase 0
[rank 0] nixlPut latency: samples=92752, p50=1.799000 us, p90=5.003000 us, p99=11.454000 us, average=2.567876 us, overflow_slots=0
[rank 1] nixlPut latency: samples=94240, p50=1.767000 us, p90=6.136500 us, p99=12.608000 us, average=2.758934 us, overflow_slots=0
[rank 2] nixlPut latency: samples=94116, p50=1.755000 us, p90=6.947500 us, p99=13.635000 us, average=2.950441 us, overflow_slots=0
[rank 3] nixlPut latency: samples=96472, p50=1.790000 us, p90=6.480000 us, p99=14.910000 us, average=3.503829 us, overflow_slots=0
global_rank=0, local_rank=0 -> done
global_rank=2, local_rank=2 -> done
global_rank=1, local_rank=1 -> done
global_rank=3, local_rank=3 -> done
