# started_at: 2026-07-26T05:21:19
# cwd: /workspace/external/nixl/examples/device/ep
# command: python3 tests/elastic/elastic.py --plan tests/elastic/no_expansion.json --num-processes 4 --num-tokens 128 --num-experts-per-rank 64 --dispatch-only
# env PYTHONPATH=/workspace/external/nixl/install/lib/python3/dist-packages
# env UCX_GDP_ENABLE=y
# env UCX_PLUGIN_PATH=/workspace/external/ucx-spcx-plugin/install/lib/ucx
# env UCX_RC_GDP_NUM_CHANNELS=16
# env UCX_TLS=rc,rc_gdp,tcp,self,sm,cuda_copy

Starting TCPStore and rank server locally
Process 3 -> global_rank=0, local_rank=0
Process 1 -> global_rank=1, local_rank=1
Process 0 -> global_rank=2, local_rank=2
Process 2 -> global_rank=3, local_rank=3
Allocating buffer size: 1908.412544 MB ...
global_rank=2, local_rank=2 -> start phase 0
global_rank=2, local_rank=2 -> adding connections to [0, 1, 3]
global_rank=3, local_rank=3 -> start phase 0
global_rank=3, local_rank=3 -> adding connections to [0, 1, 2]
global_rank=0, local_rank=0 -> start phase 0
global_rank=0, local_rank=0 -> adding connections to [1, 2, 3]
global_rank=1, local_rank=1 -> start phase 0
global_rank=1, local_rank=1 -> adding connections to [0, 2, 3]
[rank 3] Dispatch bandwidth: 36.36 GB/s, avg_t=208.64 us, min_t=132.51 us, max_t=323.01 us
[rank 0] Dispatch bandwidth: 36.04 GB/s, avg_t=210.47 us, min_t=120.83 us, max_t=346.11 us
[rank 1] Dispatch bandwidth: 36.08 GB/s, avg_t=210.22 us, min_t=112.35 us, max_t=311.33 us
[rank 2] Dispatch bandwidth: 35.79 GB/s, avg_t=211.96 us, min_t=99.94 us, max_t=333.02 us
global_rank=1, local_rank=1 -> end phase 0
global_rank=0, local_rank=0 -> end phase 0
global_rank=3, local_rank=3 -> end phase 0
global_rank=2, local_rank=2 -> end phase 0
[rank 0] nixlPut latency: samples=92752, p50=1.544000 us, p90=2.040000 us, p99=2.521500 us, average=1.631327 us, overflow_slots=0
[rank 1] nixlPut latency: samples=94240, p50=1.455000 us, p90=1.941500 us, p99=2.448000 us, average=1.539867 us, overflow_slots=0
[rank 2] nixlPut latency: samples=94116, p50=1.457500 us, p90=2.009500 us, p99=2.540500 us, average=1.564885 us, overflow_slots=0
[rank 3] nixlPut latency: samples=96472, p50=1.473500 us, p90=1.999000 us, p99=2.452000 us, average=1.553830 us, overflow_slots=0
global_rank=1, local_rank=1 -> done
global_rank=0, local_rank=0 -> done
global_rank=3, local_rank=3 -> done
global_rank=2, local_rank=2 -> done
