# started_at: 2026-07-26T05:21:37
# cwd: /workspace/external/nixl/examples/device/ep
# command: python3 tests/elastic/elastic.py --plan tests/elastic/no_expansion.json --num-processes 4 --num-tokens 128 --num-experts-per-rank 64 --dispatch-only
# env PYTHONPATH=/workspace/external/nixl/install/lib/python3/dist-packages
# env UCX_GDP_ENABLE=y
# env UCX_PLUGIN_PATH=/workspace/external/ucx-spcx-plugin/install/lib/ucx
# env UCX_RC_GDP_NUM_CHANNELS=32
# env UCX_TLS=rc,rc_gdp,tcp,self,sm,cuda_copy

Starting TCPStore and rank server locally
Process 2 -> global_rank=0, local_rank=0
Process 0 -> global_rank=1, local_rank=1
Process 3 -> global_rank=2, local_rank=2
Process 1 -> global_rank=3, local_rank=3
Allocating buffer size: 1908.412544 MB ...
global_rank=0, local_rank=0 -> start phase 0
global_rank=0, local_rank=0 -> adding connections to [1, 2, 3]
global_rank=3, local_rank=3 -> start phase 0
global_rank=3, local_rank=3 -> adding connections to [0, 1, 2]
global_rank=1, local_rank=1 -> start phase 0
global_rank=1, local_rank=1 -> adding connections to [0, 2, 3]
global_rank=2, local_rank=2 -> start phase 0
global_rank=2, local_rank=2 -> adding connections to [0, 1, 3]
[rank 1] Dispatch bandwidth: 36.87 GB/s, avg_t=205.75 us, min_t=94.08 us, max_t=358.30 us
[rank 0] Dispatch bandwidth: 36.93 GB/s, avg_t=205.43 us, min_t=137.09 us, max_t=311.20 us
[rank 3] Dispatch bandwidth: 37.19 GB/s, avg_t=203.99 us, min_t=118.21 us, max_t=325.02 us
[rank 2] Dispatch bandwidth: 37.01 GB/s, avg_t=204.97 us, min_t=109.66 us, max_t=326.34 us
global_rank=0, local_rank=0 -> end phase 0
global_rank=1, local_rank=1 -> end phase 0
global_rank=3, local_rank=3 -> end phase 0
global_rank=2, local_rank=2 -> end phase 0
[rank 0] nixlPut latency: samples=92752, p50=1.567000 us, p90=2.089500 us, p99=2.519000 us, average=1.670359 us, overflow_slots=0
[rank 2] nixlPut latency: samples=94116, p50=1.448000 us, p90=1.984000 us, p99=2.383500 us, average=1.535041 us, overflow_slots=0
[rank 1] nixlPut latency: samples=94240, p50=1.455000 us, p90=1.983000 us, p99=2.416500 us, average=1.562685 us, overflow_slots=0
[rank 3] nixlPut latency: samples=96472, p50=1.447500 us, p90=1.995500 us, p99=2.457500 us, average=1.586594 us, overflow_slots=0
global_rank=2, local_rank=2 -> done
global_rank=1, local_rank=1 -> done
global_rank=3, local_rank=3 -> done
global_rank=0, local_rank=0 -> done
