# started_at: 2026-07-26T05:21:28
# cwd: /workspace/external/nixl/examples/device/ep
# command: python3 tests/elastic/elastic.py --plan tests/elastic/no_expansion.json --num-processes 4 --num-tokens 128 --num-experts-per-rank 64 --dispatch-only
# env PYTHONPATH=/workspace/external/nixl/install/lib/python3/dist-packages
# env UCX_GDP_ENABLE=y
# env UCX_PLUGIN_PATH=/workspace/external/ucx-spcx-plugin/install/lib/ucx
# env UCX_RC_GDP_NUM_CHANNELS=16
# env UCX_TLS=rc,rc_gdp,tcp,self,sm,cuda_copy

Starting TCPStore and rank server locally
Process 0 -> global_rank=0, local_rank=0
Process 3 -> global_rank=1, local_rank=1
Process 1 -> global_rank=2, local_rank=2
Process 2 -> global_rank=3, local_rank=3
Allocating buffer size: 1908.412544 MB ...
global_rank=0, local_rank=0 -> start phase 0
global_rank=0, local_rank=0 -> adding connections to [1, 2, 3]
global_rank=1, local_rank=1 -> start phase 0
global_rank=1, local_rank=1 -> adding connections to [0, 2, 3]
global_rank=3, local_rank=3 -> start phase 0
global_rank=3, local_rank=3 -> adding connections to [0, 1, 2]
global_rank=2, local_rank=2 -> start phase 0
global_rank=2, local_rank=2 -> adding connections to [0, 1, 3]
[rank 1] Dispatch bandwidth: 37.07 GB/s, avg_t=204.61 us, min_t=104.22 us, max_t=311.33 us
[rank 0] Dispatch bandwidth: 36.82 GB/s, avg_t=206.02 us, min_t=128.83 us, max_t=298.88 us
[rank 3] Dispatch bandwidth: 36.93 GB/s, avg_t=205.39 us, min_t=124.32 us, max_t=329.34 us
[rank 2] Dispatch bandwidth: 36.90 GB/s, avg_t=205.56 us, min_t=112.00 us, max_t=345.60 us
global_rank=0, local_rank=0 -> end phase 0
global_rank=1, local_rank=1 -> end phase 0
global_rank=3, local_rank=3 -> end phase 0
global_rank=2, local_rank=2 -> end phase 0
[rank 0] nixlPut latency: samples=92752, p50=1.544500 us, p90=2.029500 us, p99=2.558000 us, average=1.628593 us, overflow_slots=0
[rank 1] nixlPut latency: samples=94240, p50=1.457000 us, p90=1.952000 us, p99=2.523500 us, average=1.545181 us, overflow_slots=0
[rank 2] nixlPut latency: samples=94116, p50=1.459000 us, p90=2.010500 us, p99=2.449000 us, average=1.562155 us, overflow_slots=0
[rank 3] nixlPut latency: samples=96472, p50=1.470000 us, p90=2.006500 us, p99=2.461500 us, average=1.552286 us, overflow_slots=0
global_rank=0, local_rank=0 -> done
global_rank=1, local_rank=1 -> done
global_rank=2, local_rank=2 -> done
global_rank=3, local_rank=3 -> done
