# started_at: 2026-07-26T05:21:47
# cwd: /workspace/external/nixl/examples/device/ep
# command: python3 tests/elastic/elastic.py --plan tests/elastic/no_expansion.json --num-processes 4 --num-tokens 128 --num-experts-per-rank 64 --dispatch-only
# env PYTHONPATH=/workspace/external/nixl/install/lib/python3/dist-packages
# env UCX_GDP_ENABLE=y
# env UCX_PLUGIN_PATH=/workspace/external/ucx-spcx-plugin/install/lib/ucx
# env UCX_RC_GDP_NUM_CHANNELS=32
# env UCX_TLS=rc,rc_gdp,tcp,self,sm,cuda_copy

Starting TCPStore and rank server locally
Process 3 -> global_rank=0, local_rank=0
Process 0 -> global_rank=1, local_rank=1
Process 2 -> global_rank=2, local_rank=2
Process 1 -> global_rank=3, local_rank=3
Allocating buffer size: 1908.412544 MB ...
global_rank=3, local_rank=3 -> start phase 0
global_rank=3, local_rank=3 -> adding connections to [0, 1, 2]
global_rank=1, local_rank=1 -> start phase 0
global_rank=1, local_rank=1 -> adding connections to [0, 2, 3]
global_rank=0, local_rank=0 -> start phase 0
global_rank=0, local_rank=0 -> adding connections to [1, 2, 3]
global_rank=2, local_rank=2 -> start phase 0
global_rank=2, local_rank=2 -> adding connections to [0, 1, 3]
[rank 1] Dispatch bandwidth: 36.21 GB/s, avg_t=209.48 us, min_t=141.12 us, max_t=325.50 us
[rank 2] Dispatch bandwidth: 36.31 GB/s, avg_t=208.91 us, min_t=124.48 us, max_t=323.01 us
[rank 0] Dispatch bandwidth: 36.21 GB/s, avg_t=209.52 us, min_t=163.68 us, max_t=355.26 us
[rank 3] Dispatch bandwidth: 36.33 GB/s, avg_t=208.82 us, min_t=106.11 us, max_t=308.58 us
global_rank=1, local_rank=1 -> end phase 0
global_rank=2, local_rank=2 -> end phase 0
global_rank=0, local_rank=0 -> end phase 0
global_rank=3, local_rank=3 -> end phase 0
[rank 0] nixlPut latency: samples=92752, p50=1.569500 us, p90=2.090000 us, p99=2.422500 us, average=1.654460 us, overflow_slots=0
[rank 2] nixlPut latency: samples=94116, p50=1.449000 us, p90=1.995000 us, p99=2.482000 us, average=1.541007 us, overflow_slots=0
[rank 1] nixlPut latency: samples=94240, p50=1.454500 us, p90=1.983500 us, p99=2.356000 us, average=1.549163 us, overflow_slots=0
[rank 3] nixlPut latency: samples=96472, p50=1.443500 us, p90=1.994500 us, p99=2.465500 us, average=1.556077 us, overflow_slots=0
global_rank=0, local_rank=0 -> done
global_rank=1, local_rank=1 -> done
global_rank=3, local_rank=3 -> done
global_rank=2, local_rank=2 -> done
