# started_at: 2026-07-26T05:20:42
# cwd: /workspace/external/nixl/examples/device/ep
# command: python3 tests/elastic/elastic.py --plan tests/elastic/no_expansion.json --num-processes 4 --num-tokens 128 --num-experts-per-rank 64 --dispatch-only
# env PYTHONPATH=/workspace/external/nixl/install/lib/python3/dist-packages
# env UCX_GDP_ENABLE=y
# env UCX_PLUGIN_PATH=/workspace/external/ucx-spcx-plugin/install/lib/ucx
# env UCX_RC_GDP_NUM_CHANNELS=8
# env UCX_TLS=rc,rc_gdp,tcp,self,sm,cuda_copy

Starting TCPStore and rank server locally
Process 3 -> global_rank=0, local_rank=0
Process 1 -> global_rank=1, local_rank=1
Process 2 -> global_rank=2, local_rank=2
Process 0 -> global_rank=3, local_rank=3
Allocating buffer size: 1908.412544 MB ...
global_rank=0, local_rank=0 -> start phase 0
global_rank=0, local_rank=0 -> adding connections to [1, 2, 3]
global_rank=1, local_rank=1 -> start phase 0
global_rank=1, local_rank=1 -> adding connections to [0, 2, 3]
global_rank=3, local_rank=3 -> start phase 0
global_rank=3, local_rank=3 -> adding connections to [0, 1, 2]
global_rank=2, local_rank=2 -> start phase 0
global_rank=2, local_rank=2 -> adding connections to [0, 1, 3]
[rank 0] Dispatch bandwidth: 35.90 GB/s, avg_t=211.30 us, min_t=125.82 us, max_t=299.23 us
[rank 1] Dispatch bandwidth: 35.83 GB/s, avg_t=211.70 us, min_t=127.84 us, max_t=299.04 us
[rank 3] Dispatch bandwidth: 36.05 GB/s, avg_t=210.43 us, min_t=118.05 us, max_t=292.16 us
[rank 2] Dispatch bandwidth: 36.08 GB/s, avg_t=210.26 us, min_t=124.22 us, max_t=302.50 us
global_rank=0, local_rank=0 -> end phase 0
global_rank=1, local_rank=1 -> end phase 0
global_rank=3, local_rank=3 -> end phase 0
global_rank=2, local_rank=2 -> end phase 0
[rank 0] nixlPut latency: samples=92752, p50=1.570000 us, p90=2.146500 us, p99=3.038500 us, average=1.677639 us, overflow_slots=0
[rank 1] nixlPut latency: samples=94240, p50=1.445500 us, p90=1.990500 us, p99=2.908000 us, average=1.544835 us, overflow_slots=0
[rank 2] nixlPut latency: samples=94116, p50=1.450500 us, p90=2.009500 us, p99=3.042000 us, average=1.553000 us, overflow_slots=0
[rank 3] nixlPut latency: samples=96472, p50=1.452500 us, p90=2.008500 us, p99=3.113000 us, average=1.569858 us, overflow_slots=0
global_rank=2, local_rank=2 -> done
global_rank=0, local_rank=0 -> done
global_rank=3, local_rank=3 -> done
global_rank=1, local_rank=1 -> done
