# started_at: 2026-07-26T05:20:05
# cwd: /workspace/external/nixl/examples/device/ep
# command: python3 tests/elastic/elastic.py --plan tests/elastic/no_expansion.json --num-processes 4 --num-tokens 128 --num-experts-per-rank 64 --dispatch-only
# env PYTHONPATH=/workspace/external/nixl/install/lib/python3/dist-packages
# env UCX_GDP_ENABLE=y
# env UCX_PLUGIN_PATH=/workspace/external/ucx-spcx-plugin/install/lib/ucx
# env UCX_RC_GDP_NUM_CHANNELS=2
# env UCX_TLS=rc,rc_gdp,tcp,self,sm,cuda_copy

Starting TCPStore and rank server locally
Process 1 -> global_rank=0, local_rank=0
Process 3 -> global_rank=1, local_rank=1
Process 0 -> global_rank=2, local_rank=2
Process 2 -> global_rank=3, local_rank=3
Allocating buffer size: 1908.412544 MB ...
global_rank=1, local_rank=1 -> start phase 0
global_rank=1, local_rank=1 -> adding connections to [0, 2, 3]
global_rank=0, local_rank=0 -> start phase 0
global_rank=0, local_rank=0 -> adding connections to [1, 2, 3]
global_rank=3, local_rank=3 -> start phase 0
global_rank=3, local_rank=3 -> adding connections to [0, 1, 2]
global_rank=2, local_rank=2 -> start phase 0
global_rank=2, local_rank=2 -> adding connections to [0, 1, 3]
[rank 1] Dispatch bandwidth: 26.21 GB/s, avg_t=289.38 us, min_t=212.80 us, max_t=391.01 us
[rank 0] Dispatch bandwidth: 26.31 GB/s, avg_t=288.35 us, min_t=212.70 us, max_t=407.42 us
[rank 2] Dispatch bandwidth: 26.44 GB/s, avg_t=286.92 us, min_t=213.41 us, max_t=370.11 us
[rank 3] Dispatch bandwidth: 26.33 GB/s, avg_t=288.05 us, min_t=210.34 us, max_t=366.30 us
global_rank=1, local_rank=1 -> end phase 0
global_rank=0, local_rank=0 -> end phase 0
global_rank=2, local_rank=2 -> end phase 0
global_rank=3, local_rank=3 -> end phase 0
[rank 0] nixlPut latency: samples=92752, p50=1.568500 us, p90=2.429000 us, p99=10.011000 us, average=1.938841 us, overflow_slots=0
[rank 1] nixlPut latency: samples=94240, p50=1.486000 us, p90=2.262500 us, p99=10.525000 us, average=1.875175 us, overflow_slots=0
[rank 2] nixlPut latency: samples=94116, p50=1.506500 us, p90=2.325500 us, p99=7.376000 us, average=1.793038 us, overflow_slots=0
[rank 3] nixlPut latency: samples=96472, p50=1.484500 us, p90=2.258500 us, p99=9.728000 us, average=1.824293 us, overflow_slots=0
global_rank=3, local_rank=3 -> done
global_rank=0, local_rank=0 -> done
global_rank=1, local_rank=1 -> done
global_rank=2, local_rank=2 -> done
