# started_at: 2026-07-26T05:20:23
# cwd: /workspace/external/nixl/examples/device/ep
# command: python3 tests/elastic/elastic.py --plan tests/elastic/no_expansion.json --num-processes 4 --num-tokens 128 --num-experts-per-rank 64 --dispatch-only
# env PYTHONPATH=/workspace/external/nixl/install/lib/python3/dist-packages
# env UCX_GDP_ENABLE=y
# env UCX_PLUGIN_PATH=/workspace/external/ucx-spcx-plugin/install/lib/ucx
# env UCX_RC_GDP_NUM_CHANNELS=4
# env UCX_TLS=rc,rc_gdp,tcp,self,sm,cuda_copy

Starting TCPStore and rank server locally
Process 2 -> global_rank=0, local_rank=0
Process 3 -> global_rank=1, local_rank=1
Process 1 -> global_rank=2, local_rank=2
Process 0 -> global_rank=3, local_rank=3
Allocating buffer size: 1908.412544 MB ...
global_rank=0, local_rank=0 -> start phase 0
global_rank=0, local_rank=0 -> adding connections to [1, 2, 3]
global_rank=3, local_rank=3 -> start phase 0
global_rank=3, local_rank=3 -> adding connections to [0, 1, 2]
global_rank=1, local_rank=1 -> start phase 0
global_rank=1, local_rank=1 -> adding connections to [0, 2, 3]
global_rank=2, local_rank=2 -> start phase 0
global_rank=2, local_rank=2 -> adding connections to [0, 1, 3]
[rank 1] Dispatch bandwidth: 32.56 GB/s, avg_t=233.01 us, min_t=165.76 us, max_t=296.90 us
[rank 3] Dispatch bandwidth: 32.57 GB/s, avg_t=232.88 us, min_t=148.77 us, max_t=306.18 us
[rank 2] Dispatch bandwidth: 32.66 GB/s, avg_t=232.28 us, min_t=150.88 us, max_t=310.62 us
[rank 0] Dispatch bandwidth: 32.75 GB/s, avg_t=231.62 us, min_t=147.33 us, max_t=315.46 us
global_rank=1, local_rank=1 -> end phase 0
global_rank=3, local_rank=3 -> end phase 0
global_rank=2, local_rank=2 -> end phase 0
global_rank=0, local_rank=0 -> end phase 0
[rank 0] nixlPut latency: samples=92752, p50=1.574000 us, p90=2.139000 us, p99=5.863000 us, average=1.742148 us, overflow_slots=0
[rank 1] nixlPut latency: samples=94240, p50=1.472500 us, p90=2.026500 us, p99=6.251000 us, average=1.651735 us, overflow_slots=0
[rank 3] nixlPut latency: samples=96472, p50=1.463000 us, p90=2.032500 us, p99=7.641000 us, average=1.707674 us, overflow_slots=0
[rank 2] nixlPut latency: samples=94116, p50=1.515000 us, p90=2.009000 us, p99=5.508000 us, average=1.638552 us, overflow_slots=0
global_rank=2, local_rank=2 -> done
global_rank=3, local_rank=3 -> done
global_rank=0, local_rank=0 -> done
global_rank=1, local_rank=1 -> done
