# started_at: 2026-07-26T05:22:16
# cwd: /workspace/external/nixl/examples/device/ep
# command: python3 tests/elastic/elastic.py --plan tests/elastic/no_expansion.json --num-processes 4 --num-tokens 128 --num-experts-per-rank 32 --dispatch-only
# env NIXL_EP_NUM_CHANNELS=4
# env PYTHONPATH=/workspace/external/nixl/install/lib/python3/dist-packages
# env UCX_TLS=rc,rc_gda,tcp,self,sm,cuda_copy

Starting TCPStore and rank server locally
Process 2 -> global_rank=0, local_rank=0
Process 3 -> global_rank=2, local_rank=2
Process 0 -> global_rank=1, local_rank=1
Process 1 -> global_rank=3, local_rank=3
Allocating buffer size: 954.206336 MB ...
global_rank=0, local_rank=0 -> start phase 0
global_rank=0, local_rank=0 -> adding connections to [1, 2, 3]
global_rank=3, local_rank=3 -> start phase 0
global_rank=3, local_rank=3 -> adding connections to [0, 1, 2]
global_rank=1, local_rank=1 -> start phase 0
global_rank=1, local_rank=1 -> adding connections to [0, 2, 3]
global_rank=2, local_rank=2 -> start phase 0
global_rank=2, local_rank=2 -> adding connections to [0, 1, 3]
[rank 1] Dispatch bandwidth: 45.71 GB/s, avg_t=165.95 us, min_t=137.09 us, max_t=196.51 us
[rank 2] Dispatch bandwidth: 45.83 GB/s, avg_t=165.53 us, min_t=133.54 us, max_t=189.89 us
[rank 3] Dispatch bandwidth: 45.78 GB/s, avg_t=165.68 us, min_t=146.88 us, max_t=185.79 us
global_rank=1, local_rank=1 -> end phase 0
global_rank=2, local_rank=2 -> end phase 0
[rank 0] Dispatch bandwidth: 45.59 GB/s, avg_t=166.37 us, min_t=130.43 us, max_t=206.34 us
global_rank=3, local_rank=3 -> end phase 0
global_rank=0, local_rank=0 -> end phase 0
[rank 2] nixlPut latency: samples=95604, p50=17.528500 us, p90=31.772500 us, p99=39.731500 us, average=18.003963 us, overflow_slots=0
[rank 3] nixlPut latency: samples=92752, p50=16.638500 us, p90=30.408500 us, p99=39.764500 us, average=17.273311 us, overflow_slots=0
[rank 1] nixlPut latency: samples=97092, p50=17.712500 us, p90=32.567000 us, p99=40.984500 us, average=18.381698 us, overflow_slots=0
[rank 0] nixlPut latency: samples=94860, p50=17.353000 us, p90=32.147500 us, p99=39.660000 us, average=18.054854 us, overflow_slots=0
global_rank=1, local_rank=1 -> done
global_rank=2, local_rank=2 -> done
global_rank=3, local_rank=3 -> done
global_rank=0, local_rank=0 -> done
