# started_at: 2026-07-26T05:23:08
# cwd: /workspace/external/nixl/examples/device/ep
# command: python3 tests/elastic/elastic.py --plan tests/elastic/no_expansion.json --num-processes 4 --num-tokens 128 --num-experts-per-rank 32 --dispatch-only
# env NIXL_EP_NUM_CHANNELS=16
# env PYTHONPATH=/workspace/external/nixl/install/lib/python3/dist-packages
# env UCX_TLS=rc,rc_gda,tcp,self,sm,cuda_copy

Starting TCPStore and rank server locally
Process 0 -> global_rank=0, local_rank=0
Process 3 -> global_rank=1, local_rank=1
Process 2 -> global_rank=2, local_rank=2
Process 1 -> global_rank=3, local_rank=3
Allocating buffer size: 954.206336 MB ...
global_rank=1, local_rank=1 -> start phase 0
global_rank=1, local_rank=1 -> adding connections to [0, 2, 3]
global_rank=0, local_rank=0 -> start phase 0
global_rank=0, local_rank=0 -> adding connections to [1, 2, 3]
global_rank=3, local_rank=3 -> start phase 0
global_rank=3, local_rank=3 -> adding connections to [0, 1, 2]
global_rank=2, local_rank=2 -> start phase 0
global_rank=2, local_rank=2 -> adding connections to [0, 1, 3]
[rank 2] Dispatch bandwidth: 50.46 GB/s, avg_t=150.33 us, min_t=130.46 us, max_t=171.39 us
[rank 3] Dispatch bandwidth: 50.43 GB/s, avg_t=150.41 us, min_t=121.22 us, max_t=173.44 us
[rank 0] Dispatch bandwidth: 50.30 GB/s, avg_t=150.81 us, min_t=122.08 us, max_t=177.70 us
[rank 1] Dispatch bandwidth: 50.46 GB/s, avg_t=150.34 us, min_t=128.67 us, max_t=171.65 us
global_rank=2, local_rank=2 -> end phase 0
global_rank=3, local_rank=3 -> end phase 0
global_rank=0, local_rank=0 -> end phase 0
global_rank=1, local_rank=1 -> end phase 0
[rank 3] nixlPut latency: samples=92752, p50=6.472000 us, p90=10.595500 us, p99=13.775000 us, average=6.749298 us, overflow_slots=0
[rank 2] nixlPut latency: samples=95604, p50=6.643000 us, p90=11.010000 us, p99=13.798500 us, average=6.903617 us, overflow_slots=0
[rank 0] nixlPut latency: samples=94860, p50=6.583000 us, p90=10.787500 us, p99=13.158000 us, average=6.842277 us, overflow_slots=0
[rank 1] nixlPut latency: samples=97092, p50=6.716500 us, p90=10.947000 us, p99=13.650000 us, average=6.941971 us, overflow_slots=0
global_rank=1, local_rank=1 -> done
global_rank=0, local_rank=0 -> done
global_rank=3, local_rank=3 -> done
global_rank=2, local_rank=2 -> done
