# started_at: 2026-07-26T05:22:42
# cwd: /workspace/external/nixl/examples/device/ep
# command: python3 tests/elastic/elastic.py --plan tests/elastic/no_expansion.json --num-processes 4 --num-tokens 128 --num-experts-per-rank 32 --dispatch-only
# env NIXL_EP_NUM_CHANNELS=8
# env PYTHONPATH=/workspace/external/nixl/install/lib/python3/dist-packages
# env UCX_TLS=rc,rc_gda,tcp,self,sm,cuda_copy

Starting TCPStore and rank server locally
Process 1 -> global_rank=0, local_rank=0
Process 3 -> global_rank=1, local_rank=1
Process 0 -> global_rank=2, local_rank=2
Process 2 -> global_rank=3, local_rank=3
Allocating buffer size: 954.206336 MB ...
global_rank=0, local_rank=0 -> start phase 0
global_rank=0, local_rank=0 -> adding connections to [1, 2, 3]
global_rank=1, local_rank=1 -> start phase 0
global_rank=1, local_rank=1 -> adding connections to [0, 2, 3]
global_rank=2, local_rank=2 -> start phase 0
global_rank=2, local_rank=2 -> adding connections to [0, 1, 3]
global_rank=3, local_rank=3 -> start phase 0
global_rank=3, local_rank=3 -> adding connections to [0, 1, 2]
[rank 2] Dispatch bandwidth: 48.10 GB/s, avg_t=157.72 us, min_t=134.53 us, max_t=179.65 us
[rank 3] Dispatch bandwidth: 48.09 GB/s, avg_t=157.74 us, min_t=124.32 us, max_t=187.81 us
[rank 1] Dispatch bandwidth: 47.95 GB/s, avg_t=158.19 us, min_t=128.90 us, max_t=187.30 us
[rank 0] Dispatch bandwidth: 48.12 GB/s, avg_t=157.65 us, min_t=128.38 us, max_t=183.71 us
global_rank=3, local_rank=3 -> end phase 0
global_rank=2, local_rank=2 -> end phase 0
global_rank=1, local_rank=1 -> end phase 0
global_rank=0, local_rank=0 -> end phase 0
[rank 3] nixlPut latency: samples=92752, p50=9.602500 us, p90=17.057500 us, p99=23.014000 us, average=10.093734 us, overflow_slots=0
[rank 2] nixlPut latency: samples=95604, p50=9.923500 us, p90=17.716000 us, p99=21.662500 us, average=10.362534 us, overflow_slots=0
[rank 0] nixlPut latency: samples=94860, p50=9.727500 us, p90=17.388000 us, p99=21.601000 us, average=10.195257 us, overflow_slots=0
[rank 1] nixlPut latency: samples=97092, p50=9.984000 us, p90=18.173000 us, p99=22.557500 us, average=10.528147 us, overflow_slots=0
global_rank=2, local_rank=2 -> done
global_rank=3, local_rank=3 -> done
global_rank=0, local_rank=0 -> done
global_rank=1, local_rank=1 -> done
