# started_at: 2026-07-26T05:21:24
# cwd: /workspace/external/nixl/examples/device/ep
# command: python3 tests/elastic/elastic.py --plan tests/elastic/no_expansion.json --num-processes 4 --num-tokens 128 --num-experts-per-rank 32 --dispatch-only
# env NIXL_EP_NUM_CHANNELS=1
# env PYTHONPATH=/workspace/external/nixl/install/lib/python3/dist-packages
# env UCX_TLS=rc,rc_gda,tcp,self,sm,cuda_copy

Starting TCPStore and rank server locally
Process 2 -> global_rank=2, local_rank=2
Process 1 -> global_rank=0, local_rank=0
Process 0 -> global_rank=1, local_rank=1
Process 3 -> global_rank=3, local_rank=3
Allocating buffer size: 954.206336 MB ...
global_rank=1, local_rank=1 -> start phase 0
global_rank=1, local_rank=1 -> adding connections to [0, 2, 3]
global_rank=3, local_rank=3 -> start phase 0
global_rank=3, local_rank=3 -> adding connections to [0, 1, 2]
global_rank=2, local_rank=2 -> start phase 0
global_rank=2, local_rank=2 -> adding connections to [0, 1, 3]
global_rank=0, local_rank=0 -> start phase 0
global_rank=0, local_rank=0 -> adding connections to [1, 2, 3]
[rank 0] Dispatch bandwidth: 36.73 GB/s, avg_t=206.51 us, min_t=197.95 us, max_t=213.79 us
[rank 2] Dispatch bandwidth: 36.73 GB/s, avg_t=206.55 us, min_t=194.18 us, max_t=218.75 us
[rank 3] Dispatch bandwidth: 36.78 GB/s, avg_t=206.23 us, min_t=193.79 us, max_t=222.53 us
[rank 1] Dispatch bandwidth: 36.75 GB/s, avg_t=206.40 us, min_t=196.22 us, max_t=220.45 us
global_rank=0, local_rank=0 -> end phase 0
global_rank=2, local_rank=2 -> end phase 0
global_rank=3, local_rank=3 -> end phase 0
global_rank=1, local_rank=1 -> end phase 0
[rank 0] nixlPut latency: samples=94860, p50=61.178000 us, p90=117.122000 us, p99=139.576500 us, average=62.989718 us, overflow_slots=0
[rank 3] nixlPut latency: samples=92752, p50=60.668500 us, p90=112.405500 us, p99=131.271500 us, average=61.509159 us, overflow_slots=0
[rank 2] nixlPut latency: samples=95604, p50=62.231000 us, p90=116.077000 us, p99=132.809000 us, average=63.248173 us, overflow_slots=0
[rank 1] nixlPut latency: samples=97092, p50=64.027500 us, p90=119.341000 us, p99=136.652500 us, average=65.134658 us, overflow_slots=0
global_rank=3, local_rank=3 -> done
global_rank=0, local_rank=0 -> done
global_rank=2, local_rank=2 -> done
global_rank=1, local_rank=1 -> done
