# started_at: 2026-07-26T05:23:54
# cwd: /workspace/external/nixl/examples/device/ep
# command: python3 tests/elastic/elastic.py --plan tests/elastic/no_expansion.json --num-processes 4 --num-tokens 128 --num-experts-per-rank 32 --dispatch-only
# env NIXL_EP_NUM_CHANNELS=32
# env PYTHONPATH=/workspace/external/nixl/install/lib/python3/dist-packages
# env UCX_TLS=rc,rc_gda,tcp,self,sm,cuda_copy

Starting TCPStore and rank server locally
Process 0 -> global_rank=0, local_rank=0
Process 2 -> global_rank=1, local_rank=1
Process 3 -> global_rank=2, local_rank=2
Process 1 -> global_rank=3, local_rank=3
Allocating buffer size: 954.206336 MB ...
global_rank=2, local_rank=2 -> start phase 0
global_rank=2, local_rank=2 -> adding connections to [0, 1, 3]
global_rank=0, local_rank=0 -> start phase 0
global_rank=0, local_rank=0 -> adding connections to [1, 2, 3]
global_rank=1, local_rank=1 -> start phase 0
global_rank=1, local_rank=1 -> adding connections to [0, 2, 3]
global_rank=3, local_rank=3 -> start phase 0
global_rank=3, local_rank=3 -> adding connections to [0, 1, 2]
[rank 1] Dispatch bandwidth: 49.59 GB/s, avg_t=152.98 us, min_t=130.98 us, max_t=175.01 us
[rank 2] Dispatch bandwidth: 49.83 GB/s, avg_t=152.24 us, min_t=139.65 us, max_t=161.18 us
[rank 3] Dispatch bandwidth: 49.81 GB/s, avg_t=152.29 us, min_t=130.46 us, max_t=171.46 us
[rank 0] Dispatch bandwidth: 49.81 GB/s, avg_t=152.31 us, min_t=132.48 us, max_t=169.38 us
global_rank=1, local_rank=1 -> end phase 0
global_rank=2, local_rank=2 -> end phase 0
global_rank=3, local_rank=3 -> end phase 0
global_rank=0, local_rank=0 -> end phase 0
[rank 3] nixlPut latency: samples=92752, p50=4.364000 us, p90=6.964000 us, p99=9.121500 us, average=4.632781 us, overflow_slots=0
[rank 2] nixlPut latency: samples=95604, p50=4.419000 us, p90=6.968000 us, p99=9.448000 us, average=4.677290 us, overflow_slots=0
[rank 1] nixlPut latency: samples=97092, p50=4.418000 us, p90=7.054000 us, p99=9.118500 us, average=4.689337 us, overflow_slots=0
[rank 0] nixlPut latency: samples=94860, p50=4.467500 us, p90=7.058500 us, p99=8.990000 us, average=4.720188 us, overflow_slots=0
global_rank=1, local_rank=1 -> done
global_rank=3, local_rank=3 -> done
global_rank=0, local_rank=0 -> done
global_rank=2, local_rank=2 -> done
