# started_at: 2026-07-26T05:22:33
# cwd: /workspace/external/nixl/examples/device/ep
# command: python3 tests/elastic/elastic.py --plan tests/elastic/no_expansion.json --num-processes 4 --num-tokens 128 --num-experts-per-rank 32 --dispatch-only
# env NIXL_EP_NUM_CHANNELS=4
# env PYTHONPATH=/workspace/external/nixl/install/lib/python3/dist-packages
# env UCX_TLS=rc,rc_gda,tcp,self,sm,cuda_copy

Starting TCPStore and rank server locally
Process 0 -> global_rank=0, local_rank=0
Process 3 -> global_rank=1, local_rank=1
Process 1 -> global_rank=2, local_rank=2
Process 2 -> global_rank=3, local_rank=3
Allocating buffer size: 954.206336 MB ...
global_rank=2, local_rank=2 -> start phase 0
global_rank=2, local_rank=2 -> adding connections to [0, 1, 3]
global_rank=3, local_rank=3 -> start phase 0
global_rank=3, local_rank=3 -> adding connections to [0, 1, 2]
global_rank=1, local_rank=1 -> start phase 0
global_rank=1, local_rank=1 -> adding connections to [0, 2, 3]
global_rank=0, local_rank=0 -> start phase 0
global_rank=0, local_rank=0 -> adding connections to [1, 2, 3]
[rank 1] Dispatch bandwidth: 47.56 GB/s, avg_t=159.49 us, min_t=135.14 us, max_t=184.22 us
[rank 2] Dispatch bandwidth: 47.76 GB/s, avg_t=158.82 us, min_t=142.88 us, max_t=171.55 us
[rank 3] Dispatch bandwidth: 47.80 GB/s, avg_t=158.71 us, min_t=140.74 us, max_t=175.52 us
[rank 0] Dispatch bandwidth: 47.98 GB/s, avg_t=158.11 us, min_t=131.42 us, max_t=186.08 us
global_rank=1, local_rank=1 -> end phase 0
global_rank=2, local_rank=2 -> end phase 0
global_rank=3, local_rank=3 -> end phase 0
global_rank=0, local_rank=0 -> end phase 0
[rank 3] nixlPut latency: samples=92752, p50=16.657500 us, p90=30.526500 us, p99=39.933000 us, average=17.321961 us, overflow_slots=0
[rank 2] nixlPut latency: samples=95604, p50=17.543500 us, p90=31.762500 us, p99=39.705000 us, average=18.037362 us, overflow_slots=0
[rank 1] nixlPut latency: samples=97092, p50=17.684500 us, p90=32.528000 us, p99=41.011500 us, average=18.359231 us, overflow_slots=0
[rank 0] nixlPut latency: samples=94860, p50=17.227000 us, p90=31.372500 us, p99=38.585000 us, average=17.739956 us, overflow_slots=0
global_rank=3, local_rank=3 -> done
global_rank=0, local_rank=0 -> done
global_rank=2, local_rank=2 -> done
global_rank=1, local_rank=1 -> done
