# started_at: 2026-07-26T05:23:45
# cwd: /workspace/external/nixl/examples/device/ep
# command: python3 tests/elastic/elastic.py --plan tests/elastic/no_expansion.json --num-processes 4 --num-tokens 128 --num-experts-per-rank 32 --dispatch-only
# env NIXL_EP_NUM_CHANNELS=32
# env PYTHONPATH=/workspace/external/nixl/install/lib/python3/dist-packages
# env UCX_TLS=rc,rc_gda,tcp,self,sm,cuda_copy

Starting TCPStore and rank server locally
Process 3 -> global_rank=0, local_rank=0
Process 2 -> global_rank=1, local_rank=1
Process 1 -> global_rank=2, local_rank=2
Process 0 -> global_rank=3, local_rank=3
Allocating buffer size: 954.206336 MB ...
global_rank=0, local_rank=0 -> start phase 0
global_rank=0, local_rank=0 -> adding connections to [1, 2, 3]
global_rank=1, local_rank=1 -> start phase 0
global_rank=1, local_rank=1 -> adding connections to [0, 2, 3]
global_rank=3, local_rank=3 -> start phase 0
global_rank=3, local_rank=3 -> adding connections to [0, 1, 2]
global_rank=2, local_rank=2 -> start phase 0
global_rank=2, local_rank=2 -> adding connections to [0, 1, 3]
[rank 1] Dispatch bandwidth: 49.56 GB/s, avg_t=153.05 us, min_t=139.17 us, max_t=165.76 us
[rank 3] Dispatch bandwidth: 49.59 GB/s, avg_t=152.98 us, min_t=132.45 us, max_t=170.69 us
[rank 2] Dispatch bandwidth: 49.59 GB/s, avg_t=152.97 us, min_t=130.43 us, max_t=173.47 us
[rank 0] Dispatch bandwidth: 49.80 GB/s, avg_t=152.33 us, min_t=124.22 us, max_t=176.48 us
global_rank=1, local_rank=1 -> end phase 0
global_rank=3, local_rank=3 -> end phase 0
global_rank=2, local_rank=2 -> end phase 0
global_rank=0, local_rank=0 -> end phase 0
[rank 3] nixlPut latency: samples=92752, p50=4.358500 us, p90=6.934000 us, p99=9.082000 us, average=4.624361 us, overflow_slots=0
[rank 1] nixlPut latency: samples=97092, p50=4.426000 us, p90=7.056000 us, p99=9.177500 us, average=4.691645 us, overflow_slots=0
[rank 2] nixlPut latency: samples=95604, p50=4.404000 us, p90=6.959500 us, p99=9.434000 us, average=4.665884 us, overflow_slots=0
[rank 0] nixlPut latency: samples=94860, p50=4.462500 us, p90=7.049500 us, p99=8.962000 us, average=4.712684 us, overflow_slots=0
global_rank=1, local_rank=1 -> done
global_rank=2, local_rank=2 -> done
global_rank=3, local_rank=3 -> done
global_rank=0, local_rank=0 -> done
