# started_at: 2026-07-26T05:23:17
# cwd: /workspace/external/nixl/examples/device/ep
# command: python3 tests/elastic/elastic.py --plan tests/elastic/no_expansion.json --num-processes 4 --num-tokens 128 --num-experts-per-rank 32 --dispatch-only
# env NIXL_EP_NUM_CHANNELS=16
# env PYTHONPATH=/workspace/external/nixl/install/lib/python3/dist-packages
# env UCX_TLS=rc,rc_gda,tcp,self,sm,cuda_copy

Starting TCPStore and rank server locally
Process 0 -> global_rank=0, local_rank=0
Process 2 -> global_rank=1, local_rank=1
Process 3 -> global_rank=2, local_rank=2
Process 1 -> global_rank=3, local_rank=3
Allocating buffer size: 954.206336 MB ...
global_rank=0, local_rank=0 -> start phase 0
global_rank=0, local_rank=0 -> adding connections to [1, 2, 3]
global_rank=1, local_rank=1 -> start phase 0
global_rank=1, local_rank=1 -> adding connections to [0, 2, 3]
global_rank=3, local_rank=3 -> start phase 0
global_rank=3, local_rank=3 -> adding connections to [0, 1, 2]
global_rank=2, local_rank=2 -> start phase 0
global_rank=2, local_rank=2 -> adding connections to [0, 1, 3]
[rank 1] Dispatch bandwidth: 50.77 GB/s, avg_t=149.42 us, min_t=128.16 us, max_t=172.86 us
[rank 2] Dispatch bandwidth: 50.62 GB/s, avg_t=149.87 us, min_t=128.64 us, max_t=169.54 us
[rank 3] Dispatch bandwidth: 50.57 GB/s, avg_t=150.00 us, min_t=126.34 us, max_t=169.34 us
[rank 0] Dispatch bandwidth: 50.44 GB/s, avg_t=150.39 us, min_t=122.08 us, max_t=177.95 us
global_rank=1, local_rank=1 -> end phase 0
global_rank=2, local_rank=2 -> end phase 0
global_rank=3, local_rank=3 -> end phase 0
global_rank=0, local_rank=0 -> end phase 0
[rank 3] nixlPut latency: samples=92752, p50=6.476000 us, p90=10.602500 us, p99=13.674500 us, average=6.742716 us, overflow_slots=0
[rank 2] nixlPut latency: samples=95604, p50=6.661500 us, p90=11.033000 us, p99=13.828500 us, average=6.916720 us, overflow_slots=0
[rank 1] nixlPut latency: samples=97092, p50=6.695500 us, p90=10.947500 us, p99=13.683000 us, average=6.941554 us, overflow_slots=0
[rank 0] nixlPut latency: samples=94860, p50=6.619500 us, p90=10.808000 us, p99=13.189000 us, average=6.860114 us, overflow_slots=0
global_rank=1, local_rank=1 -> done
global_rank=3, local_rank=3 -> done
global_rank=2, local_rank=2 -> done
global_rank=0, local_rank=0 -> done
