# started_at: 2026-07-26T05:22:24
# cwd: /workspace/external/nixl/examples/device/ep
# command: python3 tests/elastic/elastic.py --plan tests/elastic/no_expansion.json --num-processes 4 --num-tokens 128 --num-experts-per-rank 32 --dispatch-only
# env NIXL_EP_NUM_CHANNELS=4
# env PYTHONPATH=/workspace/external/nixl/install/lib/python3/dist-packages
# env UCX_TLS=rc,rc_gda,tcp,self,sm,cuda_copy

Starting TCPStore and rank server locally
Process 1 -> global_rank=0, local_rank=0
Process 0 -> global_rank=1, local_rank=1
Process 2 -> global_rank=2, local_rank=2
Process 3 -> global_rank=3, local_rank=3
Allocating buffer size: 954.206336 MB ...
global_rank=0, local_rank=0 -> start phase 0
global_rank=0, local_rank=0 -> adding connections to [1, 2, 3]
global_rank=1, local_rank=1 -> start phase 0
global_rank=1, local_rank=1 -> adding connections to [0, 2, 3]
global_rank=3, local_rank=3 -> start phase 0
global_rank=2, local_rank=2 -> start phase 0
global_rank=2, local_rank=2 -> adding connections to [0, 1, 3]
global_rank=3, local_rank=3 -> adding connections to [0, 1, 2]
[rank 2] Dispatch bandwidth: 46.21 GB/s, avg_t=164.17 us, min_t=138.62 us, max_t=187.78 us
[rank 3] Dispatch bandwidth: 46.25 GB/s, avg_t=164.01 us, min_t=133.57 us, max_t=185.79 us
[rank 0] Dispatch bandwidth: 46.42 GB/s, avg_t=163.40 us, min_t=128.42 us, max_t=202.11 us
[rank 1] Dispatch bandwidth: 46.13 GB/s, avg_t=164.46 us, min_t=136.83 us, max_t=190.08 us
global_rank=2, local_rank=2 -> end phase 0
global_rank=3, local_rank=3 -> end phase 0
global_rank=0, local_rank=0 -> end phase 0
global_rank=1, local_rank=1 -> end phase 0
[rank 3] nixlPut latency: samples=92752, p50=16.741500 us, p90=30.542500 us, p99=39.968500 us, average=17.373522 us, overflow_slots=0
[rank 2] nixlPut latency: samples=95604, p50=17.464500 us, p90=31.754500 us, p99=39.604500 us, average=17.995257 us, overflow_slots=0
[rank 0] nixlPut latency: samples=94860, p50=17.399000 us, p90=32.015500 us, p99=39.473000 us, average=18.017301 us, overflow_slots=0
[rank 1] nixlPut latency: samples=97092, p50=17.616000 us, p90=32.523500 us, p99=40.932000 us, average=18.319587 us, overflow_slots=0
global_rank=3, local_rank=3 -> done
global_rank=0, local_rank=0 -> done
global_rank=1, local_rank=1 -> done
global_rank=2, local_rank=2 -> done
