# started_at: 2026-07-26T05:21:32
# cwd: /workspace/external/nixl/examples/device/ep
# command: python3 tests/elastic/elastic.py --plan tests/elastic/no_expansion.json --num-processes 4 --num-tokens 128 --num-experts-per-rank 32 --dispatch-only
# env NIXL_EP_NUM_CHANNELS=1
# env PYTHONPATH=/workspace/external/nixl/install/lib/python3/dist-packages
# env UCX_TLS=rc,rc_gda,tcp,self,sm,cuda_copy

Starting TCPStore and rank server locally
Process 3 -> global_rank=0, local_rank=0
Process 0 -> global_rank=1, local_rank=1
Process 1 -> global_rank=2, local_rank=2
Process 2 -> global_rank=3, local_rank=3
Allocating buffer size: 954.206336 MB ...
global_rank=0, local_rank=0 -> start phase 0
global_rank=0, local_rank=0 -> adding connections to [1, 2, 3]
global_rank=3, local_rank=3 -> start phase 0
global_rank=3, local_rank=3 -> adding connections to [0, 1, 2]
global_rank=2, local_rank=2 -> start phase 0
global_rank=2, local_rank=2 -> adding connections to [0, 1, 3]
global_rank=1, local_rank=1 -> start phase 0
global_rank=1, local_rank=1 -> adding connections to [0, 2, 3]
[rank 1] Dispatch bandwidth: 35.84 GB/s, avg_t=211.66 us, min_t=192.35 us, max_t=237.44 us
[rank 0] Dispatch bandwidth: 35.98 GB/s, avg_t=210.84 us, min_t=193.70 us, max_t=230.56 us
[rank 3] Dispatch bandwidth: 35.92 GB/s, avg_t=211.19 us, min_t=189.86 us, max_t=238.98 us
[rank 2] Dispatch bandwidth: 35.92 GB/s, avg_t=211.18 us, min_t=184.42 us, max_t=242.94 us
global_rank=1, local_rank=1 -> end phase 0
global_rank=0, local_rank=0 -> end phase 0
global_rank=3, local_rank=3 -> end phase 0
global_rank=2, local_rank=2 -> end phase 0
[rank 3] nixlPut latency: samples=92752, p50=60.518000 us, p90=112.599000 us, p99=131.356000 us, average=61.428787 us, overflow_slots=0
[rank 0] nixlPut latency: samples=94860, p50=61.058500 us, p90=117.431000 us, p99=140.030500 us, average=62.870181 us, overflow_slots=0
[rank 1] nixlPut latency: samples=97092, p50=63.774000 us, p90=118.747000 us, p99=135.708500 us, average=64.917308 us, overflow_slots=0
[rank 2] nixlPut latency: samples=95604, p50=62.640000 us, p90=116.462000 us, p99=132.772000 us, average=63.667903 us, overflow_slots=0
global_rank=2, local_rank=2 -> done
global_rank=3, local_rank=3 -> done
global_rank=1, local_rank=1 -> done
global_rank=0, local_rank=0 -> done
