# started_at: 2026-07-26T05:21:50
# cwd: /workspace/external/nixl/examples/device/ep
# command: python3 tests/elastic/elastic.py --plan tests/elastic/no_expansion.json --num-processes 4 --num-tokens 128 --num-experts-per-rank 32 --dispatch-only
# env NIXL_EP_NUM_CHANNELS=2
# env PYTHONPATH=/workspace/external/nixl/install/lib/python3/dist-packages
# env UCX_TLS=rc,rc_gda,tcp,self,sm,cuda_copy

Starting TCPStore and rank server locally
Process 1 -> global_rank=0, local_rank=0
Process 0 -> global_rank=1, local_rank=1
Process 3 -> global_rank=2, local_rank=2
Process 2 -> global_rank=3, local_rank=3
Allocating buffer size: 954.206336 MB ...
global_rank=0, local_rank=0 -> start phase 0
global_rank=0, local_rank=0 -> adding connections to [1, 2, 3]
global_rank=3, local_rank=3 -> start phase 0
global_rank=3, local_rank=3 -> adding connections to [0, 1, 2]
global_rank=1, local_rank=1 -> start phase 0
global_rank=1, local_rank=1 -> adding connections to [0, 2, 3]
global_rank=2, local_rank=2 -> start phase 0
global_rank=2, local_rank=2 -> adding connections to [0, 1, 3]
[rank 0] Dispatch bandwidth: 43.66 GB/s, avg_t=173.75 us, min_t=145.12 us, max_t=205.70 us
[rank 3] Dispatch bandwidth: 43.68 GB/s, avg_t=173.66 us, min_t=144.70 us, max_t=208.54 us
[rank 2] Dispatch bandwidth: 43.51 GB/s, avg_t=174.34 us, min_t=144.70 us, max_t=202.27 us
global_rank=0, local_rank=0 -> end phase 0
[rank 1] Dispatch bandwidth: 43.56 GB/s, avg_t=174.16 us, min_t=151.23 us, max_t=195.78 us
global_rank=3, local_rank=3 -> end phase 0
global_rank=2, local_rank=2 -> end phase 0
global_rank=1, local_rank=1 -> end phase 0
[rank 3] nixlPut latency: samples=92752, p50=29.984500 us, p90=57.486000 us, p99=73.569500 us, average=31.395779 us, overflow_slots=0
[rank 0] nixlPut latency: samples=94860, p50=30.375000 us, p90=59.207000 us, p99=70.761000 us, average=31.894714 us, overflow_slots=0
[rank 2] nixlPut latency: samples=95604, p50=31.029000 us, p90=59.461500 us, p99=69.372000 us, average=32.193601 us, overflow_slots=0
[rank 1] nixlPut latency: samples=97092, p50=31.598000 us, p90=62.162000 us, p99=74.543000 us, average=33.245531 us, overflow_slots=0
global_rank=0, local_rank=0 -> done
global_rank=2, local_rank=2 -> done
global_rank=3, local_rank=3 -> done
global_rank=1, local_rank=1 -> done
