# started_at: 2026-07-26T05:23:35
# cwd: /workspace/external/nixl/examples/device/ep
# command: python3 tests/elastic/elastic.py --plan tests/elastic/no_expansion.json --num-processes 4 --num-tokens 128 --num-experts-per-rank 32 --dispatch-only
# env NIXL_EP_NUM_CHANNELS=32
# env PYTHONPATH=/workspace/external/nixl/install/lib/python3/dist-packages
# env UCX_TLS=rc,rc_gda,tcp,self,sm,cuda_copy

Starting TCPStore and rank server locally
Process 1 -> global_rank=0, local_rank=0
Process 3 -> global_rank=1, local_rank=1
Process 2 -> global_rank=2, local_rank=2
Process 0 -> global_rank=3, local_rank=3
Allocating buffer size: 954.206336 MB ...
global_rank=0, local_rank=0 -> start phase 0
global_rank=0, local_rank=0 -> adding connections to [1, 2, 3]
global_rank=1, local_rank=1 -> start phase 0
global_rank=1, local_rank=1 -> adding connections to [0, 2, 3]
global_rank=2, local_rank=2 -> start phase 0
global_rank=2, local_rank=2 -> adding connections to [0, 1, 3]
global_rank=3, local_rank=3 -> start phase 0
global_rank=3, local_rank=3 -> adding connections to [0, 1, 2]
[rank 1] Dispatch bandwidth: 50.37 GB/s, avg_t=150.61 us, min_t=128.10 us, max_t=173.15 us
[rank 3] Dispatch bandwidth: 50.19 GB/s, avg_t=151.15 us, min_t=130.50 us, max_t=173.57 us
[rank 2] Dispatch bandwidth: 50.15 GB/s, avg_t=151.25 us, min_t=130.46 us, max_t=167.36 us
[rank 0] Dispatch bandwidth: 50.17 GB/s, avg_t=151.20 us, min_t=126.27 us, max_t=177.89 us
global_rank=3, local_rank=3 -> end phase 0
global_rank=1, local_rank=1 -> end phase 0
global_rank=2, local_rank=2 -> end phase 0
global_rank=0, local_rank=0 -> end phase 0
[rank 3] nixlPut latency: samples=92752, p50=4.348000 us, p90=6.937000 us, p99=9.042500 us, average=4.619800 us, overflow_slots=0
[rank 2] nixlPut latency: samples=95604, p50=4.414000 us, p90=6.935000 us, p99=9.312500 us, average=4.667388 us, overflow_slots=0
[rank 1] nixlPut latency: samples=97092, p50=4.432500 us, p90=7.072500 us, p99=9.139500 us, average=4.692433 us, overflow_slots=0
[rank 0] nixlPut latency: samples=94860, p50=4.473500 us, p90=7.058000 us, p99=9.026000 us, average=4.723655 us, overflow_slots=0
global_rank=3, local_rank=3 -> done
global_rank=1, local_rank=1 -> done
global_rank=0, local_rank=0 -> done
global_rank=2, local_rank=2 -> done
