# started_at: 2026-07-26T05:22:59
# cwd: /workspace/external/nixl/examples/device/ep
# command: python3 tests/elastic/elastic.py --plan tests/elastic/no_expansion.json --num-processes 4 --num-tokens 128 --num-experts-per-rank 32 --dispatch-only
# env NIXL_EP_NUM_CHANNELS=8
# env PYTHONPATH=/workspace/external/nixl/install/lib/python3/dist-packages
# env UCX_TLS=rc,rc_gda,tcp,self,sm,cuda_copy

Starting TCPStore and rank server locally
Process 2 -> global_rank=0, local_rank=0
Process 0 -> global_rank=1, local_rank=1
Process 3 -> global_rank=2, local_rank=2
Process 1 -> global_rank=3, local_rank=3
Allocating buffer size: 954.206336 MB ...
global_rank=0, local_rank=0 -> start phase 0
global_rank=0, local_rank=0 -> adding connections to [1, 2, 3]
global_rank=3, local_rank=3 -> start phase 0
global_rank=3, local_rank=3 -> adding connections to [0, 1, 2]
global_rank=2, local_rank=2 -> start phase 0
global_rank=2, local_rank=2 -> adding connections to [0, 1, 3]
global_rank=1, local_rank=1 -> start phase 0
global_rank=1, local_rank=1 -> adding connections to [0, 2, 3]
[rank 1] Dispatch bandwidth: 49.17 GB/s, avg_t=154.28 us, min_t=140.45 us, max_t=170.53 us
[rank 0] Dispatch bandwidth: 48.73 GB/s, avg_t=155.68 us, min_t=126.72 us, max_t=186.37 us
[rank 2] Dispatch bandwidth: 49.10 GB/s, avg_t=154.51 us, min_t=134.62 us, max_t=173.22 us
[rank 3] Dispatch bandwidth: 49.17 GB/s, avg_t=154.27 us, min_t=122.59 us, max_t=182.69 us
global_rank=0, local_rank=0 -> end phase 0
global_rank=2, local_rank=2 -> end phase 0
global_rank=1, local_rank=1 -> end phase 0
global_rank=3, local_rank=3 -> end phase 0
[rank 3] nixlPut latency: samples=92752, p50=9.618000 us, p90=17.096500 us, p99=23.274000 us, average=10.122811 us, overflow_slots=0
[rank 0] nixlPut latency: samples=94860, p50=9.727000 us, p90=17.444500 us, p99=21.653500 us, average=10.210605 us, overflow_slots=0
[rank 2] nixlPut latency: samples=95604, p50=9.768000 us, p90=17.571000 us, p99=21.609000 us, average=10.263029 us, overflow_slots=0
[rank 1] nixlPut latency: samples=97092, p50=10.034500 us, p90=18.206000 us, p99=22.518500 us, average=10.563721 us, overflow_slots=0
global_rank=0, local_rank=0 -> done
global_rank=1, local_rank=1 -> done
global_rank=2, local_rank=2 -> done
global_rank=3, local_rank=3 -> done
