# started_at: 2026-07-26T05:21:41
# cwd: /workspace/external/nixl/examples/device/ep
# command: python3 tests/elastic/elastic.py --plan tests/elastic/no_expansion.json --num-processes 4 --num-tokens 128 --num-experts-per-rank 32 --dispatch-only
# env NIXL_EP_NUM_CHANNELS=1
# env PYTHONPATH=/workspace/external/nixl/install/lib/python3/dist-packages
# env UCX_TLS=rc,rc_gda,tcp,self,sm,cuda_copy

Starting TCPStore and rank server locally
Process 1 -> global_rank=0, local_rank=0
Process 3 -> global_rank=1, local_rank=1
Process 2 -> global_rank=2, local_rank=2
Process 0 -> global_rank=3, local_rank=3
Allocating buffer size: 954.206336 MB ...
global_rank=0, local_rank=0 -> start phase 0
global_rank=0, local_rank=0 -> adding connections to [1, 2, 3]
global_rank=3, local_rank=3 -> start phase 0
global_rank=3, local_rank=3 -> adding connections to [0, 1, 2]
global_rank=1, local_rank=1 -> start phase 0
global_rank=1, local_rank=1 -> adding connections to [0, 2, 3]
global_rank=2, local_rank=2 -> start phase 0
global_rank=2, local_rank=2 -> adding connections to [0, 1, 3]
[rank 3] Dispatch bandwidth: 36.11 GB/s, avg_t=210.10 us, min_t=185.79 us, max_t=239.01 us
[rank 0] Dispatch bandwidth: 36.13 GB/s, avg_t=209.95 us, min_t=198.05 us, max_t=227.01 us
[rank 1] Dispatch bandwidth: 36.11 GB/s, avg_t=210.10 us, min_t=197.25 us, max_t=226.98 us
[rank 2] Dispatch bandwidth: 36.26 GB/s, avg_t=209.23 us, min_t=187.39 us, max_t=234.34 us
global_rank=0, local_rank=0 -> end phase 0
global_rank=1, local_rank=1 -> end phase 0
global_rank=2, local_rank=2 -> end phase 0
global_rank=3, local_rank=3 -> end phase 0
[rank 3] nixlPut latency: samples=92752, p50=60.488000 us, p90=112.456000 us, p99=131.386000 us, average=61.333793 us, overflow_slots=0
[rank 0] nixlPut latency: samples=94860, p50=61.062000 us, p90=117.641500 us, p99=140.369000 us, average=63.063252 us, overflow_slots=0
[rank 2] nixlPut latency: samples=95604, p50=62.235500 us, p90=116.157000 us, p99=133.246500 us, average=63.341140 us, overflow_slots=0
[rank 1] nixlPut latency: samples=97092, p50=63.953500 us, p90=119.090000 us, p99=136.325500 us, average=65.172049 us, overflow_slots=0
global_rank=2, local_rank=2 -> done
global_rank=1, local_rank=1 -> done
global_rank=0, local_rank=0 -> done
global_rank=3, local_rank=3 -> done
