# started_at: 2026-07-26T05:00:48
# cwd: /workspace/external/nixl/examples/device/ep
# command: python3 tests/elastic/elastic.py --plan tests/elastic/no_expansion.json --num-processes 4 --num-tokens 128 --num-experts-per-rank 8 --dispatch-only
# env PYTHONPATH=/workspace/external/nixl/install/lib/python3/dist-packages
# env UCX_GDP_ENABLE=y
# env UCX_PLUGIN_PATH=/workspace/external/ucx-spcx-plugin/install/lib/ucx
# env UCX_RC_GDP_NUM_CHANNELS=2
# env UCX_TLS=rc,rc_gdp,tcp,self,sm,cuda_copy

Starting TCPStore and rank server locally
Process 3 -> global_rank=0, local_rank=0
Process 1 -> global_rank=1, local_rank=1
Process 0 -> global_rank=2, local_rank=2
Process 2 -> global_rank=3, local_rank=3
Allocating buffer size: 238.55168 MB ...
global_rank=0, local_rank=0 -> start phase 0
global_rank=0, local_rank=0 -> adding connections to [1, 2, 3]
global_rank=3, local_rank=3 -> start phase 0
global_rank=3, local_rank=3 -> adding connections to [0, 1, 2]
global_rank=2, local_rank=2 -> start phase 0
global_rank=2, local_rank=2 -> adding connections to [0, 1, 3]
global_rank=1, local_rank=1 -> start phase 0
global_rank=1, local_rank=1 -> adding connections to [0, 2, 3]
[rank 3] Dispatch bandwidth: 34.63 GB/s, avg_t=219.07 us, min_t=200.06 us, max_t=261.57 us
[rank 1] Dispatch bandwidth: 34.77 GB/s, avg_t=218.15 us, min_t=199.07 us, max_t=305.95 us
[rank 2] Dispatch bandwidth: 34.70 GB/s, avg_t=218.58 us, min_t=200.10 us, max_t=298.43 us
[rank 0] Dispatch bandwidth: 34.70 GB/s, avg_t=218.61 us, min_t=200.06 us, max_t=303.49 us
global_rank=3, local_rank=3 -> end phase 0
global_rank=1, local_rank=1 -> end phase 0
global_rank=2, local_rank=2 -> end phase 0
global_rank=0, local_rank=0 -> end phase 0
[rank 3] nixlPut latency: samples=96224, p50=1.335000 us, p90=1.553000 us, p99=2.033500 us, average=1.351561 us, overflow_slots=0
[rank 1] nixlPut latency: samples=96348, p50=1.350500 us, p90=1.568000 us, p99=2.041500 us, average=1.365396 us, overflow_slots=0
[rank 2] nixlPut latency: samples=96348, p50=1.338500 us, p90=1.560500 us, p99=2.190000 us, average=1.361903 us, overflow_slots=0
[rank 0] nixlPut latency: samples=99200, p50=1.393500 us, p90=1.631500 us, p99=2.059500 us, average=1.417462 us, overflow_slots=0
global_rank=3, local_rank=3 -> done
global_rank=2, local_rank=2 -> done
global_rank=1, local_rank=1 -> done
global_rank=0, local_rank=0 -> done
