# started_at: 2026-07-26T05:01:05
# cwd: /workspace/external/nixl/examples/device/ep
# command: python3 tests/elastic/elastic.py --plan tests/elastic/no_expansion.json --num-processes 4 --num-tokens 128 --num-experts-per-rank 8 --dispatch-only
# env PYTHONPATH=/workspace/external/nixl/install/lib/python3/dist-packages
# env UCX_GDP_ENABLE=y
# env UCX_PLUGIN_PATH=/workspace/external/ucx-spcx-plugin/install/lib/ucx
# env UCX_RC_GDP_NUM_CHANNELS=4
# env UCX_TLS=rc,rc_gdp,tcp,self,sm,cuda_copy

Starting TCPStore and rank server locally
Process 0 -> global_rank=0, local_rank=0
Process 2 -> global_rank=1, local_rank=1
Process 3 -> global_rank=2, local_rank=2
Process 1 -> global_rank=3, local_rank=3
Allocating buffer size: 238.55168 MB ...
global_rank=0, local_rank=0 -> start phase 0
global_rank=0, local_rank=0 -> adding connections to [1, 2, 3]
global_rank=3, local_rank=3 -> start phase 0
global_rank=3, local_rank=3 -> adding connections to [0, 1, 2]
global_rank=2, local_rank=2 -> start phase 0
global_rank=2, local_rank=2 -> adding connections to [0, 1, 3]
global_rank=1, local_rank=1 -> start phase 0
global_rank=1, local_rank=1 -> adding connections to [0, 2, 3]
[rank 1] Dispatch bandwidth: 44.44 GB/s, avg_t=170.68 us, min_t=135.04 us, max_t=272.26 us
[rank 2] Dispatch bandwidth: 44.59 GB/s, avg_t=170.13 us, min_t=136.61 us, max_t=259.49 us
[rank 3] Dispatch bandwidth: 44.68 GB/s, avg_t=169.77 us, min_t=140.64 us, max_t=273.15 us
[rank 0] Dispatch bandwidth: 44.60 GB/s, avg_t=170.07 us, min_t=136.64 us, max_t=261.60 us
global_rank=2, local_rank=2 -> end phase 0
global_rank=1, local_rank=1 -> end phase 0
global_rank=3, local_rank=3 -> end phase 0
global_rank=0, local_rank=0 -> end phase 0
[rank 1] nixlPut latency: samples=96348, p50=1.384000 us, p90=1.587500 us, p99=2.007500 us, average=1.390371 us, overflow_slots=0
[rank 2] nixlPut latency: samples=96348, p50=1.372500 us, p90=1.579500 us, p99=1.954000 us, average=1.382610 us, overflow_slots=0
[rank 3] nixlPut latency: samples=96224, p50=1.367000 us, p90=1.574000 us, p99=2.032000 us, average=1.378264 us, overflow_slots=0
[rank 0] nixlPut latency: samples=99200, p50=1.422500 us, p90=1.674500 us, p99=2.079000 us, average=1.464397 us, overflow_slots=0
global_rank=1, local_rank=1 -> done
global_rank=3, local_rank=3 -> done
global_rank=0, local_rank=0 -> done
global_rank=2, local_rank=2 -> done
