# started_at: 2026-07-26T05:01:22
# cwd: /workspace/external/nixl/examples/device/ep
# command: python3 tests/elastic/elastic.py --plan tests/elastic/no_expansion.json --num-processes 4 --num-tokens 128 --num-experts-per-rank 8 --dispatch-only
# env PYTHONPATH=/workspace/external/nixl/install/lib/python3/dist-packages
# env UCX_GDP_ENABLE=y
# env UCX_PLUGIN_PATH=/workspace/external/ucx-spcx-plugin/install/lib/ucx
# env UCX_RC_GDP_NUM_CHANNELS=8
# env UCX_TLS=rc,rc_gdp,tcp,self,sm,cuda_copy

Starting TCPStore and rank server locally
Process 1 -> global_rank=0, local_rank=0
Process 3 -> global_rank=1, local_rank=1
Process 0 -> global_rank=2, local_rank=2
Process 2 -> global_rank=3, local_rank=3
Allocating buffer size: 238.55168 MB ...
global_rank=3, local_rank=3 -> start phase 0
global_rank=3, local_rank=3 -> adding connections to [0, 1, 2]
global_rank=2, local_rank=2 -> start phase 0
global_rank=2, local_rank=2 -> adding connections to [0, 1, 3]
global_rank=1, local_rank=1 -> start phase 0
global_rank=0, local_rank=0 -> start phase 0
global_rank=1, local_rank=1 -> adding connections to [0, 2, 3]
global_rank=0, local_rank=0 -> adding connections to [1, 2, 3]
[rank 1] Dispatch bandwidth: 48.52 GB/s, avg_t=156.35 us, min_t=133.06 us, max_t=223.20 us
[rank 3] Dispatch bandwidth: 48.72 GB/s, avg_t=155.69 us, min_t=132.48 us, max_t=220.61 us
[rank 2] Dispatch bandwidth: 48.71 GB/s, avg_t=155.74 us, min_t=134.56 us, max_t=238.98 us
[rank 0] Dispatch bandwidth: 48.92 GB/s, avg_t=155.06 us, min_t=119.62 us, max_t=232.58 us
global_rank=1, local_rank=1 -> end phase 0
global_rank=3, local_rank=3 -> end phase 0
global_rank=2, local_rank=2 -> end phase 0
global_rank=0, local_rank=0 -> end phase 0
[rank 1] nixlPut latency: samples=96348, p50=1.401500 us, p90=1.590000 us, p99=2.097500 us, average=1.406718 us, overflow_slots=0
[rank 3] nixlPut latency: samples=96224, p50=1.390500 us, p90=1.576000 us, p99=2.076000 us, average=1.392432 us, overflow_slots=0
[rank 2] nixlPut latency: samples=96348, p50=1.378500 us, p90=1.587000 us, p99=2.008500 us, average=1.389404 us, overflow_slots=0
[rank 0] nixlPut latency: samples=99200, p50=1.457000 us, p90=1.669500 us, p99=2.060000 us, average=1.470014 us, overflow_slots=0
global_rank=0, local_rank=0 -> done
global_rank=3, local_rank=3 -> done
global_rank=2, local_rank=2 -> done
global_rank=1, local_rank=1 -> done
