# started_at: 2026-07-26T05:00:15
# cwd: /workspace/external/nixl/examples/device/ep
# command: python3 tests/elastic/elastic.py --plan tests/elastic/no_expansion.json --num-processes 4 --num-tokens 128 --num-experts-per-rank 8 --dispatch-only
# env PYTHONPATH=/workspace/external/nixl/install/lib/python3/dist-packages
# env UCX_GDP_ENABLE=y
# env UCX_PLUGIN_PATH=/workspace/external/ucx-spcx-plugin/install/lib/ucx
# env UCX_RC_GDP_NUM_CHANNELS=1
# env UCX_TLS=rc,rc_gdp,tcp,self,sm,cuda_copy

Starting TCPStore and rank server locally
Process 1 -> global_rank=0, local_rank=0
Process 0 -> global_rank=1, local_rank=1
Process 3 -> global_rank=2, local_rank=2
Process 2 -> global_rank=3, local_rank=3
Allocating buffer size: 238.55168 MB ...
global_rank=0, local_rank=0 -> start phase 0
global_rank=0, local_rank=0 -> adding connections to [1, 2, 3]
global_rank=3, local_rank=3 -> start phase 0
global_rank=3, local_rank=3 -> adding connections to [0, 1, 2]
global_rank=1, local_rank=1 -> start phase 0
global_rank=1, local_rank=1 -> adding connections to [0, 2, 3]
global_rank=2, local_rank=2 -> start phase 0
global_rank=2, local_rank=2 -> adding connections to [0, 1, 3]
[rank 2] Dispatch bandwidth: 20.01 GB/s, avg_t=379.18 us, min_t=366.05 us, max_t=410.18 us
[rank 3] Dispatch bandwidth: 20.01 GB/s, avg_t=379.16 us, min_t=361.82 us, max_t=432.54 us
[rank 1] Dispatch bandwidth: 20.03 GB/s, avg_t=378.80 us, min_t=362.59 us, max_t=414.82 us
[rank 0] Dispatch bandwidth: 19.97 GB/s, avg_t=379.79 us, min_t=366.50 us, max_t=411.52 us
global_rank=3, local_rank=3 -> end phase 0
global_rank=2, local_rank=2 -> end phase 0
global_rank=1, local_rank=1 -> end phase 0
global_rank=0, local_rank=0 -> end phase 0
[rank 3] nixlPut latency: samples=96224, p50=1.331500 us, p90=1.632500 us, p99=2.141500 us, average=1.358750 us, overflow_slots=0
[rank 2] nixlPut latency: samples=96348, p50=1.344500 us, p90=1.653500 us, p99=2.325500 us, average=1.377004 us, overflow_slots=0
[rank 1] nixlPut latency: samples=96348, p50=1.343500 us, p90=1.669000 us, p99=2.643000 us, average=1.702895 us, overflow_slots=0
[rank 0] nixlPut latency: samples=99200, p50=1.419500 us, p90=1.700500 us, p99=2.124500 us, average=1.433641 us, overflow_slots=0
global_rank=1, local_rank=1 -> done
global_rank=2, local_rank=2 -> done
global_rank=0, local_rank=0 -> done
global_rank=3, local_rank=3 -> done
