# started_at: 2026-07-26T05:02:31
# cwd: /workspace/external/nixl/examples/device/ep
# command: python3 tests/elastic/elastic.py --plan tests/elastic/no_expansion.json --num-processes 4 --num-tokens 128 --num-experts-per-rank 8 --dispatch-only
# env PYTHONPATH=/workspace/external/nixl/install/lib/python3/dist-packages
# env UCX_GDP_ENABLE=y
# env UCX_PLUGIN_PATH=/workspace/external/ucx-spcx-plugin/install/lib/ucx
# env UCX_RC_GDP_NUM_CHANNELS=32
# env UCX_TLS=rc,rc_gdp,tcp,self,sm,cuda_copy

Starting TCPStore and rank server locally
Process 3 -> global_rank=0, local_rank=0
Process 0 -> global_rank=1, local_rank=1
Process 1 -> global_rank=2, local_rank=2
Process 2 -> global_rank=3, local_rank=3
Allocating buffer size: 238.55168 MB ...
global_rank=0, local_rank=0 -> start phase 0
global_rank=0, local_rank=0 -> adding connections to [1, 2, 3]
global_rank=3, local_rank=3 -> start phase 0
global_rank=3, local_rank=3 -> adding connections to [0, 1, 2]
global_rank=1, local_rank=1 -> start phase 0
global_rank=1, local_rank=1 -> adding connections to [0, 2, 3]
global_rank=2, local_rank=2 -> start phase 0
global_rank=2, local_rank=2 -> adding connections to [0, 1, 3]
[rank 0] Dispatch bandwidth: 50.07 GB/s, avg_t=151.49 us, min_t=132.74 us, max_t=196.22 us
[rank 3] Dispatch bandwidth: 50.15 GB/s, avg_t=151.25 us, min_t=134.59 us, max_t=224.51 us
[rank 2] Dispatch bandwidth: 50.24 GB/s, avg_t=150.98 us, min_t=132.03 us, max_t=216.03 us
[rank 1] Dispatch bandwidth: 50.17 GB/s, avg_t=151.21 us, min_t=130.66 us, max_t=218.72 us
global_rank=0, local_rank=0 -> end phase 0
global_rank=3, local_rank=3 -> end phase 0
global_rank=1, local_rank=1 -> end phase 0
global_rank=2, local_rank=2 -> end phase 0
[rank 3] nixlPut latency: samples=96224, p50=1.769000 us, p90=39.402500 us, p99=64.767000 us, average=11.104720 us, overflow_slots=0
[rank 0] nixlPut latency: samples=99200, p50=1.902000 us, p90=35.115000 us, p99=58.396000 us, average=10.777938 us, overflow_slots=0
[rank 2] nixlPut latency: samples=96348, p50=1.750500 us, p90=29.395500 us, p99=50.225000 us, average=8.504683 us, overflow_slots=0
[rank 1] nixlPut latency: samples=96348, p50=1.807000 us, p90=32.685000 us, p99=54.656000 us, average=9.776749 us, overflow_slots=0
global_rank=3, local_rank=3 -> done
global_rank=1, local_rank=1 -> done
global_rank=2, local_rank=2 -> done
global_rank=0, local_rank=0 -> done
