# started_at: 2026-07-26T05:01:14
# cwd: /workspace/external/nixl/examples/device/ep
# command: python3 tests/elastic/elastic.py --plan tests/elastic/no_expansion.json --num-processes 4 --num-tokens 128 --num-experts-per-rank 8 --dispatch-only
# env PYTHONPATH=/workspace/external/nixl/install/lib/python3/dist-packages
# env UCX_GDP_ENABLE=y
# env UCX_PLUGIN_PATH=/workspace/external/ucx-spcx-plugin/install/lib/ucx
# env UCX_RC_GDP_NUM_CHANNELS=4
# env UCX_TLS=rc,rc_gdp,tcp,self,sm,cuda_copy

Starting TCPStore and rank server locally
Process 0 -> global_rank=0, local_rank=0
Process 1 -> global_rank=1, local_rank=1
Process 3 -> global_rank=2, local_rank=2
Process 2 -> global_rank=3, local_rank=3
Allocating buffer size: 238.55168 MB ...
global_rank=0, local_rank=0 -> start phase 0
global_rank=0, local_rank=0 -> adding connections to [1, 2, 3]
global_rank=3, local_rank=3 -> start phase 0
global_rank=3, local_rank=3 -> adding connections to [0, 1, 2]
global_rank=1, local_rank=1 -> start phase 0
global_rank=1, local_rank=1 -> adding connections to [0, 2, 3]
global_rank=2, local_rank=2 -> start phase 0
global_rank=2, local_rank=2 -> adding connections to [0, 1, 3]
[rank 2] Dispatch bandwidth: 46.46 GB/s, avg_t=163.28 us, min_t=132.74 us, max_t=223.65 us
[rank 3] Dispatch bandwidth: 46.62 GB/s, avg_t=162.70 us, min_t=140.42 us, max_t=222.40 us
[rank 0] Dispatch bandwidth: 46.46 GB/s, avg_t=163.27 us, min_t=136.45 us, max_t=247.20 us
[rank 1] Dispatch bandwidth: 46.40 GB/s, avg_t=163.48 us, min_t=136.51 us, max_t=226.59 us
global_rank=3, local_rank=3 -> end phase 0
global_rank=2, local_rank=2 -> end phase 0
global_rank=0, local_rank=0 -> end phase 0
global_rank=1, local_rank=1 -> end phase 0
[rank 2] nixlPut latency: samples=96348, p50=1.370500 us, p90=1.578500 us, p99=1.945000 us, average=1.381921 us, overflow_slots=0
[rank 3] nixlPut latency: samples=96224, p50=1.367000 us, p90=1.574500 us, p99=2.102500 us, average=1.380364 us, overflow_slots=0
[rank 1] nixlPut latency: samples=96348, p50=1.383500 us, p90=1.589000 us, p99=2.042500 us, average=1.391315 us, overflow_slots=0
[rank 0] nixlPut latency: samples=99200, p50=1.423000 us, p90=1.677500 us, p99=2.076500 us, average=1.464319 us, overflow_slots=0
global_rank=0, local_rank=0 -> done
global_rank=1, local_rank=1 -> done
global_rank=3, local_rank=3 -> done
global_rank=2, local_rank=2 -> done
