# started_at: 2026-07-26T05:02:05
# cwd: /workspace/external/nixl/examples/device/ep
# command: python3 tests/elastic/elastic.py --plan tests/elastic/no_expansion.json --num-processes 4 --num-tokens 128 --num-experts-per-rank 8 --dispatch-only
# env PYTHONPATH=/workspace/external/nixl/install/lib/python3/dist-packages
# env UCX_GDP_ENABLE=y
# env UCX_PLUGIN_PATH=/workspace/external/ucx-spcx-plugin/install/lib/ucx
# env UCX_RC_GDP_NUM_CHANNELS=16
# env UCX_TLS=rc,rc_gdp,tcp,self,sm,cuda_copy

Starting TCPStore and rank server locally
Process 3 -> global_rank=0, local_rank=0
Process 1 -> global_rank=1, local_rank=1
Process 0 -> global_rank=2, local_rank=2
Process 2 -> global_rank=3, local_rank=3
Allocating buffer size: 238.55168 MB ...
global_rank=1, local_rank=1 -> start phase 0
global_rank=1, local_rank=1 -> adding connections to [0, 2, 3]
global_rank=0, local_rank=0 -> start phase 0
global_rank=0, local_rank=0 -> adding connections to [1, 2, 3]
global_rank=3, local_rank=3 -> start phase 0
global_rank=3, local_rank=3 -> adding connections to [0, 1, 2]
global_rank=2, local_rank=2 -> start phase 0
global_rank=2, local_rank=2 -> adding connections to [0, 1, 3]
[rank 1] Dispatch bandwidth: 47.06 GB/s, avg_t=161.19 us, min_t=132.96 us, max_t=231.36 us
[rank 2] Dispatch bandwidth: 47.15 GB/s, avg_t=160.88 us, min_t=132.48 us, max_t=231.10 us
[rank 3] Dispatch bandwidth: 47.27 GB/s, avg_t=160.48 us, min_t=134.50 us, max_t=237.06 us
[rank 0] Dispatch bandwidth: 47.11 GB/s, avg_t=161.02 us, min_t=134.75 us, max_t=253.54 us
global_rank=1, local_rank=1 -> end phase 0
global_rank=2, local_rank=2 -> end phase 0
global_rank=3, local_rank=3 -> end phase 0
global_rank=0, local_rank=0 -> end phase 0
[rank 1] nixlPut latency: samples=96348, p50=1.422000 us, p90=1.728500 us, p99=2.324500 us, average=1.451546 us, overflow_slots=0
[rank 2] nixlPut latency: samples=96348, p50=1.410000 us, p90=1.719500 us, p99=2.314500 us, average=1.443724 us, overflow_slots=0
[rank 3] nixlPut latency: samples=96224, p50=1.408000 us, p90=1.709500 us, p99=2.295000 us, average=1.436041 us, overflow_slots=0
[rank 0] nixlPut latency: samples=99200, p50=1.497500 us, p90=1.795500 us, p99=2.433000 us, average=1.596155 us, overflow_slots=0
global_rank=1, local_rank=1 -> done
global_rank=3, local_rank=3 -> done
global_rank=0, local_rank=0 -> done
global_rank=2, local_rank=2 -> done
