# started_at: 2026-07-26T05:00:06
# cwd: /workspace/external/nixl/examples/device/ep
# command: python3 tests/elastic/elastic.py --plan tests/elastic/no_expansion.json --num-processes 4 --num-tokens 128 --num-experts-per-rank 8 --dispatch-only
# env PYTHONPATH=/workspace/external/nixl/install/lib/python3/dist-packages
# env UCX_GDP_ENABLE=y
# env UCX_PLUGIN_PATH=/workspace/external/ucx-spcx-plugin/install/lib/ucx
# env UCX_RC_GDP_NUM_CHANNELS=1
# env UCX_TLS=rc,rc_gdp,tcp,self,sm,cuda_copy

Starting TCPStore and rank server locally
Process 2 -> global_rank=0, local_rank=0
Process 1 -> global_rank=1, local_rank=1
Process 0 -> global_rank=2, local_rank=2
Process 3 -> global_rank=3, local_rank=3
Allocating buffer size: 238.55168 MB ...
global_rank=1, local_rank=1 -> start phase 0
global_rank=1, local_rank=1 -> adding connections to [0, 2, 3]
global_rank=3, local_rank=3 -> start phase 0
global_rank=3, local_rank=3 -> adding connections to [0, 1, 2]
global_rank=0, local_rank=0 -> start phase 0
global_rank=0, local_rank=0 -> adding connections to [1, 2, 3]
global_rank=2, local_rank=2 -> start phase 0
global_rank=2, local_rank=2 -> adding connections to [0, 1, 3]
[rank 3] Dispatch bandwidth: 20.06 GB/s, avg_t=378.16 us, min_t=364.10 us, max_t=396.70 us
[rank 2] Dispatch bandwidth: 20.07 GB/s, avg_t=378.00 us, min_t=363.90 us, max_t=399.55 us
[rank 1] Dispatch bandwidth: 20.03 GB/s, avg_t=378.78 us, min_t=363.39 us, max_t=403.36 us
[rank 0] Dispatch bandwidth: 20.06 GB/s, avg_t=378.21 us, min_t=364.19 us, max_t=407.20 us
global_rank=1, local_rank=1 -> end phase 0
global_rank=3, local_rank=3 -> end phase 0
global_rank=2, local_rank=2 -> end phase 0
global_rank=0, local_rank=0 -> end phase 0
[rank 3] nixlPut latency: samples=96224, p50=1.332500 us, p90=1.637000 us, p99=2.197000 us, average=1.361381 us, overflow_slots=0
[rank 2] nixlPut latency: samples=96348, p50=1.344500 us, p90=1.665000 us, p99=2.342000 us, average=1.378874 us, overflow_slots=0
[rank 1] nixlPut latency: samples=96348, p50=1.342500 us, p90=1.656000 us, p99=2.366500 us, average=1.377317 us, overflow_slots=0
[rank 0] nixlPut latency: samples=99200, p50=1.419500 us, p90=1.726500 us, p99=2.478500 us, average=1.817524 us, overflow_slots=0
global_rank=0, local_rank=0 -> done
global_rank=3, local_rank=3 -> done
global_rank=1, local_rank=1 -> done
global_rank=2, local_rank=2 -> done
