# started_at: 2026-07-26T05:00:57
# cwd: /workspace/external/nixl/examples/device/ep
# command: python3 tests/elastic/elastic.py --plan tests/elastic/no_expansion.json --num-processes 4 --num-tokens 128 --num-experts-per-rank 8 --dispatch-only
# env PYTHONPATH=/workspace/external/nixl/install/lib/python3/dist-packages
# env UCX_GDP_ENABLE=y
# env UCX_PLUGIN_PATH=/workspace/external/ucx-spcx-plugin/install/lib/ucx
# env UCX_RC_GDP_NUM_CHANNELS=4
# env UCX_TLS=rc,rc_gdp,tcp,self,sm,cuda_copy

Starting TCPStore and rank server locally
Process 2 -> global_rank=0, local_rank=0
Process 3 -> global_rank=1, local_rank=1
Process 0 -> global_rank=2, local_rank=2
Process 1 -> global_rank=3, local_rank=3
Allocating buffer size: 238.55168 MB ...
global_rank=3, local_rank=3 -> start phase 0
global_rank=3, local_rank=3 -> adding connections to [0, 1, 2]
global_rank=0, local_rank=0 -> start phase 0
global_rank=0, local_rank=0 -> adding connections to [1, 2, 3]
global_rank=2, local_rank=2 -> start phase 0
global_rank=2, local_rank=2 -> adding connections to [0, 1, 3]
global_rank=1, local_rank=1 -> start phase 0
global_rank=1, local_rank=1 -> adding connections to [0, 2, 3]
[rank 1] Dispatch bandwidth: 45.96 GB/s, avg_t=165.05 us, min_t=134.34 us, max_t=279.71 us
[rank 0] Dispatch bandwidth: 45.77 GB/s, avg_t=165.74 us, min_t=136.45 us, max_t=249.44 us
[rank 2] Dispatch bandwidth: 45.97 GB/s, avg_t=165.03 us, min_t=138.30 us, max_t=255.07 us
[rank 3] Dispatch bandwidth: 46.09 GB/s, avg_t=164.60 us, min_t=140.42 us, max_t=240.77 us
global_rank=0, local_rank=0 -> end phase 0
global_rank=3, local_rank=3 -> end phase 0
global_rank=1, local_rank=1 -> end phase 0
global_rank=2, local_rank=2 -> end phase 0
[rank 3] nixlPut latency: samples=96224, p50=1.367500 us, p90=1.575000 us, p99=2.053500 us, average=1.379875 us, overflow_slots=0
[rank 2] nixlPut latency: samples=96348, p50=1.371500 us, p90=1.575500 us, p99=1.956500 us, average=1.381854 us, overflow_slots=0
[rank 1] nixlPut latency: samples=96348, p50=1.384500 us, p90=1.588500 us, p99=2.018000 us, average=1.390668 us, overflow_slots=0
[rank 0] nixlPut latency: samples=99200, p50=1.424000 us, p90=1.673500 us, p99=2.077500 us, average=1.464342 us, overflow_slots=0
global_rank=0, local_rank=0 -> done
global_rank=1, local_rank=1 -> done
global_rank=2, local_rank=2 -> done
global_rank=3, local_rank=3 -> done
