# started_at: 2026-07-26T05:01:48
# cwd: /workspace/external/nixl/examples/device/ep
# command: python3 tests/elastic/elastic.py --plan tests/elastic/no_expansion.json --num-processes 4 --num-tokens 128 --num-experts-per-rank 8 --dispatch-only
# env PYTHONPATH=/workspace/external/nixl/install/lib/python3/dist-packages
# env UCX_GDP_ENABLE=y
# env UCX_PLUGIN_PATH=/workspace/external/ucx-spcx-plugin/install/lib/ucx
# env UCX_RC_GDP_NUM_CHANNELS=16
# env UCX_TLS=rc,rc_gdp,tcp,self,sm,cuda_copy

Starting TCPStore and rank server locally
Process 3 -> global_rank=0, local_rank=0
Process 0 -> global_rank=1, local_rank=1
Process 1 -> global_rank=2, local_rank=2
Process 2 -> global_rank=3, local_rank=3
Allocating buffer size: 238.55168 MB ...
global_rank=0, local_rank=0 -> start phase 0
global_rank=0, local_rank=0 -> adding connections to [1, 2, 3]
global_rank=3, local_rank=3 -> start phase 0
global_rank=2, local_rank=2 -> start phase 0
global_rank=3, local_rank=3 -> adding connections to [0, 1, 2]
global_rank=2, local_rank=2 -> adding connections to [0, 1, 3]
global_rank=1, local_rank=1 -> start phase 0
global_rank=1, local_rank=1 -> adding connections to [0, 2, 3]
[rank 0] Dispatch bandwidth: 46.21 GB/s, avg_t=164.16 us, min_t=132.96 us, max_t=253.89 us
[rank 3] Dispatch bandwidth: 46.27 GB/s, avg_t=163.94 us, min_t=132.45 us, max_t=245.22 us
[rank 2] Dispatch bandwidth: 46.23 GB/s, avg_t=164.09 us, min_t=134.50 us, max_t=253.18 us
[rank 1] Dispatch bandwidth: 46.24 GB/s, avg_t=164.04 us, min_t=134.53 us, max_t=250.30 us
global_rank=0, local_rank=0 -> end phase 0
global_rank=3, local_rank=3 -> end phase 0
global_rank=2, local_rank=2 -> end phase 0
global_rank=1, local_rank=1 -> end phase 0
[rank 3] nixlPut latency: samples=96224, p50=1.407000 us, p90=1.701500 us, p99=2.304500 us, average=1.434549 us, overflow_slots=0
[rank 0] nixlPut latency: samples=99200, p50=1.493500 us, p90=1.760000 us, p99=2.252000 us, average=1.508217 us, overflow_slots=0
[rank 2] nixlPut latency: samples=96348, p50=1.410500 us, p90=1.722500 us, p99=2.320500 us, average=1.444873 us, overflow_slots=0
[rank 1] nixlPut latency: samples=96348, p50=1.425000 us, p90=1.759500 us, p99=2.502000 us, average=1.549293 us, overflow_slots=0
global_rank=3, local_rank=3 -> done
global_rank=1, local_rank=1 -> done
global_rank=2, local_rank=2 -> done
global_rank=0, local_rank=0 -> done
