# started_at: 2026-07-26T05:02:22
# cwd: /workspace/external/nixl/examples/device/ep
# command: python3 tests/elastic/elastic.py --plan tests/elastic/no_expansion.json --num-processes 4 --num-tokens 128 --num-experts-per-rank 8 --dispatch-only
# env PYTHONPATH=/workspace/external/nixl/install/lib/python3/dist-packages
# env UCX_GDP_ENABLE=y
# env UCX_PLUGIN_PATH=/workspace/external/ucx-spcx-plugin/install/lib/ucx
# env UCX_RC_GDP_NUM_CHANNELS=32
# env UCX_TLS=rc,rc_gdp,tcp,self,sm,cuda_copy

Starting TCPStore and rank server locally
Process 3 -> global_rank=0, local_rank=0
Process 1 -> global_rank=1, local_rank=1
Process 0 -> global_rank=2, local_rank=2
Process 2 -> global_rank=3, local_rank=3
Allocating buffer size: 238.55168 MB ...
global_rank=0, local_rank=0 -> start phase 0
global_rank=0, local_rank=0 -> adding connections to [1, 2, 3]
global_rank=2, local_rank=2 -> start phase 0
global_rank=2, local_rank=2 -> adding connections to [0, 1, 3]
global_rank=3, local_rank=3 -> start phase 0
global_rank=3, local_rank=3 -> adding connections to [0, 1, 2]
global_rank=1, local_rank=1 -> start phase 0
global_rank=1, local_rank=1 -> adding connections to [0, 2, 3]
[rank 2] Dispatch bandwidth: 51.33 GB/s, avg_t=147.79 us, min_t=134.82 us, max_t=214.50 us
[rank 3] Dispatch bandwidth: 51.47 GB/s, avg_t=147.38 us, min_t=134.27 us, max_t=210.08 us
[rank 0] Dispatch bandwidth: 51.30 GB/s, avg_t=147.87 us, min_t=132.74 us, max_t=196.83 us
[rank 1] Dispatch bandwidth: 51.30 GB/s, avg_t=147.87 us, min_t=130.69 us, max_t=216.45 us
global_rank=2, local_rank=2 -> end phase 0
global_rank=3, local_rank=3 -> end phase 0
global_rank=0, local_rank=0 -> end phase 0
global_rank=1, local_rank=1 -> end phase 0
[rank 2] nixlPut latency: samples=96348, p50=1.750500 us, p90=28.533000 us, p99=49.595000 us, average=8.384994 us, overflow_slots=0
[rank 3] nixlPut latency: samples=96224, p50=1.762500 us, p90=38.596000 us, p99=59.612000 us, average=10.884618 us, overflow_slots=0
[rank 1] nixlPut latency: samples=96348, p50=1.794500 us, p90=32.243000 us, p99=52.549500 us, average=9.550864 us, overflow_slots=0
[rank 0] nixlPut latency: samples=99200, p50=1.888000 us, p90=34.377000 us, p99=55.272000 us, average=10.549864 us, overflow_slots=0
global_rank=0, local_rank=0 -> done
global_rank=1, local_rank=1 -> done
global_rank=3, local_rank=3 -> done
global_rank=2, local_rank=2 -> done
