# started_at: 2026-07-26T05:01:39
# cwd: /workspace/external/nixl/examples/device/ep
# command: python3 tests/elastic/elastic.py --plan tests/elastic/no_expansion.json --num-processes 4 --num-tokens 128 --num-experts-per-rank 8 --dispatch-only
# env PYTHONPATH=/workspace/external/nixl/install/lib/python3/dist-packages
# env UCX_GDP_ENABLE=y
# env UCX_PLUGIN_PATH=/workspace/external/ucx-spcx-plugin/install/lib/ucx
# env UCX_RC_GDP_NUM_CHANNELS=8
# env UCX_TLS=rc,rc_gdp,tcp,self,sm,cuda_copy

Starting TCPStore and rank server locally
Process 2 -> global_rank=0, local_rank=0
Process 0 -> global_rank=1, local_rank=1
Process 1 -> global_rank=2, local_rank=2
Process 3 -> global_rank=3, local_rank=3
Allocating buffer size: 238.55168 MB ...
global_rank=2, local_rank=2 -> start phase 0
global_rank=2, local_rank=2 -> adding connections to [0, 1, 3]
global_rank=3, local_rank=3 -> start phase 0
global_rank=3, local_rank=3 -> adding connections to [0, 1, 2]
global_rank=1, local_rank=1 -> start phase 0
global_rank=1, local_rank=1 -> adding connections to [0, 2, 3]
global_rank=0, local_rank=0 -> start phase 0
global_rank=0, local_rank=0 -> adding connections to [1, 2, 3]
[rank 1] Dispatch bandwidth: 48.98 GB/s, avg_t=154.86 us, min_t=132.99 us, max_t=221.06 us
[rank 2] Dispatch bandwidth: 48.96 GB/s, avg_t=154.93 us, min_t=132.51 us, max_t=228.77 us
[rank 3] Dispatch bandwidth: 48.93 GB/s, avg_t=155.03 us, min_t=128.32 us, max_t=226.88 us
[rank 0] Dispatch bandwidth: 48.98 GB/s, avg_t=154.87 us, min_t=132.48 us, max_t=224.48 us
global_rank=1, local_rank=1 -> end phase 0
global_rank=2, local_rank=2 -> end phase 0
global_rank=3, local_rank=3 -> end phase 0
global_rank=0, local_rank=0 -> end phase 0
[rank 1] nixlPut latency: samples=96348, p50=1.402500 us, p90=1.594000 us, p99=2.100000 us, average=1.407401 us, overflow_slots=0
[rank 2] nixlPut latency: samples=96348, p50=1.379500 us, p90=1.585000 us, p99=1.997000 us, average=1.389144 us, overflow_slots=0
[rank 3] nixlPut latency: samples=96224, p50=1.390500 us, p90=1.576000 us, p99=2.072000 us, average=1.391951 us, overflow_slots=0
[rank 0] nixlPut latency: samples=99200, p50=1.459000 us, p90=1.674000 us, p99=2.085500 us, average=1.472719 us, overflow_slots=0
global_rank=1, local_rank=1 -> done
global_rank=0, local_rank=0 -> done
global_rank=2, local_rank=2 -> done
global_rank=3, local_rank=3 -> done
