# started_at: 2026-07-26T05:01:56
# cwd: /workspace/external/nixl/examples/device/ep
# command: python3 tests/elastic/elastic.py --plan tests/elastic/no_expansion.json --num-processes 4 --num-tokens 128 --num-experts-per-rank 8 --dispatch-only
# env PYTHONPATH=/workspace/external/nixl/install/lib/python3/dist-packages
# env UCX_GDP_ENABLE=y
# env UCX_PLUGIN_PATH=/workspace/external/ucx-spcx-plugin/install/lib/ucx
# env UCX_RC_GDP_NUM_CHANNELS=16
# env UCX_TLS=rc,rc_gdp,tcp,self,sm,cuda_copy

Starting TCPStore and rank server locally
Process 1 -> global_rank=0, local_rank=0
Process 0 -> global_rank=1, local_rank=1
Process 2 -> global_rank=2, local_rank=2
Process 3 -> global_rank=3, local_rank=3
Allocating buffer size: 238.55168 MB ...
global_rank=2, local_rank=2 -> start phase 0
global_rank=2, local_rank=2 -> adding connections to [0, 1, 3]
global_rank=3, local_rank=3 -> start phase 0
global_rank=3, local_rank=3 -> adding connections to [0, 1, 2]
global_rank=0, local_rank=0 -> start phase 0
global_rank=0, local_rank=0 -> adding connections to [1, 2, 3]
global_rank=1, local_rank=1 -> start phase 0
global_rank=1, local_rank=1 -> adding connections to [0, 2, 3]
[rank 2] Dispatch bandwidth: 47.29 GB/s, avg_t=160.41 us, min_t=134.69 us, max_t=231.04 us
[rank 3] Dispatch bandwidth: 47.63 GB/s, avg_t=159.28 us, min_t=132.22 us, max_t=238.75 us
[rank 1] Dispatch bandwidth: 47.33 GB/s, avg_t=160.29 us, min_t=132.74 us, max_t=229.06 us
[rank 0] Dispatch bandwidth: 47.30 GB/s, avg_t=160.39 us, min_t=134.75 us, max_t=241.28 us
global_rank=3, local_rank=3 -> end phase 0
global_rank=2, local_rank=2 -> end phase 0
global_rank=1, local_rank=1 -> end phase 0
global_rank=0, local_rank=0 -> end phase 0
[rank 3] nixlPut latency: samples=96224, p50=1.407500 us, p90=1.709500 us, p99=2.318000 us, average=1.436412 us, overflow_slots=0
[rank 2] nixlPut latency: samples=96348, p50=1.412500 us, p90=1.766000 us, p99=3.822500 us, average=1.644800 us, overflow_slots=0
[rank 1] nixlPut latency: samples=96348, p50=1.423500 us, p90=1.730500 us, p99=2.340000 us, average=1.455441 us, overflow_slots=0
[rank 0] nixlPut latency: samples=99200, p50=1.493500 us, p90=1.752000 us, p99=2.242000 us, average=1.506282 us, overflow_slots=0
global_rank=1, local_rank=1 -> done
global_rank=0, local_rank=0 -> done
global_rank=3, local_rank=3 -> done
global_rank=2, local_rank=2 -> done
