# started_at: 2026-07-26T05:01:31
# cwd: /workspace/external/nixl/examples/device/ep
# command: python3 tests/elastic/elastic.py --plan tests/elastic/no_expansion.json --num-processes 4 --num-tokens 128 --num-experts-per-rank 8 --dispatch-only
# env PYTHONPATH=/workspace/external/nixl/install/lib/python3/dist-packages
# env UCX_GDP_ENABLE=y
# env UCX_PLUGIN_PATH=/workspace/external/ucx-spcx-plugin/install/lib/ucx
# env UCX_RC_GDP_NUM_CHANNELS=8
# env UCX_TLS=rc,rc_gdp,tcp,self,sm,cuda_copy

Starting TCPStore and rank server locally
Process 1 -> global_rank=0, local_rank=0
Process 3 -> global_rank=1, local_rank=1
Process 2 -> global_rank=2, local_rank=2
Process 0 -> global_rank=3, local_rank=3
Allocating buffer size: 238.55168 MB ...
global_rank=0, local_rank=0 -> start phase 0
global_rank=0, local_rank=0 -> adding connections to [1, 2, 3]
global_rank=1, local_rank=1 -> start phase 0
global_rank=1, local_rank=1 -> adding connections to [0, 2, 3]
global_rank=3, local_rank=3 -> start phase 0
global_rank=3, local_rank=3 -> adding connections to [0, 1, 2]
global_rank=2, local_rank=2 -> start phase 0
global_rank=2, local_rank=2 -> adding connections to [0, 1, 3]
[rank 1] Dispatch bandwidth: 47.50 GB/s, avg_t=159.70 us, min_t=132.99 us, max_t=283.52 us
[rank 2] Dispatch bandwidth: 47.66 GB/s, avg_t=159.15 us, min_t=134.53 us, max_t=294.27 us
[rank 3] Dispatch bandwidth: 47.67 GB/s, avg_t=159.12 us, min_t=134.56 us, max_t=290.21 us
[rank 0] Dispatch bandwidth: 47.83 GB/s, avg_t=158.59 us, min_t=130.69 us, max_t=249.22 us
global_rank=1, local_rank=1 -> end phase 0
global_rank=2, local_rank=2 -> end phase 0
global_rank=3, local_rank=3 -> end phase 0
global_rank=0, local_rank=0 -> end phase 0
[rank 1] nixlPut latency: samples=96348, p50=1.402000 us, p90=1.592500 us, p99=2.078500 us, average=1.407019 us, overflow_slots=0
[rank 2] nixlPut latency: samples=96348, p50=1.378500 us, p90=1.586000 us, p99=2.018500 us, average=1.389578 us, overflow_slots=0
[rank 3] nixlPut latency: samples=96224, p50=1.390000 us, p90=1.578000 us, p99=2.078000 us, average=1.392464 us, overflow_slots=0
[rank 0] nixlPut latency: samples=99200, p50=1.457500 us, p90=1.673500 us, p99=2.086500 us, average=1.471251 us, overflow_slots=0
global_rank=3, local_rank=3 -> done
global_rank=1, local_rank=1 -> done
global_rank=0, local_rank=0 -> done
global_rank=2, local_rank=2 -> done
