# started_at: 2026-07-26T05:15:07
# cwd: /workspace/external/nixl/examples/device/ep
# command: python3 tests/elastic/elastic.py --plan tests/elastic/no_expansion.json --num-processes 4 --num-tokens 128 --num-experts-per-rank 4 --dispatch-only
# env NIXL_EP_NUM_CHANNELS=8
# env PYTHONPATH=/workspace/external/nixl/install/lib/python3/dist-packages
# env UCX_TLS=rc,rc_gda,tcp,self,sm,cuda_copy

Starting TCPStore and rank server locally
Process 2 -> global_rank=0, local_rank=0
Process 0 -> global_rank=1, local_rank=1
Process 3 -> global_rank=2, local_rank=2
Process 1 -> global_rank=3, local_rank=3
Allocating buffer size: 119.275904 MB ...
global_rank=1, local_rank=1 -> start phase 0
global_rank=1, local_rank=1 -> adding connections to [0, 2, 3]
global_rank=2, local_rank=2 -> start phase 0
global_rank=2, local_rank=2 -> adding connections to [0, 1, 3]
global_rank=0, local_rank=0 -> start phase 0
global_rank=0, local_rank=0 -> adding connections to [1, 2, 3]
global_rank=3, local_rank=3 -> start phase 0
global_rank=3, local_rank=3 -> adding connections to [0, 1, 2]
[rank 0] Dispatch bandwidth: 52.66 GB/s, avg_t=144.06 us, min_t=136.32 us, max_t=150.53 us
[rank 3] Dispatch bandwidth: 52.51 GB/s, avg_t=144.45 us, min_t=138.66 us, max_t=150.75 us
[rank 2] Dispatch bandwidth: 52.51 GB/s, avg_t=144.47 us, min_t=140.58 us, max_t=152.83 us
[rank 1] Dispatch bandwidth: 52.52 GB/s, avg_t=144.43 us, min_t=138.62 us, max_t=148.90 us
global_rank=3, local_rank=3 -> end phase 0
global_rank=0, local_rank=0 -> end phase 0
global_rank=2, local_rank=2 -> end phase 0
global_rank=1, local_rank=1 -> end phase 0
[rank 3] nixlPut latency: samples=94860, p50=3.415500 us, p90=4.879500 us, p99=7.193000 us, average=3.641203 us, overflow_slots=0
[rank 2] nixlPut latency: samples=94116, p50=3.445000 us, p90=4.884500 us, p99=7.273500 us, average=3.656387 us, overflow_slots=0
[rank 0] nixlPut latency: samples=97464, p50=3.538500 us, p90=5.145000 us, p99=7.183500 us, average=3.778634 us, overflow_slots=0
[rank 1] nixlPut latency: samples=94984, p50=3.481500 us, p90=5.019000 us, p99=6.869000 us, average=3.699329 us, overflow_slots=0
global_rank=1, local_rank=1 -> done
global_rank=3, local_rank=3 -> done
global_rank=2, local_rank=2 -> done
global_rank=0, local_rank=0 -> done
