# started_at: 2026-07-26T05:15:24
# cwd: /workspace/external/nixl/examples/device/ep
# command: python3 tests/elastic/elastic.py --plan tests/elastic/no_expansion.json --num-processes 4 --num-tokens 128 --num-experts-per-rank 4 --dispatch-only
# env NIXL_EP_NUM_CHANNELS=16
# env PYTHONPATH=/workspace/external/nixl/install/lib/python3/dist-packages
# env UCX_TLS=rc,rc_gda,tcp,self,sm,cuda_copy

Starting TCPStore and rank server locally
Process 2 -> global_rank=0, local_rank=0
Process 1 -> global_rank=1, local_rank=1
Process 3 -> global_rank=2, local_rank=2
Process 0 -> global_rank=3, local_rank=3
Allocating buffer size: 119.275904 MB ...
global_rank=0, local_rank=0 -> start phase 0
global_rank=0, local_rank=0 -> adding connections to [1, 2, 3]
global_rank=2, local_rank=2 -> start phase 0
global_rank=2, local_rank=2 -> adding connections to [0, 1, 3]
global_rank=3, local_rank=3 -> start phase 0
global_rank=3, local_rank=3 -> adding connections to [0, 1, 2]
global_rank=1, local_rank=1 -> start phase 0
global_rank=1, local_rank=1 -> adding connections to [0, 2, 3]
[rank 3] Dispatch bandwidth: 52.50 GB/s, avg_t=144.48 us, min_t=138.62 us, max_t=150.98 us
[rank 2] Dispatch bandwidth: 52.44 GB/s, avg_t=144.65 us, min_t=138.69 us, max_t=148.96 us
[rank 1] Dispatch bandwidth: 52.47 GB/s, avg_t=144.58 us, min_t=138.69 us, max_t=153.02 us
[rank 0] Dispatch bandwidth: 52.45 GB/s, avg_t=144.63 us, min_t=138.53 us, max_t=153.18 us
global_rank=3, local_rank=3 -> end phase 0
global_rank=2, local_rank=2 -> end phase 0
global_rank=0, local_rank=0 -> end phase 0
global_rank=1, local_rank=1 -> end phase 0
[rank 3] nixlPut latency: samples=94860, p50=3.408000 us, p90=4.864500 us, p99=7.152500 us, average=3.636538 us, overflow_slots=0
[rank 2] nixlPut latency: samples=94116, p50=3.477000 us, p90=4.959500 us, p99=7.618500 us, average=3.711737 us, overflow_slots=0
[rank 1] nixlPut latency: samples=94984, p50=3.456500 us, p90=5.111000 us, p99=7.079000 us, average=3.716032 us, overflow_slots=0
[rank 0] nixlPut latency: samples=97464, p50=3.490000 us, p90=5.057000 us, p99=7.065000 us, average=3.724940 us, overflow_slots=0
global_rank=1, local_rank=1 -> done
global_rank=0, local_rank=0 -> done
global_rank=3, local_rank=3 -> done
global_rank=2, local_rank=2 -> done
