# started_at: 2026-07-26T05:14:34
# cwd: /workspace/external/nixl/examples/device/ep
# command: python3 tests/elastic/elastic.py --plan tests/elastic/no_expansion.json --num-processes 4 --num-tokens 128 --num-experts-per-rank 4 --dispatch-only
# env NIXL_EP_NUM_CHANNELS=4
# env PYTHONPATH=/workspace/external/nixl/install/lib/python3/dist-packages
# env UCX_TLS=rc,rc_gda,tcp,self,sm,cuda_copy

Starting TCPStore and rank server locally
Process 3 -> global_rank=0, local_rank=0
Process 0 -> global_rank=1, local_rank=1
Process 2 -> global_rank=2, local_rank=2
Process 1 -> global_rank=3, local_rank=3
Allocating buffer size: 119.275904 MB ...
global_rank=0, local_rank=0 -> start phase 0
global_rank=0, local_rank=0 -> adding connections to [1, 2, 3]
global_rank=1, local_rank=1 -> start phase 0
global_rank=3, local_rank=3 -> start phase 0
global_rank=3, local_rank=3 -> adding connections to [0, 1, 2]
global_rank=1, local_rank=1 -> adding connections to [0, 2, 3]
global_rank=2, local_rank=2 -> start phase 0
global_rank=2, local_rank=2 -> adding connections to [0, 1, 3]
[rank 1] Dispatch bandwidth: 52.37 GB/s, avg_t=144.84 us, min_t=139.17 us, max_t=149.41 us
[rank 3] Dispatch bandwidth: 52.53 GB/s, avg_t=144.41 us, min_t=136.58 us, max_t=150.85 us
[rank 2] Dispatch bandwidth: 52.53 GB/s, avg_t=144.41 us, min_t=138.85 us, max_t=152.90 us
[rank 0] Dispatch bandwidth: 52.55 GB/s, avg_t=144.36 us, min_t=140.67 us, max_t=148.90 us
global_rank=1, local_rank=1 -> end phase 0
global_rank=3, local_rank=3 -> end phase 0
global_rank=2, local_rank=2 -> end phase 0
global_rank=0, local_rank=0 -> end phase 0
[rank 2] nixlPut latency: samples=94116, p50=3.456000 us, p90=4.975000 us, p99=7.662000 us, average=3.711535 us, overflow_slots=0
[rank 3] nixlPut latency: samples=94860, p50=3.507000 us, p90=4.980500 us, p99=7.383500 us, average=3.741699 us, overflow_slots=0
[rank 1] nixlPut latency: samples=94984, p50=3.472000 us, p90=5.090000 us, p99=7.144000 us, average=3.729085 us, overflow_slots=0
[rank 0] nixlPut latency: samples=97464, p50=3.435000 us, p90=4.930000 us, p99=6.951500 us, average=3.641275 us, overflow_slots=0
global_rank=3, local_rank=3 -> done
global_rank=1, local_rank=1 -> done
global_rank=0, local_rank=0 -> done
global_rank=2, local_rank=2 -> done
