# started_at: 2026-07-26T05:15:15
# cwd: /workspace/external/nixl/examples/device/ep
# command: python3 tests/elastic/elastic.py --plan tests/elastic/no_expansion.json --num-processes 4 --num-tokens 128 --num-experts-per-rank 4 --dispatch-only
# env NIXL_EP_NUM_CHANNELS=8
# env PYTHONPATH=/workspace/external/nixl/install/lib/python3/dist-packages
# env UCX_TLS=rc,rc_gda,tcp,self,sm,cuda_copy

Starting TCPStore and rank server locally
Process 2 -> global_rank=0, local_rank=0
Process 1 -> global_rank=1, local_rank=1
Process 3 -> global_rank=2, local_rank=2
Process 0 -> global_rank=3, local_rank=3
Allocating buffer size: 119.275904 MB ...
global_rank=2, local_rank=2 -> start phase 0
global_rank=2, local_rank=2 -> adding connections to [0, 1, 3]
global_rank=3, local_rank=3 -> start phase 0
global_rank=3, local_rank=3 -> adding connections to [0, 1, 2]
global_rank=1, local_rank=1 -> start phase 0
global_rank=1, local_rank=1 -> adding connections to [0, 2, 3]
global_rank=0, local_rank=0 -> start phase 0
global_rank=0, local_rank=0 -> adding connections to [1, 2, 3]
[rank 0] Dispatch bandwidth: 52.43 GB/s, avg_t=144.69 us, min_t=139.14 us, max_t=151.42 us
[rank 2] Dispatch bandwidth: 52.56 GB/s, avg_t=144.33 us, min_t=138.85 us, max_t=151.10 us
[rank 3] Dispatch bandwidth: 52.62 GB/s, avg_t=144.16 us, min_t=138.66 us, max_t=151.68 us
[rank 1] Dispatch bandwidth: 52.58 GB/s, avg_t=144.27 us, min_t=138.88 us, max_t=150.91 us
global_rank=0, local_rank=0 -> end phase 0
global_rank=2, local_rank=2 -> end phase 0
global_rank=3, local_rank=3 -> end phase 0
global_rank=1, local_rank=1 -> end phase 0
[rank 2] nixlPut latency: samples=94116, p50=3.444500 us, p90=4.871500 us, p99=7.208500 us, average=3.654114 us, overflow_slots=0
[rank 3] nixlPut latency: samples=94860, p50=3.409500 us, p90=4.858000 us, p99=7.254500 us, average=3.636598 us, overflow_slots=0
[rank 0] nixlPut latency: samples=97464, p50=3.542000 us, p90=5.143000 us, p99=7.182500 us, average=3.785142 us, overflow_slots=0
[rank 1] nixlPut latency: samples=94984, p50=3.478500 us, p90=5.016500 us, p99=6.882500 us, average=3.696186 us, overflow_slots=0
global_rank=1, local_rank=1 -> done
global_rank=2, local_rank=2 -> done
global_rank=3, local_rank=3 -> done
global_rank=0, local_rank=0 -> done
