# started_at: 2026-07-26T05:14:02
# cwd: /workspace/external/nixl/examples/device/ep
# command: python3 tests/elastic/elastic.py --plan tests/elastic/no_expansion.json --num-processes 4 --num-tokens 128 --num-experts-per-rank 4 --dispatch-only
# env NIXL_EP_NUM_CHANNELS=1
# env PYTHONPATH=/workspace/external/nixl/install/lib/python3/dist-packages
# env UCX_TLS=rc,rc_gda,tcp,self,sm,cuda_copy

Starting TCPStore and rank server locally
Process 0 -> global_rank=0, local_rank=0
Process 1 -> global_rank=1, local_rank=1
Process 3 -> global_rank=2, local_rank=2
Process 2 -> global_rank=3, local_rank=3
Allocating buffer size: 119.275904 MB ...
global_rank=1, local_rank=1 -> start phase 0
global_rank=1, local_rank=1 -> adding connections to [0, 2, 3]
global_rank=2, local_rank=2 -> start phase 0
global_rank=2, local_rank=2 -> adding connections to [0, 1, 3]
global_rank=0, local_rank=0 -> start phase 0
global_rank=3, local_rank=3 -> start phase 0
global_rank=3, local_rank=3 -> adding connections to [0, 1, 2]
global_rank=0, local_rank=0 -> adding connections to [1, 2, 3]
[rank 0] Dispatch bandwidth: 40.60 GB/s, avg_t=186.83 us, min_t=180.10 us, max_t=196.48 us
[rank 2] Dispatch bandwidth: 40.72 GB/s, avg_t=186.30 us, min_t=177.57 us, max_t=192.93 us
[rank 3] Dispatch bandwidth: 40.79 GB/s, avg_t=185.98 us, min_t=179.04 us, max_t=193.54 us
[rank 1] Dispatch bandwidth: 40.73 GB/s, avg_t=186.25 us, min_t=177.60 us, max_t=195.94 us
global_rank=2, local_rank=2 -> end phase 0
global_rank=0, local_rank=0 -> end phase 0
global_rank=3, local_rank=3 -> end phase 0
global_rank=1, local_rank=1 -> end phase 0
[rank 2] nixlPut latency: samples=94116, p50=12.217000 us, p90=15.887000 us, p99=19.233500 us, average=11.817236 us, overflow_slots=0
[rank 1] nixlPut latency: samples=94984, p50=12.121000 us, p90=16.766000 us, p99=19.725500 us, average=11.658469 us, overflow_slots=0
[rank 0] nixlPut latency: samples=97464, p50=12.264000 us, p90=16.933000 us, p99=20.347500 us, average=11.798704 us, overflow_slots=0
[rank 3] nixlPut latency: samples=94860, p50=11.817000 us, p90=16.433000 us, p99=19.171000 us, average=11.587795 us, overflow_slots=0
global_rank=2, local_rank=2 -> done
global_rank=3, local_rank=3 -> done
global_rank=0, local_rank=0 -> done
global_rank=1, local_rank=1 -> done
