# started_at: 2026-07-26T05:13:54
# cwd: /workspace/external/nixl/examples/device/ep
# command: python3 tests/elastic/elastic.py --plan tests/elastic/no_expansion.json --num-processes 4 --num-tokens 128 --num-experts-per-rank 4 --dispatch-only
# env NIXL_EP_NUM_CHANNELS=1
# env PYTHONPATH=/workspace/external/nixl/install/lib/python3/dist-packages
# env UCX_TLS=rc,rc_gda,tcp,self,sm,cuda_copy

Starting TCPStore and rank server locally
Process 0 -> global_rank=0, local_rank=0
Process 3 -> global_rank=1, local_rank=1
Process 1 -> global_rank=2, local_rank=2
Process 2 -> global_rank=3, local_rank=3
Allocating buffer size: 119.275904 MB ...
global_rank=1, local_rank=1 -> start phase 0
global_rank=1, local_rank=1 -> adding connections to [0, 2, 3]
global_rank=0, local_rank=0 -> start phase 0
global_rank=0, local_rank=0 -> adding connections to [1, 2, 3]
global_rank=3, local_rank=3 -> start phase 0
global_rank=3, local_rank=3 -> adding connections to [0, 1, 2]
global_rank=2, local_rank=2 -> start phase 0
global_rank=2, local_rank=2 -> adding connections to [0, 1, 3]
[rank 0] Dispatch bandwidth: 40.60 GB/s, avg_t=186.83 us, min_t=182.05 us, max_t=192.35 us
[rank 2] Dispatch bandwidth: 40.72 GB/s, avg_t=186.31 us, min_t=175.81 us, max_t=195.30 us
[rank 3] Dispatch bandwidth: 40.68 GB/s, avg_t=186.45 us, min_t=176.58 us, max_t=193.95 us
global_rank=0, local_rank=0 -> end phase 0
[rank 1] Dispatch bandwidth: 40.65 GB/s, avg_t=186.60 us, min_t=179.58 us, max_t=195.94 us
global_rank=2, local_rank=2 -> end phase 0
global_rank=3, local_rank=3 -> end phase 0
global_rank=1, local_rank=1 -> end phase 0
[rank 2] nixlPut latency: samples=94116, p50=12.141500 us, p90=15.876000 us, p99=19.253000 us, average=11.767631 us, overflow_slots=0
[rank 0] nixlPut latency: samples=97464, p50=12.294500 us, p90=16.934000 us, p99=20.332000 us, average=11.898462 us, overflow_slots=0
[rank 1] nixlPut latency: samples=94984, p50=12.274500 us, p90=16.660500 us, p99=19.740000 us, average=11.760429 us, overflow_slots=0
[rank 3] nixlPut latency: samples=94860, p50=11.853500 us, p90=16.365000 us, p99=19.062500 us, average=11.629376 us, overflow_slots=0
global_rank=2, local_rank=2 -> done
global_rank=0, local_rank=0 -> done
global_rank=1, local_rank=1 -> done
global_rank=3, local_rank=3 -> done
