# started_at: 2026-07-26T05:16:08
# cwd: /workspace/external/nixl/examples/device/ep
# command: python3 tests/elastic/elastic.py --plan tests/elastic/no_expansion.json --num-processes 4 --num-tokens 128 --num-experts-per-rank 4 --dispatch-only
# env NIXL_EP_NUM_CHANNELS=32
# env PYTHONPATH=/workspace/external/nixl/install/lib/python3/dist-packages
# env UCX_TLS=rc,rc_gda,tcp,self,sm,cuda_copy

Starting TCPStore and rank server locally
Process 3 -> global_rank=0, local_rank=0
Process 0 -> global_rank=1, local_rank=1
Process 2 -> global_rank=2, local_rank=2
Process 1 -> global_rank=3, local_rank=3
Allocating buffer size: 119.275904 MB ...
global_rank=0, local_rank=0 -> start phase 0
global_rank=0, local_rank=0 -> adding connections to [1, 2, 3]
global_rank=2, local_rank=2 -> start phase 0
global_rank=2, local_rank=2 -> adding connections to [0, 1, 3]
global_rank=1, local_rank=1 -> start phase 0
global_rank=1, local_rank=1 -> adding connections to [0, 2, 3]
global_rank=3, local_rank=3 -> start phase 0
global_rank=3, local_rank=3 -> adding connections to [0, 1, 2]
[rank 0] Dispatch bandwidth: 52.46 GB/s, avg_t=144.60 us, min_t=139.17 us, max_t=149.44 us
[rank 2] Dispatch bandwidth: 52.67 GB/s, avg_t=144.02 us, min_t=139.78 us, max_t=148.86 us
[rank 3] Dispatch bandwidth: 52.79 GB/s, avg_t=143.69 us, min_t=138.08 us, max_t=148.61 us
[rank 1] Dispatch bandwidth: 52.62 GB/s, avg_t=144.16 us, min_t=138.69 us, max_t=148.93 us
global_rank=0, local_rank=0 -> end phase 0
global_rank=2, local_rank=2 -> end phase 0
global_rank=3, local_rank=3 -> end phase 0
global_rank=1, local_rank=1 -> end phase 0
[rank 2] nixlPut latency: samples=94116, p50=3.477500 us, p90=4.960000 us, p99=7.392500 us, average=3.705670 us, overflow_slots=0
[rank 3] nixlPut latency: samples=94860, p50=3.462000 us, p90=4.946500 us, p99=7.363500 us, average=3.701619 us, overflow_slots=0
[rank 0] nixlPut latency: samples=97464, p50=3.452500 us, p90=5.027500 us, p99=7.074500 us, average=3.694000 us, overflow_slots=0
[rank 1] nixlPut latency: samples=94984, p50=3.498000 us, p90=5.109000 us, p99=7.102500 us, average=3.749059 us, overflow_slots=0
global_rank=3, local_rank=3 -> done
global_rank=1, local_rank=1 -> done
global_rank=0, local_rank=0 -> done
global_rank=2, local_rank=2 -> done
