# started_at: 2026-07-26T05:15:49
# cwd: /workspace/external/nixl/examples/device/ep
# command: python3 tests/elastic/elastic.py --plan tests/elastic/no_expansion.json --num-processes 4 --num-tokens 128 --num-experts-per-rank 4 --dispatch-only
# env NIXL_EP_NUM_CHANNELS=32
# env PYTHONPATH=/workspace/external/nixl/install/lib/python3/dist-packages
# env UCX_TLS=rc,rc_gda,tcp,self,sm,cuda_copy

Starting TCPStore and rank server locally
Process 3 -> global_rank=0, local_rank=0
Process 0 -> global_rank=1, local_rank=1
Process 1 -> global_rank=2, local_rank=2
Process 2 -> global_rank=3, local_rank=3
Allocating buffer size: 119.275904 MB ...
global_rank=0, local_rank=0 -> start phase 0
global_rank=0, local_rank=0 -> adding connections to [1, 2, 3]
global_rank=1, local_rank=1 -> start phase 0
global_rank=1, local_rank=1 -> adding connections to [0, 2, 3]
global_rank=3, local_rank=3 -> start phase 0
global_rank=3, local_rank=3 -> adding connections to [0, 1, 2]
global_rank=2, local_rank=2 -> start phase 0
global_rank=2, local_rank=2 -> adding connections to [0, 1, 3]
[rank 1] Dispatch bandwidth: 52.37 GB/s, avg_t=144.84 us, min_t=139.17 us, max_t=149.41 us
[rank 3] Dispatch bandwidth: 52.54 GB/s, avg_t=144.37 us, min_t=140.67 us, max_t=148.90 us
[rank 2] Dispatch bandwidth: 52.54 GB/s, avg_t=144.39 us, min_t=140.48 us, max_t=148.00 us
global_rank=1, local_rank=1 -> end phase 0
[rank 0] Dispatch bandwidth: 52.51 GB/s, avg_t=144.46 us, min_t=138.88 us, max_t=149.15 us
global_rank=3, local_rank=3 -> end phase 0
global_rank=2, local_rank=2 -> end phase 0
global_rank=0, local_rank=0 -> end phase 0
[rank 1] nixlPut latency: samples=94984, p50=3.497000 us, p90=5.062000 us, p99=7.102500 us, average=3.738782 us, overflow_slots=0
[rank 3] nixlPut latency: samples=94860, p50=3.465000 us, p90=4.932000 us, p99=7.382000 us, average=3.701523 us, overflow_slots=0
[rank 2] nixlPut latency: samples=94116, p50=3.477500 us, p90=4.961000 us, p99=7.416000 us, average=3.705623 us, overflow_slots=0
[rank 0] nixlPut latency: samples=97464, p50=3.445000 us, p90=4.997000 us, p99=7.096000 us, average=3.684298 us, overflow_slots=0
global_rank=1, local_rank=1 -> done
global_rank=3, local_rank=3 -> done
global_rank=2, local_rank=2 -> done
global_rank=0, local_rank=0 -> done
