# started_at: 2026-07-26T05:15:59
# cwd: /workspace/external/nixl/examples/device/ep
# command: python3 tests/elastic/elastic.py --plan tests/elastic/no_expansion.json --num-processes 4 --num-tokens 128 --num-experts-per-rank 4 --dispatch-only
# env NIXL_EP_NUM_CHANNELS=32
# env PYTHONPATH=/workspace/external/nixl/install/lib/python3/dist-packages
# env UCX_TLS=rc,rc_gda,tcp,self,sm,cuda_copy

Starting TCPStore and rank server locally
Process 1 -> global_rank=0, local_rank=0
Process 3 -> global_rank=2, local_rank=2
Process 2 -> global_rank=1, local_rank=1
Process 0 -> global_rank=3, local_rank=3
Allocating buffer size: 119.275904 MB ...
global_rank=0, local_rank=0 -> start phase 0
global_rank=0, local_rank=0 -> adding connections to [1, 2, 3]
global_rank=3, local_rank=3 -> start phase 0
global_rank=3, local_rank=3 -> adding connections to [0, 1, 2]
global_rank=1, local_rank=1 -> start phase 0
global_rank=1, local_rank=1 -> adding connections to [0, 2, 3]
global_rank=2, local_rank=2 -> start phase 0
global_rank=2, local_rank=2 -> adding connections to [0, 1, 3]
[rank 0] Dispatch bandwidth: 52.36 GB/s, avg_t=144.88 us, min_t=139.17 us, max_t=151.42 us
[rank 1] Dispatch bandwidth: 52.33 GB/s, avg_t=144.95 us, min_t=139.14 us, max_t=149.38 us
[rank 2] Dispatch bandwidth: 52.51 GB/s, avg_t=144.46 us, min_t=140.54 us, max_t=149.09 us
[rank 3] Dispatch bandwidth: 52.52 GB/s, avg_t=144.43 us, min_t=138.66 us, max_t=150.98 us
global_rank=0, local_rank=0 -> end phase 0
global_rank=1, local_rank=1 -> end phase 0
global_rank=2, local_rank=2 -> end phase 0
global_rank=3, local_rank=3 -> end phase 0
[rank 2] nixlPut latency: samples=94116, p50=3.479000 us, p90=4.968500 us, p99=7.402000 us, average=3.707053 us, overflow_slots=0
[rank 0] nixlPut latency: samples=97464, p50=3.450000 us, p90=5.029000 us, p99=7.103500 us, average=3.694496 us, overflow_slots=0
[rank 3] nixlPut latency: samples=94860, p50=3.464000 us, p90=4.940000 us, p99=7.396000 us, average=3.703814 us, overflow_slots=0
[rank 1] nixlPut latency: samples=94984, p50=3.503500 us, p90=5.090500 us, p99=7.093500 us, average=3.749198 us, overflow_slots=0
global_rank=1, local_rank=1 -> done
global_rank=2, local_rank=2 -> done
global_rank=0, local_rank=0 -> done
global_rank=3, local_rank=3 -> done
