# started_at: 2026-07-26T05:14:50
# cwd: /workspace/external/nixl/examples/device/ep
# command: python3 tests/elastic/elastic.py --plan tests/elastic/no_expansion.json --num-processes 4 --num-tokens 128 --num-experts-per-rank 4 --dispatch-only
# env NIXL_EP_NUM_CHANNELS=4
# env PYTHONPATH=/workspace/external/nixl/install/lib/python3/dist-packages
# env UCX_TLS=rc,rc_gda,tcp,self,sm,cuda_copy

Starting TCPStore and rank server locally
Process 2 -> global_rank=0, local_rank=0
Process 1 -> global_rank=1, local_rank=1
Process 0 -> global_rank=2, local_rank=2
Process 3 -> global_rank=3, local_rank=3
Allocating buffer size: 119.275904 MB ...
global_rank=0, local_rank=0 -> start phase 0
global_rank=0, local_rank=0 -> adding connections to [1, 2, 3]
global_rank=1, local_rank=1 -> start phase 0
global_rank=1, local_rank=1 -> adding connections to [0, 2, 3]
global_rank=3, local_rank=3 -> start phase 0
global_rank=3, local_rank=3 -> adding connections to [0, 1, 2]
global_rank=2, local_rank=2 -> start phase 0
global_rank=2, local_rank=2 -> adding connections to [0, 1, 3]
[rank 1] Dispatch bandwidth: 52.32 GB/s, avg_t=145.00 us, min_t=141.18 us, max_t=149.34 us
[rank 3] Dispatch bandwidth: 52.49 GB/s, avg_t=144.51 us, min_t=138.56 us, max_t=148.96 us
[rank 2] Dispatch bandwidth: 52.46 GB/s, avg_t=144.59 us, min_t=138.85 us, max_t=149.12 us
global_rank=1, local_rank=1 -> end phase 0
[rank 0] Dispatch bandwidth: 52.49 GB/s, avg_t=144.52 us, min_t=139.84 us, max_t=151.14 us
global_rank=3, local_rank=3 -> end phase 0
global_rank=2, local_rank=2 -> end phase 0
global_rank=0, local_rank=0 -> end phase 0
[rank 1] nixlPut latency: samples=94984, p50=3.473000 us, p90=5.077500 us, p99=7.094000 us, average=3.724107 us, overflow_slots=0
[rank 3] nixlPut latency: samples=94860, p50=3.511500 us, p90=5.014500 us, p99=7.451500 us, average=3.752990 us, overflow_slots=0
[rank 2] nixlPut latency: samples=94116, p50=3.453500 us, p90=4.964500 us, p99=7.608000 us, average=3.705030 us, overflow_slots=0
[rank 0] nixlPut latency: samples=97464, p50=3.434500 us, p90=4.915000 us, p99=6.945000 us, average=3.636022 us, overflow_slots=0
global_rank=0, local_rank=0 -> done
global_rank=1, local_rank=1 -> done
global_rank=2, local_rank=2 -> done
global_rank=3, local_rank=3 -> done
