# started_at: 2026-07-26T05:14:59
# cwd: /workspace/external/nixl/examples/device/ep
# command: python3 tests/elastic/elastic.py --plan tests/elastic/no_expansion.json --num-processes 4 --num-tokens 128 --num-experts-per-rank 4 --dispatch-only
# env NIXL_EP_NUM_CHANNELS=8
# env PYTHONPATH=/workspace/external/nixl/install/lib/python3/dist-packages
# env UCX_TLS=rc,rc_gda,tcp,self,sm,cuda_copy

Starting TCPStore and rank server locally
Process 2 -> global_rank=0, local_rank=0
Process 0 -> global_rank=1, local_rank=1
Process 1 -> global_rank=2, local_rank=2
Process 3 -> global_rank=3, local_rank=3
Allocating buffer size: 119.275904 MB ...
global_rank=3, local_rank=3 -> start phase 0
global_rank=3, local_rank=3 -> adding connections to [0, 1, 2]
global_rank=0, local_rank=0 -> start phase 0
global_rank=0, local_rank=0 -> adding connections to [1, 2, 3]
global_rank=2, local_rank=2 -> start phase 0
global_rank=2, local_rank=2 -> adding connections to [0, 1, 3]
global_rank=1, local_rank=1 -> start phase 0
global_rank=1, local_rank=1 -> adding connections to [0, 2, 3]
[rank 0] Dispatch bandwidth: 52.34 GB/s, avg_t=144.93 us, min_t=139.10 us, max_t=152.45 us
[rank 3] Dispatch bandwidth: 52.52 GB/s, avg_t=144.44 us, min_t=138.78 us, max_t=148.90 us
[rank 2] Dispatch bandwidth: 52.50 GB/s, avg_t=144.48 us, min_t=138.94 us, max_t=148.90 us
[rank 1] Dispatch bandwidth: 52.52 GB/s, avg_t=144.44 us, min_t=140.70 us, max_t=150.85 us
global_rank=0, local_rank=0 -> end phase 0
global_rank=3, local_rank=3 -> end phase 0
global_rank=2, local_rank=2 -> end phase 0
global_rank=1, local_rank=1 -> end phase 0
[rank 3] nixlPut latency: samples=94860, p50=3.416000 us, p90=4.870000 us, p99=7.225500 us, average=3.639481 us, overflow_slots=0
[rank 2] nixlPut latency: samples=94116, p50=3.446000 us, p90=4.902500 us, p99=7.348500 us, average=3.662303 us, overflow_slots=0
[rank 0] nixlPut latency: samples=97464, p50=3.538500 us, p90=5.139500 us, p99=7.220500 us, average=3.780961 us, overflow_slots=0
[rank 1] nixlPut latency: samples=94984, p50=3.479000 us, p90=5.013500 us, p99=6.887500 us, average=3.697450 us, overflow_slots=0
global_rank=3, local_rank=3 -> done
global_rank=2, local_rank=2 -> done
global_rank=1, local_rank=1 -> done
global_rank=0, local_rank=0 -> done
