# started_at: 2026-07-26T05:14:42
# cwd: /workspace/external/nixl/examples/device/ep
# command: python3 tests/elastic/elastic.py --plan tests/elastic/no_expansion.json --num-processes 4 --num-tokens 128 --num-experts-per-rank 4 --dispatch-only
# env NIXL_EP_NUM_CHANNELS=4
# env PYTHONPATH=/workspace/external/nixl/install/lib/python3/dist-packages
# env UCX_TLS=rc,rc_gda,tcp,self,sm,cuda_copy

Starting TCPStore and rank server locally
Process 3 -> global_rank=0, local_rank=0
Process 0 -> global_rank=1, local_rank=1
Process 1 -> global_rank=2, local_rank=2
Process 2 -> global_rank=3, local_rank=3
Allocating buffer size: 119.275904 MB ...
global_rank=3, local_rank=3 -> start phase 0
global_rank=3, local_rank=3 -> adding connections to [0, 1, 2]
global_rank=0, local_rank=0 -> start phase 0
global_rank=0, local_rank=0 -> adding connections to [1, 2, 3]
global_rank=1, local_rank=1 -> start phase 0
global_rank=1, local_rank=1 -> adding connections to [0, 2, 3]
global_rank=2, local_rank=2 -> start phase 0
global_rank=2, local_rank=2 -> adding connections to [0, 1, 3]
[rank 3] Dispatch bandwidth: 52.49 GB/s, avg_t=144.51 us, min_t=138.72 us, max_t=151.74 us
[rank 1] Dispatch bandwidth: 52.34 GB/s, avg_t=144.94 us, min_t=140.16 us, max_t=149.41 us
[rank 2] Dispatch bandwidth: 52.50 GB/s, avg_t=144.49 us, min_t=140.61 us, max_t=149.09 us
[rank 0] Dispatch bandwidth: 52.50 GB/s, avg_t=144.49 us, min_t=138.66 us, max_t=150.94 us
global_rank=1, local_rank=1 -> end phase 0
global_rank=3, local_rank=3 -> end phase 0
global_rank=2, local_rank=2 -> end phase 0
global_rank=0, local_rank=0 -> end phase 0
[rank 3] nixlPut latency: samples=94860, p50=3.506000 us, p90=4.991500 us, p99=7.409500 us, average=3.745346 us, overflow_slots=0
[rank 1] nixlPut latency: samples=94984, p50=3.467500 us, p90=5.088000 us, p99=7.142000 us, average=3.724221 us, overflow_slots=0
[rank 2] nixlPut latency: samples=94116, p50=3.457000 us, p90=4.970500 us, p99=7.660000 us, average=3.709964 us, overflow_slots=0
[rank 0] nixlPut latency: samples=97464, p50=3.433000 us, p90=4.909500 us, p99=6.968500 us, average=3.637421 us, overflow_slots=0
global_rank=3, local_rank=3 -> done
global_rank=0, local_rank=0 -> done
global_rank=1, local_rank=1 -> done
global_rank=2, local_rank=2 -> done
