# started_at: 2026-07-26T05:13:46
# cwd: /workspace/external/nixl/examples/device/ep
# command: python3 tests/elastic/elastic.py --plan tests/elastic/no_expansion.json --num-processes 4 --num-tokens 128 --num-experts-per-rank 4 --dispatch-only
# env NIXL_EP_NUM_CHANNELS=1
# env PYTHONPATH=/workspace/external/nixl/install/lib/python3/dist-packages
# env UCX_TLS=rc,rc_gda,tcp,self,sm,cuda_copy

Starting TCPStore and rank server locally
Process 1 -> global_rank=0, local_rank=0
Process 3 -> global_rank=1, local_rank=1
Process 2 -> global_rank=2, local_rank=2
Process 0 -> global_rank=3, local_rank=3
Allocating buffer size: 119.275904 MB ...
global_rank=0, local_rank=0 -> start phase 0
global_rank=0, local_rank=0 -> adding connections to [1, 2, 3]
global_rank=1, local_rank=1 -> start phase 0
global_rank=1, local_rank=1 -> adding connections to [0, 2, 3]
global_rank=2, local_rank=2 -> start phase 0
global_rank=2, local_rank=2 -> adding connections to [0, 1, 3]
global_rank=3, local_rank=3 -> start phase 0
global_rank=3, local_rank=3 -> adding connections to [0, 1, 2]
[rank 2] Dispatch bandwidth: 40.68 GB/s, avg_t=186.46 us, min_t=177.54 us, max_t=193.92 us
[rank 1] Dispatch bandwidth: 40.55 GB/s, avg_t=187.07 us, min_t=180.10 us, max_t=194.43 us
[rank 3] Dispatch bandwidth: 40.72 GB/s, avg_t=186.29 us, min_t=177.28 us, max_t=195.49 us
[rank 0] Dispatch bandwidth: 40.64 GB/s, avg_t=186.67 us, min_t=179.81 us, max_t=195.87 us
global_rank=1, local_rank=1 -> end phase 0
global_rank=2, local_rank=2 -> end phase 0
global_rank=3, local_rank=3 -> end phase 0
global_rank=0, local_rank=0 -> end phase 0
[rank 2] nixlPut latency: samples=94116, p50=12.143000 us, p90=15.824500 us, p99=19.338000 us, average=11.760730 us, overflow_slots=0
[rank 3] nixlPut latency: samples=94860, p50=11.905000 us, p90=16.471000 us, p99=19.007000 us, average=11.675950 us, overflow_slots=0
[rank 1] nixlPut latency: samples=94984, p50=12.098000 us, p90=16.670000 us, p99=19.691000 us, average=11.622421 us, overflow_slots=0
[rank 0] nixlPut latency: samples=97464, p50=12.215000 us, p90=16.975500 us, p99=20.299500 us, average=11.808785 us, overflow_slots=0
global_rank=2, local_rank=2 -> done
global_rank=0, local_rank=0 -> done
global_rank=1, local_rank=1 -> done
global_rank=3, local_rank=3 -> done
