# started_at: 2026-07-26T05:17:51
# cwd: /workspace/external/nixl/examples/device/ep
# command: python3 tests/elastic/elastic.py --plan tests/elastic/no_expansion.json --num-processes 4 --num-tokens 128 --num-experts-per-rank 32 --dispatch-only
# env PYTHONPATH=/workspace/external/nixl/install/lib/python3/dist-packages
# env UCX_GDP_ENABLE=y
# env UCX_PLUGIN_PATH=/workspace/external/ucx-spcx-plugin/install/lib/ucx
# env UCX_RC_GDP_NUM_CHANNELS=4
# env UCX_TLS=rc,rc_gdp,tcp,self,sm,cuda_copy

Starting TCPStore and rank server locally
Process 1 -> global_rank=0, local_rank=0
Process 2 -> global_rank=1, local_rank=1
Process 3 -> global_rank=2, local_rank=2
Process 0 -> global_rank=3, local_rank=3
Allocating buffer size: 954.206336 MB ...
global_rank=0, local_rank=0 -> start phase 0
global_rank=0, local_rank=0 -> adding connections to [1, 2, 3]
global_rank=3, local_rank=3 -> start phase 0
global_rank=3, local_rank=3 -> adding connections to [0, 1, 2]
global_rank=1, local_rank=1 -> start phase 0
global_rank=1, local_rank=1 -> adding connections to [0, 2, 3]
global_rank=2, local_rank=2 -> start phase 0
global_rank=2, local_rank=2 -> adding connections to [0, 1, 3]
[rank 0] Dispatch bandwidth: 38.87 GB/s, avg_t=195.14 us, min_t=132.99 us, max_t=303.01 us
[rank 1] Dispatch bandwidth: 39.31 GB/s, avg_t=192.99 us, min_t=136.77 us, max_t=341.73 us
[rank 3] Dispatch bandwidth: 39.14 GB/s, avg_t=193.84 us, min_t=136.45 us, max_t=360.00 us
[rank 2] Dispatch bandwidth: 39.14 GB/s, avg_t=193.79 us, min_t=134.40 us, max_t=343.46 us
global_rank=0, local_rank=0 -> end phase 0
global_rank=1, local_rank=1 -> end phase 0
global_rank=3, local_rank=3 -> end phase 0
global_rank=2, local_rank=2 -> end phase 0
[rank 3] nixlPut latency: samples=92752, p50=1.420500 us, p90=1.960500 us, p99=2.644000 us, average=1.513258 us, overflow_slots=0
[rank 0] nixlPut latency: samples=94860, p50=1.537500 us, p90=2.108000 us, p99=3.847000 us, average=1.671588 us, overflow_slots=0
[rank 2] nixlPut latency: samples=95604, p50=1.433500 us, p90=2.001500 us, p99=4.343000 us, average=1.576557 us, overflow_slots=0
[rank 1] nixlPut latency: samples=97092, p50=1.430500 us, p90=2.078000 us, p99=5.296000 us, average=1.614734 us, overflow_slots=0
global_rank=0, local_rank=0 -> done
global_rank=1, local_rank=1 -> done
global_rank=3, local_rank=3 -> done
global_rank=2, local_rank=2 -> done
