# started_at: 2026-07-26T05:17:00
# cwd: /workspace/external/nixl/examples/device/ep
# command: python3 tests/elastic/elastic.py --plan tests/elastic/no_expansion.json --num-processes 4 --num-tokens 128 --num-experts-per-rank 32 --dispatch-only
# env PYTHONPATH=/workspace/external/nixl/install/lib/python3/dist-packages
# env UCX_GDP_ENABLE=y
# env UCX_PLUGIN_PATH=/workspace/external/ucx-spcx-plugin/install/lib/ucx
# env UCX_RC_GDP_NUM_CHANNELS=1
# env UCX_TLS=rc,rc_gdp,tcp,self,sm,cuda_copy

Starting TCPStore and rank server locally
Process 3 -> global_rank=0, local_rank=0
Process 0 -> global_rank=1, local_rank=1
Process 1 -> global_rank=2, local_rank=2
Process 2 -> global_rank=3, local_rank=3
Allocating buffer size: 954.206336 MB ...
global_rank=3, local_rank=3 -> start phase 0
global_rank=3, local_rank=3 -> adding connections to [0, 1, 2]
global_rank=0, local_rank=0 -> start phase 0
global_rank=0, local_rank=0 -> adding connections to [1, 2, 3]
global_rank=1, local_rank=1 -> start phase 0
global_rank=1, local_rank=1 -> adding connections to [0, 2, 3]
global_rank=2, local_rank=2 -> start phase 0
global_rank=2, local_rank=2 -> adding connections to [0, 1, 3]
[rank 2] Dispatch bandwidth: 17.20 GB/s, avg_t=440.95 us, min_t=377.25 us, max_t=608.67 us
global_rank=2, local_rank=2 -> end phase 0
[rank 1] Dispatch bandwidth: 17.17 GB/s, avg_t=441.79 us, min_t=377.09 us, max_t=592.77 us
global_rank=1, local_rank=1 -> end phase 0
[rank 0] Dispatch bandwidth: 17.18 GB/s, avg_t=441.47 us, min_t=376.64 us, max_t=636.86 us
[rank 2] nixlPut latency: samples=95604, p50=1.787500 us, p90=5.933000 us, p99=15.133500 us, average=3.383517 us, overflow_slots=0
global_rank=0, local_rank=0 -> end phase 0
[rank 3] Dispatch bandwidth: 17.23 GB/s, avg_t=440.21 us, min_t=400.54 us, max_t=583.36 us
global_rank=3, local_rank=3 -> end phase 0
[rank 1] nixlPut latency: samples=97092, p50=1.819500 us, p90=5.371000 us, p99=12.395000 us, average=2.618324 us, overflow_slots=0
[rank 0] nixlPut latency: samples=94860, p50=1.890500 us, p90=3.929500 us, p99=10.099000 us, average=2.406480 us, overflow_slots=0
[rank 3] nixlPut latency: samples=92752, p50=1.712500 us, p90=2.827500 us, p99=7.993000 us, average=2.040298 us, overflow_slots=0
global_rank=3, local_rank=3 -> done
global_rank=2, local_rank=2 -> done
global_rank=0, local_rank=0 -> done
global_rank=1, local_rank=1 -> done
