# started_at: 2026-07-26T05:17:26
# cwd: /workspace/external/nixl/examples/device/ep
# command: python3 tests/elastic/elastic.py --plan tests/elastic/no_expansion.json --num-processes 4 --num-tokens 128 --num-experts-per-rank 32 --dispatch-only
# env PYTHONPATH=/workspace/external/nixl/install/lib/python3/dist-packages
# env UCX_GDP_ENABLE=y
# env UCX_PLUGIN_PATH=/workspace/external/ucx-spcx-plugin/install/lib/ucx
# env UCX_RC_GDP_NUM_CHANNELS=2
# env UCX_TLS=rc,rc_gdp,tcp,self,sm,cuda_copy

Starting TCPStore and rank server locally
Process 1 -> global_rank=0, local_rank=0
Process 2 -> global_rank=1, local_rank=1
Process 3 -> global_rank=2, local_rank=2
Process 0 -> global_rank=3, local_rank=3
Allocating buffer size: 954.206336 MB ...
global_rank=0, local_rank=0 -> start phase 0
global_rank=0, local_rank=0 -> adding connections to [1, 2, 3]
global_rank=3, local_rank=3 -> start phase 0
global_rank=3, local_rank=3 -> adding connections to [0, 1, 2]
global_rank=2, local_rank=2 -> start phase 0
global_rank=2, local_rank=2 -> adding connections to [0, 1, 3]
global_rank=1, local_rank=1 -> start phase 0
global_rank=1, local_rank=1 -> adding connections to [0, 2, 3]
[rank 0] Dispatch bandwidth: 31.03 GB/s, avg_t=244.46 us, min_t=213.92 us, max_t=274.30 us
[rank 2] Dispatch bandwidth: 31.08 GB/s, avg_t=244.06 us, min_t=199.04 us, max_t=290.27 us
[rank 3] Dispatch bandwidth: 31.08 GB/s, avg_t=244.06 us, min_t=218.53 us, max_t=270.72 us
[rank 1] Dispatch bandwidth: 31.03 GB/s, avg_t=244.45 us, min_t=194.46 us, max_t=292.74 us
global_rank=0, local_rank=0 -> end phase 0
global_rank=2, local_rank=2 -> end phase 0
global_rank=1, local_rank=1 -> end phase 0
global_rank=3, local_rank=3 -> end phase 0
[rank 3] nixlPut latency: samples=92752, p50=1.404000 us, p90=2.120500 us, p99=3.837000 us, average=1.573828 us, overflow_slots=0
[rank 0] nixlPut latency: samples=94860, p50=1.517500 us, p90=2.305500 us, p99=6.372000 us, average=1.749431 us, overflow_slots=0
[rank 2] nixlPut latency: samples=95604, p50=1.414500 us, p90=2.066500 us, p99=5.309000 us, average=1.597197 us, overflow_slots=0
[rank 1] nixlPut latency: samples=97092, p50=1.434000 us, p90=2.260000 us, p99=7.230000 us, average=1.709559 us, overflow_slots=0
global_rank=0, local_rank=0 -> done
global_rank=1, local_rank=1 -> done
global_rank=2, local_rank=2 -> done
global_rank=3, local_rank=3 -> done
