# started_at: 2026-07-26T05:17:08
# cwd: /workspace/external/nixl/examples/device/ep
# command: python3 tests/elastic/elastic.py --plan tests/elastic/no_expansion.json --num-processes 4 --num-tokens 128 --num-experts-per-rank 32 --dispatch-only
# env PYTHONPATH=/workspace/external/nixl/install/lib/python3/dist-packages
# env UCX_GDP_ENABLE=y
# env UCX_PLUGIN_PATH=/workspace/external/ucx-spcx-plugin/install/lib/ucx
# env UCX_RC_GDP_NUM_CHANNELS=2
# env UCX_TLS=rc,rc_gdp,tcp,self,sm,cuda_copy

Starting TCPStore and rank server locally
Process 3 -> global_rank=0, local_rank=0
Process 2 -> global_rank=1, local_rank=1
Process 1 -> global_rank=2, local_rank=2
Process 0 -> global_rank=3, local_rank=3
Allocating buffer size: 954.206336 MB ...
global_rank=1, local_rank=1 -> start phase 0
global_rank=1, local_rank=1 -> adding connections to [0, 2, 3]
global_rank=3, local_rank=3 -> start phase 0
global_rank=3, local_rank=3 -> adding connections to [0, 1, 2]
global_rank=0, local_rank=0 -> start phase 0
global_rank=0, local_rank=0 -> adding connections to [1, 2, 3]
global_rank=2, local_rank=2 -> start phase 0
global_rank=2, local_rank=2 -> adding connections to [0, 1, 3]
[rank 0] Dispatch bandwidth: 30.86 GB/s, avg_t=245.82 us, min_t=222.08 us, max_t=315.30 us
[rank 1] Dispatch bandwidth: 30.74 GB/s, avg_t=246.74 us, min_t=202.59 us, max_t=331.65 us
[rank 2] Dispatch bandwidth: 31.01 GB/s, avg_t=244.65 us, min_t=197.95 us, max_t=292.22 us
[rank 3] Dispatch bandwidth: 30.94 GB/s, avg_t=245.20 us, min_t=204.19 us, max_t=306.53 us
global_rank=1, local_rank=1 -> end phase 0
global_rank=0, local_rank=0 -> end phase 0
global_rank=2, local_rank=2 -> end phase 0
global_rank=3, local_rank=3 -> end phase 0
[rank 3] nixlPut latency: samples=92752, p50=1.408000 us, p90=2.156000 us, p99=3.937500 us, average=1.583898 us, overflow_slots=0
[rank 0] nixlPut latency: samples=94860, p50=1.519000 us, p90=2.228000 us, p99=5.532500 us, average=1.716622 us, overflow_slots=0
[rank 2] nixlPut latency: samples=95604, p50=1.415500 us, p90=2.132000 us, p99=6.342500 us, average=1.672448 us, overflow_slots=0
[rank 1] nixlPut latency: samples=97092, p50=1.430000 us, p90=2.160000 us, p99=6.516500 us, average=1.662769 us, overflow_slots=0
global_rank=2, local_rank=2 -> done
global_rank=0, local_rank=0 -> done
global_rank=1, local_rank=1 -> done
global_rank=3, local_rank=3 -> done
