# started_at: 2026-07-26T05:18:17
# cwd: /workspace/external/nixl/examples/device/ep
# command: python3 tests/elastic/elastic.py --plan tests/elastic/no_expansion.json --num-processes 4 --num-tokens 128 --num-experts-per-rank 32 --dispatch-only
# env PYTHONPATH=/workspace/external/nixl/install/lib/python3/dist-packages
# env UCX_GDP_ENABLE=y
# env UCX_PLUGIN_PATH=/workspace/external/ucx-spcx-plugin/install/lib/ucx
# env UCX_RC_GDP_NUM_CHANNELS=8
# env UCX_TLS=rc,rc_gdp,tcp,self,sm,cuda_copy

Starting TCPStore and rank server locally
Process 2 -> global_rank=0, local_rank=0
Process 3 -> global_rank=1, local_rank=1
Process 1 -> global_rank=2, local_rank=2
Process 0 -> global_rank=3, local_rank=3
Allocating buffer size: 954.206336 MB ...
global_rank=0, local_rank=0 -> start phase 0
global_rank=0, local_rank=0 -> adding connections to [1, 2, 3]
global_rank=3, local_rank=3 -> start phase 0
global_rank=3, local_rank=3 -> adding connections to [0, 1, 2]
global_rank=1, local_rank=1 -> start phase 0
global_rank=1, local_rank=1 -> adding connections to [0, 2, 3]
global_rank=2, local_rank=2 -> start phase 0
global_rank=2, local_rank=2 -> adding connections to [0, 1, 3]
[rank 0] Dispatch bandwidth: 43.39 GB/s, avg_t=174.83 us, min_t=123.71 us, max_t=227.23 us
[rank 3] Dispatch bandwidth: 43.72 GB/s, avg_t=173.49 us, min_t=130.37 us, max_t=206.27 us
[rank 2] Dispatch bandwidth: 43.97 GB/s, avg_t=172.52 us, min_t=126.34 us, max_t=224.67 us
[rank 1] Dispatch bandwidth: 43.79 GB/s, avg_t=173.23 us, min_t=128.90 us, max_t=210.82 us
global_rank=0, local_rank=0 -> end phase 0
global_rank=3, local_rank=3 -> end phase 0
global_rank=1, local_rank=1 -> end phase 0
global_rank=2, local_rank=2 -> end phase 0
[rank 0] nixlPut latency: samples=94860, p50=1.532500 us, p90=2.013000 us, p99=2.605000 us, average=1.609178 us, overflow_slots=0
[rank 3] nixlPut latency: samples=92752, p50=1.423000 us, p90=1.919500 us, p99=2.470500 us, average=1.504369 us, overflow_slots=0
[rank 2] nixlPut latency: samples=95604, p50=1.426500 us, p90=1.896000 us, p99=2.398000 us, average=1.502781 us, overflow_slots=0
[rank 1] nixlPut latency: samples=97092, p50=1.431500 us, p90=1.940500 us, p99=2.593000 us, average=1.521568 us, overflow_slots=0
global_rank=0, local_rank=0 -> done
global_rank=1, local_rank=1 -> done
global_rank=3, local_rank=3 -> done
global_rank=2, local_rank=2 -> done
