# started_at: 2026-07-26T05:16:51
# cwd: /workspace/external/nixl/examples/device/ep
# command: python3 tests/elastic/elastic.py --plan tests/elastic/no_expansion.json --num-processes 4 --num-tokens 128 --num-experts-per-rank 32 --dispatch-only
# env PYTHONPATH=/workspace/external/nixl/install/lib/python3/dist-packages
# env UCX_GDP_ENABLE=y
# env UCX_PLUGIN_PATH=/workspace/external/ucx-spcx-plugin/install/lib/ucx
# env UCX_RC_GDP_NUM_CHANNELS=1
# env UCX_TLS=rc,rc_gdp,tcp,self,sm,cuda_copy

Starting TCPStore and rank server locally
Process 2 -> global_rank=0, local_rank=0
Process 0 -> global_rank=1, local_rank=1
Process 3 -> global_rank=2, local_rank=2
Process 1 -> global_rank=3, local_rank=3
Allocating buffer size: 954.206336 MB ...
global_rank=0, local_rank=0 -> start phase 0
global_rank=0, local_rank=0 -> adding connections to [1, 2, 3]
global_rank=3, local_rank=3 -> start phase 0
global_rank=3, local_rank=3 -> adding connections to [0, 1, 2]
global_rank=1, local_rank=1 -> start phase 0
global_rank=1, local_rank=1 -> adding connections to [0, 2, 3]
global_rank=2, local_rank=2 -> start phase 0
global_rank=2, local_rank=2 -> adding connections to [0, 1, 3]
[rank 0] Dispatch bandwidth: 17.17 GB/s, avg_t=441.79 us, min_t=366.46 us, max_t=694.14 us
[rank 1] Dispatch bandwidth: 17.17 GB/s, avg_t=441.82 us, min_t=377.73 us, max_t=640.86 us
[rank 2] Dispatch bandwidth: 17.19 GB/s, avg_t=441.36 us, min_t=369.15 us, max_t=652.45 us
[rank 3] Dispatch bandwidth: 17.20 GB/s, avg_t=441.16 us, min_t=387.42 us, max_t=673.98 us
global_rank=0, local_rank=0 -> end phase 0
global_rank=1, local_rank=1 -> end phase 0
global_rank=2, local_rank=2 -> end phase 0
global_rank=3, local_rank=3 -> end phase 0
[rank 3] nixlPut latency: samples=92752, p50=1.773500 us, p90=3.207500 us, p99=9.521000 us, average=2.202137 us, overflow_slots=0
[rank 0] nixlPut latency: samples=94860, p50=1.878000 us, p90=4.982500 us, p99=11.883000 us, average=2.585030 us, overflow_slots=0
[rank 1] nixlPut latency: samples=97092, p50=1.808000 us, p90=5.754500 us, p99=12.737500 us, average=2.675766 us, overflow_slots=0
[rank 2] nixlPut latency: samples=95604, p50=1.782000 us, p90=6.061500 us, p99=14.895000 us, average=3.085188 us, overflow_slots=0
global_rank=2, local_rank=2 -> done
global_rank=1, local_rank=1 -> done
global_rank=0, local_rank=0 -> done
global_rank=3, local_rank=3 -> done
