# started_at: 2026-07-26T05:16:43
# cwd: /workspace/external/nixl/examples/device/ep
# command: python3 tests/elastic/elastic.py --plan tests/elastic/no_expansion.json --num-processes 4 --num-tokens 128 --num-experts-per-rank 32 --dispatch-only
# env PYTHONPATH=/workspace/external/nixl/install/lib/python3/dist-packages
# env UCX_GDP_ENABLE=y
# env UCX_PLUGIN_PATH=/workspace/external/ucx-spcx-plugin/install/lib/ucx
# env UCX_RC_GDP_NUM_CHANNELS=1
# env UCX_TLS=rc,rc_gdp,tcp,self,sm,cuda_copy

Starting TCPStore and rank server locally
Process 0 -> global_rank=0, local_rank=0
Process 1 -> global_rank=1, local_rank=1
Process 2 -> global_rank=2, local_rank=2
Process 3 -> global_rank=3, local_rank=3
Allocating buffer size: 954.206336 MB ...
global_rank=0, local_rank=0 -> start phase 0
global_rank=0, local_rank=0 -> adding connections to [1, 2, 3]
global_rank=3, local_rank=3 -> start phase 0
global_rank=3, local_rank=3 -> adding connections to [0, 1, 2]
global_rank=1, local_rank=1 -> start phase 0
global_rank=1, local_rank=1 -> adding connections to [0, 2, 3]
global_rank=2, local_rank=2 -> start phase 0
global_rank=2, local_rank=2 -> adding connections to [0, 1, 3]
[rank 0] Dispatch bandwidth: 17.49 GB/s, avg_t=433.74 us, min_t=384.90 us, max_t=604.03 us
[rank 2] Dispatch bandwidth: 17.55 GB/s, avg_t=432.28 us, min_t=373.12 us, max_t=634.24 us
[rank 1] Dispatch bandwidth: 17.48 GB/s, avg_t=434.05 us, min_t=370.56 us, max_t=541.60 us
[rank 3] Dispatch bandwidth: 17.52 GB/s, avg_t=432.98 us, min_t=381.38 us, max_t=591.26 us
global_rank=0, local_rank=0 -> end phase 0
global_rank=2, local_rank=2 -> end phase 0
global_rank=1, local_rank=1 -> end phase 0
global_rank=3, local_rank=3 -> end phase 0
[rank 3] nixlPut latency: samples=92752, p50=1.775500 us, p90=3.141000 us, p99=10.303000 us, average=2.230453 us, overflow_slots=0
[rank 0] nixlPut latency: samples=94860, p50=1.873000 us, p90=4.800500 us, p99=10.964000 us, average=2.521484 us, overflow_slots=0
[rank 2] nixlPut latency: samples=95604, p50=1.784500 us, p90=5.266000 us, p99=13.024000 us, average=2.592962 us, overflow_slots=0
[rank 1] nixlPut latency: samples=97092, p50=1.825500 us, p90=5.579500 us, p99=12.283000 us, average=2.653990 us, overflow_slots=0
global_rank=0, local_rank=0 -> done
global_rank=3, local_rank=3 -> done
global_rank=1, local_rank=1 -> done
global_rank=2, local_rank=2 -> done
