# started_at: 2026-07-26T05:17:17
# cwd: /workspace/external/nixl/examples/device/ep
# command: python3 tests/elastic/elastic.py --plan tests/elastic/no_expansion.json --num-processes 4 --num-tokens 128 --num-experts-per-rank 32 --dispatch-only
# env PYTHONPATH=/workspace/external/nixl/install/lib/python3/dist-packages
# env UCX_GDP_ENABLE=y
# env UCX_PLUGIN_PATH=/workspace/external/ucx-spcx-plugin/install/lib/ucx
# env UCX_RC_GDP_NUM_CHANNELS=2
# env UCX_TLS=rc,rc_gdp,tcp,self,sm,cuda_copy

Starting TCPStore and rank server locally
Process 1 -> global_rank=0, local_rank=0
Process 0 -> global_rank=1, local_rank=1
Process 3 -> global_rank=2, local_rank=2
Process 2 -> global_rank=3, local_rank=3
Allocating buffer size: 954.206336 MB ...
global_rank=1, local_rank=1 -> start phase 0
global_rank=1, local_rank=1 -> adding connections to [0, 2, 3]
global_rank=3, local_rank=3 -> start phase 0
global_rank=3, local_rank=3 -> adding connections to [0, 1, 2]
global_rank=0, local_rank=0 -> start phase 0
global_rank=0, local_rank=0 -> adding connections to [1, 2, 3]
global_rank=2, local_rank=2 -> start phase 0
global_rank=2, local_rank=2 -> adding connections to [0, 1, 3]
[rank 1] Dispatch bandwidth: 31.04 GB/s, avg_t=244.36 us, min_t=198.53 us, max_t=288.64 us
[rank 0] Dispatch bandwidth: 30.97 GB/s, avg_t=244.91 us, min_t=223.14 us, max_t=274.34 us
[rank 2] Dispatch bandwidth: 31.13 GB/s, avg_t=243.70 us, min_t=198.05 us, max_t=290.24 us
[rank 3] Dispatch bandwidth: 31.10 GB/s, avg_t=243.92 us, min_t=204.10 us, max_t=288.13 us
global_rank=1, local_rank=1 -> end phase 0
global_rank=0, local_rank=0 -> end phase 0
global_rank=2, local_rank=2 -> end phase 0
global_rank=3, local_rank=3 -> end phase 0
[rank 3] nixlPut latency: samples=92752, p50=1.401500 us, p90=2.183000 us, p99=3.884000 us, average=1.580029 us, overflow_slots=0
[rank 0] nixlPut latency: samples=94860, p50=1.514000 us, p90=2.210500 us, p99=5.581500 us, average=1.712249 us, overflow_slots=0
[rank 2] nixlPut latency: samples=95604, p50=1.412000 us, p90=2.049000 us, p99=5.665000 us, average=1.598484 us, overflow_slots=0
[rank 1] nixlPut latency: samples=97092, p50=1.433500 us, p90=2.306000 us, p99=7.162500 us, average=1.724105 us, overflow_slots=0
global_rank=1, local_rank=1 -> done
global_rank=0, local_rank=0 -> done
global_rank=2, local_rank=2 -> done
global_rank=3, local_rank=3 -> done
