# started_at: 2026-07-26T05:18:35
# cwd: /workspace/external/nixl/examples/device/ep
# command: python3 tests/elastic/elastic.py --plan tests/elastic/no_expansion.json --num-processes 4 --num-tokens 128 --num-experts-per-rank 32 --dispatch-only
# env PYTHONPATH=/workspace/external/nixl/install/lib/python3/dist-packages
# env UCX_GDP_ENABLE=y
# env UCX_PLUGIN_PATH=/workspace/external/ucx-spcx-plugin/install/lib/ucx
# env UCX_RC_GDP_NUM_CHANNELS=16
# env UCX_TLS=rc,rc_gdp,tcp,self,sm,cuda_copy

Starting TCPStore and rank server locally
Process 3 -> global_rank=0, local_rank=0
Process 1 -> global_rank=1, local_rank=1
Process 2 -> global_rank=2, local_rank=2
Process 0 -> global_rank=3, local_rank=3
Allocating buffer size: 954.206336 MB ...
global_rank=0, local_rank=0 -> start phase 0
global_rank=0, local_rank=0 -> adding connections to [1, 2, 3]
global_rank=3, local_rank=3 -> start phase 0
global_rank=3, local_rank=3 -> adding connections to [0, 1, 2]
global_rank=1, local_rank=1 -> start phase 0
global_rank=1, local_rank=1 -> adding connections to [0, 2, 3]
global_rank=2, local_rank=2 -> start phase 0
global_rank=2, local_rank=2 -> adding connections to [0, 1, 3]
[rank 0] Dispatch bandwidth: 43.42 GB/s, avg_t=174.71 us, min_t=112.51 us, max_t=268.32 us
[rank 1] Dispatch bandwidth: 43.81 GB/s, avg_t=173.17 us, min_t=104.22 us, max_t=258.08 us
[rank 3] Dispatch bandwidth: 43.66 GB/s, avg_t=173.76 us, min_t=114.40 us, max_t=236.96 us
[rank 2] Dispatch bandwidth: 43.84 GB/s, avg_t=173.03 us, min_t=122.21 us, max_t=236.90 us
global_rank=0, local_rank=0 -> end phase 0
global_rank=1, local_rank=1 -> end phase 0
global_rank=3, local_rank=3 -> end phase 0
global_rank=2, local_rank=2 -> end phase 0
[rank 3] nixlPut latency: samples=92752, p50=1.424500 us, p90=1.962500 us, p99=2.387000 us, average=1.510465 us, overflow_slots=0
[rank 0] nixlPut latency: samples=94860, p50=1.527500 us, p90=2.036000 us, p99=2.437500 us, average=1.610552 us, overflow_slots=0
[rank 2] nixlPut latency: samples=95604, p50=1.422500 us, p90=1.930500 us, p99=2.291000 us, average=1.502929 us, overflow_slots=0
[rank 1] nixlPut latency: samples=97092, p50=1.433000 us, p90=1.967500 us, p99=2.396500 us, average=1.525119 us, overflow_slots=0
global_rank=0, local_rank=0 -> done
global_rank=1, local_rank=1 -> done
global_rank=2, local_rank=2 -> done
global_rank=3, local_rank=3 -> done
