# started_at: 2026-07-26T05:17:43
# cwd: /workspace/external/nixl/examples/device/ep
# command: python3 tests/elastic/elastic.py --plan tests/elastic/no_expansion.json --num-processes 4 --num-tokens 128 --num-experts-per-rank 32 --dispatch-only
# env PYTHONPATH=/workspace/external/nixl/install/lib/python3/dist-packages
# env UCX_GDP_ENABLE=y
# env UCX_PLUGIN_PATH=/workspace/external/ucx-spcx-plugin/install/lib/ucx
# env UCX_RC_GDP_NUM_CHANNELS=4
# env UCX_TLS=rc,rc_gdp,tcp,self,sm,cuda_copy

Starting TCPStore and rank server locally
Process 0 -> global_rank=0, local_rank=0
Process 2 -> global_rank=1, local_rank=1
Process 1 -> global_rank=2, local_rank=2
Process 3 -> global_rank=3, local_rank=3
Allocating buffer size: 954.206336 MB ...
global_rank=0, local_rank=0 -> start phase 0
global_rank=0, local_rank=0 -> adding connections to [1, 2, 3]
global_rank=3, local_rank=3 -> start phase 0
global_rank=3, local_rank=3 -> adding connections to [0, 1, 2]
global_rank=1, local_rank=1 -> start phase 0
global_rank=1, local_rank=1 -> adding connections to [0, 2, 3]
global_rank=2, local_rank=2 -> start phase 0
global_rank=2, local_rank=2 -> adding connections to [0, 1, 3]
[rank 1] Dispatch bandwidth: 40.48 GB/s, avg_t=187.40 us, min_t=137.09 us, max_t=260.00 us
[rank 0] Dispatch bandwidth: 40.21 GB/s, avg_t=188.64 us, min_t=132.83 us, max_t=243.55 us
[rank 3] Dispatch bandwidth: 40.53 GB/s, avg_t=187.18 us, min_t=134.53 us, max_t=245.12 us
[rank 2] Dispatch bandwidth: 40.49 GB/s, avg_t=187.37 us, min_t=134.34 us, max_t=251.33 us
global_rank=1, local_rank=1 -> end phase 0
global_rank=0, local_rank=0 -> end phase 0
global_rank=3, local_rank=3 -> end phase 0
global_rank=2, local_rank=2 -> end phase 0
[rank 3] nixlPut latency: samples=92752, p50=1.422500 us, p90=2.004500 us, p99=2.981000 us, average=1.534276 us, overflow_slots=0
[rank 0] nixlPut latency: samples=94860, p50=1.537000 us, p90=2.115500 us, p99=4.191500 us, average=1.675934 us, overflow_slots=0
[rank 1] nixlPut latency: samples=97092, p50=1.432000 us, p90=2.028500 us, p99=3.297500 us, average=1.555356 us, overflow_slots=0
[rank 2] nixlPut latency: samples=95604, p50=1.430500 us, p90=2.016000 us, p99=4.125500 us, average=1.575045 us, overflow_slots=0
global_rank=1, local_rank=1 -> done
global_rank=0, local_rank=0 -> done
global_rank=2, local_rank=2 -> done
global_rank=3, local_rank=3 -> done
