# started_at: 2026-07-26T05:19:01
# cwd: /workspace/external/nixl/examples/device/ep
# command: python3 tests/elastic/elastic.py --plan tests/elastic/no_expansion.json --num-processes 4 --num-tokens 128 --num-experts-per-rank 32 --dispatch-only
# env PYTHONPATH=/workspace/external/nixl/install/lib/python3/dist-packages
# env UCX_GDP_ENABLE=y
# env UCX_PLUGIN_PATH=/workspace/external/ucx-spcx-plugin/install/lib/ucx
# env UCX_RC_GDP_NUM_CHANNELS=32
# env UCX_TLS=rc,rc_gdp,tcp,self,sm,cuda_copy

Starting TCPStore and rank server locally
Process 1 -> global_rank=0, local_rank=0
Process 0 -> global_rank=1, local_rank=1
Process 2 -> global_rank=2, local_rank=2
Process 3 -> global_rank=3, local_rank=3
Allocating buffer size: 954.206336 MB ...
global_rank=3, local_rank=3 -> start phase 0
global_rank=3, local_rank=3 -> adding connections to [0, 1, 2]
global_rank=0, local_rank=0 -> start phase 0
global_rank=0, local_rank=0 -> adding connections to [1, 2, 3]
global_rank=1, local_rank=1 -> start phase 0
global_rank=1, local_rank=1 -> adding connections to [0, 2, 3]
global_rank=2, local_rank=2 -> start phase 0
global_rank=2, local_rank=2 -> adding connections to [0, 1, 3]
[rank 1] Dispatch bandwidth: 43.43 GB/s, avg_t=174.67 us, min_t=118.62 us, max_t=294.82 us
[rank 0] Dispatch bandwidth: 43.25 GB/s, avg_t=175.38 us, min_t=126.78 us, max_t=253.86 us
[rank 3] Dispatch bandwidth: 43.36 GB/s, avg_t=174.96 us, min_t=124.13 us, max_t=284.13 us
[rank 2] Dispatch bandwidth: 43.40 GB/s, avg_t=174.79 us, min_t=145.73 us, max_t=277.66 us
global_rank=1, local_rank=1 -> end phase 0
global_rank=0, local_rank=0 -> end phase 0
global_rank=3, local_rank=3 -> end phase 0
global_rank=2, local_rank=2 -> end phase 0
[rank 3] nixlPut latency: samples=92752, p50=1.457000 us, p90=1.999000 us, p99=2.370500 us, average=1.548413 us, overflow_slots=0
[rank 0] nixlPut latency: samples=94860, p50=1.532000 us, p90=2.050000 us, p99=2.382000 us, average=1.620488 us, overflow_slots=0
[rank 1] nixlPut latency: samples=97092, p50=1.425000 us, p90=1.950500 us, p99=2.284000 us, average=1.512793 us, overflow_slots=0
[rank 2] nixlPut latency: samples=95604, p50=1.450500 us, p90=1.990500 us, p99=2.418000 us, average=1.570053 us, overflow_slots=0
global_rank=1, local_rank=1 -> done
global_rank=0, local_rank=0 -> done
global_rank=3, local_rank=3 -> done
global_rank=2, local_rank=2 -> done
