# started_at: 2026-07-26T05:18:09
# cwd: /workspace/external/nixl/examples/device/ep
# command: python3 tests/elastic/elastic.py --plan tests/elastic/no_expansion.json --num-processes 4 --num-tokens 128 --num-experts-per-rank 32 --dispatch-only
# env PYTHONPATH=/workspace/external/nixl/install/lib/python3/dist-packages
# env UCX_GDP_ENABLE=y
# env UCX_PLUGIN_PATH=/workspace/external/ucx-spcx-plugin/install/lib/ucx
# env UCX_RC_GDP_NUM_CHANNELS=8
# env UCX_TLS=rc,rc_gdp,tcp,self,sm,cuda_copy

Starting TCPStore and rank server locally
Process 3 -> global_rank=0, local_rank=0
Process 1 -> global_rank=1, local_rank=1
Process 0 -> global_rank=2, local_rank=2
Process 2 -> global_rank=3, local_rank=3
Allocating buffer size: 954.206336 MB ...
global_rank=0, local_rank=0 -> start phase 0
global_rank=0, local_rank=0 -> adding connections to [1, 2, 3]
global_rank=1, local_rank=1 -> start phase 0
global_rank=1, local_rank=1 -> adding connections to [0, 2, 3]
global_rank=3, local_rank=3 -> start phase 0
global_rank=3, local_rank=3 -> adding connections to [0, 1, 2]
global_rank=2, local_rank=2 -> start phase 0
global_rank=2, local_rank=2 -> adding connections to [0, 1, 3]
[rank 0] Dispatch bandwidth: 43.78 GB/s, avg_t=173.26 us, min_t=124.74 us, max_t=237.41 us
[rank 1] Dispatch bandwidth: 43.70 GB/s, avg_t=173.60 us, min_t=128.93 us, max_t=251.81 us
[rank 3] Dispatch bandwidth: 43.63 GB/s, avg_t=173.88 us, min_t=136.48 us, max_t=228.77 us
[rank 2] Dispatch bandwidth: 43.72 GB/s, avg_t=173.52 us, min_t=124.38 us, max_t=209.50 us
global_rank=0, local_rank=0 -> end phase 0
global_rank=1, local_rank=1 -> end phase 0
global_rank=3, local_rank=3 -> end phase 0
global_rank=2, local_rank=2 -> end phase 0
[rank 0] nixlPut latency: samples=94860, p50=1.532500 us, p90=2.013500 us, p99=2.639500 us, average=1.610159 us, overflow_slots=0
[rank 3] nixlPut latency: samples=92752, p50=1.421500 us, p90=1.918500 us, p99=2.388000 us, average=1.497406 us, overflow_slots=0
[rank 1] nixlPut latency: samples=97092, p50=1.430000 us, p90=1.950500 us, p99=2.705500 us, average=1.526387 us, overflow_slots=0
[rank 2] nixlPut latency: samples=95604, p50=1.427000 us, p90=1.913500 us, p99=2.461000 us, average=1.508688 us, overflow_slots=0
global_rank=1, local_rank=1 -> done
global_rank=0, local_rank=0 -> done
global_rank=2, local_rank=2 -> done
global_rank=3, local_rank=3 -> done
