# started_at: 2026-07-26T05:18:43
# cwd: /workspace/external/nixl/examples/device/ep
# command: python3 tests/elastic/elastic.py --plan tests/elastic/no_expansion.json --num-processes 4 --num-tokens 128 --num-experts-per-rank 32 --dispatch-only
# env PYTHONPATH=/workspace/external/nixl/install/lib/python3/dist-packages
# env UCX_GDP_ENABLE=y
# env UCX_PLUGIN_PATH=/workspace/external/ucx-spcx-plugin/install/lib/ucx
# env UCX_RC_GDP_NUM_CHANNELS=16
# env UCX_TLS=rc,rc_gdp,tcp,self,sm,cuda_copy

Starting TCPStore and rank server locally
Process 2 -> global_rank=0, local_rank=0
Process 3 -> global_rank=1, local_rank=1
Process 1 -> global_rank=2, local_rank=2
Process 0 -> global_rank=3, local_rank=3
Allocating buffer size: 954.206336 MB ...
global_rank=0, local_rank=0 -> start phase 0
global_rank=0, local_rank=0 -> adding connections to [1, 2, 3]
global_rank=3, local_rank=3 -> start phase 0
global_rank=3, local_rank=3 -> adding connections to [0, 1, 2]
global_rank=1, local_rank=1 -> start phase 0
global_rank=1, local_rank=1 -> adding connections to [0, 2, 3]
global_rank=2, local_rank=2 -> start phase 0
global_rank=2, local_rank=2 -> adding connections to [0, 1, 3]
[rank 0] Dispatch bandwidth: 44.13 GB/s, avg_t=171.89 us, min_t=114.40 us, max_t=247.68 us
[rank 1] Dispatch bandwidth: 44.21 GB/s, avg_t=171.58 us, min_t=118.56 us, max_t=245.79 us
[rank 2] Dispatch bandwidth: 44.29 GB/s, avg_t=171.27 us, min_t=126.56 us, max_t=249.06 us
[rank 3] Dispatch bandwidth: 44.29 GB/s, avg_t=171.29 us, min_t=128.29 us, max_t=256.51 us
global_rank=1, local_rank=1 -> end phase 0
global_rank=0, local_rank=0 -> end phase 0
global_rank=2, local_rank=2 -> end phase 0
global_rank=3, local_rank=3 -> end phase 0
[rank 0] nixlPut latency: samples=94860, p50=1.529000 us, p90=2.034000 us, p99=2.457500 us, average=1.611919 us, overflow_slots=0
[rank 3] nixlPut latency: samples=92752, p50=1.426000 us, p90=1.968500 us, p99=2.306000 us, average=1.512410 us, overflow_slots=0
[rank 2] nixlPut latency: samples=95604, p50=1.422000 us, p90=1.914500 us, p99=2.331000 us, average=1.501748 us, overflow_slots=0
[rank 1] nixlPut latency: samples=97092, p50=1.432500 us, p90=1.962000 us, p99=2.305000 us, average=1.522316 us, overflow_slots=0
global_rank=0, local_rank=0 -> done
global_rank=1, local_rank=1 -> done
global_rank=3, local_rank=3 -> done
global_rank=2, local_rank=2 -> done
