# started_at: 2026-07-26T04:58:33
# cwd: /workspace/external/nixl/examples/device/ep
# command: python3 tests/elastic/elastic.py --plan tests/elastic/no_expansion.json --num-processes 4 --num-tokens 128 --num-experts-per-rank 4 --dispatch-only
# env PYTHONPATH=/workspace/external/nixl/install/lib/python3/dist-packages
# env UCX_GDP_ENABLE=y
# env UCX_PLUGIN_PATH=/workspace/external/ucx-spcx-plugin/install/lib/ucx
# env UCX_RC_GDP_NUM_CHANNELS=4
# env UCX_TLS=rc,rc_gdp,tcp,self,sm,cuda_copy

Starting TCPStore and rank server locally
Process 0 -> global_rank=0, local_rank=0
Process 3 -> global_rank=1, local_rank=1
Process 2 -> global_rank=2, local_rank=2
Process 1 -> global_rank=3, local_rank=3
Allocating buffer size: 119.275904 MB ...
global_rank=3, local_rank=3 -> start phase 0
global_rank=3, local_rank=3 -> adding connections to [0, 1, 2]
global_rank=0, local_rank=0 -> start phase 0
global_rank=0, local_rank=0 -> adding connections to [1, 2, 3]
global_rank=1, local_rank=1 -> start phase 0
global_rank=1, local_rank=1 -> adding connections to [0, 2, 3]
global_rank=2, local_rank=2 -> start phase 0
global_rank=2, local_rank=2 -> adding connections to [0, 1, 3]
[rank 2] Dispatch bandwidth: 44.82 GB/s, avg_t=169.26 us, min_t=142.50 us, max_t=228.70 us
[rank 0] Dispatch bandwidth: 44.90 GB/s, avg_t=168.94 us, min_t=140.22 us, max_t=227.07 us
[rank 1] Dispatch bandwidth: 44.66 GB/s, avg_t=169.87 us, min_t=142.27 us, max_t=241.54 us
[rank 3] Dispatch bandwidth: 44.85 GB/s, avg_t=169.15 us, min_t=140.74 us, max_t=228.74 us
global_rank=1, local_rank=1 -> end phase 0
global_rank=2, local_rank=2 -> end phase 0
global_rank=0, local_rank=0 -> end phase 0
global_rank=3, local_rank=3 -> end phase 0
[rank 2] nixlPut latency: samples=94116, p50=1.352500 us, p90=1.519500 us, p99=1.881000 us, average=1.357831 us, overflow_slots=0
[rank 1] nixlPut latency: samples=94984, p50=1.356500 us, p90=1.545000 us, p99=1.944000 us, average=1.365838 us, overflow_slots=0
[rank 3] nixlPut latency: samples=94860, p50=1.348000 us, p90=1.525500 us, p99=1.953000 us, average=1.362620 us, overflow_slots=0
[rank 0] nixlPut latency: samples=97464, p50=1.371500 us, p90=1.606500 us, p99=1.969500 us, average=1.409186 us, overflow_slots=0
global_rank=0, local_rank=0 -> done
global_rank=1, local_rank=1 -> done
global_rank=2, local_rank=2 -> done
global_rank=3, local_rank=3 -> done
