# started_at: 2026-07-26T04:59:40
# cwd: /workspace/external/nixl/examples/device/ep
# command: python3 tests/elastic/elastic.py --plan tests/elastic/no_expansion.json --num-processes 4 --num-tokens 128 --num-experts-per-rank 4 --dispatch-only
# env PYTHONPATH=/workspace/external/nixl/install/lib/python3/dist-packages
# env UCX_GDP_ENABLE=y
# env UCX_PLUGIN_PATH=/workspace/external/ucx-spcx-plugin/install/lib/ucx
# env UCX_RC_GDP_NUM_CHANNELS=32
# env UCX_TLS=rc,rc_gdp,tcp,self,sm,cuda_copy

Starting TCPStore and rank server locally
Process 1 -> global_rank=0, local_rank=0
Process 2 -> global_rank=1, local_rank=1
Process 0 -> global_rank=2, local_rank=2
Process 3 -> global_rank=3, local_rank=3
Allocating buffer size: 119.275904 MB ...
global_rank=1, local_rank=1 -> start phase 0
global_rank=1, local_rank=1 -> adding connections to [0, 2, 3]
global_rank=0, local_rank=0 -> start phase 0
global_rank=0, local_rank=0 -> adding connections to [1, 2, 3]
global_rank=3, local_rank=3 -> start phase 0
global_rank=3, local_rank=3 -> adding connections to [0, 1, 2]
global_rank=2, local_rank=2 -> start phase 0
global_rank=2, local_rank=2 -> adding connections to [0, 1, 3]
[rank 2] Dispatch bandwidth: 50.04 GB/s, avg_t=151.60 us, min_t=141.76 us, max_t=163.30 us
[rank 1] Dispatch bandwidth: 50.12 GB/s, avg_t=151.34 us, min_t=142.59 us, max_t=160.90 us
[rank 0] Dispatch bandwidth: 49.85 GB/s, avg_t=152.17 us, min_t=141.18 us, max_t=163.71 us
[rank 3] Dispatch bandwidth: 50.03 GB/s, avg_t=151.62 us, min_t=140.80 us, max_t=159.17 us
global_rank=0, local_rank=0 -> end phase 0
global_rank=2, local_rank=2 -> end phase 0
global_rank=1, local_rank=1 -> end phase 0
global_rank=3, local_rank=3 -> end phase 0
[rank 2] nixlPut latency: samples=94116, p50=1.980000 us, p90=15.367000 us, p99=28.384000 us, average=5.715685 us, overflow_slots=0
[rank 3] nixlPut latency: samples=94860, p50=6.224500 us, p90=16.274000 us, p99=26.974000 us, average=7.439976 us, overflow_slots=0
[rank 1] nixlPut latency: samples=94984, p50=5.710000 us, p90=16.788500 us, p99=26.944000 us, average=7.385402 us, overflow_slots=0
[rank 0] nixlPut latency: samples=97464, p50=2.795500 us, p90=15.842000 us, p99=27.682500 us, average=6.386777 us, overflow_slots=0
global_rank=1, local_rank=1 -> done
global_rank=3, local_rank=3 -> done
global_rank=2, local_rank=2 -> done
global_rank=0, local_rank=0 -> done
