# started_at: 2026-07-26T04:59:57
# cwd: /workspace/external/nixl/examples/device/ep
# command: python3 tests/elastic/elastic.py --plan tests/elastic/no_expansion.json --num-processes 4 --num-tokens 128 --num-experts-per-rank 4 --dispatch-only
# env PYTHONPATH=/workspace/external/nixl/install/lib/python3/dist-packages
# env UCX_GDP_ENABLE=y
# env UCX_PLUGIN_PATH=/workspace/external/ucx-spcx-plugin/install/lib/ucx
# env UCX_RC_GDP_NUM_CHANNELS=32
# env UCX_TLS=rc,rc_gdp,tcp,self,sm,cuda_copy

Starting TCPStore and rank server locally
Process 0 -> global_rank=0, local_rank=0
Process 2 -> global_rank=1, local_rank=1
Process 3 -> global_rank=2, local_rank=2
Process 1 -> global_rank=3, local_rank=3
Allocating buffer size: 119.275904 MB ...
global_rank=3, local_rank=3 -> start phase 0
global_rank=3, local_rank=3 -> adding connections to [0, 1, 2]
global_rank=1, local_rank=1 -> start phase 0
global_rank=1, local_rank=1 -> adding connections to [0, 2, 3]
global_rank=0, local_rank=0 -> start phase 0
global_rank=0, local_rank=0 -> adding connections to [1, 2, 3]
global_rank=2, local_rank=2 -> start phase 0
global_rank=2, local_rank=2 -> adding connections to [0, 1, 3]
[rank 0] Dispatch bandwidth: 49.59 GB/s, avg_t=152.97 us, min_t=141.22 us, max_t=171.90 us
[rank 2] Dispatch bandwidth: 49.81 GB/s, avg_t=152.30 us, min_t=140.74 us, max_t=163.26 us
[rank 3] Dispatch bandwidth: 49.76 GB/s, avg_t=152.45 us, min_t=140.77 us, max_t=161.25 us
[rank 1] Dispatch bandwidth: 49.77 GB/s, avg_t=152.42 us, min_t=144.77 us, max_t=163.14 us
global_rank=0, local_rank=0 -> end phase 0
global_rank=2, local_rank=2 -> end phase 0
global_rank=3, local_rank=3 -> end phase 0
global_rank=1, local_rank=1 -> end phase 0
[rank 2] nixlPut latency: samples=94116, p50=2.007500 us, p90=15.684500 us, p99=28.467000 us, average=5.809347 us, overflow_slots=0
[rank 0] nixlPut latency: samples=97464, p50=3.005500 us, p90=15.722000 us, p99=27.151000 us, average=6.455474 us, overflow_slots=0
[rank 3] nixlPut latency: samples=94860, p50=6.200000 us, p90=16.685500 us, p99=26.963500 us, average=7.514596 us, overflow_slots=0
[rank 1] nixlPut latency: samples=94984, p50=5.887000 us, p90=16.645500 us, p99=27.013000 us, average=7.400538 us, overflow_slots=0
global_rank=1, local_rank=1 -> done
global_rank=0, local_rank=0 -> done
global_rank=2, local_rank=2 -> done
global_rank=3, local_rank=3 -> done
