# started_at: 2026-07-26T04:59:14
# cwd: /workspace/external/nixl/examples/device/ep
# command: python3 tests/elastic/elastic.py --plan tests/elastic/no_expansion.json --num-processes 4 --num-tokens 128 --num-experts-per-rank 4 --dispatch-only
# env PYTHONPATH=/workspace/external/nixl/install/lib/python3/dist-packages
# env UCX_GDP_ENABLE=y
# env UCX_PLUGIN_PATH=/workspace/external/ucx-spcx-plugin/install/lib/ucx
# env UCX_RC_GDP_NUM_CHANNELS=16
# env UCX_TLS=rc,rc_gdp,tcp,self,sm,cuda_copy

Starting TCPStore and rank server locally
Process 1 -> global_rank=0, local_rank=0
Process 3 -> global_rank=1, local_rank=1
Process 0 -> global_rank=2, local_rank=2
Process 2 -> global_rank=3, local_rank=3
Allocating buffer size: 119.275904 MB ...
global_rank=0, local_rank=0 -> start phase 0
global_rank=0, local_rank=0 -> adding connections to [1, 2, 3]
global_rank=2, local_rank=2 -> start phase 0
global_rank=2, local_rank=2 -> adding connections to [0, 1, 3]
global_rank=3, local_rank=3 -> start phase 0
global_rank=3, local_rank=3 -> adding connections to [0, 1, 2]
global_rank=1, local_rank=1 -> start phase 0
global_rank=1, local_rank=1 -> adding connections to [0, 2, 3]
[rank 1] Dispatch bandwidth: 44.88 GB/s, avg_t=169.02 us, min_t=140.38 us, max_t=234.85 us
[rank 3] Dispatch bandwidth: 44.75 GB/s, avg_t=169.51 us, min_t=138.66 us, max_t=236.99 us
[rank 2] Dispatch bandwidth: 44.89 GB/s, avg_t=169.00 us, min_t=140.42 us, max_t=231.55 us
[rank 0] Dispatch bandwidth: 44.83 GB/s, avg_t=169.20 us, min_t=138.88 us, max_t=232.03 us
global_rank=1, local_rank=1 -> end phase 0
global_rank=3, local_rank=3 -> end phase 0
global_rank=2, local_rank=2 -> end phase 0
global_rank=0, local_rank=0 -> end phase 0
[rank 1] nixlPut latency: samples=94984, p50=1.490000 us, p90=10.996500 us, p99=21.243000 us, average=3.797251 us, overflow_slots=0
[rank 3] nixlPut latency: samples=94860, p50=1.501500 us, p90=12.183500 us, p99=22.836000 us, average=4.278610 us, overflow_slots=0
[rank 0] nixlPut latency: samples=97464, p50=1.578500 us, p90=10.478500 us, p99=22.168500 us, average=3.739309 us, overflow_slots=0
[rank 2] nixlPut latency: samples=94116, p50=1.451500 us, p90=9.751500 us, p99=20.696500 us, average=3.304402 us, overflow_slots=0
global_rank=1, local_rank=1 -> done
global_rank=2, local_rank=2 -> done
global_rank=0, local_rank=0 -> done
global_rank=3, local_rank=3 -> done
