# started_at: 2026-07-26T04:57:42
# cwd: /workspace/external/nixl/examples/device/ep
# command: python3 tests/elastic/elastic.py --plan tests/elastic/no_expansion.json --num-processes 4 --num-tokens 128 --num-experts-per-rank 4 --dispatch-only
# env PYTHONPATH=/workspace/external/nixl/install/lib/python3/dist-packages
# env UCX_GDP_ENABLE=y
# env UCX_PLUGIN_PATH=/workspace/external/ucx-spcx-plugin/install/lib/ucx
# env UCX_RC_GDP_NUM_CHANNELS=1
# env UCX_TLS=rc,rc_gdp,tcp,self,sm,cuda_copy

Starting TCPStore and rank server locally
Process 3 -> global_rank=0, local_rank=0
Process 0 -> global_rank=1, local_rank=1
Process 1 -> global_rank=2, local_rank=2
Process 2 -> global_rank=3, local_rank=3
Allocating buffer size: 119.275904 MB ...
global_rank=1, local_rank=1 -> start phase 0
global_rank=1, local_rank=1 -> adding connections to [0, 2, 3]
global_rank=2, local_rank=2 -> start phase 0
global_rank=2, local_rank=2 -> adding connections to [0, 1, 3]
global_rank=3, local_rank=3 -> start phase 0
global_rank=3, local_rank=3 -> adding connections to [0, 1, 2]
global_rank=0, local_rank=0 -> start phase 0
global_rank=0, local_rank=0 -> adding connections to [1, 2, 3]
[rank 0] Dispatch bandwidth: 20.66 GB/s, avg_t=367.11 us, min_t=359.58 us, max_t=373.89 us
[rank 1] Dispatch bandwidth: 20.61 GB/s, avg_t=368.07 us, min_t=362.37 us, max_t=374.69 us
[rank 3] Dispatch bandwidth: 20.64 GB/s, avg_t=367.59 us, min_t=357.79 us, max_t=375.23 us
[rank 2] Dispatch bandwidth: 20.64 GB/s, avg_t=367.49 us, min_t=355.78 us, max_t=372.16 us
global_rank=1, local_rank=1 -> end phase 0
global_rank=0, local_rank=0 -> end phase 0
global_rank=3, local_rank=3 -> end phase 0
global_rank=2, local_rank=2 -> end phase 0
[rank 0] nixlPut latency: samples=97464, p50=1.302000 us, p90=1.567500 us, p99=1.944500 us, average=1.501890 us, overflow_slots=0
[rank 3] nixlPut latency: samples=94860, p50=1.310500 us, p90=1.471000 us, p99=1.810500 us, average=1.304574 us, overflow_slots=0
[rank 1] nixlPut latency: samples=94984, p50=1.287500 us, p90=1.471500 us, p99=1.800000 us, average=1.295036 us, overflow_slots=0
[rank 2] nixlPut latency: samples=94116, p50=1.279500 us, p90=1.446500 us, p99=1.847000 us, average=1.287562 us, overflow_slots=0
global_rank=0, local_rank=0 -> done
global_rank=1, local_rank=1 -> done
global_rank=2, local_rank=2 -> done
global_rank=3, local_rank=3 -> done
