# started_at: 2026-07-26T04:57:59
# cwd: /workspace/external/nixl/examples/device/ep
# command: python3 tests/elastic/elastic.py --plan tests/elastic/no_expansion.json --num-processes 4 --num-tokens 128 --num-experts-per-rank 4 --dispatch-only
# env PYTHONPATH=/workspace/external/nixl/install/lib/python3/dist-packages
# env UCX_GDP_ENABLE=y
# env UCX_PLUGIN_PATH=/workspace/external/ucx-spcx-plugin/install/lib/ucx
# env UCX_RC_GDP_NUM_CHANNELS=2
# env UCX_TLS=rc,rc_gdp,tcp,self,sm,cuda_copy

Starting TCPStore and rank server locally
Process 1 -> global_rank=0, local_rank=0
Process 0 -> global_rank=1, local_rank=1
Process 2 -> global_rank=2, local_rank=2
Process 3 -> global_rank=3, local_rank=3
Allocating buffer size: 119.275904 MB ...
global_rank=1, local_rank=1 -> start phase 0
global_rank=1, local_rank=1 -> adding connections to [0, 2, 3]
global_rank=3, local_rank=3 -> start phase 0
global_rank=3, local_rank=3 -> adding connections to [0, 1, 2]
global_rank=2, local_rank=2 -> start phase 0
global_rank=2, local_rank=2 -> adding connections to [0, 1, 3]
global_rank=0, local_rank=0 -> start phase 0
global_rank=0, local_rank=0 -> adding connections to [1, 2, 3]
[rank 2] Dispatch bandwidth: 36.22 GB/s, avg_t=209.43 us, min_t=200.06 us, max_t=236.93 us
[rank 0] Dispatch bandwidth: 36.15 GB/s, avg_t=209.86 us, min_t=200.58 us, max_t=243.55 us
[rank 3] Dispatch bandwidth: 36.21 GB/s, avg_t=209.47 us, min_t=200.13 us, max_t=239.01 us
[rank 1] Dispatch bandwidth: 36.22 GB/s, avg_t=209.42 us, min_t=198.08 us, max_t=236.99 us
global_rank=0, local_rank=0 -> end phase 0
global_rank=2, local_rank=2 -> end phase 0
global_rank=3, local_rank=3 -> end phase 0
global_rank=1, local_rank=1 -> end phase 0
[rank 2] nixlPut latency: samples=94116, p50=1.308000 us, p90=1.488000 us, p99=2.116000 us, average=1.328400 us, overflow_slots=0
[rank 3] nixlPut latency: samples=94860, p50=1.313500 us, p90=1.507500 us, p99=2.067500 us, average=1.336014 us, overflow_slots=0
[rank 0] nixlPut latency: samples=97464, p50=1.352500 us, p90=1.576500 us, p99=1.866000 us, average=1.370717 us, overflow_slots=0
[rank 1] nixlPut latency: samples=94984, p50=1.311000 us, p90=1.511500 us, p99=1.765500 us, average=1.325566 us, overflow_slots=0
global_rank=2, local_rank=2 -> done
global_rank=3, local_rank=3 -> done
global_rank=0, local_rank=0 -> done
global_rank=1, local_rank=1 -> done
