# started_at: 2026-07-26T04:58:16
# cwd: /workspace/external/nixl/examples/device/ep
# command: python3 tests/elastic/elastic.py --plan tests/elastic/no_expansion.json --num-processes 4 --num-tokens 128 --num-experts-per-rank 4 --dispatch-only
# env PYTHONPATH=/workspace/external/nixl/install/lib/python3/dist-packages
# env UCX_GDP_ENABLE=y
# env UCX_PLUGIN_PATH=/workspace/external/ucx-spcx-plugin/install/lib/ucx
# env UCX_RC_GDP_NUM_CHANNELS=2
# env UCX_TLS=rc,rc_gdp,tcp,self,sm,cuda_copy

Starting TCPStore and rank server locally
Process 1 -> global_rank=0, local_rank=0
Process 3 -> global_rank=1, local_rank=1
Process 0 -> global_rank=2, local_rank=2
Process 2 -> global_rank=3, local_rank=3
Allocating buffer size: 119.275904 MB ...
global_rank=1, local_rank=1 -> start phase 0
global_rank=1, local_rank=1 -> adding connections to [0, 2, 3]
global_rank=3, local_rank=3 -> start phase 0
global_rank=3, local_rank=3 -> adding connections to [0, 1, 2]
global_rank=0, local_rank=0 -> start phase 0
global_rank=0, local_rank=0 -> adding connections to [1, 2, 3]
global_rank=2, local_rank=2 -> start phase 0
global_rank=2, local_rank=2 -> adding connections to [0, 1, 3]
[rank 0] Dispatch bandwidth: 36.28 GB/s, avg_t=209.08 us, min_t=198.56 us, max_t=243.55 us
[rank 3] Dispatch bandwidth: 36.37 GB/s, avg_t=208.55 us, min_t=200.10 us, max_t=234.75 us
[rank 2] Dispatch bandwidth: 36.46 GB/s, avg_t=208.07 us, min_t=199.55 us, max_t=237.44 us
[rank 1] Dispatch bandwidth: 36.38 GB/s, avg_t=208.53 us, min_t=200.10 us, max_t=237.25 us
global_rank=0, local_rank=0 -> end phase 0
global_rank=3, local_rank=3 -> end phase 0
global_rank=2, local_rank=2 -> end phase 0
global_rank=1, local_rank=1 -> end phase 0
[rank 0] nixlPut latency: samples=97464, p50=1.352000 us, p90=1.576000 us, p99=1.871500 us, average=1.370712 us, overflow_slots=0
[rank 2] nixlPut latency: samples=94116, p50=1.307000 us, p90=1.485000 us, p99=2.039000 us, average=1.325272 us, overflow_slots=0
[rank 3] nixlPut latency: samples=94860, p50=1.313500 us, p90=1.505500 us, p99=2.004500 us, average=1.334427 us, overflow_slots=0
[rank 1] nixlPut latency: samples=94984, p50=1.311000 us, p90=1.512500 us, p99=1.803500 us, average=1.327309 us, overflow_slots=0
global_rank=3, local_rank=3 -> done
global_rank=0, local_rank=0 -> done
global_rank=1, local_rank=1 -> done
global_rank=2, local_rank=2 -> done
