# started_at: 2026-07-26T04:57:34
# cwd: /workspace/external/nixl/examples/device/ep
# command: python3 tests/elastic/elastic.py --plan tests/elastic/no_expansion.json --num-processes 4 --num-tokens 128 --num-experts-per-rank 4 --dispatch-only
# env PYTHONPATH=/workspace/external/nixl/install/lib/python3/dist-packages
# env UCX_GDP_ENABLE=y
# env UCX_PLUGIN_PATH=/workspace/external/ucx-spcx-plugin/install/lib/ucx
# env UCX_RC_GDP_NUM_CHANNELS=1
# env UCX_TLS=rc,rc_gdp,tcp,self,sm,cuda_copy

Starting TCPStore and rank server locally
Process 0 -> global_rank=0, local_rank=0
Process 2 -> global_rank=1, local_rank=1
Process 1 -> global_rank=2, local_rank=2
Process 3 -> global_rank=3, local_rank=3
Allocating buffer size: 119.275904 MB ...
global_rank=3, local_rank=3 -> start phase 0
global_rank=3, local_rank=3 -> adding connections to [0, 1, 2]
global_rank=1, local_rank=1 -> start phase 0
global_rank=1, local_rank=1 -> adding connections to [0, 2, 3]
global_rank=0, local_rank=0 -> start phase 0
global_rank=0, local_rank=0 -> adding connections to [1, 2, 3]
global_rank=2, local_rank=2 -> start phase 0
global_rank=2, local_rank=2 -> adding connections to [0, 1, 3]
[rank 1] Dispatch bandwidth: 20.69 GB/s, avg_t=366.68 us, min_t=357.66 us, max_t=373.73 us
[rank 2] Dispatch bandwidth: 20.67 GB/s, avg_t=366.97 us, min_t=357.79 us, max_t=372.13 us
[rank 0] Dispatch bandwidth: 20.65 GB/s, avg_t=367.36 us, min_t=360.29 us, max_t=374.66 us
[rank 3] Dispatch bandwidth: 20.67 GB/s, avg_t=367.03 us, min_t=355.78 us, max_t=374.21 us
global_rank=0, local_rank=0 -> end phase 0
global_rank=2, local_rank=2 -> end phase 0
global_rank=1, local_rank=1 -> end phase 0
global_rank=3, local_rank=3 -> end phase 0
[rank 2] nixlPut latency: samples=94116, p50=1.280500 us, p90=1.447500 us, p99=1.844500 us, average=1.288112 us, overflow_slots=0
[rank 1] nixlPut latency: samples=94984, p50=1.288000 us, p90=1.477000 us, p99=1.844000 us, average=1.435204 us, overflow_slots=0
[rank 3] nixlPut latency: samples=94860, p50=1.311000 us, p90=1.469000 us, p99=1.823000 us, average=1.304430 us, overflow_slots=0
[rank 0] nixlPut latency: samples=97464, p50=1.302000 us, p90=1.560500 us, p99=1.900000 us, average=1.365385 us, overflow_slots=0
global_rank=1, local_rank=1 -> done
global_rank=2, local_rank=2 -> done
global_rank=3, local_rank=3 -> done
global_rank=0, local_rank=0 -> done
