# started_at: 2026-07-26T04:58:49
# cwd: /workspace/external/nixl/examples/device/ep
# command: python3 tests/elastic/elastic.py --plan tests/elastic/no_expansion.json --num-processes 4 --num-tokens 128 --num-experts-per-rank 4 --dispatch-only
# env PYTHONPATH=/workspace/external/nixl/install/lib/python3/dist-packages
# env UCX_GDP_ENABLE=y
# env UCX_PLUGIN_PATH=/workspace/external/ucx-spcx-plugin/install/lib/ucx
# env UCX_RC_GDP_NUM_CHANNELS=8
# env UCX_TLS=rc,rc_gdp,tcp,self,sm,cuda_copy

Starting TCPStore and rank server locally
Process 2 -> global_rank=0, local_rank=0
Process 1 -> global_rank=1, local_rank=1
Process 0 -> global_rank=2, local_rank=2
Process 3 -> global_rank=3, local_rank=3
Allocating buffer size: 119.275904 MB ...
global_rank=3, local_rank=3 -> start phase 0
global_rank=3, local_rank=3 -> adding connections to [0, 1, 2]
global_rank=1, local_rank=1 -> start phase 0
global_rank=1, local_rank=1 -> adding connections to [0, 2, 3]
global_rank=0, local_rank=0 -> start phase 0
global_rank=0, local_rank=0 -> adding connections to [1, 2, 3]
global_rank=2, local_rank=2 -> start phase 0
global_rank=2, local_rank=2 -> adding connections to [0, 1, 3]
[rank 2] Dispatch bandwidth: 46.41 GB/s, avg_t=163.44 us, min_t=140.70 us, max_t=212.32 us
[rank 3] Dispatch bandwidth: 46.34 GB/s, avg_t=163.72 us, min_t=138.69 us, max_t=203.97 us
[rank 0] Dispatch bandwidth: 46.54 GB/s, avg_t=163.00 us, min_t=140.67 us, max_t=199.04 us
[rank 1] Dispatch bandwidth: 46.41 GB/s, avg_t=163.45 us, min_t=142.78 us, max_t=206.05 us
global_rank=3, local_rank=3 -> end phase 0
global_rank=2, local_rank=2 -> end phase 0
global_rank=0, local_rank=0 -> end phase 0
global_rank=1, local_rank=1 -> end phase 0
[rank 2] nixlPut latency: samples=94116, p50=1.346500 us, p90=1.542000 us, p99=1.896000 us, average=1.354811 us, overflow_slots=0
[rank 3] nixlPut latency: samples=94860, p50=1.368500 us, p90=1.556000 us, p99=2.027000 us, average=1.376920 us, overflow_slots=0
[rank 1] nixlPut latency: samples=94984, p50=1.350000 us, p90=1.560500 us, p99=2.004500 us, average=1.365826 us, overflow_slots=0
[rank 0] nixlPut latency: samples=97464, p50=1.378000 us, p90=1.651500 us, p99=1.995000 us, average=1.422234 us, overflow_slots=0
global_rank=0, local_rank=0 -> done
global_rank=1, local_rank=1 -> done
global_rank=2, local_rank=2 -> done
global_rank=3, local_rank=3 -> done
