# started_at: 2026-07-26T04:59:23
# cwd: /workspace/external/nixl/examples/device/ep
# command: python3 tests/elastic/elastic.py --plan tests/elastic/no_expansion.json --num-processes 4 --num-tokens 128 --num-experts-per-rank 4 --dispatch-only
# env PYTHONPATH=/workspace/external/nixl/install/lib/python3/dist-packages
# env UCX_GDP_ENABLE=y
# env UCX_PLUGIN_PATH=/workspace/external/ucx-spcx-plugin/install/lib/ucx
# env UCX_RC_GDP_NUM_CHANNELS=16
# env UCX_TLS=rc,rc_gdp,tcp,self,sm,cuda_copy

Starting TCPStore and rank server locally
Process 2 -> global_rank=0, local_rank=0
Process 3 -> global_rank=1, local_rank=1
Process 0 -> global_rank=2, local_rank=2
Process 1 -> global_rank=3, local_rank=3
Allocating buffer size: 119.275904 MB ...
global_rank=0, local_rank=0 -> start phase 0
global_rank=0, local_rank=0 -> adding connections to [1, 2, 3]
global_rank=3, local_rank=3 -> start phase 0
global_rank=3, local_rank=3 -> adding connections to [0, 1, 2]
global_rank=1, local_rank=1 -> start phase 0
global_rank=1, local_rank=1 -> adding connections to [0, 2, 3]
global_rank=2, local_rank=2 -> start phase 0
global_rank=2, local_rank=2 -> adding connections to [0, 1, 3]
[rank 1] Dispatch bandwidth: 47.14 GB/s, avg_t=160.91 us, min_t=141.25 us, max_t=209.76 us
[rank 3] Dispatch bandwidth: 47.10 GB/s, avg_t=161.07 us, min_t=142.75 us, max_t=222.66 us
[rank 2] Dispatch bandwidth: 47.12 GB/s, avg_t=161.00 us, min_t=142.75 us, max_t=222.62 us
[rank 0] Dispatch bandwidth: 47.19 GB/s, avg_t=160.76 us, min_t=139.65 us, max_t=228.61 us
global_rank=1, local_rank=1 -> end phase 0
global_rank=3, local_rank=3 -> end phase 0
global_rank=2, local_rank=2 -> end phase 0
global_rank=0, local_rank=0 -> end phase 0
[rank 1] nixlPut latency: samples=94984, p50=1.486500 us, p90=11.001500 us, p99=20.997000 us, average=3.812000 us, overflow_slots=0
[rank 2] nixlPut latency: samples=94116, p50=1.450500 us, p90=9.931500 us, p99=21.586500 us, average=3.321088 us, overflow_slots=0
[rank 3] nixlPut latency: samples=94860, p50=1.502000 us, p90=11.876500 us, p99=22.087000 us, average=4.186323 us, overflow_slots=0
[rank 0] nixlPut latency: samples=97464, p50=1.575500 us, p90=10.374500 us, p99=21.215000 us, average=3.664238 us, overflow_slots=0
global_rank=3, local_rank=3 -> done
global_rank=1, local_rank=1 -> done
global_rank=0, local_rank=0 -> done
global_rank=2, local_rank=2 -> done
