# started_at: 2026-07-26T04:59:06
# cwd: /workspace/external/nixl/examples/device/ep
# command: python3 tests/elastic/elastic.py --plan tests/elastic/no_expansion.json --num-processes 4 --num-tokens 128 --num-experts-per-rank 4 --dispatch-only
# env PYTHONPATH=/workspace/external/nixl/install/lib/python3/dist-packages
# env UCX_GDP_ENABLE=y
# env UCX_PLUGIN_PATH=/workspace/external/ucx-spcx-plugin/install/lib/ucx
# env UCX_RC_GDP_NUM_CHANNELS=8
# env UCX_TLS=rc,rc_gdp,tcp,self,sm,cuda_copy

Starting TCPStore and rank server locally
Process 3 -> global_rank=0, local_rank=0
Process 0 -> global_rank=1, local_rank=1
Process 1 -> global_rank=2, local_rank=2
Process 2 -> global_rank=3, local_rank=3
Allocating buffer size: 119.275904 MB ...
global_rank=0, local_rank=0 -> start phase 0
global_rank=0, local_rank=0 -> adding connections to [1, 2, 3]
global_rank=3, local_rank=3 -> start phase 0
global_rank=3, local_rank=3 -> adding connections to [0, 1, 2]
global_rank=2, local_rank=2 -> start phase 0
global_rank=2, local_rank=2 -> adding connections to [0, 1, 3]
global_rank=1, local_rank=1 -> start phase 0
global_rank=1, local_rank=1 -> adding connections to [0, 2, 3]
[rank 3] Dispatch bandwidth: 44.16 GB/s, avg_t=171.80 us, min_t=138.85 us, max_t=255.14 us
[rank 2] Dispatch bandwidth: 44.28 GB/s, avg_t=171.31 us, min_t=140.45 us, max_t=277.79 us
[rank 1] Dispatch bandwidth: 44.14 GB/s, avg_t=171.84 us, min_t=140.77 us, max_t=255.30 us
[rank 0] Dispatch bandwidth: 44.11 GB/s, avg_t=171.96 us, min_t=140.51 us, max_t=245.34 us
global_rank=3, local_rank=3 -> end phase 0
global_rank=2, local_rank=2 -> end phase 0
global_rank=1, local_rank=1 -> end phase 0
global_rank=0, local_rank=0 -> end phase 0
[rank 3] nixlPut latency: samples=94860, p50=1.368000 us, p90=1.558500 us, p99=2.084500 us, average=1.381275 us, overflow_slots=0
[rank 1] nixlPut latency: samples=94984, p50=1.350500 us, p90=1.560500 us, p99=1.998500 us, average=1.361932 us, overflow_slots=0
[rank 2] nixlPut latency: samples=94116, p50=1.346500 us, p90=1.544000 us, p99=1.893000 us, average=1.354874 us, overflow_slots=0
[rank 0] nixlPut latency: samples=97464, p50=1.378500 us, p90=1.650500 us, p99=1.997000 us, average=1.420956 us, overflow_slots=0
global_rank=0, local_rank=0 -> done
global_rank=3, local_rank=3 -> done
global_rank=1, local_rank=1 -> done
global_rank=2, local_rank=2 -> done
