# started_at: 2026-07-26T04:59:31
# cwd: /workspace/external/nixl/examples/device/ep
# command: python3 tests/elastic/elastic.py --plan tests/elastic/no_expansion.json --num-processes 4 --num-tokens 128 --num-experts-per-rank 4 --dispatch-only
# env PYTHONPATH=/workspace/external/nixl/install/lib/python3/dist-packages
# env UCX_GDP_ENABLE=y
# env UCX_PLUGIN_PATH=/workspace/external/ucx-spcx-plugin/install/lib/ucx
# env UCX_RC_GDP_NUM_CHANNELS=16
# env UCX_TLS=rc,rc_gdp,tcp,self,sm,cuda_copy

Starting TCPStore and rank server locally
Process 0 -> global_rank=0, local_rank=0
Process 1 -> global_rank=1, local_rank=1
Process 3 -> global_rank=2, local_rank=2
Process 2 -> global_rank=3, local_rank=3
Allocating buffer size: 119.275904 MB ...
global_rank=3, local_rank=3 -> start phase 0
global_rank=3, local_rank=3 -> adding connections to [0, 1, 2]
global_rank=0, local_rank=0 -> start phase 0
global_rank=0, local_rank=0 -> adding connections to [1, 2, 3]
global_rank=1, local_rank=1 -> start phase 0
global_rank=1, local_rank=1 -> adding connections to [0, 2, 3]
global_rank=2, local_rank=2 -> start phase 0
global_rank=2, local_rank=2 -> adding connections to [0, 1, 3]
[rank 3] Dispatch bandwidth: 45.96 GB/s, avg_t=165.06 us, min_t=140.70 us, max_t=230.78 us
[rank 2] Dispatch bandwidth: 46.03 GB/s, avg_t=164.81 us, min_t=144.10 us, max_t=214.18 us
[rank 0] Dispatch bandwidth: 45.91 GB/s, avg_t=165.25 us, min_t=140.54 us, max_t=233.09 us
[rank 1] Dispatch bandwidth: 45.87 GB/s, avg_t=165.39 us, min_t=140.93 us, max_t=233.22 us
global_rank=2, local_rank=2 -> end phase 0
global_rank=3, local_rank=3 -> end phase 0
global_rank=0, local_rank=0 -> end phase 0
global_rank=1, local_rank=1 -> end phase 0
[rank 2] nixlPut latency: samples=94116, p50=1.450000 us, p90=9.579500 us, p99=21.961500 us, average=3.283673 us, overflow_slots=0
[rank 3] nixlPut latency: samples=94860, p50=1.509000 us, p90=12.024500 us, p99=23.198000 us, average=4.235200 us, overflow_slots=0
[rank 1] nixlPut latency: samples=94984, p50=1.486500 us, p90=10.972500 us, p99=21.844500 us, average=3.809594 us, overflow_slots=0
[rank 0] nixlPut latency: samples=97464, p50=1.576500 us, p90=10.253500 us, p99=20.753500 us, average=3.626824 us, overflow_slots=0
global_rank=0, local_rank=0 -> done
global_rank=1, local_rank=1 -> done
global_rank=3, local_rank=3 -> done
global_rank=2, local_rank=2 -> done
