# started_at: 2026-07-26T04:58:07
# cwd: /workspace/external/nixl/examples/device/ep
# command: python3 tests/elastic/elastic.py --plan tests/elastic/no_expansion.json --num-processes 4 --num-tokens 128 --num-experts-per-rank 4 --dispatch-only
# env PYTHONPATH=/workspace/external/nixl/install/lib/python3/dist-packages
# env UCX_GDP_ENABLE=y
# env UCX_PLUGIN_PATH=/workspace/external/ucx-spcx-plugin/install/lib/ucx
# env UCX_RC_GDP_NUM_CHANNELS=2
# env UCX_TLS=rc,rc_gdp,tcp,self,sm,cuda_copy

Starting TCPStore and rank server locally
Process 2 -> global_rank=0, local_rank=0
Process 0 -> global_rank=1, local_rank=1
Process 3 -> global_rank=2, local_rank=2
Process 1 -> global_rank=3, local_rank=3
Allocating buffer size: 119.275904 MB ...
global_rank=1, local_rank=1 -> start phase 0
global_rank=1, local_rank=1 -> adding connections to [0, 2, 3]
global_rank=3, local_rank=3 -> start phase 0
global_rank=3, local_rank=3 -> adding connections to [0, 1, 2]
global_rank=0, local_rank=0 -> start phase 0
global_rank=0, local_rank=0 -> adding connections to [1, 2, 3]
global_rank=2, local_rank=2 -> start phase 0
global_rank=2, local_rank=2 -> adding connections to [0, 1, 3]
[rank 0] Dispatch bandwidth: 36.05 GB/s, avg_t=210.45 us, min_t=200.58 us, max_t=241.54 us
[rank 1] Dispatch bandwidth: 36.20 GB/s, avg_t=209.56 us, min_t=201.50 us, max_t=234.91 us
[rank 2] Dispatch bandwidth: 36.15 GB/s, avg_t=209.82 us, min_t=200.13 us, max_t=234.91 us
[rank 3] Dispatch bandwidth: 36.16 GB/s, avg_t=209.79 us, min_t=200.13 us, max_t=237.22 us
global_rank=0, local_rank=0 -> end phase 0
global_rank=2, local_rank=2 -> end phase 0
global_rank=1, local_rank=1 -> end phase 0
global_rank=3, local_rank=3 -> end phase 0
[rank 1] nixlPut latency: samples=94984, p50=1.312000 us, p90=1.512500 us, p99=1.794000 us, average=1.327345 us, overflow_slots=0
[rank 2] nixlPut latency: samples=94116, p50=1.307000 us, p90=1.488500 us, p99=2.069500 us, average=1.327037 us, overflow_slots=0
[rank 0] nixlPut latency: samples=97464, p50=1.352000 us, p90=1.576500 us, p99=1.877000 us, average=1.370390 us, overflow_slots=0
[rank 3] nixlPut latency: samples=94860, p50=1.313000 us, p90=1.507000 us, p99=2.079500 us, average=1.336045 us, overflow_slots=0
global_rank=0, local_rank=0 -> done
global_rank=1, local_rank=1 -> done
global_rank=2, local_rank=2 -> done
global_rank=3, local_rank=3 -> done
