# started_at: 2026-07-26T04:58:24
# cwd: /workspace/external/nixl/examples/device/ep
# command: python3 tests/elastic/elastic.py --plan tests/elastic/no_expansion.json --num-processes 4 --num-tokens 128 --num-experts-per-rank 4 --dispatch-only
# env PYTHONPATH=/workspace/external/nixl/install/lib/python3/dist-packages
# env UCX_GDP_ENABLE=y
# env UCX_PLUGIN_PATH=/workspace/external/ucx-spcx-plugin/install/lib/ucx
# env UCX_RC_GDP_NUM_CHANNELS=4
# env UCX_TLS=rc,rc_gdp,tcp,self,sm,cuda_copy

Starting TCPStore and rank server locally
Process 0 -> global_rank=0, local_rank=0
Process 1 -> global_rank=1, local_rank=1
Process 2 -> global_rank=2, local_rank=2
Process 3 -> global_rank=3, local_rank=3
Allocating buffer size: 119.275904 MB ...
global_rank=3, local_rank=3 -> start phase 0
global_rank=3, local_rank=3 -> adding connections to [0, 1, 2]
global_rank=1, local_rank=1 -> start phase 0
global_rank=1, local_rank=1 -> adding connections to [0, 2, 3]
global_rank=0, local_rank=0 -> start phase 0
global_rank=0, local_rank=0 -> adding connections to [1, 2, 3]
global_rank=2, local_rank=2 -> start phase 0
global_rank=2, local_rank=2 -> adding connections to [0, 1, 3]
[rank 1] Dispatch bandwidth: 43.24 GB/s, avg_t=175.44 us, min_t=141.22 us, max_t=272.29 us
[rank 3] Dispatch bandwidth: 43.24 GB/s, avg_t=175.45 us, min_t=137.66 us, max_t=271.81 us
[rank 2] Dispatch bandwidth: 43.21 GB/s, avg_t=175.57 us, min_t=142.53 us, max_t=268.90 us
[rank 0] Dispatch bandwidth: 43.22 GB/s, avg_t=175.50 us, min_t=140.86 us, max_t=274.05 us
global_rank=1, local_rank=1 -> end phase 0
global_rank=3, local_rank=3 -> end phase 0
global_rank=2, local_rank=2 -> end phase 0
global_rank=0, local_rank=0 -> end phase 0
[rank 1] nixlPut latency: samples=94984, p50=1.357500 us, p90=1.545500 us, p99=1.944500 us, average=1.366521 us, overflow_slots=0
[rank 3] nixlPut latency: samples=94860, p50=1.348000 us, p90=1.525500 us, p99=1.899500 us, average=1.361548 us, overflow_slots=0
[rank 2] nixlPut latency: samples=94116, p50=1.354000 us, p90=1.522500 us, p99=1.892500 us, average=1.359707 us, overflow_slots=0
[rank 0] nixlPut latency: samples=97464, p50=1.372000 us, p90=1.605500 us, p99=1.955000 us, average=1.408042 us, overflow_slots=0
global_rank=1, local_rank=1 -> done
global_rank=3, local_rank=3 -> done
global_rank=0, local_rank=0 -> done
global_rank=2, local_rank=2 -> done
