# started_at: 2026-07-26T04:57:51
# cwd: /workspace/external/nixl/examples/device/ep
# command: python3 tests/elastic/elastic.py --plan tests/elastic/no_expansion.json --num-processes 4 --num-tokens 128 --num-experts-per-rank 4 --dispatch-only
# env PYTHONPATH=/workspace/external/nixl/install/lib/python3/dist-packages
# env UCX_GDP_ENABLE=y
# env UCX_PLUGIN_PATH=/workspace/external/ucx-spcx-plugin/install/lib/ucx
# env UCX_RC_GDP_NUM_CHANNELS=1
# env UCX_TLS=rc,rc_gdp,tcp,self,sm,cuda_copy

Starting TCPStore and rank server locally
Process 2 -> global_rank=0, local_rank=0
Process 1 -> global_rank=1, local_rank=1
Process 0 -> global_rank=2, local_rank=2
Process 3 -> global_rank=3, local_rank=3
Allocating buffer size: 119.275904 MB ...
global_rank=3, local_rank=3 -> start phase 0
global_rank=3, local_rank=3 -> adding connections to [0, 1, 2]
global_rank=1, local_rank=1 -> start phase 0
global_rank=1, local_rank=1 -> adding connections to [0, 2, 3]
global_rank=2, local_rank=2 -> start phase 0
global_rank=0, local_rank=0 -> start phase 0
global_rank=0, local_rank=0 -> adding connections to [1, 2, 3]
global_rank=2, local_rank=2 -> adding connections to [0, 1, 3]
[rank 3] Dispatch bandwidth: 20.64 GB/s, avg_t=367.60 us, min_t=358.75 us, max_t=376.22 us
[rank 2] Dispatch bandwidth: 20.63 GB/s, avg_t=367.63 us, min_t=359.94 us, max_t=374.21 us
[rank 1] Dispatch bandwidth: 20.63 GB/s, avg_t=367.71 us, min_t=361.02 us, max_t=374.34 us
[rank 0] Dispatch bandwidth: 20.63 GB/s, avg_t=367.68 us, min_t=357.98 us, max_t=378.24 us
global_rank=3, local_rank=3 -> end phase 0
global_rank=2, local_rank=2 -> end phase 0
global_rank=0, local_rank=0 -> end phase 0
global_rank=1, local_rank=1 -> end phase 0
[rank 3] nixlPut latency: samples=94860, p50=1.309500 us, p90=1.466000 us, p99=1.809500 us, average=1.303495 us, overflow_slots=0
[rank 2] nixlPut latency: samples=94116, p50=1.279500 us, p90=1.446000 us, p99=1.848000 us, average=1.287067 us, overflow_slots=0
[rank 0] nixlPut latency: samples=97464, p50=1.302500 us, p90=1.560500 us, p99=1.901000 us, average=1.365434 us, overflow_slots=0
[rank 1] nixlPut latency: samples=94984, p50=1.288000 us, p90=1.476500 us, p99=1.845500 us, average=1.436173 us, overflow_slots=0
global_rank=2, local_rank=2 -> done
global_rank=0, local_rank=0 -> done
global_rank=1, local_rank=1 -> done
global_rank=3, local_rank=3 -> done
