# started_at: 2026-07-26T04:46:34
# cwd: /workspace/external/nixl/examples/device/ep
# command: python3 tests/elastic/elastic.py --plan tests/elastic/no_expansion.json --num-processes 4 --num-tokens 128 --num-experts-per-rank 1 --dispatch-only
# env PYTHONPATH=/workspace/external/nixl/install/lib/python3/dist-packages
# env UCX_GDP_ENABLE=y
# env UCX_PLUGIN_PATH=/workspace/external/ucx-spcx-plugin/install/lib/ucx
# env UCX_RC_GDP_NUM_CHANNELS=2
# env UCX_TLS=rc,rc_gdp,tcp,self,sm,cuda_copy

Starting TCPStore and rank server locally
Process 2 -> global_rank=0, local_rank=0
Process 0 -> global_rank=2, local_rank=2
Process 3 -> global_rank=1, local_rank=1
Process 1 -> global_rank=3, local_rank=3
Allocating buffer size: 29.819264 MB ...
global_rank=1, local_rank=1 -> start phase 0
global_rank=1, local_rank=1 -> adding connections to [0, 2, 3]
global_rank=3, local_rank=3 -> start phase 0
global_rank=3, local_rank=3 -> adding connections to [0, 1, 2]
global_rank=2, local_rank=2 -> start phase 0
global_rank=2, local_rank=2 -> adding connections to [0, 1, 3]
global_rank=0, local_rank=0 -> start phase 0
global_rank=0, local_rank=0 -> adding connections to [1, 2, 3]
WARNING: destroy() was not called before NIXL_EP buffer destruction, which can leak resources.
WARNING: destroy() was not called before NIXL_EP buffer destruction, which can leak resources.
WARNING: destroy() was not called before NIXL_EP buffer destruction, which can leak resources.
WARNING: destroy() was not called before NIXL_EP buffer destruction, which can leak resources.
Traceback (most recent call last):
  File "/workspace/external/nixl/examples/device/ep/tests/elastic/elastic.py", line 743, in <module>
    main()
  File "/workspace/external/nixl/examples/device/ep/tests/elastic/elastic.py", line 737, in main
    raise RuntimeError(
RuntimeError: Worker processes failed: worker 0 (exit code 1), worker 1 (exit code 1), worker 2 (exit code 1), worker 3 (exit code 1)
