# started_at: 2026-07-26T05:18:04
# cwd: /workspace/external/nixl/examples/device/ep
# command: python3 tests/elastic/elastic.py --plan tests/elastic/no_expansion.json --num-processes 4 --num-tokens 128 --num-experts-per-rank 8 --dispatch-only
# env NIXL_EP_NUM_CHANNELS=16
# env PYTHONPATH=/workspace/external/nixl/install/lib/python3/dist-packages
# env UCX_TLS=rc,rc_gda,tcp,self,sm,cuda_copy

Starting TCPStore and rank server locally
Process 3 -> global_rank=0, local_rank=0
Process 0 -> global_rank=1, local_rank=1
Process 2 -> global_rank=2, local_rank=2
Process 1 -> global_rank=3, local_rank=3
Allocating buffer size: 238.55168 MB ...
global_rank=3, local_rank=3 -> start phase 0
global_rank=3, local_rank=3 -> adding connections to [0, 1, 2]
global_rank=0, local_rank=0 -> start phase 0
global_rank=0, local_rank=0 -> adding connections to [1, 2, 3]
global_rank=1, local_rank=1 -> start phase 0
global_rank=1, local_rank=1 -> adding connections to [0, 2, 3]
global_rank=2, local_rank=2 -> start phase 0
global_rank=2, local_rank=2 -> adding connections to [0, 1, 3]
[rank 1] Dispatch bandwidth: 54.00 GB/s, avg_t=140.49 us, min_t=132.99 us, max_t=149.44 us
[rank 2] Dispatch bandwidth: 54.18 GB/s, avg_t=140.00 us, min_t=132.32 us, max_t=145.73 us
[rank 3] Dispatch bandwidth: 54.22 GB/s, avg_t=139.91 us, min_t=134.59 us, max_t=146.85 us
global_rank=1, local_rank=1 -> end phase 0
global_rank=2, local_rank=2 -> end phase 0
[rank 0] Dispatch bandwidth: 54.18 GB/s, avg_t=140.02 us, min_t=132.45 us, max_t=150.85 us
global_rank=3, local_rank=3 -> end phase 0
global_rank=0, local_rank=0 -> end phase 0
[rank 1] nixlPut latency: samples=96348, p50=3.667500 us, p90=5.796500 us, p99=7.937500 us, average=4.027015 us, overflow_slots=0
[rank 2] nixlPut latency: samples=96348, p50=3.665500 us, p90=5.802500 us, p99=8.092500 us, average=4.035475 us, overflow_slots=0
[rank 3] nixlPut latency: samples=96224, p50=3.655500 us, p90=5.741000 us, p99=8.194000 us, average=4.018509 us, overflow_slots=0
[rank 0] nixlPut latency: samples=99200, p50=3.629000 us, p90=5.552500 us, p99=8.255000 us, average=3.958004 us, overflow_slots=0
global_rank=3, local_rank=3 -> done
global_rank=1, local_rank=1 -> done
global_rank=2, local_rank=2 -> done
global_rank=0, local_rank=0 -> done
