# started_at: 2026-07-26T05:18:21
# cwd: /workspace/external/nixl/examples/device/ep
# command: python3 tests/elastic/elastic.py --plan tests/elastic/no_expansion.json --num-processes 4 --num-tokens 128 --num-experts-per-rank 8 --dispatch-only
# env NIXL_EP_NUM_CHANNELS=32
# env PYTHONPATH=/workspace/external/nixl/install/lib/python3/dist-packages
# env UCX_TLS=rc,rc_gda,tcp,self,sm,cuda_copy

Starting TCPStore and rank server locally
Process 1 -> global_rank=0, local_rank=0
Process 0 -> global_rank=1, local_rank=1
Process 2 -> global_rank=2, local_rank=2
Process 3 -> global_rank=3, local_rank=3
Allocating buffer size: 238.55168 MB ...
global_rank=0, local_rank=0 -> start phase 0
global_rank=0, local_rank=0 -> adding connections to [1, 2, 3]
global_rank=1, local_rank=1 -> start phase 0
global_rank=1, local_rank=1 -> adding connections to [0, 2, 3]
global_rank=3, local_rank=3 -> start phase 0
global_rank=3, local_rank=3 -> adding connections to [0, 1, 2]
global_rank=2, local_rank=2 -> start phase 0
global_rank=2, local_rank=2 -> adding connections to [0, 1, 3]
[rank 1] Dispatch bandwidth: 53.71 GB/s, avg_t=141.23 us, min_t=130.94 us, max_t=149.44 us
[rank 2] Dispatch bandwidth: 53.93 GB/s, avg_t=140.67 us, min_t=134.53 us, max_t=148.90 us
[rank 3] Dispatch bandwidth: 53.98 GB/s, avg_t=140.52 us, min_t=130.46 us, max_t=149.12 us
[rank 0] Dispatch bandwidth: 53.90 GB/s, avg_t=140.74 us, min_t=134.50 us, max_t=146.85 us
global_rank=1, local_rank=1 -> end phase 0
global_rank=2, local_rank=2 -> end phase 0
global_rank=3, local_rank=3 -> end phase 0
global_rank=0, local_rank=0 -> end phase 0
[rank 1] nixlPut latency: samples=96348, p50=3.676000 us, p90=5.888500 us, p99=8.122000 us, average=4.055494 us, overflow_slots=0
[rank 2] nixlPut latency: samples=96348, p50=3.706500 us, p90=5.878000 us, p99=8.246000 us, average=4.074555 us, overflow_slots=0
[rank 3] nixlPut latency: samples=96224, p50=3.697000 us, p90=5.809500 us, p99=8.193500 us, average=4.059195 us, overflow_slots=0
[rank 0] nixlPut latency: samples=99200, p50=3.683500 us, p90=5.634000 us, p99=8.273000 us, average=4.003665 us, overflow_slots=0
global_rank=2, local_rank=2 -> done
global_rank=3, local_rank=3 -> done
global_rank=1, local_rank=1 -> done
global_rank=0, local_rank=0 -> done
