# started_at: 2026-07-26T05:17:56
# cwd: /workspace/external/nixl/examples/device/ep
# command: python3 tests/elastic/elastic.py --plan tests/elastic/no_expansion.json --num-processes 4 --num-tokens 128 --num-experts-per-rank 8 --dispatch-only
# env NIXL_EP_NUM_CHANNELS=16
# env PYTHONPATH=/workspace/external/nixl/install/lib/python3/dist-packages
# env UCX_TLS=rc,rc_gda,tcp,self,sm,cuda_copy

Starting TCPStore and rank server locally
Process 1 -> global_rank=0, local_rank=0
Process 3 -> global_rank=1, local_rank=1
Process 0 -> global_rank=2, local_rank=2
Process 2 -> global_rank=3, local_rank=3
Allocating buffer size: 238.55168 MB ...
global_rank=0, local_rank=0 -> start phase 0
global_rank=0, local_rank=0 -> adding connections to [1, 2, 3]
global_rank=1, local_rank=1 -> start phase 0
global_rank=1, local_rank=1 -> adding connections to [0, 2, 3]
global_rank=3, local_rank=3 -> start phase 0
global_rank=3, local_rank=3 -> adding connections to [0, 1, 2]
global_rank=2, local_rank=2 -> start phase 0
global_rank=2, local_rank=2 -> adding connections to [0, 1, 3]
[rank 0] Dispatch bandwidth: 54.19 GB/s, avg_t=139.99 us, min_t=132.29 us, max_t=146.40 us
[rank 2] Dispatch bandwidth: 54.05 GB/s, avg_t=140.36 us, min_t=134.50 us, max_t=144.80 us
[rank 3] Dispatch bandwidth: 54.02 GB/s, avg_t=140.44 us, min_t=132.54 us, max_t=147.14 us
[rank 1] Dispatch bandwidth: 53.93 GB/s, avg_t=140.66 us, min_t=130.69 us, max_t=148.80 us
global_rank=2, local_rank=2 -> end phase 0
global_rank=0, local_rank=0 -> end phase 0
global_rank=3, local_rank=3 -> end phase 0
global_rank=1, local_rank=1 -> end phase 0
[rank 2] nixlPut latency: samples=96348, p50=3.667000 us, p90=5.797500 us, p99=8.040500 us, average=4.036794 us, overflow_slots=0
[rank 3] nixlPut latency: samples=96224, p50=3.646500 us, p90=5.744000 us, p99=8.190000 us, average=4.010659 us, overflow_slots=0
[rank 0] nixlPut latency: samples=99200, p50=3.638000 us, p90=5.571000 us, p99=8.214500 us, average=3.969369 us, overflow_slots=0
[rank 1] nixlPut latency: samples=96348, p50=3.661500 us, p90=5.846500 us, p99=8.016500 us, average=4.035595 us, overflow_slots=0
global_rank=0, local_rank=0 -> done
global_rank=2, local_rank=2 -> done
global_rank=1, local_rank=1 -> done
global_rank=3, local_rank=3 -> done
