# started_at: 2026-07-26T05:17:47
# cwd: /workspace/external/nixl/examples/device/ep
# command: python3 tests/elastic/elastic.py --plan tests/elastic/no_expansion.json --num-processes 4 --num-tokens 128 --num-experts-per-rank 8 --dispatch-only
# env NIXL_EP_NUM_CHANNELS=8
# env PYTHONPATH=/workspace/external/nixl/install/lib/python3/dist-packages
# env UCX_TLS=rc,rc_gda,tcp,self,sm,cuda_copy

Starting TCPStore and rank server locally
Process 0 -> global_rank=0, local_rank=0
Process 3 -> global_rank=1, local_rank=1
Process 2 -> global_rank=2, local_rank=2
Process 1 -> global_rank=3, local_rank=3
Allocating buffer size: 238.55168 MB ...
global_rank=0, local_rank=0 -> start phase 0
global_rank=0, local_rank=0 -> adding connections to [1, 2, 3]
global_rank=1, local_rank=1 -> start phase 0
global_rank=1, local_rank=1 -> adding connections to [0, 2, 3]
global_rank=2, local_rank=2 -> start phase 0
global_rank=2, local_rank=2 -> adding connections to [0, 1, 3]
global_rank=3, local_rank=3 -> start phase 0
global_rank=3, local_rank=3 -> adding connections to [0, 1, 2]
[rank 2] Dispatch bandwidth: 53.92 GB/s, avg_t=140.68 us, min_t=134.50 us, max_t=146.98 us
[rank 3] Dispatch bandwidth: 53.93 GB/s, avg_t=140.66 us, min_t=130.46 us, max_t=148.90 us
[rank 0] Dispatch bandwidth: 53.92 GB/s, avg_t=140.68 us, min_t=132.51 us, max_t=150.91 us
[rank 1] Dispatch bandwidth: 53.84 GB/s, avg_t=140.89 us, min_t=130.27 us, max_t=153.15 us
global_rank=2, local_rank=2 -> end phase 0
global_rank=3, local_rank=3 -> end phase 0
global_rank=0, local_rank=0 -> end phase 0
global_rank=1, local_rank=1 -> end phase 0
[rank 2] nixlPut latency: samples=96348, p50=3.743500 us, p90=5.751500 us, p99=8.077500 us, average=4.055464 us, overflow_slots=0
[rank 3] nixlPut latency: samples=96224, p50=3.667000 us, p90=5.681000 us, p99=8.009500 us, average=3.994365 us, overflow_slots=0
[rank 1] nixlPut latency: samples=96348, p50=3.701000 us, p90=5.734500 us, p99=7.892500 us, average=4.023289 us, overflow_slots=0
[rank 0] nixlPut latency: samples=99200, p50=3.737500 us, p90=5.613500 us, p99=8.130000 us, average=4.029667 us, overflow_slots=0
global_rank=2, local_rank=2 -> done
global_rank=1, local_rank=1 -> done
global_rank=3, local_rank=3 -> done
global_rank=0, local_rank=0 -> done
