# started_at: 2026-07-26T05:16:33
# cwd: /workspace/external/nixl/examples/device/ep
# command: python3 tests/elastic/elastic.py --plan tests/elastic/no_expansion.json --num-processes 4 --num-tokens 128 --num-experts-per-rank 8 --dispatch-only
# env NIXL_EP_NUM_CHANNELS=1
# env PYTHONPATH=/workspace/external/nixl/install/lib/python3/dist-packages
# env UCX_TLS=rc,rc_gda,tcp,self,sm,cuda_copy

Starting TCPStore and rank server locally
Process 0 -> global_rank=0, local_rank=0
Process 1 -> global_rank=1, local_rank=1
Process 3 -> global_rank=2, local_rank=2
Process 2 -> global_rank=3, local_rank=3
Allocating buffer size: 238.55168 MB ...
global_rank=0, local_rank=0 -> start phase 0
global_rank=0, local_rank=0 -> adding connections to [1, 2, 3]
global_rank=1, local_rank=1 -> start phase 0
global_rank=1, local_rank=1 -> adding connections to [0, 2, 3]
global_rank=3, local_rank=3 -> start phase 0
global_rank=3, local_rank=3 -> adding connections to [0, 1, 2]
global_rank=2, local_rank=2 -> start phase 0
global_rank=2, local_rank=2 -> adding connections to [0, 1, 3]
[rank 0] Dispatch bandwidth: 39.81 GB/s, avg_t=190.53 us, min_t=183.39 us, max_t=201.86 us
[rank 1] Dispatch bandwidth: 39.76 GB/s, avg_t=190.81 us, min_t=176.90 us, max_t=203.90 us
[rank 2] Dispatch bandwidth: 39.73 GB/s, avg_t=190.92 us, min_t=181.66 us, max_t=204.00 us
[rank 3] Dispatch bandwidth: 39.75 GB/s, avg_t=190.82 us, min_t=177.60 us, max_t=204.19 us
global_rank=0, local_rank=0 -> end phase 0
global_rank=1, local_rank=1 -> end phase 0
global_rank=2, local_rank=2 -> end phase 0
global_rank=3, local_rank=3 -> end phase 0
[rank 2] nixlPut latency: samples=96348, p50=27.830000 us, p90=34.672500 us, p99=38.286000 us, average=26.111030 us, overflow_slots=0
[rank 1] nixlPut latency: samples=96348, p50=26.592500 us, p90=35.021500 us, p99=38.923500 us, average=25.545221 us, overflow_slots=0
[rank 3] nixlPut latency: samples=96224, p50=28.548000 us, p90=35.028500 us, p99=39.628000 us, average=26.573106 us, overflow_slots=0
[rank 0] nixlPut latency: samples=99200, p50=26.420000 us, p90=37.582500 us, p99=41.931500 us, average=25.917431 us, overflow_slots=0
global_rank=0, local_rank=0 -> done
global_rank=2, local_rank=2 -> done
global_rank=3, local_rank=3 -> done
global_rank=1, local_rank=1 -> done
