# started_at: 2026-07-26T05:17:22
# cwd: /workspace/external/nixl/examples/device/ep
# command: python3 tests/elastic/elastic.py --plan tests/elastic/no_expansion.json --num-processes 4 --num-tokens 128 --num-experts-per-rank 8 --dispatch-only
# env NIXL_EP_NUM_CHANNELS=4
# env PYTHONPATH=/workspace/external/nixl/install/lib/python3/dist-packages
# env UCX_TLS=rc,rc_gda,tcp,self,sm,cuda_copy

Starting TCPStore and rank server locally
Process 0 -> global_rank=0, local_rank=0
Process 2 -> global_rank=1, local_rank=1
Process 3 -> global_rank=2, local_rank=2
Process 1 -> global_rank=3, local_rank=3
Allocating buffer size: 238.55168 MB ...
global_rank=3, local_rank=3 -> start phase 0
global_rank=3, local_rank=3 -> adding connections to [0, 1, 2]
global_rank=1, local_rank=1 -> start phase 0
global_rank=1, local_rank=1 -> adding connections to [0, 2, 3]
global_rank=2, local_rank=2 -> start phase 0
global_rank=2, local_rank=2 -> adding connections to [0, 1, 3]
global_rank=0, local_rank=0 -> start phase 0
global_rank=0, local_rank=0 -> adding connections to [1, 2, 3]
[rank 3] Dispatch bandwidth: 52.84 GB/s, avg_t=143.56 us, min_t=134.24 us, max_t=152.96 us
[rank 2] Dispatch bandwidth: 52.88 GB/s, avg_t=143.46 us, min_t=136.58 us, max_t=152.96 us
[rank 1] Dispatch bandwidth: 52.65 GB/s, avg_t=144.08 us, min_t=132.99 us, max_t=157.63 us
[rank 0] Dispatch bandwidth: 52.89 GB/s, avg_t=143.44 us, min_t=136.61 us, max_t=150.94 us
global_rank=3, local_rank=3 -> end phase 0
global_rank=2, local_rank=2 -> end phase 0
global_rank=1, local_rank=1 -> end phase 0
global_rank=0, local_rank=0 -> end phase 0
[rank 3] nixlPut latency: samples=96224, p50=5.270000 us, p90=8.783500 us, p99=12.645500 us, average=5.667705 us, overflow_slots=0
[rank 1] nixlPut latency: samples=96348, p50=5.333500 us, p90=8.801000 us, p99=11.858500 us, average=5.690544 us, overflow_slots=0
[rank 2] nixlPut latency: samples=96348, p50=5.346500 us, p90=9.244500 us, p99=12.598000 us, average=5.796446 us, overflow_slots=0
[rank 0] nixlPut latency: samples=99200, p50=5.387500 us, p90=8.866500 us, p99=11.845500 us, average=5.729619 us, overflow_slots=0
global_rank=0, local_rank=0 -> done
global_rank=3, local_rank=3 -> done
global_rank=2, local_rank=2 -> done
global_rank=1, local_rank=1 -> done
