# started_at: 2026-07-26T05:16:50
# cwd: /workspace/external/nixl/examples/device/ep
# command: python3 tests/elastic/elastic.py --plan tests/elastic/no_expansion.json --num-processes 4 --num-tokens 128 --num-experts-per-rank 8 --dispatch-only
# env NIXL_EP_NUM_CHANNELS=2
# env PYTHONPATH=/workspace/external/nixl/install/lib/python3/dist-packages
# env UCX_TLS=rc,rc_gda,tcp,self,sm,cuda_copy

Starting TCPStore and rank server locally
Process 2 -> global_rank=0, local_rank=0
Process 3 -> global_rank=1, local_rank=1
Process 1 -> global_rank=2, local_rank=2
Process 0 -> global_rank=3, local_rank=3
Allocating buffer size: 238.55168 MB ...
global_rank=0, local_rank=0 -> start phase 0
global_rank=0, local_rank=0 -> adding connections to [1, 2, 3]
global_rank=2, local_rank=2 -> start phase 0
global_rank=2, local_rank=2 -> adding connections to [0, 1, 3]
global_rank=3, local_rank=3 -> start phase 0
global_rank=3, local_rank=3 -> adding connections to [0, 1, 2]
global_rank=1, local_rank=1 -> start phase 0
global_rank=1, local_rank=1 -> adding connections to [0, 2, 3]
[rank 1] Dispatch bandwidth: 51.16 GB/s, avg_t=148.26 us, min_t=138.05 us, max_t=160.90 us
[rank 2] Dispatch bandwidth: 51.05 GB/s, avg_t=148.60 us, min_t=136.64 us, max_t=160.26 us
[rank 3] Dispatch bandwidth: 50.94 GB/s, avg_t=148.91 us, min_t=140.74 us, max_t=158.18 us
[rank 0] Dispatch bandwidth: 50.84 GB/s, avg_t=149.20 us, min_t=137.15 us, max_t=159.65 us
global_rank=1, local_rank=1 -> end phase 0
global_rank=2, local_rank=2 -> end phase 0
global_rank=3, local_rank=3 -> end phase 0
global_rank=0, local_rank=0 -> end phase 0
[rank 2] nixlPut latency: samples=96348, p50=11.112000 us, p90=17.734500 us, p99=21.216000 us, average=11.027878 us, overflow_slots=0
[rank 3] nixlPut latency: samples=96224, p50=11.438000 us, p90=16.507500 us, p99=20.214000 us, average=11.333430 us, overflow_slots=0
[rank 1] nixlPut latency: samples=96348, p50=11.736500 us, p90=17.274000 us, p99=20.839000 us, average=11.698814 us, overflow_slots=0
[rank 0] nixlPut latency: samples=99200, p50=11.857000 us, p90=17.962500 us, p99=21.460500 us, average=11.686901 us, overflow_slots=0
global_rank=1, local_rank=1 -> done
global_rank=3, local_rank=3 -> done
global_rank=2, local_rank=2 -> done
global_rank=0, local_rank=0 -> done
