# started_at: 2026-07-26T05:16:17
# cwd: /workspace/external/nixl/examples/device/ep
# command: python3 tests/elastic/elastic.py --plan tests/elastic/no_expansion.json --num-processes 4 --num-tokens 128 --num-experts-per-rank 8 --dispatch-only
# env NIXL_EP_NUM_CHANNELS=1
# env PYTHONPATH=/workspace/external/nixl/install/lib/python3/dist-packages
# env UCX_TLS=rc,rc_gda,tcp,self,sm,cuda_copy

Starting TCPStore and rank server locally
Process 3 -> global_rank=1, local_rank=1
Process 0 -> global_rank=0, local_rank=0
Process 2 -> global_rank=2, local_rank=2
Process 1 -> global_rank=3, local_rank=3
Allocating buffer size: 238.55168 MB ...
global_rank=1, local_rank=1 -> start phase 0
global_rank=1, local_rank=1 -> adding connections to [0, 2, 3]
global_rank=2, local_rank=2 -> start phase 0
global_rank=2, local_rank=2 -> adding connections to [0, 1, 3]
global_rank=0, local_rank=0 -> start phase 0
global_rank=0, local_rank=0 -> adding connections to [1, 2, 3]
global_rank=3, local_rank=3 -> start phase 0
global_rank=3, local_rank=3 -> adding connections to [0, 1, 2]
[rank 0] Dispatch bandwidth: 39.68 GB/s, avg_t=191.18 us, min_t=184.13 us, max_t=201.41 us
[rank 1] Dispatch bandwidth: 39.54 GB/s, avg_t=191.85 us, min_t=180.13 us, max_t=204.70 us
[rank 3] Dispatch bandwidth: 39.69 GB/s, avg_t=191.12 us, min_t=177.31 us, max_t=203.58 us
[rank 2] Dispatch bandwidth: 39.69 GB/s, avg_t=191.14 us, min_t=183.07 us, max_t=202.53 us
global_rank=1, local_rank=1 -> end phase 0
global_rank=0, local_rank=0 -> end phase 0
global_rank=3, local_rank=3 -> end phase 0
global_rank=2, local_rank=2 -> end phase 0
[rank 1] nixlPut latency: samples=96348, p50=26.813000 us, p90=35.021500 us, p99=38.999000 us, average=25.677005 us, overflow_slots=0
[rank 3] nixlPut latency: samples=96224, p50=28.475000 us, p90=35.136000 us, p99=39.699500 us, average=26.606033 us, overflow_slots=0
[rank 0] nixlPut latency: samples=99200, p50=26.412500 us, p90=37.459000 us, p99=41.736000 us, average=25.813071 us, overflow_slots=0
[rank 2] nixlPut latency: samples=96348, p50=27.972000 us, p90=34.770000 us, p99=38.369000 us, average=26.176705 us, overflow_slots=0
global_rank=1, local_rank=1 -> done
global_rank=3, local_rank=3 -> done
global_rank=2, local_rank=2 -> done
global_rank=0, local_rank=0 -> done
