# started_at: 2026-07-26T05:16:25
# cwd: /workspace/external/nixl/examples/device/ep
# command: python3 tests/elastic/elastic.py --plan tests/elastic/no_expansion.json --num-processes 4 --num-tokens 128 --num-experts-per-rank 8 --dispatch-only
# env NIXL_EP_NUM_CHANNELS=1
# env PYTHONPATH=/workspace/external/nixl/install/lib/python3/dist-packages
# env UCX_TLS=rc,rc_gda,tcp,self,sm,cuda_copy

Starting TCPStore and rank server locally
Process 3 -> global_rank=0, local_rank=0
Process 1 -> global_rank=1, local_rank=1
Process 2 -> global_rank=2, local_rank=2
Process 0 -> global_rank=3, local_rank=3
Allocating buffer size: 238.55168 MB ...
global_rank=1, local_rank=1 -> start phase 0
global_rank=1, local_rank=1 -> adding connections to [0, 2, 3]
global_rank=2, local_rank=2 -> start phase 0
global_rank=2, local_rank=2 -> adding connections to [0, 1, 3]
global_rank=0, local_rank=0 -> start phase 0
global_rank=3, local_rank=3 -> start phase 0
global_rank=0, local_rank=0 -> adding connections to [1, 2, 3]
global_rank=3, local_rank=3 -> adding connections to [0, 1, 2]
[rank 0] Dispatch bandwidth: 39.52 GB/s, avg_t=191.96 us, min_t=185.22 us, max_t=198.53 us
[rank 3] Dispatch bandwidth: 39.64 GB/s, avg_t=191.39 us, min_t=177.76 us, max_t=204.35 us
[rank 2] Dispatch bandwidth: 39.72 GB/s, avg_t=190.99 us, min_t=182.11 us, max_t=198.24 us
[rank 1] Dispatch bandwidth: 39.61 GB/s, avg_t=191.50 us, min_t=179.84 us, max_t=202.34 us
global_rank=0, local_rank=0 -> end phase 0
global_rank=3, local_rank=3 -> end phase 0
global_rank=2, local_rank=2 -> end phase 0
global_rank=1, local_rank=1 -> end phase 0
[rank 3] nixlPut latency: samples=96224, p50=28.513500 us, p90=35.116000 us, p99=39.832500 us, average=26.618901 us, overflow_slots=0
[rank 2] nixlPut latency: samples=96348, p50=28.007000 us, p90=34.630000 us, p99=38.223500 us, average=26.120442 us, overflow_slots=0
[rank 0] nixlPut latency: samples=99200, p50=26.453500 us, p90=37.534000 us, p99=42.091500 us, average=25.868460 us, overflow_slots=0
[rank 1] nixlPut latency: samples=96348, p50=26.715000 us, p90=34.953500 us, p99=39.074500 us, average=25.598994 us, overflow_slots=0
global_rank=3, local_rank=3 -> done
global_rank=0, local_rank=0 -> done
global_rank=1, local_rank=1 -> done
global_rank=2, local_rank=2 -> done
