# started_at: 2026-07-26T05:18:40
# cwd: /workspace/external/nixl/examples/device/ep
# command: python3 tests/elastic/elastic.py --plan tests/elastic/no_expansion.json --num-processes 4 --num-tokens 128 --num-experts-per-rank 8 --dispatch-only
# env NIXL_EP_NUM_CHANNELS=32
# env PYTHONPATH=/workspace/external/nixl/install/lib/python3/dist-packages
# env UCX_TLS=rc,rc_gda,tcp,self,sm,cuda_copy

Starting TCPStore and rank server locally
Process 0 -> global_rank=0, local_rank=0
Process 2 -> global_rank=1, local_rank=1
Process 1 -> global_rank=2, local_rank=2
Process 3 -> global_rank=3, local_rank=3
Allocating buffer size: 238.55168 MB ...
global_rank=0, local_rank=0 -> start phase 0
global_rank=0, local_rank=0 -> adding connections to [1, 2, 3]
global_rank=1, local_rank=1 -> start phase 0
global_rank=1, local_rank=1 -> adding connections to [0, 2, 3]
global_rank=2, local_rank=2 -> start phase 0
global_rank=2, local_rank=2 -> adding connections to [0, 1, 3]
global_rank=3, local_rank=3 -> start phase 0
global_rank=3, local_rank=3 -> adding connections to [0, 1, 2]
[rank 0] Dispatch bandwidth: 53.81 GB/s, avg_t=140.98 us, min_t=132.99 us, max_t=151.42 us
[rank 3] Dispatch bandwidth: 53.96 GB/s, avg_t=140.58 us, min_t=132.32 us, max_t=147.07 us
[rank 2] Dispatch bandwidth: 54.00 GB/s, avg_t=140.47 us, min_t=132.80 us, max_t=146.78 us
global_rank=0, local_rank=0 -> end phase 0
[rank 1] Dispatch bandwidth: 53.96 GB/s, avg_t=140.59 us, min_t=130.30 us, max_t=151.14 us
global_rank=3, local_rank=3 -> end phase 0
global_rank=2, local_rank=2 -> end phase 0
global_rank=1, local_rank=1 -> end phase 0
[rank 3] nixlPut latency: samples=96224, p50=3.690500 us, p90=5.799000 us, p99=8.127500 us, average=4.049271 us, overflow_slots=0
[rank 0] nixlPut latency: samples=99200, p50=3.678000 us, p90=5.590500 us, p99=8.215500 us, average=3.991664 us, overflow_slots=0
[rank 2] nixlPut latency: samples=96348, p50=3.700500 us, p90=5.886500 us, p99=8.179000 us, average=4.074495 us, overflow_slots=0
[rank 1] nixlPut latency: samples=96348, p50=3.685000 us, p90=5.857000 us, p99=8.059500 us, average=4.058370 us, overflow_slots=0
global_rank=3, local_rank=3 -> done
global_rank=0, local_rank=0 -> done
global_rank=1, local_rank=1 -> done
global_rank=2, local_rank=2 -> done
