# started_at: 2026-07-26T05:16:58
# cwd: /workspace/external/nixl/examples/device/ep
# command: python3 tests/elastic/elastic.py --plan tests/elastic/no_expansion.json --num-processes 4 --num-tokens 128 --num-experts-per-rank 8 --dispatch-only
# env NIXL_EP_NUM_CHANNELS=2
# env PYTHONPATH=/workspace/external/nixl/install/lib/python3/dist-packages
# env UCX_TLS=rc,rc_gda,tcp,self,sm,cuda_copy

Starting TCPStore and rank server locally
Process 3 -> global_rank=0, local_rank=0
Process 2 -> global_rank=1, local_rank=1
Process 1 -> global_rank=2, local_rank=2
Process 0 -> global_rank=3, local_rank=3
Allocating buffer size: 238.55168 MB ...
global_rank=0, local_rank=0 -> start phase 0
global_rank=0, local_rank=0 -> adding connections to [1, 2, 3]
global_rank=2, local_rank=2 -> start phase 0
global_rank=2, local_rank=2 -> adding connections to [0, 1, 3]
global_rank=1, local_rank=1 -> start phase 0
global_rank=1, local_rank=1 -> adding connections to [0, 2, 3]
global_rank=3, local_rank=3 -> start phase 0
global_rank=3, local_rank=3 -> adding connections to [0, 1, 2]
[rank 2] Dispatch bandwidth: 51.08 GB/s, avg_t=148.50 us, min_t=136.64 us, max_t=157.12 us
[rank 3] Dispatch bandwidth: 51.04 GB/s, avg_t=148.61 us, min_t=138.59 us, max_t=161.41 us
[rank 1] Dispatch bandwidth: 51.09 GB/s, avg_t=148.49 us, min_t=138.82 us, max_t=159.39 us
[rank 0] Dispatch bandwidth: 51.10 GB/s, avg_t=148.45 us, min_t=138.30 us, max_t=161.09 us
global_rank=2, local_rank=2 -> end phase 0
global_rank=3, local_rank=3 -> end phase 0
global_rank=1, local_rank=1 -> end phase 0
global_rank=0, local_rank=0 -> end phase 0
[rank 3] nixlPut latency: samples=96224, p50=11.567000 us, p90=16.586500 us, p99=20.249000 us, average=11.454646 us, overflow_slots=0
[rank 2] nixlPut latency: samples=96348, p50=11.151000 us, p90=17.548000 us, p99=20.964500 us, average=10.991394 us, overflow_slots=0
[rank 1] nixlPut latency: samples=96348, p50=11.708000 us, p90=17.178500 us, p99=20.727000 us, average=11.640804 us, overflow_slots=0
[rank 0] nixlPut latency: samples=99200, p50=11.800000 us, p90=17.910500 us, p99=21.354000 us, average=11.624950 us, overflow_slots=0
global_rank=3, local_rank=3 -> done
global_rank=2, local_rank=2 -> done
global_rank=0, local_rank=0 -> done
global_rank=1, local_rank=1 -> done
