# started_at: 2026-07-26T05:16:41
# cwd: /workspace/external/nixl/examples/device/ep
# command: python3 tests/elastic/elastic.py --plan tests/elastic/no_expansion.json --num-processes 4 --num-tokens 128 --num-experts-per-rank 8 --dispatch-only
# env NIXL_EP_NUM_CHANNELS=2
# env PYTHONPATH=/workspace/external/nixl/install/lib/python3/dist-packages
# env UCX_TLS=rc,rc_gda,tcp,self,sm,cuda_copy

Starting TCPStore and rank server locally
Process 0 -> global_rank=0, local_rank=0
Process 1 -> global_rank=1, local_rank=1
Process 2 -> global_rank=2, local_rank=2
Process 3 -> global_rank=3, local_rank=3
Allocating buffer size: 238.55168 MB ...
global_rank=1, local_rank=1 -> start phase 0
global_rank=1, local_rank=1 -> adding connections to [0, 2, 3]
global_rank=3, local_rank=3 -> start phase 0
global_rank=3, local_rank=3 -> adding connections to [0, 1, 2]
global_rank=2, local_rank=2 -> start phase 0
global_rank=2, local_rank=2 -> adding connections to [0, 1, 3]
global_rank=0, local_rank=0 -> start phase 0
global_rank=0, local_rank=0 -> adding connections to [1, 2, 3]
[rank 0] Dispatch bandwidth: 51.30 GB/s, avg_t=147.88 us, min_t=140.26 us, max_t=158.46 us
[rank 3] Dispatch bandwidth: 51.16 GB/s, avg_t=148.28 us, min_t=138.62 us, max_t=160.86 us
[rank 2] Dispatch bandwidth: 51.34 GB/s, avg_t=147.76 us, min_t=140.10 us, max_t=156.80 us
[rank 1] Dispatch bandwidth: 51.08 GB/s, avg_t=148.51 us, min_t=140.93 us, max_t=160.06 us
global_rank=3, local_rank=3 -> end phase 0
global_rank=0, local_rank=0 -> end phase 0
global_rank=2, local_rank=2 -> end phase 0
global_rank=1, local_rank=1 -> end phase 0
[rank 3] nixlPut latency: samples=96224, p50=11.418500 us, p90=16.560000 us, p99=20.320000 us, average=11.351514 us, overflow_slots=0
[rank 2] nixlPut latency: samples=96348, p50=11.142500 us, p90=17.698500 us, p99=21.096500 us, average=11.005946 us, overflow_slots=0
[rank 0] nixlPut latency: samples=99200, p50=11.934000 us, p90=17.908000 us, p99=21.323500 us, average=11.700130 us, overflow_slots=0
[rank 1] nixlPut latency: samples=96348, p50=11.647500 us, p90=17.241000 us, p99=20.773000 us, average=11.636848 us, overflow_slots=0
global_rank=3, local_rank=3 -> done
global_rank=0, local_rank=0 -> done
global_rank=1, local_rank=1 -> done
global_rank=2, local_rank=2 -> done
