# started_at: 2026-07-26T05:08:50
# cwd: /workspace/external/nixl/examples/device/ep
# command: python3 tests/elastic/elastic.py --plan tests/elastic/no_expansion.json --num-processes 4 --num-tokens 128 --num-experts-per-rank 2 --dispatch-only
# env PYTHONPATH=/workspace/external/nixl/install/lib/python3/dist-packages
# env UCX_GDP_ENABLE=y
# env UCX_PLUGIN_PATH=/workspace/external/ucx-spcx-plugin/install/lib/ucx
# env UCX_RC_GDP_NUM_CHANNELS=32
# env UCX_TLS=rc,rc_gdp,tcp,self,sm,cuda_copy

Starting TCPStore and rank server locally
Process 2 -> global_rank=0, local_rank=0
Process 0 -> global_rank=1, local_rank=1
Process 1 -> global_rank=2, local_rank=2
Process 3 -> global_rank=3, local_rank=3
Allocating buffer size: 59.638144 MB ...
global_rank=0, local_rank=0 -> start phase 0
global_rank=0, local_rank=0 -> adding connections to [1, 2, 3]
global_rank=1, local_rank=1 -> start phase 0
global_rank=1, local_rank=1 -> adding connections to [0, 2, 3]
global_rank=3, local_rank=3 -> start phase 0
global_rank=3, local_rank=3 -> adding connections to [0, 1, 2]
global_rank=2, local_rank=2 -> start phase 0
global_rank=2, local_rank=2 -> adding connections to [0, 1, 3]
[rank 1] Dispatch bandwidth: 33.43 GB/s, avg_t=226.94 us, min_t=221.06 us, max_t=231.36 us
[rank 0] Dispatch bandwidth: 33.44 GB/s, avg_t=226.88 us, min_t=223.07 us, max_t=233.38 us
[rank 2] Dispatch bandwidth: 33.51 GB/s, avg_t=226.36 us, min_t=221.57 us, max_t=232.90 us
[rank 3] Dispatch bandwidth: 33.51 GB/s, avg_t=226.35 us, min_t=220.58 us, max_t=232.86 us
global_rank=1, local_rank=1 -> end phase 0
global_rank=0, local_rank=0 -> end phase 0
global_rank=3, local_rank=3 -> end phase 0
global_rank=2, local_rank=2 -> end phase 0
[rank 0] nixlPut latency: samples=95232, p50=6.838000 us, p90=11.880500 us, p99=19.310500 us, average=6.911442 us, overflow_slots=0
[rank 1] nixlPut latency: samples=95232, p50=6.751500 us, p90=11.009500 us, p99=17.857000 us, average=6.584030 us, overflow_slots=0
[rank 2] nixlPut latency: samples=95232, p50=6.946000 us, p90=11.921500 us, p99=19.470000 us, average=6.931821 us, overflow_slots=0
[rank 3] nixlPut latency: samples=95232, p50=6.824000 us, p90=12.131000 us, p99=20.068000 us, average=6.938601 us, overflow_slots=0
global_rank=1, local_rank=1 -> done
global_rank=0, local_rank=0 -> done
global_rank=2, local_rank=2 -> done
global_rank=3, local_rank=3 -> done
