# started_at: 2026-07-26T05:08:18
# cwd: /workspace/external/nixl/examples/device/ep
# command: python3 tests/elastic/elastic.py --plan tests/elastic/no_expansion.json --num-processes 4 --num-tokens 128 --num-experts-per-rank 2 --dispatch-only
# env PYTHONPATH=/workspace/external/nixl/install/lib/python3/dist-packages
# env UCX_GDP_ENABLE=y
# env UCX_PLUGIN_PATH=/workspace/external/ucx-spcx-plugin/install/lib/ucx
# env UCX_RC_GDP_NUM_CHANNELS=8
# env UCX_TLS=rc,rc_gdp,tcp,self,sm,cuda_copy

Starting TCPStore and rank server locally
Process 3 -> global_rank=0, local_rank=0
Process 1 -> global_rank=1, local_rank=1
Process 0 -> global_rank=2, local_rank=2
Process 2 -> global_rank=3, local_rank=3
Allocating buffer size: 59.638144 MB ...
global_rank=0, local_rank=0 -> start phase 0
global_rank=0, local_rank=0 -> adding connections to [1, 2, 3]
global_rank=3, local_rank=3 -> start phase 0
global_rank=3, local_rank=3 -> adding connections to [0, 1, 2]
global_rank=1, local_rank=1 -> start phase 0
global_rank=1, local_rank=1 -> adding connections to [0, 2, 3]
global_rank=2, local_rank=2 -> start phase 0
global_rank=2, local_rank=2 -> adding connections to [0, 1, 3]
[rank 1] Dispatch bandwidth: 35.32 GB/s, avg_t=214.76 us, min_t=210.82 us, max_t=219.07 us
[rank 0] Dispatch bandwidth: 35.33 GB/s, avg_t=214.72 us, min_t=208.77 us, max_t=219.01 us
[rank 3] Dispatch bandwidth: 35.40 GB/s, avg_t=214.29 us, min_t=208.29 us, max_t=222.59 us
[rank 2] Dispatch bandwidth: 35.41 GB/s, avg_t=214.25 us, min_t=209.98 us, max_t=220.58 us
global_rank=0, local_rank=0 -> end phase 0
global_rank=1, local_rank=1 -> end phase 0
global_rank=3, local_rank=3 -> end phase 0
global_rank=2, local_rank=2 -> end phase 0
[rank 1] nixlPut latency: samples=95232, p50=1.213000 us, p90=3.809000 us, p99=10.217000 us, average=1.877246 us, overflow_slots=0
[rank 0] nixlPut latency: samples=95232, p50=1.496500 us, p90=4.640000 us, p99=10.105000 us, average=2.180873 us, overflow_slots=0
[rank 3] nixlPut latency: samples=95232, p50=1.402500 us, p90=5.389000 us, p99=10.559500 us, average=2.215555 us, overflow_slots=0
[rank 2] nixlPut latency: samples=95232, p50=1.419500 us, p90=5.366000 us, p99=10.508000 us, average=2.215710 us, overflow_slots=0
global_rank=1, local_rank=1 -> done
global_rank=0, local_rank=0 -> done
global_rank=3, local_rank=3 -> done
global_rank=2, local_rank=2 -> done
