# started_at: 2026-07-26T05:08:09
# cwd: /workspace/external/nixl/examples/device/ep
# command: python3 tests/elastic/elastic.py --plan tests/elastic/no_expansion.json --num-processes 4 --num-tokens 128 --num-experts-per-rank 2 --dispatch-only
# env PYTHONPATH=/workspace/external/nixl/install/lib/python3/dist-packages
# env UCX_GDP_ENABLE=y
# env UCX_PLUGIN_PATH=/workspace/external/ucx-spcx-plugin/install/lib/ucx
# env UCX_RC_GDP_NUM_CHANNELS=8
# env UCX_TLS=rc,rc_gdp,tcp,self,sm,cuda_copy

Starting TCPStore and rank server locally
Process 2 -> global_rank=0, local_rank=0
Process 3 -> global_rank=1, local_rank=1
Process 0 -> global_rank=2, local_rank=2
Process 1 -> global_rank=3, local_rank=3
Allocating buffer size: 59.638144 MB ...
global_rank=0, local_rank=0 -> start phase 0
global_rank=0, local_rank=0 -> adding connections to [1, 2, 3]
global_rank=3, local_rank=3 -> start phase 0
global_rank=3, local_rank=3 -> adding connections to [0, 1, 2]
global_rank=1, local_rank=1 -> start phase 0
global_rank=1, local_rank=1 -> adding connections to [0, 2, 3]
global_rank=2, local_rank=2 -> start phase 0
global_rank=2, local_rank=2 -> adding connections to [0, 1, 3]
[rank 0] Dispatch bandwidth: 35.33 GB/s, avg_t=214.70 us, min_t=208.74 us, max_t=221.06 us
[rank 1] Dispatch bandwidth: 35.32 GB/s, avg_t=214.79 us, min_t=208.80 us, max_t=219.04 us
[rank 2] Dispatch bandwidth: 35.42 GB/s, avg_t=214.19 us, min_t=206.21 us, max_t=220.64 us
[rank 3] Dispatch bandwidth: 35.42 GB/s, avg_t=214.17 us, min_t=207.30 us, max_t=220.58 us
global_rank=1, local_rank=1 -> end phase 0
global_rank=0, local_rank=0 -> end phase 0
global_rank=2, local_rank=2 -> end phase 0
global_rank=3, local_rank=3 -> end phase 0
[rank 1] nixlPut latency: samples=95232, p50=1.212500 us, p90=3.682000 us, p99=9.856500 us, average=1.852910 us, overflow_slots=0
[rank 0] nixlPut latency: samples=95232, p50=1.497000 us, p90=4.793500 us, p99=10.177500 us, average=2.197115 us, overflow_slots=0
[rank 2] nixlPut latency: samples=95232, p50=1.419500 us, p90=5.304000 us, p99=10.638500 us, average=2.220729 us, overflow_slots=0
[rank 3] nixlPut latency: samples=95232, p50=1.406000 us, p90=5.871000 us, p99=10.945500 us, average=2.318468 us, overflow_slots=0
global_rank=1, local_rank=1 -> done
global_rank=0, local_rank=0 -> done
global_rank=2, local_rank=2 -> done
global_rank=3, local_rank=3 -> done
