# started_at: 2026-07-26T05:08:26
# cwd: /workspace/external/nixl/examples/device/ep
# command: python3 tests/elastic/elastic.py --plan tests/elastic/no_expansion.json --num-processes 4 --num-tokens 128 --num-experts-per-rank 2 --dispatch-only
# env PYTHONPATH=/workspace/external/nixl/install/lib/python3/dist-packages
# env UCX_GDP_ENABLE=y
# env UCX_PLUGIN_PATH=/workspace/external/ucx-spcx-plugin/install/lib/ucx
# env UCX_RC_GDP_NUM_CHANNELS=16
# env UCX_TLS=rc,rc_gdp,tcp,self,sm,cuda_copy

Starting TCPStore and rank server locally
Process 2 -> global_rank=0, local_rank=0
Process 0 -> global_rank=1, local_rank=1
Process 3 -> global_rank=2, local_rank=2
Process 1 -> global_rank=3, local_rank=3
Allocating buffer size: 59.638144 MB ...
global_rank=0, local_rank=0 -> start phase 0
global_rank=0, local_rank=0 -> adding connections to [1, 2, 3]
global_rank=3, local_rank=3 -> start phase 0
global_rank=3, local_rank=3 -> adding connections to [0, 1, 2]
global_rank=1, local_rank=1 -> start phase 0
global_rank=1, local_rank=1 -> adding connections to [0, 2, 3]
global_rank=2, local_rank=2 -> start phase 0
global_rank=2, local_rank=2 -> adding connections to [0, 1, 3]
[rank 0] Dispatch bandwidth: 35.10 GB/s, avg_t=216.12 us, min_t=212.83 us, max_t=224.16 us
[rank 1] Dispatch bandwidth: 35.09 GB/s, avg_t=216.16 us, min_t=212.83 us, max_t=221.06 us
[rank 2] Dispatch bandwidth: 35.17 GB/s, avg_t=215.71 us, min_t=212.35 us, max_t=220.70 us
[rank 3] Dispatch bandwidth: 35.19 GB/s, avg_t=215.57 us, min_t=208.51 us, max_t=223.39 us
global_rank=0, local_rank=0 -> end phase 0
global_rank=1, local_rank=1 -> end phase 0
global_rank=2, local_rank=2 -> end phase 0
global_rank=3, local_rank=3 -> end phase 0
[rank 0] nixlPut latency: samples=95232, p50=4.849000 us, p90=9.721500 us, p99=13.355000 us, average=5.068607 us, overflow_slots=0
[rank 1] nixlPut latency: samples=95232, p50=4.719500 us, p90=9.104000 us, p99=12.688000 us, average=4.767148 us, overflow_slots=0
[rank 2] nixlPut latency: samples=95232, p50=5.281500 us, p90=9.836500 us, p99=13.568000 us, average=5.231008 us, overflow_slots=0
[rank 3] nixlPut latency: samples=95232, p50=5.207000 us, p90=9.877500 us, p99=13.815500 us, average=5.225088 us, overflow_slots=0
global_rank=1, local_rank=1 -> done
global_rank=3, local_rank=3 -> done
global_rank=2, local_rank=2 -> done
global_rank=0, local_rank=0 -> done
