# started_at: 2026-07-26T05:07:05
# cwd: /workspace/external/nixl/examples/device/ep
# command: python3 tests/elastic/elastic.py --plan tests/elastic/no_expansion.json --num-processes 4 --num-tokens 128 --num-experts-per-rank 2 --dispatch-only
# env PYTHONPATH=/workspace/external/nixl/install/lib/python3/dist-packages
# env UCX_GDP_ENABLE=y
# env UCX_PLUGIN_PATH=/workspace/external/ucx-spcx-plugin/install/lib/ucx
# env UCX_RC_GDP_NUM_CHANNELS=1
# env UCX_TLS=rc,rc_gdp,tcp,self,sm,cuda_copy

Starting TCPStore and rank server locally
Process 3 -> global_rank=0, local_rank=0
Process 1 -> global_rank=1, local_rank=1
Process 0 -> global_rank=2, local_rank=2
Process 2 -> global_rank=3, local_rank=3
Allocating buffer size: 59.638144 MB ...
global_rank=3, local_rank=3 -> start phase 0
global_rank=3, local_rank=3 -> adding connections to [0, 1, 2]
global_rank=0, local_rank=0 -> start phase 0
global_rank=0, local_rank=0 -> adding connections to [1, 2, 3]
global_rank=1, local_rank=1 -> start phase 0
global_rank=1, local_rank=1 -> adding connections to [0, 2, 3]
global_rank=2, local_rank=2 -> start phase 0
global_rank=2, local_rank=2 -> adding connections to [0, 1, 3]
[rank 1] Dispatch bandwidth: 20.35 GB/s, avg_t=372.68 us, min_t=364.42 us, max_t=378.75 us
[rank 0] Dispatch bandwidth: 20.38 GB/s, avg_t=372.31 us, min_t=364.19 us, max_t=378.53 us
[rank 2] Dispatch bandwidth: 20.38 GB/s, avg_t=372.13 us, min_t=364.96 us, max_t=376.22 us
[rank 3] Dispatch bandwidth: 20.39 GB/s, avg_t=372.10 us, min_t=359.84 us, max_t=379.33 us
global_rank=1, local_rank=1 -> end phase 0
global_rank=2, local_rank=2 -> end phase 0
global_rank=3, local_rank=3 -> end phase 0
global_rank=0, local_rank=0 -> end phase 0
[rank 1] nixlPut latency: samples=95232, p50=1.133000 us, p90=1.242000 us, p99=1.793000 us, average=1.161632 us, overflow_slots=0
[rank 0] nixlPut latency: samples=95232, p50=1.402000 us, p90=1.477000 us, p99=1.900000 us, average=1.389996 us, overflow_slots=0
[rank 2] nixlPut latency: samples=95232, p50=1.328500 us, p90=1.466000 us, p99=1.864000 us, average=1.325374 us, overflow_slots=0
[rank 3] nixlPut latency: samples=95232, p50=1.314000 us, p90=1.433500 us, p99=1.827500 us, average=1.304915 us, overflow_slots=0
global_rank=3, local_rank=3 -> done
global_rank=1, local_rank=1 -> done
global_rank=0, local_rank=0 -> done
global_rank=2, local_rank=2 -> done
