# started_at: 2026-07-26T05:06:57
# cwd: /workspace/external/nixl/examples/device/ep
# command: python3 tests/elastic/elastic.py --plan tests/elastic/no_expansion.json --num-processes 4 --num-tokens 128 --num-experts-per-rank 2 --dispatch-only
# env PYTHONPATH=/workspace/external/nixl/install/lib/python3/dist-packages
# env UCX_GDP_ENABLE=y
# env UCX_PLUGIN_PATH=/workspace/external/ucx-spcx-plugin/install/lib/ucx
# env UCX_RC_GDP_NUM_CHANNELS=1
# env UCX_TLS=rc,rc_gdp,tcp,self,sm,cuda_copy

Starting TCPStore and rank server locally
Process 1 -> global_rank=0, local_rank=0
Process 2 -> global_rank=1, local_rank=1
Process 0 -> global_rank=2, local_rank=2
Process 3 -> global_rank=3, local_rank=3
Allocating buffer size: 59.638144 MB ...
global_rank=3, local_rank=3 -> start phase 0
global_rank=3, local_rank=3 -> adding connections to [0, 1, 2]
global_rank=1, local_rank=1 -> start phase 0
global_rank=1, local_rank=1 -> adding connections to [0, 2, 3]
global_rank=0, local_rank=0 -> start phase 0
global_rank=0, local_rank=0 -> adding connections to [1, 2, 3]
global_rank=2, local_rank=2 -> start phase 0
global_rank=2, local_rank=2 -> adding connections to [0, 1, 3]
[rank 1] Dispatch bandwidth: 20.34 GB/s, avg_t=372.94 us, min_t=348.06 us, max_t=395.14 us
[rank 0] Dispatch bandwidth: 20.34 GB/s, avg_t=372.93 us, min_t=350.11 us, max_t=391.07 us
[rank 3] Dispatch bandwidth: 20.36 GB/s, avg_t=372.55 us, min_t=351.65 us, max_t=382.34 us
[rank 2] Dispatch bandwidth: 20.37 GB/s, avg_t=372.42 us, min_t=349.60 us, max_t=392.58 us
global_rank=0, local_rank=0 -> end phase 0
global_rank=1, local_rank=1 -> end phase 0
global_rank=2, local_rank=2 -> end phase 0
global_rank=3, local_rank=3 -> end phase 0
[rank 1] nixlPut latency: samples=95232, p50=1.134500 us, p90=1.243000 us, p99=1.780500 us, average=1.161920 us, overflow_slots=0
[rank 0] nixlPut latency: samples=95232, p50=1.402000 us, p90=1.480000 us, p99=1.884000 us, average=1.390063 us, overflow_slots=0
[rank 2] nixlPut latency: samples=95232, p50=1.328500 us, p90=1.466000 us, p99=1.889500 us, average=1.326301 us, overflow_slots=0
[rank 3] nixlPut latency: samples=95232, p50=1.313500 us, p90=1.437000 us, p99=1.907500 us, average=1.345269 us, overflow_slots=0
global_rank=1, local_rank=1 -> done
global_rank=3, local_rank=3 -> done
global_rank=0, local_rank=0 -> done
global_rank=2, local_rank=2 -> done
