# started_at: 2026-07-26T05:07:29
# cwd: /workspace/external/nixl/examples/device/ep
# command: python3 tests/elastic/elastic.py --plan tests/elastic/no_expansion.json --num-processes 4 --num-tokens 128 --num-experts-per-rank 2 --dispatch-only
# env PYTHONPATH=/workspace/external/nixl/install/lib/python3/dist-packages
# env UCX_GDP_ENABLE=y
# env UCX_PLUGIN_PATH=/workspace/external/ucx-spcx-plugin/install/lib/ucx
# env UCX_RC_GDP_NUM_CHANNELS=2
# env UCX_TLS=rc,rc_gdp,tcp,self,sm,cuda_copy

Starting TCPStore and rank server locally
Process 2 -> global_rank=0, local_rank=0
Process 3 -> global_rank=1, local_rank=1
Process 1 -> global_rank=2, local_rank=2
Process 0 -> global_rank=3, local_rank=3
Allocating buffer size: 59.638144 MB ...
global_rank=1, local_rank=1 -> start phase 0
global_rank=2, local_rank=2 -> start phase 0
global_rank=1, local_rank=1 -> adding connections to [0, 2, 3]
global_rank=2, local_rank=2 -> adding connections to [0, 1, 3]
global_rank=0, local_rank=0 -> start phase 0
global_rank=0, local_rank=0 -> adding connections to [1, 2, 3]
global_rank=3, local_rank=3 -> start phase 0
global_rank=3, local_rank=3 -> adding connections to [0, 1, 2]
[rank 1] Dispatch bandwidth: 35.65 GB/s, avg_t=212.77 us, min_t=206.75 us, max_t=219.01 us
[rank 0] Dispatch bandwidth: 35.66 GB/s, avg_t=212.72 us, min_t=206.75 us, max_t=221.09 us
[rank 2] Dispatch bandwidth: 35.75 GB/s, avg_t=212.21 us, min_t=206.02 us, max_t=218.50 us
[rank 3] Dispatch bandwidth: 35.73 GB/s, avg_t=212.33 us, min_t=208.29 us, max_t=218.53 us
global_rank=0, local_rank=0 -> end phase 0
global_rank=1, local_rank=1 -> end phase 0
global_rank=2, local_rank=2 -> end phase 0
global_rank=3, local_rank=3 -> end phase 0
[rank 1] nixlPut latency: samples=95232, p50=1.180000 us, p90=1.281500 us, p99=1.466000 us, average=1.174893 us, overflow_slots=0
[rank 0] nixlPut latency: samples=95232, p50=1.418000 us, p90=1.554500 us, p99=1.759500 us, average=1.426788 us, overflow_slots=0
[rank 2] nixlPut latency: samples=95232, p50=1.389500 us, p90=1.530500 us, p99=1.824500 us, average=1.372863 us, overflow_slots=0
[rank 3] nixlPut latency: samples=95232, p50=1.357500 us, p90=1.514500 us, p99=1.829500 us, average=1.354963 us, overflow_slots=0
global_rank=0, local_rank=0 -> done
global_rank=1, local_rank=1 -> done
global_rank=3, local_rank=3 -> done
global_rank=2, local_rank=2 -> done
