# started_at: 2026-07-26T05:06:49
# cwd: /workspace/external/nixl/examples/device/ep
# command: python3 tests/elastic/elastic.py --plan tests/elastic/no_expansion.json --num-processes 4 --num-tokens 128 --num-experts-per-rank 2 --dispatch-only
# env PYTHONPATH=/workspace/external/nixl/install/lib/python3/dist-packages
# env UCX_GDP_ENABLE=y
# env UCX_PLUGIN_PATH=/workspace/external/ucx-spcx-plugin/install/lib/ucx
# env UCX_RC_GDP_NUM_CHANNELS=1
# env UCX_TLS=rc,rc_gdp,tcp,self,sm,cuda_copy

Starting TCPStore and rank server locally
Process 0 -> global_rank=0, local_rank=0
Process 1 -> global_rank=1, local_rank=1
Process 2 -> global_rank=3, local_rank=3
Process 3 -> global_rank=2, local_rank=2
Allocating buffer size: 59.638144 MB ...
global_rank=3, local_rank=3 -> start phase 0
global_rank=3, local_rank=3 -> adding connections to [0, 1, 2]
global_rank=1, local_rank=1 -> start phase 0
global_rank=1, local_rank=1 -> adding connections to [0, 2, 3]
global_rank=0, local_rank=0 -> start phase 0
global_rank=0, local_rank=0 -> adding connections to [1, 2, 3]
global_rank=2, local_rank=2 -> start phase 0
global_rank=2, local_rank=2 -> adding connections to [0, 1, 3]
[rank 0] Dispatch bandwidth: 20.34 GB/s, avg_t=372.86 us, min_t=364.38 us, max_t=379.78 us
[rank 1] Dispatch bandwidth: 20.35 GB/s, avg_t=372.73 us, min_t=366.50 us, max_t=378.82 us
[rank 3] Dispatch bandwidth: 20.37 GB/s, avg_t=372.31 us, min_t=366.02 us, max_t=380.06 us
[rank 2] Dispatch bandwidth: 20.37 GB/s, avg_t=372.35 us, min_t=365.95 us, max_t=380.35 us
global_rank=1, local_rank=1 -> end phase 0
global_rank=0, local_rank=0 -> end phase 0
global_rank=3, local_rank=3 -> end phase 0
global_rank=2, local_rank=2 -> end phase 0
[rank 1] nixlPut latency: samples=95232, p50=1.133500 us, p90=1.242000 us, p99=1.783000 us, average=1.161019 us, overflow_slots=0
[rank 0] nixlPut latency: samples=95232, p50=1.402000 us, p90=1.481000 us, p99=1.941000 us, average=1.411681 us, overflow_slots=0
[rank 3] nixlPut latency: samples=95232, p50=1.314000 us, p90=1.434500 us, p99=1.813500 us, average=1.304938 us, overflow_slots=0
[rank 2] nixlPut latency: samples=95232, p50=1.329000 us, p90=1.466500 us, p99=1.844500 us, average=1.325000 us, overflow_slots=0
global_rank=3, local_rank=3 -> done
global_rank=1, local_rank=1 -> done
global_rank=0, local_rank=0 -> done
global_rank=2, local_rank=2 -> done
