# started_at: 2026-07-26T05:08:42
# cwd: /workspace/external/nixl/examples/device/ep
# command: python3 tests/elastic/elastic.py --plan tests/elastic/no_expansion.json --num-processes 4 --num-tokens 128 --num-experts-per-rank 2 --dispatch-only
# env PYTHONPATH=/workspace/external/nixl/install/lib/python3/dist-packages
# env UCX_GDP_ENABLE=y
# env UCX_PLUGIN_PATH=/workspace/external/ucx-spcx-plugin/install/lib/ucx
# env UCX_RC_GDP_NUM_CHANNELS=16
# env UCX_TLS=rc,rc_gdp,tcp,self,sm,cuda_copy

Starting TCPStore and rank server locally
Process 2 -> global_rank=0, local_rank=0
Process 3 -> global_rank=1, local_rank=1
Process 1 -> global_rank=2, local_rank=2
Process 0 -> global_rank=3, local_rank=3
Allocating buffer size: 59.638144 MB ...
global_rank=0, local_rank=0 -> start phase 0
global_rank=0, local_rank=0 -> adding connections to [1, 2, 3]
global_rank=3, local_rank=3 -> start phase 0
global_rank=3, local_rank=3 -> adding connections to [0, 1, 2]
global_rank=1, local_rank=1 -> start phase 0
global_rank=1, local_rank=1 -> adding connections to [0, 2, 3]
global_rank=2, local_rank=2 -> start phase 0
global_rank=2, local_rank=2 -> adding connections to [0, 1, 3]
[rank 3] Dispatch bandwidth: 35.24 GB/s, avg_t=215.25 us, min_t=210.30 us, max_t=220.61 us
[rank 0] Dispatch bandwidth: 35.16 GB/s, avg_t=215.77 us, min_t=210.78 us, max_t=221.09 us
[rank 1] Dispatch bandwidth: 35.13 GB/s, avg_t=215.92 us, min_t=210.82 us, max_t=221.09 us
[rank 2] Dispatch bandwidth: 35.23 GB/s, avg_t=215.32 us, min_t=210.34 us, max_t=220.58 us
global_rank=1, local_rank=1 -> end phase 0
global_rank=0, local_rank=0 -> end phase 0
global_rank=3, local_rank=3 -> end phase 0
global_rank=2, local_rank=2 -> end phase 0
[rank 1] nixlPut latency: samples=95232, p50=4.709000 us, p90=9.126500 us, p99=12.542500 us, average=4.765256 us, overflow_slots=0
[rank 0] nixlPut latency: samples=95232, p50=4.853000 us, p90=9.639000 us, p99=13.124000 us, average=5.038353 us, overflow_slots=0
[rank 3] nixlPut latency: samples=95232, p50=5.233000 us, p90=9.843000 us, p99=13.618000 us, average=5.228747 us, overflow_slots=0
[rank 2] nixlPut latency: samples=95232, p50=5.305500 us, p90=9.708500 us, p99=13.267000 us, average=5.211199 us, overflow_slots=0
global_rank=1, local_rank=1 -> done
global_rank=0, local_rank=0 -> done
global_rank=3, local_rank=3 -> done
global_rank=2, local_rank=2 -> done
