# started_at: 2026-07-26T05:08:01
# cwd: /workspace/external/nixl/examples/device/ep
# command: python3 tests/elastic/elastic.py --plan tests/elastic/no_expansion.json --num-processes 4 --num-tokens 128 --num-experts-per-rank 2 --dispatch-only
# env PYTHONPATH=/workspace/external/nixl/install/lib/python3/dist-packages
# env UCX_GDP_ENABLE=y
# env UCX_PLUGIN_PATH=/workspace/external/ucx-spcx-plugin/install/lib/ucx
# env UCX_RC_GDP_NUM_CHANNELS=8
# env UCX_TLS=rc,rc_gdp,tcp,self,sm,cuda_copy

Starting TCPStore and rank server locally
Process 1 -> global_rank=0, local_rank=0
Process 2 -> global_rank=1, local_rank=1
Process 3 -> global_rank=2, local_rank=2
Process 0 -> global_rank=3, local_rank=3
Allocating buffer size: 59.638144 MB ...
global_rank=0, local_rank=0 -> start phase 0
global_rank=0, local_rank=0 -> adding connections to [1, 2, 3]
global_rank=3, local_rank=3 -> start phase 0
global_rank=3, local_rank=3 -> adding connections to [0, 1, 2]
global_rank=1, local_rank=1 -> start phase 0
global_rank=1, local_rank=1 -> adding connections to [0, 2, 3]
global_rank=2, local_rank=2 -> start phase 0
global_rank=2, local_rank=2 -> adding connections to [0, 1, 3]
[rank 0] Dispatch bandwidth: 35.29 GB/s, avg_t=214.93 us, min_t=206.69 us, max_t=223.10 us
[rank 3] Dispatch bandwidth: 35.38 GB/s, avg_t=214.40 us, min_t=208.29 us, max_t=220.67 us
[rank 1] Dispatch bandwidth: 35.30 GB/s, avg_t=214.87 us, min_t=210.82 us, max_t=219.04 us
[rank 2] Dispatch bandwidth: 35.39 GB/s, avg_t=214.38 us, min_t=208.26 us, max_t=220.61 us
global_rank=0, local_rank=0 -> end phase 0
global_rank=1, local_rank=1 -> end phase 0
global_rank=3, local_rank=3 -> end phase 0
global_rank=2, local_rank=2 -> end phase 0
[rank 1] nixlPut latency: samples=95232, p50=1.213000 us, p90=3.768500 us, p99=9.773500 us, average=1.853897 us, overflow_slots=0
[rank 0] nixlPut latency: samples=95232, p50=1.495500 us, p90=4.719500 us, p99=10.422500 us, average=2.199241 us, overflow_slots=0
[rank 2] nixlPut latency: samples=95232, p50=1.421500 us, p90=5.509500 us, p99=10.757500 us, average=2.246476 us, overflow_slots=0
[rank 3] nixlPut latency: samples=95232, p50=1.401500 us, p90=5.413000 us, p99=10.812000 us, average=2.224016 us, overflow_slots=0
global_rank=1, local_rank=1 -> done
global_rank=0, local_rank=0 -> done
global_rank=2, local_rank=2 -> done
global_rank=3, local_rank=3 -> done
