# started_at: 2026-07-26T05:07:13
# cwd: /workspace/external/nixl/examples/device/ep
# command: python3 tests/elastic/elastic.py --plan tests/elastic/no_expansion.json --num-processes 4 --num-tokens 128 --num-experts-per-rank 2 --dispatch-only
# env PYTHONPATH=/workspace/external/nixl/install/lib/python3/dist-packages
# env UCX_GDP_ENABLE=y
# env UCX_PLUGIN_PATH=/workspace/external/ucx-spcx-plugin/install/lib/ucx
# env UCX_RC_GDP_NUM_CHANNELS=2
# env UCX_TLS=rc,rc_gdp,tcp,self,sm,cuda_copy

Starting TCPStore and rank server locally
Process 2 -> global_rank=0, local_rank=0
Process 0 -> global_rank=1, local_rank=1
Process 3 -> global_rank=2, local_rank=2
Process 1 -> global_rank=3, local_rank=3
Allocating buffer size: 59.638144 MB ...
global_rank=0, local_rank=0 -> start phase 0
global_rank=0, local_rank=0 -> adding connections to [1, 2, 3]
global_rank=1, local_rank=1 -> start phase 0
global_rank=1, local_rank=1 -> adding connections to [0, 2, 3]
global_rank=3, local_rank=3 -> start phase 0
global_rank=3, local_rank=3 -> adding connections to [0, 1, 2]
global_rank=2, local_rank=2 -> start phase 0
global_rank=2, local_rank=2 -> adding connections to [0, 1, 3]
[rank 2] Dispatch bandwidth: 35.63 GB/s, avg_t=212.88 us, min_t=208.32 us, max_t=216.80 us
[rank 0] Dispatch bandwidth: 35.55 GB/s, avg_t=213.39 us, min_t=208.74 us, max_t=219.01 us
[rank 1] Dispatch bandwidth: 35.54 GB/s, avg_t=213.43 us, min_t=208.74 us, max_t=219.04 us
[rank 3] Dispatch bandwidth: 35.64 GB/s, avg_t=212.86 us, min_t=206.46 us, max_t=220.38 us
global_rank=0, local_rank=0 -> end phase 0
global_rank=1, local_rank=1 -> end phase 0
global_rank=2, local_rank=2 -> end phase 0
global_rank=3, local_rank=3 -> end phase 0
[rank 1] nixlPut latency: samples=95232, p50=1.179000 us, p90=1.281000 us, p99=1.465000 us, average=1.173961 us, overflow_slots=0
[rank 0] nixlPut latency: samples=95232, p50=1.418000 us, p90=1.555000 us, p99=1.812500 us, average=1.427232 us, overflow_slots=0
[rank 2] nixlPut latency: samples=95232, p50=1.388000 us, p90=1.530500 us, p99=1.828500 us, average=1.372535 us, overflow_slots=0
[rank 3] nixlPut latency: samples=95232, p50=1.357500 us, p90=1.514000 us, p99=1.827500 us, average=1.355380 us, overflow_slots=0
global_rank=2, local_rank=2 -> done
global_rank=0, local_rank=0 -> done
global_rank=1, local_rank=1 -> done
global_rank=3, local_rank=3 -> done
