# started_at: 2026-07-26T05:07:45
# cwd: /workspace/external/nixl/examples/device/ep
# command: python3 tests/elastic/elastic.py --plan tests/elastic/no_expansion.json --num-processes 4 --num-tokens 128 --num-experts-per-rank 2 --dispatch-only
# env PYTHONPATH=/workspace/external/nixl/install/lib/python3/dist-packages
# env UCX_GDP_ENABLE=y
# env UCX_PLUGIN_PATH=/workspace/external/ucx-spcx-plugin/install/lib/ucx
# env UCX_RC_GDP_NUM_CHANNELS=4
# env UCX_TLS=rc,rc_gdp,tcp,self,sm,cuda_copy

Starting TCPStore and rank server locally
Process 0 -> global_rank=0, local_rank=0
Process 2 -> global_rank=1, local_rank=1
Process 1 -> global_rank=2, local_rank=2
Process 3 -> global_rank=3, local_rank=3
Allocating buffer size: 59.638144 MB ...
global_rank=3, local_rank=3 -> start phase 0
global_rank=3, local_rank=3 -> adding connections to [0, 1, 2]
global_rank=1, local_rank=1 -> start phase 0
global_rank=1, local_rank=1 -> adding connections to [0, 2, 3]
global_rank=0, local_rank=0 -> start phase 0
global_rank=0, local_rank=0 -> adding connections to [1, 2, 3]
global_rank=2, local_rank=2 -> start phase 0
global_rank=2, local_rank=2 -> adding connections to [0, 1, 3]
[rank 1] Dispatch bandwidth: 35.66 GB/s, avg_t=212.70 us, min_t=208.77 us, max_t=217.02 us
[rank 0] Dispatch bandwidth: 35.68 GB/s, avg_t=212.60 us, min_t=208.74 us, max_t=219.04 us
[rank 2] Dispatch bandwidth: 35.76 GB/s, avg_t=212.14 us, min_t=208.26 us, max_t=218.37 us
[rank 3] Dispatch bandwidth: 35.75 GB/s, avg_t=212.20 us, min_t=206.24 us, max_t=218.69 us
global_rank=0, local_rank=0 -> end phase 0
global_rank=1, local_rank=1 -> end phase 0
global_rank=2, local_rank=2 -> end phase 0
global_rank=3, local_rank=3 -> end phase 0
[rank 1] nixlPut latency: samples=95232, p50=1.197500 us, p90=1.308000 us, p99=1.890000 us, average=1.203679 us, overflow_slots=0
[rank 0] nixlPut latency: samples=95232, p50=1.419000 us, p90=1.561000 us, p99=2.101000 us, average=1.431752 us, overflow_slots=0
[rank 3] nixlPut latency: samples=95232, p50=1.340000 us, p90=1.490500 us, p99=2.101500 us, average=1.347879 us, overflow_slots=0
[rank 2] nixlPut latency: samples=95232, p50=1.367000 us, p90=1.507000 us, p99=2.092000 us, average=1.364933 us, overflow_slots=0
global_rank=1, local_rank=1 -> done
global_rank=0, local_rank=0 -> done
global_rank=3, local_rank=3 -> done
global_rank=2, local_rank=2 -> done
