# started_at: 2026-07-26T05:14:28
# cwd: /workspace/external/nixl/examples/device/ep
# command: python3 tests/elastic/elastic.py --plan tests/elastic/no_expansion.json --num-processes 4 --num-tokens 128 --num-experts-per-rank 16 --dispatch-only
# env PYTHONPATH=/workspace/external/nixl/install/lib/python3/dist-packages
# env UCX_GDP_ENABLE=y
# env UCX_PLUGIN_PATH=/workspace/external/ucx-spcx-plugin/install/lib/ucx
# env UCX_RC_GDP_NUM_CHANNELS=1
# env UCX_TLS=rc,rc_gdp,tcp,self,sm,cuda_copy

Starting TCPStore and rank server locally
Process 2 -> global_rank=0, local_rank=0
Process 3 -> global_rank=1, local_rank=1
Process 1 -> global_rank=2, local_rank=2
Process 0 -> global_rank=3, local_rank=3
Allocating buffer size: 477.103232 MB ...
global_rank=3, local_rank=3 -> start phase 0
global_rank=3, local_rank=3 -> adding connections to [0, 1, 2]
global_rank=1, local_rank=1 -> start phase 0
global_rank=1, local_rank=1 -> adding connections to [0, 2, 3]
global_rank=0, local_rank=0 -> start phase 0
global_rank=0, local_rank=0 -> adding connections to [1, 2, 3]
global_rank=2, local_rank=2 -> start phase 0
global_rank=2, local_rank=2 -> adding connections to [0, 1, 3]
[rank 3] Dispatch bandwidth: 18.98 GB/s, avg_t=399.78 us, min_t=368.16 us, max_t=527.87 us
[rank 2] Dispatch bandwidth: 18.99 GB/s, avg_t=399.56 us, min_t=372.13 us, max_t=492.93 us
[rank 1] Dispatch bandwidth: 18.94 GB/s, avg_t=400.57 us, min_t=358.27 us, max_t=524.16 us
[rank 0] Dispatch bandwidth: 18.95 GB/s, avg_t=400.40 us, min_t=370.56 us, max_t=485.28 us
global_rank=3, local_rank=3 -> end phase 0
global_rank=1, local_rank=1 -> end phase 0
global_rank=2, local_rank=2 -> end phase 0
global_rank=0, local_rank=0 -> end phase 0
[rank 3] nixlPut latency: samples=93000, p50=1.323500 us, p90=1.883500 us, p99=2.762500 us, average=1.434569 us, overflow_slots=0
[rank 1] nixlPut latency: samples=95108, p50=1.305000 us, p90=1.896500 us, p99=2.549000 us, average=1.411673 us, overflow_slots=0
[rank 0] nixlPut latency: samples=96596, p50=1.435000 us, p90=2.012500 us, p99=3.208500 us, average=1.582129 us, overflow_slots=0
[rank 2] nixlPut latency: samples=95604, p50=1.325500 us, p90=1.891000 us, p99=3.051000 us, average=1.454188 us, overflow_slots=0
global_rank=1, local_rank=1 -> done
global_rank=2, local_rank=2 -> done
global_rank=3, local_rank=3 -> done
global_rank=0, local_rank=0 -> done
