# started_at: 2026-07-26T05:15:43
# cwd: /workspace/external/nixl/examples/device/ep
# command: python3 tests/elastic/elastic.py --plan tests/elastic/no_expansion.json --num-processes 4 --num-tokens 128 --num-experts-per-rank 16 --dispatch-only
# env PYTHONPATH=/workspace/external/nixl/install/lib/python3/dist-packages
# env UCX_GDP_ENABLE=y
# env UCX_PLUGIN_PATH=/workspace/external/ucx-spcx-plugin/install/lib/ucx
# env UCX_RC_GDP_NUM_CHANNELS=8
# env UCX_TLS=rc,rc_gdp,tcp,self,sm,cuda_copy

Starting TCPStore and rank server locally
Process 1 -> global_rank=0, local_rank=0
Process 0 -> global_rank=1, local_rank=1
Process 3 -> global_rank=2, local_rank=2
Process 2 -> global_rank=3, local_rank=3
Allocating buffer size: 477.103232 MB ...
global_rank=0, local_rank=0 -> start phase 0
global_rank=0, local_rank=0 -> adding connections to [1, 2, 3]
global_rank=3, local_rank=3 -> start phase 0
global_rank=3, local_rank=3 -> adding connections to [0, 1, 2]
global_rank=1, local_rank=1 -> start phase 0
global_rank=1, local_rank=1 -> adding connections to [0, 2, 3]
global_rank=2, local_rank=2 -> start phase 0
global_rank=2, local_rank=2 -> adding connections to [0, 1, 3]
[rank 0] Dispatch bandwidth: 46.94 GB/s, avg_t=161.61 us, min_t=126.85 us, max_t=247.68 us
[rank 1] Dispatch bandwidth: 46.99 GB/s, avg_t=161.44 us, min_t=126.88 us, max_t=249.73 us
[rank 2] Dispatch bandwidth: 47.09 GB/s, avg_t=161.11 us, min_t=138.66 us, max_t=242.91 us
[rank 3] Dispatch bandwidth: 47.05 GB/s, avg_t=161.22 us, min_t=124.32 us, max_t=271.52 us
global_rank=1, local_rank=1 -> end phase 0
global_rank=0, local_rank=0 -> end phase 0
global_rank=2, local_rank=2 -> end phase 0
global_rank=3, local_rank=3 -> end phase 0
[rank 3] nixlPut latency: samples=93000, p50=1.394500 us, p90=1.706000 us, p99=2.190000 us, average=1.424121 us, overflow_slots=0
[rank 1] nixlPut latency: samples=95108, p50=1.376000 us, p90=1.661000 us, p99=2.143000 us, average=1.403709 us, overflow_slots=0
[rank 2] nixlPut latency: samples=95604, p50=1.382500 us, p90=1.688500 us, p99=2.217000 us, average=1.410908 us, overflow_slots=0
[rank 0] nixlPut latency: samples=96596, p50=1.488500 us, p90=1.785500 us, p99=2.281500 us, average=1.515519 us, overflow_slots=0
global_rank=1, local_rank=1 -> done
global_rank=0, local_rank=0 -> done
global_rank=3, local_rank=3 -> done
global_rank=2, local_rank=2 -> done
