# started_at: 2026-07-26T05:14:20
# cwd: /workspace/external/nixl/examples/device/ep
# command: python3 tests/elastic/elastic.py --plan tests/elastic/no_expansion.json --num-processes 4 --num-tokens 128 --num-experts-per-rank 16 --dispatch-only
# env PYTHONPATH=/workspace/external/nixl/install/lib/python3/dist-packages
# env UCX_GDP_ENABLE=y
# env UCX_PLUGIN_PATH=/workspace/external/ucx-spcx-plugin/install/lib/ucx
# env UCX_RC_GDP_NUM_CHANNELS=1
# env UCX_TLS=rc,rc_gdp,tcp,self,sm,cuda_copy

Starting TCPStore and rank server locally
Process 3 -> global_rank=0, local_rank=0
Process 1 -> global_rank=1, local_rank=1
Process 0 -> global_rank=2, local_rank=2
Process 2 -> global_rank=3, local_rank=3
Allocating buffer size: 477.103232 MB ...
global_rank=0, local_rank=0 -> start phase 0
global_rank=0, local_rank=0 -> adding connections to [1, 2, 3]
global_rank=3, local_rank=3 -> start phase 0
global_rank=3, local_rank=3 -> adding connections to [0, 1, 2]
global_rank=1, local_rank=1 -> start phase 0
global_rank=1, local_rank=1 -> adding connections to [0, 2, 3]
global_rank=2, local_rank=2 -> start phase 0
global_rank=2, local_rank=2 -> adding connections to [0, 1, 3]
[rank 0] Dispatch bandwidth: 19.01 GB/s, avg_t=398.98 us, min_t=362.37 us, max_t=522.08 us
[rank 1] Dispatch bandwidth: 19.02 GB/s, avg_t=398.85 us, min_t=370.59 us, max_t=514.94 us
[rank 2] Dispatch bandwidth: 19.05 GB/s, avg_t=398.24 us, min_t=361.92 us, max_t=523.71 us
[rank 3] Dispatch bandwidth: 19.04 GB/s, avg_t=398.51 us, min_t=370.08 us, max_t=503.20 us
global_rank=0, local_rank=0 -> end phase 0
global_rank=1, local_rank=1 -> end phase 0
global_rank=2, local_rank=2 -> end phase 0
global_rank=3, local_rank=3 -> end phase 0
[rank 0] nixlPut latency: samples=96596, p50=1.434500 us, p90=2.033500 us, p99=3.266500 us, average=1.576871 us, overflow_slots=0
[rank 3] nixlPut latency: samples=93000, p50=1.322000 us, p90=1.871500 us, p99=2.769000 us, average=1.434992 us, overflow_slots=0
[rank 1] nixlPut latency: samples=95108, p50=1.305000 us, p90=1.895500 us, p99=2.556000 us, average=1.410614 us, overflow_slots=0
[rank 2] nixlPut latency: samples=95604, p50=1.328500 us, p90=1.938000 us, p99=3.457500 us, average=1.477158 us, overflow_slots=0
global_rank=1, local_rank=1 -> done
global_rank=0, local_rank=0 -> done
global_rank=2, local_rank=2 -> done
global_rank=3, local_rank=3 -> done
