# started_at: 2026-07-26T05:14:53
# cwd: /workspace/external/nixl/examples/device/ep
# command: python3 tests/elastic/elastic.py --plan tests/elastic/no_expansion.json --num-processes 4 --num-tokens 128 --num-experts-per-rank 16 --dispatch-only
# env PYTHONPATH=/workspace/external/nixl/install/lib/python3/dist-packages
# env UCX_GDP_ENABLE=y
# env UCX_PLUGIN_PATH=/workspace/external/ucx-spcx-plugin/install/lib/ucx
# env UCX_RC_GDP_NUM_CHANNELS=2
# env UCX_TLS=rc,rc_gdp,tcp,self,sm,cuda_copy

Starting TCPStore and rank server locally
Process 2 -> global_rank=0, local_rank=0
Process 3 -> global_rank=1, local_rank=1
Process 0 -> global_rank=2, local_rank=2
Process 1 -> global_rank=3, local_rank=3
Allocating buffer size: 477.103232 MB ...
global_rank=0, local_rank=0 -> start phase 0
global_rank=0, local_rank=0 -> adding connections to [1, 2, 3]
global_rank=3, local_rank=3 -> start phase 0
global_rank=3, local_rank=3 -> adding connections to [0, 1, 2]
global_rank=1, local_rank=1 -> start phase 0
global_rank=1, local_rank=1 -> adding connections to [0, 2, 3]
global_rank=2, local_rank=2 -> start phase 0
global_rank=2, local_rank=2 -> adding connections to [0, 1, 3]
[rank 1] Dispatch bandwidth: 33.83 GB/s, avg_t=224.25 us, min_t=196.42 us, max_t=298.91 us
[rank 0] Dispatch bandwidth: 33.87 GB/s, avg_t=223.96 us, min_t=200.51 us, max_t=277.38 us
[rank 2] Dispatch bandwidth: 33.87 GB/s, avg_t=223.97 us, min_t=202.21 us, max_t=284.03 us
[rank 3] Dispatch bandwidth: 33.92 GB/s, avg_t=223.61 us, min_t=202.14 us, max_t=263.71 us
global_rank=1, local_rank=1 -> end phase 0
global_rank=0, local_rank=0 -> end phase 0
global_rank=3, local_rank=3 -> end phase 0
global_rank=2, local_rank=2 -> end phase 0
[rank 1] nixlPut latency: samples=95108, p50=1.323500 us, p90=1.593500 us, p99=2.319000 us, average=1.361307 us, overflow_slots=0
[rank 3] nixlPut latency: samples=93000, p50=1.358000 us, p90=1.702500 us, p99=2.643000 us, average=1.410179 us, overflow_slots=0
[rank 0] nixlPut latency: samples=96596, p50=1.428500 us, p90=1.684000 us, p99=2.776000 us, average=1.479739 us, overflow_slots=0
[rank 2] nixlPut latency: samples=95604, p50=1.325500 us, p90=1.598500 us, p99=2.387000 us, average=1.373638 us, overflow_slots=0
global_rank=1, local_rank=1 -> done
global_rank=0, local_rank=0 -> done
global_rank=3, local_rank=3 -> done
global_rank=2, local_rank=2 -> done
