# started_at: 2026-07-26T05:14:36
# cwd: /workspace/external/nixl/examples/device/ep
# command: python3 tests/elastic/elastic.py --plan tests/elastic/no_expansion.json --num-processes 4 --num-tokens 128 --num-experts-per-rank 16 --dispatch-only
# env PYTHONPATH=/workspace/external/nixl/install/lib/python3/dist-packages
# env UCX_GDP_ENABLE=y
# env UCX_PLUGIN_PATH=/workspace/external/ucx-spcx-plugin/install/lib/ucx
# env UCX_RC_GDP_NUM_CHANNELS=2
# env UCX_TLS=rc,rc_gdp,tcp,self,sm,cuda_copy

Starting TCPStore and rank server locally
Process 2 -> global_rank=0, local_rank=0
Process 3 -> global_rank=1, local_rank=1
Process 0 -> global_rank=2, local_rank=2
Process 1 -> global_rank=3, local_rank=3
Allocating buffer size: 477.103232 MB ...
global_rank=1, local_rank=1 -> start phase 0
global_rank=0, local_rank=0 -> start phase 0
global_rank=1, local_rank=1 -> adding connections to [0, 2, 3]
global_rank=0, local_rank=0 -> adding connections to [1, 2, 3]
global_rank=3, local_rank=3 -> start phase 0
global_rank=3, local_rank=3 -> adding connections to [0, 1, 2]
global_rank=2, local_rank=2 -> start phase 0
global_rank=2, local_rank=2 -> adding connections to [0, 1, 3]
[rank 1] Dispatch bandwidth: 33.48 GB/s, avg_t=226.59 us, min_t=200.58 us, max_t=279.46 us
[rank 0] Dispatch bandwidth: 33.43 GB/s, avg_t=226.90 us, min_t=200.61 us, max_t=286.62 us
[rank 3] Dispatch bandwidth: 33.54 GB/s, avg_t=226.15 us, min_t=206.27 us, max_t=277.95 us
[rank 2] Dispatch bandwidth: 33.49 GB/s, avg_t=226.54 us, min_t=202.40 us, max_t=271.49 us
global_rank=0, local_rank=0 -> end phase 0
global_rank=1, local_rank=1 -> end phase 0
global_rank=3, local_rank=3 -> end phase 0
global_rank=2, local_rank=2 -> end phase 0
[rank 1] nixlPut latency: samples=95108, p50=1.325000 us, p90=1.603000 us, p99=2.317500 us, average=1.365040 us, overflow_slots=0
[rank 3] nixlPut latency: samples=93000, p50=1.357500 us, p90=1.706500 us, p99=2.883000 us, average=1.415305 us, overflow_slots=0
[rank 0] nixlPut latency: samples=96596, p50=1.428500 us, p90=1.673500 us, p99=2.820000 us, average=1.480579 us, overflow_slots=0
[rank 2] nixlPut latency: samples=95604, p50=1.326000 us, p90=1.604500 us, p99=2.317000 us, average=1.372976 us, overflow_slots=0
global_rank=1, local_rank=1 -> done
global_rank=2, local_rank=2 -> done
global_rank=3, local_rank=3 -> done
global_rank=0, local_rank=0 -> done
