# started_at: 2026-07-26T05:16:17
# cwd: /workspace/external/nixl/examples/device/ep
# command: python3 tests/elastic/elastic.py --plan tests/elastic/no_expansion.json --num-processes 4 --num-tokens 128 --num-experts-per-rank 16 --dispatch-only
# env PYTHONPATH=/workspace/external/nixl/install/lib/python3/dist-packages
# env UCX_GDP_ENABLE=y
# env UCX_PLUGIN_PATH=/workspace/external/ucx-spcx-plugin/install/lib/ucx
# env UCX_RC_GDP_NUM_CHANNELS=32
# env UCX_TLS=rc,rc_gdp,tcp,self,sm,cuda_copy

Starting TCPStore and rank server locally
Process 1 -> global_rank=0, local_rank=0
Process 3 -> global_rank=1, local_rank=1
Process 2 -> global_rank=2, local_rank=2
Process 0 -> global_rank=3, local_rank=3
Allocating buffer size: 477.103232 MB ...
global_rank=0, local_rank=0 -> start phase 0
global_rank=0, local_rank=0 -> adding connections to [1, 2, 3]
global_rank=1, local_rank=1 -> start phase 0
global_rank=1, local_rank=1 -> adding connections to [0, 2, 3]
global_rank=3, local_rank=3 -> start phase 0
global_rank=3, local_rank=3 -> adding connections to [0, 1, 2]
global_rank=2, local_rank=2 -> start phase 0
global_rank=2, local_rank=2 -> adding connections to [0, 1, 3]
[rank 0] Dispatch bandwidth: 48.49 GB/s, avg_t=156.45 us, min_t=126.85 us, max_t=225.18 us
[rank 1] Dispatch bandwidth: 48.61 GB/s, avg_t=156.07 us, min_t=121.70 us, max_t=227.17 us
[rank 3] Dispatch bandwidth: 48.68 GB/s, avg_t=155.82 us, min_t=132.51 us, max_t=224.58 us
[rank 2] Dispatch bandwidth: 48.74 GB/s, avg_t=155.63 us, min_t=123.26 us, max_t=208.29 us
global_rank=0, local_rank=0 -> end phase 0
global_rank=1, local_rank=1 -> end phase 0
global_rank=3, local_rank=3 -> end phase 0
global_rank=2, local_rank=2 -> end phase 0
[rank 3] nixlPut latency: samples=93000, p50=1.449500 us, p90=1.993500 us, p99=4.150000 us, average=1.748930 us, overflow_slots=0
[rank 1] nixlPut latency: samples=95108, p50=1.445500 us, p90=1.989000 us, p99=2.633500 us, average=1.636183 us, overflow_slots=0
[rank 0] nixlPut latency: samples=96596, p50=1.546500 us, p90=2.097500 us, p99=2.453500 us, average=1.642582 us, overflow_slots=0
[rank 2] nixlPut latency: samples=95604, p50=1.449000 us, p90=2.014500 us, p99=2.898000 us, average=1.723407 us, overflow_slots=0
global_rank=1, local_rank=1 -> done
global_rank=0, local_rank=0 -> done
global_rank=3, local_rank=3 -> done
global_rank=2, local_rank=2 -> done
