# started_at: 2026-07-26T05:16:25
# cwd: /workspace/external/nixl/examples/device/ep
# command: python3 tests/elastic/elastic.py --plan tests/elastic/no_expansion.json --num-processes 4 --num-tokens 128 --num-experts-per-rank 16 --dispatch-only
# env PYTHONPATH=/workspace/external/nixl/install/lib/python3/dist-packages
# env UCX_GDP_ENABLE=y
# env UCX_PLUGIN_PATH=/workspace/external/ucx-spcx-plugin/install/lib/ucx
# env UCX_RC_GDP_NUM_CHANNELS=32
# env UCX_TLS=rc,rc_gdp,tcp,self,sm,cuda_copy

Starting TCPStore and rank server locally
Process 1 -> global_rank=0, local_rank=0
Process 0 -> global_rank=1, local_rank=1
Process 3 -> global_rank=2, local_rank=2
Process 2 -> global_rank=3, local_rank=3
Allocating buffer size: 477.103232 MB ...
global_rank=1, local_rank=1 -> start phase 0
global_rank=1, local_rank=1 -> adding connections to [0, 2, 3]
global_rank=0, local_rank=0 -> start phase 0
global_rank=0, local_rank=0 -> adding connections to [1, 2, 3]
global_rank=2, local_rank=2 -> start phase 0
global_rank=2, local_rank=2 -> adding connections to [0, 1, 3]
global_rank=3, local_rank=3 -> start phase 0
global_rank=3, local_rank=3 -> adding connections to [0, 1, 2]
[rank 1] Dispatch bandwidth: 47.60 GB/s, avg_t=159.37 us, min_t=124.83 us, max_t=231.30 us
[rank 0] Dispatch bandwidth: 47.52 GB/s, avg_t=159.63 us, min_t=128.93 us, max_t=227.17 us
[rank 3] Dispatch bandwidth: 47.69 GB/s, avg_t=159.07 us, min_t=124.32 us, max_t=212.35 us
[rank 2] Dispatch bandwidth: 47.59 GB/s, avg_t=159.41 us, min_t=122.24 us, max_t=271.74 us
global_rank=0, local_rank=0 -> end phase 0
global_rank=1, local_rank=1 -> end phase 0
global_rank=3, local_rank=3 -> end phase 0
global_rank=2, local_rank=2 -> end phase 0
[rank 3] nixlPut latency: samples=93000, p50=1.447000 us, p90=1.978000 us, p99=2.757000 us, average=1.670656 us, overflow_slots=0
[rank 1] nixlPut latency: samples=95108, p50=1.446000 us, p90=1.986000 us, p99=2.606500 us, average=1.592786 us, overflow_slots=0
[rank 0] nixlPut latency: samples=96596, p50=1.544000 us, p90=2.100500 us, p99=2.493000 us, average=1.676857 us, overflow_slots=0
[rank 2] nixlPut latency: samples=95604, p50=1.455500 us, p90=2.027000 us, p99=8.255000 us, average=1.816506 us, overflow_slots=0
global_rank=1, local_rank=1 -> done
global_rank=0, local_rank=0 -> done
global_rank=3, local_rank=3 -> done
global_rank=2, local_rank=2 -> done
