# started_at: 2026-07-26T05:14:45
# cwd: /workspace/external/nixl/examples/device/ep
# command: python3 tests/elastic/elastic.py --plan tests/elastic/no_expansion.json --num-processes 4 --num-tokens 128 --num-experts-per-rank 16 --dispatch-only
# env PYTHONPATH=/workspace/external/nixl/install/lib/python3/dist-packages
# env UCX_GDP_ENABLE=y
# env UCX_PLUGIN_PATH=/workspace/external/ucx-spcx-plugin/install/lib/ucx
# env UCX_RC_GDP_NUM_CHANNELS=2
# env UCX_TLS=rc,rc_gdp,tcp,self,sm,cuda_copy

Starting TCPStore and rank server locally
Process 2 -> global_rank=0, local_rank=0
Process 0 -> global_rank=1, local_rank=1
Process 3 -> global_rank=2, local_rank=2
Process 1 -> global_rank=3, local_rank=3
Allocating buffer size: 477.103232 MB ...
global_rank=0, local_rank=0 -> start phase 0
global_rank=0, local_rank=0 -> adding connections to [1, 2, 3]
global_rank=3, local_rank=3 -> start phase 0
global_rank=3, local_rank=3 -> adding connections to [0, 1, 2]
global_rank=1, local_rank=1 -> start phase 0
global_rank=1, local_rank=1 -> adding connections to [0, 2, 3]
global_rank=2, local_rank=2 -> start phase 0
global_rank=2, local_rank=2 -> adding connections to [0, 1, 3]
[rank 1] Dispatch bandwidth: 32.76 GB/s, avg_t=231.59 us, min_t=196.48 us, max_t=321.41 us
[rank 0] Dispatch bandwidth: 32.68 GB/s, avg_t=232.15 us, min_t=202.62 us, max_t=335.74 us
[rank 2] Dispatch bandwidth: 32.71 GB/s, avg_t=231.91 us, min_t=205.22 us, max_t=314.82 us
[rank 3] Dispatch bandwidth: 32.74 GB/s, avg_t=231.69 us, min_t=204.16 us, max_t=314.78 us
global_rank=0, local_rank=0 -> end phase 0
global_rank=1, local_rank=1 -> end phase 0
global_rank=2, local_rank=2 -> end phase 0
global_rank=3, local_rank=3 -> end phase 0
[rank 3] nixlPut latency: samples=93000, p50=1.358000 us, p90=1.704500 us, p99=2.766500 us, average=1.410955 us, overflow_slots=0
[rank 1] nixlPut latency: samples=95108, p50=1.324000 us, p90=1.600500 us, p99=2.292500 us, average=1.364225 us, overflow_slots=0
[rank 0] nixlPut latency: samples=96596, p50=1.428000 us, p90=1.678500 us, p99=2.872000 us, average=1.481986 us, overflow_slots=0
[rank 2] nixlPut latency: samples=95604, p50=1.326500 us, p90=1.611000 us, p99=2.368000 us, average=1.375737 us, overflow_slots=0
global_rank=0, local_rank=0 -> done
global_rank=1, local_rank=1 -> done
global_rank=2, local_rank=2 -> done
global_rank=3, local_rank=3 -> done
