# started_at: 2026-07-26T05:15:01
# cwd: /workspace/external/nixl/examples/device/ep
# command: python3 tests/elastic/elastic.py --plan tests/elastic/no_expansion.json --num-processes 4 --num-tokens 128 --num-experts-per-rank 16 --dispatch-only
# env PYTHONPATH=/workspace/external/nixl/install/lib/python3/dist-packages
# env UCX_GDP_ENABLE=y
# env UCX_PLUGIN_PATH=/workspace/external/ucx-spcx-plugin/install/lib/ucx
# env UCX_RC_GDP_NUM_CHANNELS=4
# env UCX_TLS=rc,rc_gdp,tcp,self,sm,cuda_copy

Starting TCPStore and rank server locally
Process 1 -> global_rank=0, local_rank=0
Process 3 -> global_rank=1, local_rank=1
Process 2 -> global_rank=2, local_rank=2
Process 0 -> global_rank=3, local_rank=3
Allocating buffer size: 477.103232 MB ...
global_rank=0, local_rank=0 -> start phase 0
global_rank=0, local_rank=0 -> adding connections to [1, 2, 3]
global_rank=1, local_rank=1 -> start phase 0
global_rank=1, local_rank=1 -> adding connections to [0, 2, 3]
global_rank=3, local_rank=3 -> start phase 0
global_rank=3, local_rank=3 -> adding connections to [0, 1, 2]
global_rank=2, local_rank=2 -> start phase 0
global_rank=2, local_rank=2 -> adding connections to [0, 1, 3]
[rank 0] Dispatch bandwidth: 42.48 GB/s, avg_t=178.58 us, min_t=145.28 us, max_t=278.40 us
[rank 1] Dispatch bandwidth: 42.47 GB/s, avg_t=178.60 us, min_t=134.02 us, max_t=315.30 us
[rank 2] Dispatch bandwidth: 42.71 GB/s, avg_t=177.61 us, min_t=128.45 us, max_t=296.38 us
[rank 3] Dispatch bandwidth: 42.64 GB/s, avg_t=177.91 us, min_t=134.59 us, max_t=294.30 us
global_rank=0, local_rank=0 -> end phase 0
global_rank=1, local_rank=1 -> end phase 0
global_rank=2, local_rank=2 -> end phase 0
global_rank=3, local_rank=3 -> end phase 0
[rank 3] nixlPut latency: samples=93000, p50=1.378500 us, p90=1.602000 us, p99=2.231500 us, average=1.397317 us, overflow_slots=0
[rank 1] nixlPut latency: samples=95108, p50=1.369000 us, p90=1.661500 us, p99=2.253500 us, average=1.401914 us, overflow_slots=0
[rank 0] nixlPut latency: samples=96596, p50=1.469500 us, p90=1.694000 us, p99=2.338500 us, average=1.495297 us, overflow_slots=0
[rank 2] nixlPut latency: samples=95604, p50=1.380500 us, p90=1.689500 us, p99=2.316000 us, average=1.412230 us, overflow_slots=0
global_rank=3, local_rank=3 -> done
global_rank=0, local_rank=0 -> done
global_rank=2, local_rank=2 -> done
global_rank=1, local_rank=1 -> done
