# started_at: 2026-07-26T05:16:00
# cwd: /workspace/external/nixl/examples/device/ep
# command: python3 tests/elastic/elastic.py --plan tests/elastic/no_expansion.json --num-processes 4 --num-tokens 128 --num-experts-per-rank 16 --dispatch-only
# env PYTHONPATH=/workspace/external/nixl/install/lib/python3/dist-packages
# env UCX_GDP_ENABLE=y
# env UCX_PLUGIN_PATH=/workspace/external/ucx-spcx-plugin/install/lib/ucx
# env UCX_RC_GDP_NUM_CHANNELS=16
# env UCX_TLS=rc,rc_gdp,tcp,self,sm,cuda_copy

Starting TCPStore and rank server locally
Process 1 -> global_rank=0, local_rank=0
Process 0 -> global_rank=1, local_rank=1
Process 3 -> global_rank=2, local_rank=2
Process 2 -> global_rank=3, local_rank=3
Allocating buffer size: 477.103232 MB ...
global_rank=0, local_rank=0 -> start phase 0
global_rank=0, local_rank=0 -> adding connections to [1, 2, 3]
global_rank=3, local_rank=3 -> start phase 0
global_rank=3, local_rank=3 -> adding connections to [0, 1, 2]
global_rank=1, local_rank=1 -> start phase 0
global_rank=1, local_rank=1 -> adding connections to [0, 2, 3]
global_rank=2, local_rank=2 -> start phase 0
global_rank=2, local_rank=2 -> adding connections to [0, 1, 3]
[rank 0] Dispatch bandwidth: 47.80 GB/s, avg_t=158.69 us, min_t=116.51 us, max_t=239.49 us
[rank 2] Dispatch bandwidth: 48.03 GB/s, avg_t=157.93 us, min_t=124.58 us, max_t=248.29 us
[rank 1] Dispatch bandwidth: 47.99 GB/s, avg_t=158.06 us, min_t=114.53 us, max_t=272.29 us
[rank 3] Dispatch bandwidth: 48.02 GB/s, avg_t=157.96 us, min_t=118.11 us, max_t=247.39 us
global_rank=0, local_rank=0 -> end phase 0
global_rank=2, local_rank=2 -> end phase 0
global_rank=1, local_rank=1 -> end phase 0
global_rank=3, local_rank=3 -> end phase 0
[rank 3] nixlPut latency: samples=93000, p50=1.400000 us, p90=1.651000 us, p99=2.202500 us, average=1.424884 us, overflow_slots=0
[rank 1] nixlPut latency: samples=95108, p50=1.405500 us, p90=1.700000 us, p99=2.204500 us, average=1.432696 us, overflow_slots=0
[rank 0] nixlPut latency: samples=96596, p50=1.511500 us, p90=1.790500 us, p99=2.286500 us, average=1.534535 us, overflow_slots=0
[rank 2] nixlPut latency: samples=95604, p50=1.395000 us, p90=1.666000 us, p99=2.183000 us, average=1.420593 us, overflow_slots=0
global_rank=0, local_rank=0 -> done
global_rank=1, local_rank=1 -> done
global_rank=3, local_rank=3 -> done
global_rank=2, local_rank=2 -> done
