# started_at: 2026-07-26T05:14:11
# cwd: /workspace/external/nixl/examples/device/ep
# command: python3 tests/elastic/elastic.py --plan tests/elastic/no_expansion.json --num-processes 4 --num-tokens 128 --num-experts-per-rank 16 --dispatch-only
# env PYTHONPATH=/workspace/external/nixl/install/lib/python3/dist-packages
# env UCX_GDP_ENABLE=y
# env UCX_PLUGIN_PATH=/workspace/external/ucx-spcx-plugin/install/lib/ucx
# env UCX_RC_GDP_NUM_CHANNELS=1
# env UCX_TLS=rc,rc_gdp,tcp,self,sm,cuda_copy

Starting TCPStore and rank server locally
Process 2 -> global_rank=0, local_rank=0
Process 0 -> global_rank=1, local_rank=1
Process 1 -> global_rank=2, local_rank=2
Process 3 -> global_rank=3, local_rank=3
Allocating buffer size: 477.103232 MB ...
global_rank=3, local_rank=3 -> start phase 0
global_rank=3, local_rank=3 -> adding connections to [0, 1, 2]
global_rank=0, local_rank=0 -> start phase 0
global_rank=0, local_rank=0 -> adding connections to [1, 2, 3]
global_rank=1, local_rank=1 -> start phase 0
global_rank=1, local_rank=1 -> adding connections to [0, 2, 3]
global_rank=2, local_rank=2 -> start phase 0
global_rank=2, local_rank=2 -> adding connections to [0, 1, 3]
[rank 1] Dispatch bandwidth: 18.96 GB/s, avg_t=400.11 us, min_t=356.26 us, max_t=493.47 us
[rank 2] Dispatch bandwidth: 19.00 GB/s, avg_t=399.33 us, min_t=365.70 us, max_t=500.86 us
[rank 0] Dispatch bandwidth: 18.97 GB/s, avg_t=399.86 us, min_t=362.37 us, max_t=530.30 us
[rank 3] Dispatch bandwidth: 19.00 GB/s, avg_t=399.25 us, min_t=370.11 us, max_t=476.48 us
global_rank=1, local_rank=1 -> end phase 0
global_rank=2, local_rank=2 -> end phase 0
global_rank=0, local_rank=0 -> end phase 0
global_rank=3, local_rank=3 -> end phase 0
[rank 3] nixlPut latency: samples=93000, p50=1.321000 us, p90=1.879000 us, p99=2.574500 us, average=1.421594 us, overflow_slots=0
[rank 1] nixlPut latency: samples=95108, p50=1.307500 us, p90=1.907000 us, p99=2.626000 us, average=1.417979 us, overflow_slots=0
[rank 2] nixlPut latency: samples=95604, p50=1.326500 us, p90=1.931500 us, p99=3.086000 us, average=1.460250 us, overflow_slots=0
[rank 0] nixlPut latency: samples=96596, p50=1.435000 us, p90=2.018000 us, p99=2.930500 us, average=1.566843 us, overflow_slots=0
global_rank=2, local_rank=2 -> done
global_rank=0, local_rank=0 -> done
global_rank=1, local_rank=1 -> done
global_rank=3, local_rank=3 -> done
