# started_at: 2026-07-26T05:15:51
# cwd: /workspace/external/nixl/examples/device/ep
# command: python3 tests/elastic/elastic.py --plan tests/elastic/no_expansion.json --num-processes 4 --num-tokens 128 --num-experts-per-rank 16 --dispatch-only
# env PYTHONPATH=/workspace/external/nixl/install/lib/python3/dist-packages
# env UCX_GDP_ENABLE=y
# env UCX_PLUGIN_PATH=/workspace/external/ucx-spcx-plugin/install/lib/ucx
# env UCX_RC_GDP_NUM_CHANNELS=16
# env UCX_TLS=rc,rc_gdp,tcp,self,sm,cuda_copy

Starting TCPStore and rank server locally
Process 2 -> global_rank=0, local_rank=0
Process 0 -> global_rank=1, local_rank=1
Process 3 -> global_rank=2, local_rank=2
Process 1 -> global_rank=3, local_rank=3
Allocating buffer size: 477.103232 MB ...
global_rank=0, local_rank=0 -> start phase 0
global_rank=0, local_rank=0 -> adding connections to [1, 2, 3]
global_rank=3, local_rank=3 -> start phase 0
global_rank=3, local_rank=3 -> adding connections to [0, 1, 2]
global_rank=1, local_rank=1 -> start phase 0
global_rank=1, local_rank=1 -> adding connections to [0, 2, 3]
global_rank=2, local_rank=2 -> start phase 0
global_rank=2, local_rank=2 -> adding connections to [0, 1, 3]
[rank 0] Dispatch bandwidth: 47.29 GB/s, avg_t=160.41 us, min_t=122.72 us, max_t=238.46 us
[rank 1] Dispatch bandwidth: 47.29 GB/s, avg_t=160.43 us, min_t=128.90 us, max_t=243.55 us
[rank 2] Dispatch bandwidth: 47.55 GB/s, avg_t=159.54 us, min_t=99.74 us, max_t=265.60 us
[rank 3] Dispatch bandwidth: 47.55 GB/s, avg_t=159.54 us, min_t=126.40 us, max_t=249.25 us
global_rank=1, local_rank=1 -> end phase 0
global_rank=0, local_rank=0 -> end phase 0
global_rank=2, local_rank=2 -> end phase 0
global_rank=3, local_rank=3 -> end phase 0
[rank 3] nixlPut latency: samples=93000, p50=1.399000 us, p90=1.650500 us, p99=2.243500 us, average=1.426657 us, overflow_slots=0
[rank 2] nixlPut latency: samples=95604, p50=1.394500 us, p90=1.667500 us, p99=2.166500 us, average=1.419663 us, overflow_slots=0
[rank 1] nixlPut latency: samples=95108, p50=1.407500 us, p90=1.703000 us, p99=2.187500 us, average=1.434503 us, overflow_slots=0
[rank 0] nixlPut latency: samples=96596, p50=1.511000 us, p90=1.782500 us, p99=2.282500 us, average=1.532210 us, overflow_slots=0
global_rank=0, local_rank=0 -> done
global_rank=1, local_rank=1 -> done
global_rank=3, local_rank=3 -> done
global_rank=2, local_rank=2 -> done
