# started_at: 2026-07-26T05:12:56
# cwd: /workspace/external/nixl/examples/device/ep
# command: python3 tests/elastic/elastic.py --plan tests/elastic/no_expansion.json --num-processes 4 --num-tokens 128 --num-experts-per-rank 8 --dispatch-only
# env PYTHONPATH=/workspace/external/nixl/install/lib/python3/dist-packages
# env UCX_GDP_ENABLE=y
# env UCX_PLUGIN_PATH=/workspace/external/ucx-spcx-plugin/install/lib/ucx
# env UCX_RC_GDP_NUM_CHANNELS=8
# env UCX_TLS=rc,rc_gdp,tcp,self,sm,cuda_copy

Starting TCPStore and rank server locally
Process 3 -> global_rank=0, local_rank=0
Process 0 -> global_rank=1, local_rank=1
Process 1 -> global_rank=2, local_rank=2
Process 2 -> global_rank=3, local_rank=3
Allocating buffer size: 238.55168 MB ...
global_rank=0, local_rank=0 -> start phase 0
global_rank=0, local_rank=0 -> adding connections to [1, 2, 3]
global_rank=3, local_rank=3 -> start phase 0
global_rank=3, local_rank=3 -> adding connections to [0, 1, 2]
global_rank=1, local_rank=1 -> start phase 0
global_rank=1, local_rank=1 -> adding connections to [0, 2, 3]
global_rank=2, local_rank=2 -> start phase 0
global_rank=2, local_rank=2 -> adding connections to [0, 1, 3]
[rank 0] Dispatch bandwidth: 46.37 GB/s, avg_t=163.60 us, min_t=126.72 us, max_t=249.73 us
[rank 1] Dispatch bandwidth: 46.44 GB/s, avg_t=163.34 us, min_t=133.06 us, max_t=257.98 us
[rank 3] Dispatch bandwidth: 46.58 GB/s, avg_t=162.85 us, min_t=132.58 us, max_t=253.44 us
[rank 2] Dispatch bandwidth: 46.66 GB/s, avg_t=162.58 us, min_t=132.51 us, max_t=265.28 us
global_rank=0, local_rank=0 -> end phase 0
global_rank=1, local_rank=1 -> end phase 0
global_rank=3, local_rank=3 -> end phase 0
global_rank=2, local_rank=2 -> end phase 0
[rank 1] nixlPut latency: samples=96348, p50=1.372500 us, p90=1.573500 us, p99=2.020000 us, average=1.383147 us, overflow_slots=0
[rank 2] nixlPut latency: samples=96348, p50=1.380500 us, p90=1.589000 us, p99=2.016000 us, average=1.391829 us, overflow_slots=0
[rank 3] nixlPut latency: samples=96224, p50=1.391500 us, p90=1.570000 us, p99=2.081500 us, average=1.389617 us, overflow_slots=0
[rank 0] nixlPut latency: samples=99200, p50=1.485000 us, p90=1.664000 us, p99=2.066500 us, average=1.482953 us, overflow_slots=0
global_rank=1, local_rank=1 -> done
global_rank=0, local_rank=0 -> done
global_rank=2, local_rank=2 -> done
global_rank=3, local_rank=3 -> done
