# started_at: 2026-07-26T05:12:48
# cwd: /workspace/external/nixl/examples/device/ep
# command: python3 tests/elastic/elastic.py --plan tests/elastic/no_expansion.json --num-processes 4 --num-tokens 128 --num-experts-per-rank 8 --dispatch-only
# env PYTHONPATH=/workspace/external/nixl/install/lib/python3/dist-packages
# env UCX_GDP_ENABLE=y
# env UCX_PLUGIN_PATH=/workspace/external/ucx-spcx-plugin/install/lib/ucx
# env UCX_RC_GDP_NUM_CHANNELS=4
# env UCX_TLS=rc,rc_gdp,tcp,self,sm,cuda_copy

Starting TCPStore and rank server locally
Process 3 -> global_rank=0, local_rank=0
Process 2 -> global_rank=1, local_rank=1
Process 1 -> global_rank=2, local_rank=2
Process 0 -> global_rank=3, local_rank=3
Allocating buffer size: 238.55168 MB ...
global_rank=0, local_rank=0 -> start phase 0
global_rank=0, local_rank=0 -> adding connections to [1, 2, 3]
global_rank=3, local_rank=3 -> start phase 0
global_rank=3, local_rank=3 -> adding connections to [0, 1, 2]
global_rank=1, local_rank=1 -> start phase 0
global_rank=1, local_rank=1 -> adding connections to [0, 2, 3]
global_rank=2, local_rank=2 -> start phase 0
global_rank=2, local_rank=2 -> adding connections to [0, 1, 3]
[rank 1] Dispatch bandwidth: 45.44 GB/s, avg_t=166.95 us, min_t=141.22 us, max_t=268.22 us
[rank 0] Dispatch bandwidth: 45.41 GB/s, avg_t=167.04 us, min_t=138.94 us, max_t=243.58 us
[rank 3] Dispatch bandwidth: 45.58 GB/s, avg_t=166.41 us, min_t=136.58 us, max_t=277.95 us
[rank 2] Dispatch bandwidth: 45.62 GB/s, avg_t=166.27 us, min_t=138.62 us, max_t=263.62 us
global_rank=1, local_rank=1 -> end phase 0
global_rank=0, local_rank=0 -> end phase 0
global_rank=3, local_rank=3 -> end phase 0
global_rank=2, local_rank=2 -> end phase 0
[rank 1] nixlPut latency: samples=96348, p50=1.330000 us, p90=1.554000 us, p99=1.981500 us, average=1.356070 us, overflow_slots=0
[rank 3] nixlPut latency: samples=96224, p50=1.362000 us, p90=1.567000 us, p99=2.013500 us, average=1.374473 us, overflow_slots=0
[rank 2] nixlPut latency: samples=96348, p50=1.374500 us, p90=1.576500 us, p99=1.949000 us, average=1.383117 us, overflow_slots=0
[rank 0] nixlPut latency: samples=99200, p50=1.483500 us, p90=1.668500 us, p99=2.185500 us, average=1.489400 us, overflow_slots=0
global_rank=0, local_rank=0 -> done
global_rank=1, local_rank=1 -> done
global_rank=3, local_rank=3 -> done
global_rank=2, local_rank=2 -> done
