# started_at: 2026-07-26T05:12:15
# cwd: /workspace/external/nixl/examples/device/ep
# command: python3 tests/elastic/elastic.py --plan tests/elastic/no_expansion.json --num-processes 4 --num-tokens 128 --num-experts-per-rank 8 --dispatch-only
# env PYTHONPATH=/workspace/external/nixl/install/lib/python3/dist-packages
# env UCX_GDP_ENABLE=y
# env UCX_PLUGIN_PATH=/workspace/external/ucx-spcx-plugin/install/lib/ucx
# env UCX_RC_GDP_NUM_CHANNELS=2
# env UCX_TLS=rc,rc_gdp,tcp,self,sm,cuda_copy

Starting TCPStore and rank server locally
Process 1 -> global_rank=0, local_rank=0
Process 3 -> global_rank=1, local_rank=1
Process 0 -> global_rank=2, local_rank=2
Process 2 -> global_rank=3, local_rank=3
Allocating buffer size: 238.55168 MB ...
global_rank=0, local_rank=0 -> start phase 0
global_rank=0, local_rank=0 -> adding connections to [1, 2, 3]
global_rank=3, local_rank=3 -> start phase 0
global_rank=3, local_rank=3 -> adding connections to [0, 1, 2]
global_rank=2, local_rank=2 -> start phase 0
global_rank=2, local_rank=2 -> adding connections to [0, 1, 3]
global_rank=1, local_rank=1 -> start phase 0
global_rank=1, local_rank=1 -> adding connections to [0, 2, 3]
[rank 0] Dispatch bandwidth: 34.65 GB/s, avg_t=218.92 us, min_t=200.58 us, max_t=296.93 us
[rank 1] Dispatch bandwidth: 34.64 GB/s, avg_t=219.01 us, min_t=198.53 us, max_t=310.14 us
[rank 3] Dispatch bandwidth: 34.69 GB/s, avg_t=218.69 us, min_t=198.05 us, max_t=259.52 us
[rank 2] Dispatch bandwidth: 34.71 GB/s, avg_t=218.52 us, min_t=200.03 us, max_t=296.32 us
global_rank=0, local_rank=0 -> end phase 0
global_rank=1, local_rank=1 -> end phase 0
global_rank=3, local_rank=3 -> end phase 0
global_rank=2, local_rank=2 -> end phase 0
[rank 1] nixlPut latency: samples=96348, p50=1.303000 us, p90=1.529500 us, p99=1.915000 us, average=1.326605 us, overflow_slots=0
[rank 3] nixlPut latency: samples=96224, p50=1.333000 us, p90=1.553000 us, p99=2.038500 us, average=1.350597 us, overflow_slots=0
[rank 0] nixlPut latency: samples=99200, p50=1.422000 us, p90=1.626500 us, p99=2.228000 us, average=1.442628 us, overflow_slots=0
[rank 2] nixlPut latency: samples=96348, p50=1.342000 us, p90=1.559000 us, p99=2.139000 us, average=1.360525 us, overflow_slots=0
global_rank=1, local_rank=1 -> done
global_rank=0, local_rank=0 -> done
global_rank=3, local_rank=3 -> done
global_rank=2, local_rank=2 -> done
