# started_at: 2026-07-26T05:13:04
# cwd: /workspace/external/nixl/examples/device/ep
# command: python3 tests/elastic/elastic.py --plan tests/elastic/no_expansion.json --num-processes 4 --num-tokens 128 --num-experts-per-rank 8 --dispatch-only
# env PYTHONPATH=/workspace/external/nixl/install/lib/python3/dist-packages
# env UCX_GDP_ENABLE=y
# env UCX_PLUGIN_PATH=/workspace/external/ucx-spcx-plugin/install/lib/ucx
# env UCX_RC_GDP_NUM_CHANNELS=8
# env UCX_TLS=rc,rc_gdp,tcp,self,sm,cuda_copy

Starting TCPStore and rank server locally
Process 3 -> global_rank=0, local_rank=0
Process 0 -> global_rank=1, local_rank=1
Process 2 -> global_rank=2, local_rank=2
Process 1 -> global_rank=3, local_rank=3
Allocating buffer size: 238.55168 MB ...
global_rank=0, local_rank=0 -> start phase 0
global_rank=0, local_rank=0 -> adding connections to [1, 2, 3]
global_rank=3, local_rank=3 -> start phase 0
global_rank=3, local_rank=3 -> adding connections to [0, 1, 2]
global_rank=1, local_rank=1 -> start phase 0
global_rank=1, local_rank=1 -> adding connections to [0, 2, 3]
global_rank=2, local_rank=2 -> start phase 0
global_rank=2, local_rank=2 -> adding connections to [0, 1, 3]
[rank 0] Dispatch bandwidth: 48.77 GB/s, avg_t=155.54 us, min_t=132.83 us, max_t=201.57 us
[rank 1] Dispatch bandwidth: 48.75 GB/s, avg_t=155.60 us, min_t=128.96 us, max_t=212.86 us
[rank 2] Dispatch bandwidth: 48.91 GB/s, avg_t=155.09 us, min_t=130.46 us, max_t=210.30 us
[rank 3] Dispatch bandwidth: 48.88 GB/s, avg_t=155.19 us, min_t=132.38 us, max_t=197.82 us
global_rank=0, local_rank=0 -> end phase 0
global_rank=1, local_rank=1 -> end phase 0
global_rank=2, local_rank=2 -> end phase 0
global_rank=3, local_rank=3 -> end phase 0
[rank 1] nixlPut latency: samples=96348, p50=1.372500 us, p90=1.572000 us, p99=2.007500 us, average=1.382208 us, overflow_slots=0
[rank 2] nixlPut latency: samples=96348, p50=1.381500 us, p90=1.590500 us, p99=1.987000 us, average=1.391230 us, overflow_slots=0
[rank 0] nixlPut latency: samples=99200, p50=1.484500 us, p90=1.661000 us, p99=2.040000 us, average=1.481589 us, overflow_slots=0
[rank 3] nixlPut latency: samples=96224, p50=1.391500 us, p90=1.571000 us, p99=2.095000 us, average=1.390789 us, overflow_slots=0
global_rank=1, local_rank=1 -> done
global_rank=2, local_rank=2 -> done
global_rank=0, local_rank=0 -> done
global_rank=3, local_rank=3 -> done
