# started_at: 2026-07-26T05:12:23
# cwd: /workspace/external/nixl/examples/device/ep
# command: python3 tests/elastic/elastic.py --plan tests/elastic/no_expansion.json --num-processes 4 --num-tokens 128 --num-experts-per-rank 8 --dispatch-only
# env PYTHONPATH=/workspace/external/nixl/install/lib/python3/dist-packages
# env UCX_GDP_ENABLE=y
# env UCX_PLUGIN_PATH=/workspace/external/ucx-spcx-plugin/install/lib/ucx
# env UCX_RC_GDP_NUM_CHANNELS=2
# env UCX_TLS=rc,rc_gdp,tcp,self,sm,cuda_copy

Starting TCPStore and rank server locally
Process 0 -> global_rank=0, local_rank=0
Process 3 -> global_rank=1, local_rank=1
Process 2 -> global_rank=2, local_rank=2
Process 1 -> global_rank=3, local_rank=3
Allocating buffer size: 238.55168 MB ...
global_rank=3, local_rank=3 -> start phase 0
global_rank=3, local_rank=3 -> adding connections to [0, 1, 2]
global_rank=1, local_rank=1 -> start phase 0
global_rank=1, local_rank=1 -> adding connections to [0, 2, 3]
global_rank=2, local_rank=2 -> start phase 0
global_rank=2, local_rank=2 -> adding connections to [0, 1, 3]
global_rank=0, local_rank=0 -> start phase 0
global_rank=0, local_rank=0 -> adding connections to [1, 2, 3]
[rank 1] Dispatch bandwidth: 35.20 GB/s, avg_t=215.52 us, min_t=202.66 us, max_t=243.74 us
[rank 3] Dispatch bandwidth: 35.28 GB/s, avg_t=215.02 us, min_t=196.06 us, max_t=242.40 us
[rank 0] Dispatch bandwidth: 35.19 GB/s, avg_t=215.56 us, min_t=202.62 us, max_t=237.41 us
[rank 2] Dispatch bandwidth: 35.27 GB/s, avg_t=215.07 us, min_t=202.11 us, max_t=234.91 us
global_rank=0, local_rank=0 -> end phase 0
global_rank=1, local_rank=1 -> end phase 0
global_rank=3, local_rank=3 -> end phase 0
global_rank=2, local_rank=2 -> end phase 0
[rank 1] nixlPut latency: samples=96348, p50=1.304500 us, p90=1.531500 us, p99=1.903500 us, average=1.326847 us, overflow_slots=0
[rank 3] nixlPut latency: samples=96224, p50=1.332500 us, p90=1.548000 us, p99=2.036500 us, average=1.348776 us, overflow_slots=0
[rank 2] nixlPut latency: samples=96348, p50=1.342000 us, p90=1.562000 us, p99=2.128500 us, average=1.361419 us, overflow_slots=0
[rank 0] nixlPut latency: samples=99200, p50=1.422500 us, p90=1.631000 us, p99=2.227000 us, average=1.444516 us, overflow_slots=0
global_rank=1, local_rank=1 -> done
global_rank=2, local_rank=2 -> done
global_rank=0, local_rank=0 -> done
global_rank=3, local_rank=3 -> done
