# started_at: 2026-07-26T05:13:37
# cwd: /workspace/external/nixl/examples/device/ep
# command: python3 tests/elastic/elastic.py --plan tests/elastic/no_expansion.json --num-processes 4 --num-tokens 128 --num-experts-per-rank 8 --dispatch-only
# env PYTHONPATH=/workspace/external/nixl/install/lib/python3/dist-packages
# env UCX_GDP_ENABLE=y
# env UCX_PLUGIN_PATH=/workspace/external/ucx-spcx-plugin/install/lib/ucx
# env UCX_RC_GDP_NUM_CHANNELS=16
# env UCX_TLS=rc,rc_gdp,tcp,self,sm,cuda_copy

Starting TCPStore and rank server locally
Process 1 -> global_rank=0, local_rank=0
Process 3 -> global_rank=1, local_rank=1
Process 2 -> global_rank=2, local_rank=2
Process 0 -> global_rank=3, local_rank=3
Allocating buffer size: 238.55168 MB ...
global_rank=3, local_rank=3 -> start phase 0
global_rank=3, local_rank=3 -> adding connections to [0, 1, 2]
global_rank=1, local_rank=1 -> start phase 0
global_rank=1, local_rank=1 -> adding connections to [0, 2, 3]
global_rank=0, local_rank=0 -> start phase 0
global_rank=0, local_rank=0 -> adding connections to [1, 2, 3]
global_rank=2, local_rank=2 -> start phase 0
global_rank=2, local_rank=2 -> adding connections to [0, 1, 3]
[rank 2] Dispatch bandwidth: 48.12 GB/s, avg_t=157.64 us, min_t=130.46 us, max_t=245.15 us
[rank 0] Dispatch bandwidth: 47.93 GB/s, avg_t=158.25 us, min_t=135.04 us, max_t=255.87 us
[rank 3] Dispatch bandwidth: 48.15 GB/s, avg_t=157.53 us, min_t=132.51 us, max_t=260.26 us
[rank 1] Dispatch bandwidth: 47.99 GB/s, avg_t=158.07 us, min_t=130.94 us, max_t=247.71 us
global_rank=0, local_rank=0 -> end phase 0
global_rank=1, local_rank=1 -> end phase 0
global_rank=3, local_rank=3 -> end phase 0
global_rank=2, local_rank=2 -> end phase 0
[rank 3] nixlPut latency: samples=96224, p50=1.410500 us, p90=1.702000 us, p99=2.292000 us, average=1.436800 us, overflow_slots=0
[rank 1] nixlPut latency: samples=96348, p50=1.413500 us, p90=1.684000 us, p99=2.276500 us, average=1.434799 us, overflow_slots=0
[rank 2] nixlPut latency: samples=96348, p50=1.416000 us, p90=1.733500 us, p99=2.383000 us, average=1.497139 us, overflow_slots=0
[rank 0] nixlPut latency: samples=99200, p50=1.507500 us, p90=1.750500 us, p99=2.266000 us, average=1.522040 us, overflow_slots=0
global_rank=0, local_rank=0 -> done
global_rank=1, local_rank=1 -> done
global_rank=2, local_rank=2 -> done
global_rank=3, local_rank=3 -> done
