# started_at: 2026-07-26T05:13:54
# cwd: /workspace/external/nixl/examples/device/ep
# command: python3 tests/elastic/elastic.py --plan tests/elastic/no_expansion.json --num-processes 4 --num-tokens 128 --num-experts-per-rank 8 --dispatch-only
# env PYTHONPATH=/workspace/external/nixl/install/lib/python3/dist-packages
# env UCX_GDP_ENABLE=y
# env UCX_PLUGIN_PATH=/workspace/external/ucx-spcx-plugin/install/lib/ucx
# env UCX_RC_GDP_NUM_CHANNELS=32
# env UCX_TLS=rc,rc_gdp,tcp,self,sm,cuda_copy

Starting TCPStore and rank server locally
Process 2 -> global_rank=0, local_rank=0
Process 1 -> global_rank=1, local_rank=1
Process 0 -> global_rank=2, local_rank=2
Process 3 -> global_rank=3, local_rank=3
Allocating buffer size: 238.55168 MB ...
global_rank=0, local_rank=0 -> start phase 0
global_rank=0, local_rank=0 -> adding connections to [1, 2, 3]
global_rank=3, local_rank=3 -> start phase 0
global_rank=1, local_rank=1 -> start phase 0
global_rank=3, local_rank=3 -> adding connections to [0, 1, 2]
global_rank=1, local_rank=1 -> adding connections to [0, 2, 3]
global_rank=2, local_rank=2 -> start phase 0
global_rank=2, local_rank=2 -> adding connections to [0, 1, 3]
[rank 0] Dispatch bandwidth: 48.94 GB/s, avg_t=155.01 us, min_t=132.96 us, max_t=212.86 us
[rank 3] Dispatch bandwidth: 49.10 GB/s, avg_t=154.49 us, min_t=132.54 us, max_t=202.18 us
[rank 1] Dispatch bandwidth: 48.96 GB/s, avg_t=154.95 us, min_t=134.05 us, max_t=198.46 us
[rank 2] Dispatch bandwidth: 49.14 GB/s, avg_t=154.38 us, min_t=134.53 us, max_t=198.21 us
global_rank=0, local_rank=0 -> end phase 0
global_rank=1, local_rank=1 -> end phase 0
global_rank=3, local_rank=3 -> end phase 0
global_rank=2, local_rank=2 -> end phase 0
[rank 3] nixlPut latency: samples=96224, p50=1.777500 us, p90=40.291000 us, p99=68.162000 us, average=11.341258 us, overflow_slots=0
[rank 1] nixlPut latency: samples=96348, p50=1.781000 us, p90=31.682500 us, p99=53.915000 us, average=9.603214 us, overflow_slots=0
[rank 0] nixlPut latency: samples=99200, p50=1.880000 us, p90=37.756000 us, p99=62.872000 us, average=11.185577 us, overflow_slots=0
[rank 2] nixlPut latency: samples=96348, p50=1.759500 us, p90=29.446500 us, p99=52.830000 us, average=8.693880 us, overflow_slots=0
global_rank=0, local_rank=0 -> done
global_rank=1, local_rank=1 -> done
global_rank=3, local_rank=3 -> done
global_rank=2, local_rank=2 -> done
