# started_at: 2026-07-26T05:11:42
# cwd: /workspace/external/nixl/examples/device/ep
# command: python3 tests/elastic/elastic.py --plan tests/elastic/no_expansion.json --num-processes 4 --num-tokens 128 --num-experts-per-rank 8 --dispatch-only
# env PYTHONPATH=/workspace/external/nixl/install/lib/python3/dist-packages
# env UCX_GDP_ENABLE=y
# env UCX_PLUGIN_PATH=/workspace/external/ucx-spcx-plugin/install/lib/ucx
# env UCX_RC_GDP_NUM_CHANNELS=1
# env UCX_TLS=rc,rc_gdp,tcp,self,sm,cuda_copy

Starting TCPStore and rank server locally
Process 1 -> global_rank=0, local_rank=0
Process 2 -> global_rank=1, local_rank=1
Process 0 -> global_rank=2, local_rank=2
Process 3 -> global_rank=3, local_rank=3
Allocating buffer size: 238.55168 MB ...
global_rank=0, local_rank=0 -> start phase 0
global_rank=0, local_rank=0 -> adding connections to [1, 2, 3]
global_rank=3, local_rank=3 -> start phase 0
global_rank=3, local_rank=3 -> adding connections to [0, 1, 2]
global_rank=1, local_rank=1 -> start phase 0
global_rank=1, local_rank=1 -> adding connections to [0, 2, 3]
global_rank=2, local_rank=2 -> start phase 0
global_rank=2, local_rank=2 -> adding connections to [0, 1, 3]
[rank 1] Dispatch bandwidth: 19.83 GB/s, avg_t=382.60 us, min_t=366.46 us, max_t=472.99 us
[rank 0] Dispatch bandwidth: 19.69 GB/s, avg_t=385.21 us, min_t=364.38 us, max_t=491.39 us
[rank 2] Dispatch bandwidth: 19.84 GB/s, avg_t=382.27 us, min_t=366.02 us, max_t=476.64 us
[rank 3] Dispatch bandwidth: 19.85 GB/s, avg_t=382.22 us, min_t=365.86 us, max_t=482.72 us
global_rank=0, local_rank=0 -> end phase 0
global_rank=1, local_rank=1 -> end phase 0
global_rank=2, local_rank=2 -> end phase 0
global_rank=3, local_rank=3 -> end phase 0
[rank 1] nixlPut latency: samples=96348, p50=1.311000 us, p90=1.605500 us, p99=2.174000 us, average=1.342119 us, overflow_slots=0
[rank 0] nixlPut latency: samples=99200, p50=1.436500 us, p90=1.742000 us, p99=2.477000 us, average=1.467509 us, overflow_slots=0
[rank 3] nixlPut latency: samples=96224, p50=1.330500 us, p90=1.624000 us, p99=2.186500 us, average=1.358166 us, overflow_slots=0
[rank 2] nixlPut latency: samples=96348, p50=1.336500 us, p90=1.644000 us, p99=2.468500 us, average=1.374549 us, overflow_slots=0
global_rank=3, local_rank=3 -> done
global_rank=1, local_rank=1 -> done
global_rank=0, local_rank=0 -> done
global_rank=2, local_rank=2 -> done
