# started_at: 2026-07-26T05:13:12
# cwd: /workspace/external/nixl/examples/device/ep
# command: python3 tests/elastic/elastic.py --plan tests/elastic/no_expansion.json --num-processes 4 --num-tokens 128 --num-experts-per-rank 8 --dispatch-only
# env PYTHONPATH=/workspace/external/nixl/install/lib/python3/dist-packages
# env UCX_GDP_ENABLE=y
# env UCX_PLUGIN_PATH=/workspace/external/ucx-spcx-plugin/install/lib/ucx
# env UCX_RC_GDP_NUM_CHANNELS=8
# env UCX_TLS=rc,rc_gdp,tcp,self,sm,cuda_copy

Starting TCPStore and rank server locally
Process 0 -> global_rank=0, local_rank=0
Process 3 -> global_rank=1, local_rank=1
Process 2 -> global_rank=2, local_rank=2
Process 1 -> global_rank=3, local_rank=3
Allocating buffer size: 238.55168 MB ...
global_rank=0, local_rank=0 -> start phase 0
global_rank=0, local_rank=0 -> adding connections to [1, 2, 3]
global_rank=3, local_rank=3 -> start phase 0
global_rank=3, local_rank=3 -> adding connections to [0, 1, 2]
global_rank=1, local_rank=1 -> start phase 0
global_rank=1, local_rank=1 -> adding connections to [0, 2, 3]
global_rank=2, local_rank=2 -> start phase 0
global_rank=2, local_rank=2 -> adding connections to [0, 1, 3]
[rank 0] Dispatch bandwidth: 49.18 GB/s, avg_t=154.25 us, min_t=132.96 us, max_t=200.61 us
[rank 1] Dispatch bandwidth: 49.17 GB/s, avg_t=154.29 us, min_t=130.85 us, max_t=221.09 us
[rank 3] Dispatch bandwidth: 49.31 GB/s, avg_t=153.85 us, min_t=130.43 us, max_t=224.61 us
[rank 2] Dispatch bandwidth: 49.28 GB/s, avg_t=153.93 us, min_t=134.53 us, max_t=225.82 us
global_rank=0, local_rank=0 -> end phase 0
global_rank=1, local_rank=1 -> end phase 0
global_rank=3, local_rank=3 -> end phase 0
global_rank=2, local_rank=2 -> end phase 0
[rank 1] nixlPut latency: samples=96348, p50=1.373000 us, p90=1.576500 us, p99=2.003000 us, average=1.383243 us, overflow_slots=0
[rank 3] nixlPut latency: samples=96224, p50=1.392500 us, p90=1.575000 us, p99=2.077500 us, average=1.391182 us, overflow_slots=0
[rank 0] nixlPut latency: samples=99200, p50=1.501500 us, p90=1.720500 us, p99=2.362500 us, average=1.512431 us, overflow_slots=0
[rank 2] nixlPut latency: samples=96348, p50=1.382000 us, p90=1.592000 us, p99=1.996000 us, average=1.392123 us, overflow_slots=0
global_rank=2, local_rank=2 -> done
global_rank=3, local_rank=3 -> done
global_rank=0, local_rank=0 -> done
global_rank=1, local_rank=1 -> done
