# started_at: 2026-07-26T05:13:46
# cwd: /workspace/external/nixl/examples/device/ep
# command: python3 tests/elastic/elastic.py --plan tests/elastic/no_expansion.json --num-processes 4 --num-tokens 128 --num-experts-per-rank 8 --dispatch-only
# env PYTHONPATH=/workspace/external/nixl/install/lib/python3/dist-packages
# env UCX_GDP_ENABLE=y
# env UCX_PLUGIN_PATH=/workspace/external/ucx-spcx-plugin/install/lib/ucx
# env UCX_RC_GDP_NUM_CHANNELS=32
# env UCX_TLS=rc,rc_gdp,tcp,self,sm,cuda_copy

Starting TCPStore and rank server locally
Process 2 -> global_rank=0, local_rank=0
Process 3 -> global_rank=1, local_rank=1
Process 1 -> global_rank=2, local_rank=2
Process 0 -> global_rank=3, local_rank=3
Allocating buffer size: 238.55168 MB ...
global_rank=0, local_rank=0 -> start phase 0
global_rank=0, local_rank=0 -> adding connections to [1, 2, 3]
global_rank=3, local_rank=3 -> start phase 0
global_rank=3, local_rank=3 -> adding connections to [0, 1, 2]
global_rank=1, local_rank=1 -> start phase 0
global_rank=1, local_rank=1 -> adding connections to [0, 2, 3]
global_rank=2, local_rank=2 -> start phase 0
global_rank=2, local_rank=2 -> adding connections to [0, 1, 3]
[rank 0] Dispatch bandwidth: 48.54 GB/s, avg_t=156.28 us, min_t=132.99 us, max_t=215.97 us
[rank 1] Dispatch bandwidth: 48.49 GB/s, avg_t=156.44 us, min_t=130.85 us, max_t=227.23 us
[rank 3] Dispatch bandwidth: 48.79 GB/s, avg_t=155.48 us, min_t=132.51 us, max_t=222.91 us
[rank 2] Dispatch bandwidth: 48.65 GB/s, avg_t=155.91 us, min_t=134.56 us, max_t=227.04 us
global_rank=0, local_rank=0 -> end phase 0
global_rank=1, local_rank=1 -> end phase 0
global_rank=3, local_rank=3 -> end phase 0
global_rank=2, local_rank=2 -> end phase 0
[rank 1] nixlPut latency: samples=96348, p50=1.782500 us, p90=31.633500 us, p99=53.432000 us, average=9.531537 us, overflow_slots=0
[rank 3] nixlPut latency: samples=96224, p50=1.772000 us, p90=39.901500 us, p99=65.971500 us, average=11.154455 us, overflow_slots=0
[rank 2] nixlPut latency: samples=96348, p50=1.751500 us, p90=28.995500 us, p99=50.982000 us, average=8.579043 us, overflow_slots=0
[rank 0] nixlPut latency: samples=99200, p50=1.886500 us, p90=37.868000 us, p99=62.280000 us, average=11.097916 us, overflow_slots=0
global_rank=1, local_rank=1 -> done
global_rank=3, local_rank=3 -> done
global_rank=0, local_rank=0 -> done
global_rank=2, local_rank=2 -> done
