# started_at: 2026-07-26T05:12:31
# cwd: /workspace/external/nixl/examples/device/ep
# command: python3 tests/elastic/elastic.py --plan tests/elastic/no_expansion.json --num-processes 4 --num-tokens 128 --num-experts-per-rank 8 --dispatch-only
# env PYTHONPATH=/workspace/external/nixl/install/lib/python3/dist-packages
# env UCX_GDP_ENABLE=y
# env UCX_PLUGIN_PATH=/workspace/external/ucx-spcx-plugin/install/lib/ucx
# env UCX_RC_GDP_NUM_CHANNELS=4
# env UCX_TLS=rc,rc_gdp,tcp,self,sm,cuda_copy

Starting TCPStore and rank server locally
Process 1 -> global_rank=0, local_rank=0
Process 2 -> global_rank=1, local_rank=1
Process 3 -> global_rank=2, local_rank=2
Process 0 -> global_rank=3, local_rank=3
Allocating buffer size: 238.55168 MB ...
global_rank=0, local_rank=0 -> start phase 0
global_rank=0, local_rank=0 -> adding connections to [1, 2, 3]
global_rank=3, local_rank=3 -> start phase 0
global_rank=3, local_rank=3 -> adding connections to [0, 1, 2]
global_rank=1, local_rank=1 -> start phase 0
global_rank=1, local_rank=1 -> adding connections to [0, 2, 3]
global_rank=2, local_rank=2 -> start phase 0
global_rank=2, local_rank=2 -> adding connections to [0, 1, 3]
[rank 1] Dispatch bandwidth: 45.23 GB/s, avg_t=167.70 us, min_t=139.17 us, max_t=233.34 us
[rank 0] Dispatch bandwidth: 45.24 GB/s, avg_t=167.69 us, min_t=139.14 us, max_t=247.71 us
[rank 3] Dispatch bandwidth: 45.29 GB/s, avg_t=167.48 us, min_t=140.74 us, max_t=223.68 us
[rank 2] Dispatch bandwidth: 45.33 GB/s, avg_t=167.34 us, min_t=138.66 us, max_t=236.90 us
global_rank=1, local_rank=1 -> end phase 0
global_rank=0, local_rank=0 -> end phase 0
global_rank=2, local_rank=2 -> end phase 0
global_rank=3, local_rank=3 -> end phase 0
[rank 1] nixlPut latency: samples=96348, p50=1.330500 us, p90=1.548500 us, p99=1.964000 us, average=1.354757 us, overflow_slots=0
[rank 3] nixlPut latency: samples=96224, p50=1.364000 us, p90=1.569000 us, p99=2.069000 us, average=1.377129 us, overflow_slots=0
[rank 2] nixlPut latency: samples=96348, p50=1.374000 us, p90=1.578000 us, p99=1.967000 us, average=1.383628 us, overflow_slots=0
[rank 0] nixlPut latency: samples=99200, p50=1.484500 us, p90=1.671000 us, p99=2.227500 us, average=1.490268 us, overflow_slots=0
global_rank=1, local_rank=1 -> done
global_rank=0, local_rank=0 -> done
global_rank=3, local_rank=3 -> done
global_rank=2, local_rank=2 -> done
