# started_at: 2026-07-26T05:14:03
# cwd: /workspace/external/nixl/examples/device/ep
# command: python3 tests/elastic/elastic.py --plan tests/elastic/no_expansion.json --num-processes 4 --num-tokens 128 --num-experts-per-rank 8 --dispatch-only
# env PYTHONPATH=/workspace/external/nixl/install/lib/python3/dist-packages
# env UCX_GDP_ENABLE=y
# env UCX_PLUGIN_PATH=/workspace/external/ucx-spcx-plugin/install/lib/ucx
# env UCX_RC_GDP_NUM_CHANNELS=32
# env UCX_TLS=rc,rc_gdp,tcp,self,sm,cuda_copy

Starting TCPStore and rank server locally
Process 3 -> global_rank=0, local_rank=0
Process 1 -> global_rank=1, local_rank=1
Process 2 -> global_rank=2, local_rank=2
Process 0 -> global_rank=3, local_rank=3
Allocating buffer size: 238.55168 MB ...
global_rank=1, local_rank=1 -> start phase 0
global_rank=1, local_rank=1 -> adding connections to [0, 2, 3]
global_rank=3, local_rank=3 -> start phase 0
global_rank=3, local_rank=3 -> adding connections to [0, 1, 2]
global_rank=0, local_rank=0 -> start phase 0
global_rank=0, local_rank=0 -> adding connections to [1, 2, 3]
global_rank=2, local_rank=2 -> start phase 0
global_rank=2, local_rank=2 -> adding connections to [0, 1, 3]
[rank 0] Dispatch bandwidth: 51.33 GB/s, avg_t=147.78 us, min_t=133.02 us, max_t=186.24 us
[rank 1] Dispatch bandwidth: 51.25 GB/s, avg_t=148.03 us, min_t=130.88 us, max_t=191.52 us
[rank 2] Dispatch bandwidth: 51.55 GB/s, avg_t=147.15 us, min_t=135.74 us, max_t=187.81 us
[rank 3] Dispatch bandwidth: 51.53 GB/s, avg_t=147.22 us, min_t=136.58 us, max_t=181.70 us
global_rank=0, local_rank=0 -> end phase 0
global_rank=1, local_rank=1 -> end phase 0
global_rank=2, local_rank=2 -> end phase 0
global_rank=3, local_rank=3 -> end phase 0
[rank 1] nixlPut latency: samples=96348, p50=1.776000 us, p90=31.452500 us, p99=51.886500 us, average=9.506392 us, overflow_slots=0
[rank 3] nixlPut latency: samples=96224, p50=1.770500 us, p90=39.267000 us, p99=61.713500 us, average=11.110859 us, overflow_slots=0
[rank 2] nixlPut latency: samples=96348, p50=1.748000 us, p90=29.184000 us, p99=51.708500 us, average=8.613201 us, overflow_slots=0
[rank 0] nixlPut latency: samples=99200, p50=1.871500 us, p90=36.835500 us, p99=58.433000 us, average=10.871193 us, overflow_slots=0
global_rank=1, local_rank=1 -> done
global_rank=0, local_rank=0 -> done
global_rank=3, local_rank=3 -> done
global_rank=2, local_rank=2 -> done
