# started_at: 2026-07-26T05:11:50
# cwd: /workspace/external/nixl/examples/device/ep
# command: python3 tests/elastic/elastic.py --plan tests/elastic/no_expansion.json --num-processes 4 --num-tokens 128 --num-experts-per-rank 8 --dispatch-only
# env PYTHONPATH=/workspace/external/nixl/install/lib/python3/dist-packages
# env UCX_GDP_ENABLE=y
# env UCX_PLUGIN_PATH=/workspace/external/ucx-spcx-plugin/install/lib/ucx
# env UCX_RC_GDP_NUM_CHANNELS=1
# env UCX_TLS=rc,rc_gdp,tcp,self,sm,cuda_copy

Starting TCPStore and rank server locally
Process 3 -> global_rank=0, local_rank=0
Process 0 -> global_rank=1, local_rank=1
Process 2 -> global_rank=2, local_rank=2
Process 1 -> global_rank=3, local_rank=3
Allocating buffer size: 238.55168 MB ...
global_rank=0, local_rank=0 -> start phase 0
global_rank=0, local_rank=0 -> adding connections to [1, 2, 3]
global_rank=3, local_rank=3 -> start phase 0
global_rank=3, local_rank=3 -> adding connections to [0, 1, 2]
global_rank=1, local_rank=1 -> start phase 0
global_rank=1, local_rank=1 -> adding connections to [0, 2, 3]
global_rank=2, local_rank=2 -> start phase 0
global_rank=2, local_rank=2 -> adding connections to [0, 1, 3]
[rank 0] Dispatch bandwidth: 19.54 GB/s, avg_t=388.17 us, min_t=364.42 us, max_t=460.67 us
[rank 3] Dispatch bandwidth: 19.60 GB/s, avg_t=386.95 us, min_t=365.98 us, max_t=435.62 us
[rank 2] Dispatch bandwidth: 19.58 GB/s, avg_t=387.36 us, min_t=369.95 us, max_t=435.39 us
[rank 1] Dispatch bandwidth: 19.55 GB/s, avg_t=387.94 us, min_t=368.54 us, max_t=438.14 us
global_rank=0, local_rank=0 -> end phase 0
global_rank=2, local_rank=2 -> end phase 0
global_rank=3, local_rank=3 -> end phase 0
global_rank=1, local_rank=1 -> end phase 0
[rank 3] nixlPut latency: samples=96224, p50=1.331500 us, p90=1.633500 us, p99=2.337500 us, average=1.436048 us, overflow_slots=0
[rank 0] nixlPut latency: samples=99200, p50=1.435000 us, p90=1.725000 us, p99=2.423000 us, average=1.462007 us, overflow_slots=0
[rank 1] nixlPut latency: samples=96348, p50=1.309500 us, p90=1.596500 us, p99=2.112500 us, average=1.339476 us, overflow_slots=0
[rank 2] nixlPut latency: samples=96348, p50=1.335000 us, p90=1.631000 us, p99=2.332500 us, average=1.370430 us, overflow_slots=0
global_rank=3, local_rank=3 -> done
global_rank=1, local_rank=1 -> done
global_rank=0, local_rank=0 -> done
global_rank=2, local_rank=2 -> done
