# started_at: 2026-07-26T05:12:07
# cwd: /workspace/external/nixl/examples/device/ep
# command: python3 tests/elastic/elastic.py --plan tests/elastic/no_expansion.json --num-processes 4 --num-tokens 128 --num-experts-per-rank 8 --dispatch-only
# env PYTHONPATH=/workspace/external/nixl/install/lib/python3/dist-packages
# env UCX_GDP_ENABLE=y
# env UCX_PLUGIN_PATH=/workspace/external/ucx-spcx-plugin/install/lib/ucx
# env UCX_RC_GDP_NUM_CHANNELS=2
# env UCX_TLS=rc,rc_gdp,tcp,self,sm,cuda_copy

Starting TCPStore and rank server locally
Process 1 -> global_rank=0, local_rank=0
Process 3 -> global_rank=1, local_rank=1
Process 0 -> global_rank=2, local_rank=2
Process 2 -> global_rank=3, local_rank=3
Allocating buffer size: 238.55168 MB ...
global_rank=0, local_rank=0 -> start phase 0
global_rank=0, local_rank=0 -> adding connections to [1, 2, 3]
global_rank=3, local_rank=3 -> start phase 0
global_rank=3, local_rank=3 -> adding connections to [0, 1, 2]
global_rank=1, local_rank=1 -> start phase 0
global_rank=1, local_rank=1 -> adding connections to [0, 2, 3]
global_rank=2, local_rank=2 -> start phase 0
global_rank=2, local_rank=2 -> adding connections to [0, 1, 3]
[rank 0] Dispatch bandwidth: 34.91 GB/s, avg_t=217.32 us, min_t=200.58 us, max_t=286.56 us
[rank 1] Dispatch bandwidth: 34.87 GB/s, avg_t=217.56 us, min_t=198.53 us, max_t=278.43 us
[rank 3] Dispatch bandwidth: 35.03 GB/s, avg_t=216.57 us, min_t=202.11 us, max_t=253.31 us
[rank 2] Dispatch bandwidth: 34.98 GB/s, avg_t=216.85 us, min_t=196.00 us, max_t=276.67 us
global_rank=0, local_rank=0 -> end phase 0
global_rank=1, local_rank=1 -> end phase 0
global_rank=3, local_rank=3 -> end phase 0
global_rank=2, local_rank=2 -> end phase 0
[rank 1] nixlPut latency: samples=96348, p50=1.304500 us, p90=1.532000 us, p99=1.911000 us, average=1.327897 us, overflow_slots=0
[rank 3] nixlPut latency: samples=96224, p50=1.332000 us, p90=1.549000 us, p99=2.050500 us, average=1.350134 us, overflow_slots=0
[rank 2] nixlPut latency: samples=96348, p50=1.342500 us, p90=1.560000 us, p99=2.105500 us, average=1.360858 us, overflow_slots=0
[rank 0] nixlPut latency: samples=99200, p50=1.422500 us, p90=1.629000 us, p99=2.207000 us, average=1.443840 us, overflow_slots=0
global_rank=3, local_rank=3 -> done
global_rank=1, local_rank=1 -> done
global_rank=0, local_rank=0 -> done
global_rank=2, local_rank=2 -> done
