# started_at: 2026-07-26T05:11:39
# cwd: /workspace/external/nixl/examples/device/ep
# command: python3 tests/elastic/elastic.py --plan tests/elastic/no_expansion.json --num-processes 4 --num-tokens 128 --num-experts-per-rank 2 --dispatch-only
# env NIXL_EP_NUM_CHANNELS=2
# env PYTHONPATH=/workspace/external/nixl/install/lib/python3/dist-packages
# env UCX_TLS=rc,rc_gda,tcp,self,sm,cuda_copy

Starting TCPStore and rank server locally
Process 3 -> global_rank=0, local_rank=0
Process 1 -> global_rank=1, local_rank=1
Process 0 -> global_rank=2, local_rank=2
Process 2 -> global_rank=3, local_rank=3
Allocating buffer size: 59.638144 MB ...
global_rank=3, local_rank=3 -> start phase 0
global_rank=3, local_rank=3 -> adding connections to [0, 1, 2]
global_rank=2, local_rank=2 -> start phase 0
global_rank=0, local_rank=0 -> start phase 0
global_rank=0, local_rank=0 -> adding connections to [1, 2, 3]
global_rank=2, local_rank=2 -> adding connections to [0, 1, 3]
global_rank=1, local_rank=1 -> start phase 0
global_rank=1, local_rank=1 -> adding connections to [0, 2, 3]
[rank 0] Dispatch bandwidth: 46.30 GB/s, avg_t=163.85 us, min_t=155.78 us, max_t=171.10 us
[rank 3] Dispatch bandwidth: 46.22 GB/s, avg_t=164.11 us, min_t=155.04 us, max_t=169.41 us
[rank 2] Dispatch bandwidth: 46.20 GB/s, avg_t=164.18 us, min_t=155.04 us, max_t=174.53 us
[rank 1] Dispatch bandwidth: 46.09 GB/s, avg_t=164.57 us, min_t=155.52 us, max_t=169.89 us
global_rank=0, local_rank=0 -> end phase 0
global_rank=3, local_rank=3 -> end phase 0
global_rank=2, local_rank=2 -> end phase 0
global_rank=1, local_rank=1 -> end phase 0
[rank 3] nixlPut latency: samples=95232, p50=3.287500 us, p90=4.177500 us, p99=6.295000 us, average=3.382652 us, overflow_slots=0
[rank 2] nixlPut latency: samples=95232, p50=3.240500 us, p90=4.179000 us, p99=6.193000 us, average=3.355536 us, overflow_slots=0
[rank 1] nixlPut latency: samples=95232, p50=3.251500 us, p90=4.198000 us, p99=6.250000 us, average=3.371117 us, overflow_slots=0
[rank 0] nixlPut latency: samples=95232, p50=3.508000 us, p90=4.344000 us, p99=6.955500 us, average=3.528629 us, overflow_slots=0
global_rank=3, local_rank=3 -> done
global_rank=0, local_rank=0 -> done
global_rank=2, local_rank=2 -> done
global_rank=1, local_rank=1 -> done
