# started_at: 2026-07-26T05:13:37
# cwd: /workspace/external/nixl/examples/device/ep
# command: python3 tests/elastic/elastic.py --plan tests/elastic/no_expansion.json --num-processes 4 --num-tokens 128 --num-experts-per-rank 2 --dispatch-only
# env NIXL_EP_NUM_CHANNELS=32
# env PYTHONPATH=/workspace/external/nixl/install/lib/python3/dist-packages
# env UCX_TLS=rc,rc_gda,tcp,self,sm,cuda_copy

Starting TCPStore and rank server locally
Process 2 -> global_rank=0, local_rank=0
Process 0 -> global_rank=1, local_rank=1
Process 3 -> global_rank=2, local_rank=2
Process 1 -> global_rank=3, local_rank=3
Allocating buffer size: 59.638144 MB ...
global_rank=1, local_rank=1 -> start phase 0
global_rank=1, local_rank=1 -> adding connections to [0, 2, 3]
global_rank=0, local_rank=0 -> start phase 0
global_rank=0, local_rank=0 -> adding connections to [1, 2, 3]
global_rank=3, local_rank=3 -> start phase 0
global_rank=3, local_rank=3 -> adding connections to [0, 1, 2]
global_rank=2, local_rank=2 -> start phase 0
global_rank=2, local_rank=2 -> adding connections to [0, 1, 3]
[rank 0] Dispatch bandwidth: 46.30 GB/s, avg_t=163.85 us, min_t=156.86 us, max_t=169.15 us
[rank 1] Dispatch bandwidth: 46.10 GB/s, avg_t=164.55 us, min_t=156.54 us, max_t=171.94 us
[rank 3] Dispatch bandwidth: 46.07 GB/s, avg_t=164.65 us, min_t=157.57 us, max_t=171.94 us
[rank 2] Dispatch bandwidth: 46.33 GB/s, avg_t=163.73 us, min_t=156.51 us, max_t=173.09 us
global_rank=0, local_rank=0 -> end phase 0
global_rank=1, local_rank=1 -> end phase 0
global_rank=3, local_rank=3 -> end phase 0
global_rank=2, local_rank=2 -> end phase 0
[rank 0] nixlPut latency: samples=95232, p50=3.068500 us, p90=4.139500 us, p99=6.193500 us, average=3.247279 us, overflow_slots=0
[rank 1] nixlPut latency: samples=95232, p50=3.379500 us, p90=4.282500 us, p99=6.810000 us, average=3.478701 us, overflow_slots=0
[rank 3] nixlPut latency: samples=95232, p50=3.368500 us, p90=4.278500 us, p99=6.586000 us, average=3.460771 us, overflow_slots=0
[rank 2] nixlPut latency: samples=95232, p50=3.358000 us, p90=4.274500 us, p99=6.719500 us, average=3.459841 us, overflow_slots=0
global_rank=1, local_rank=1 -> done
global_rank=3, local_rank=3 -> done
global_rank=2, local_rank=2 -> done
global_rank=0, local_rank=0 -> done
