# started_at: 2026-07-26T05:11:47
# cwd: /workspace/external/nixl/examples/device/ep
# command: python3 tests/elastic/elastic.py --plan tests/elastic/no_expansion.json --num-processes 4 --num-tokens 128 --num-experts-per-rank 2 --dispatch-only
# env NIXL_EP_NUM_CHANNELS=2
# env PYTHONPATH=/workspace/external/nixl/install/lib/python3/dist-packages
# env UCX_TLS=rc,rc_gda,tcp,self,sm,cuda_copy

Starting TCPStore and rank server locally
Process 2 -> global_rank=0, local_rank=0
Process 3 -> global_rank=1, local_rank=1
Process 1 -> global_rank=2, local_rank=2
Process 0 -> global_rank=3, local_rank=3
Allocating buffer size: 59.638144 MB ...
global_rank=1, local_rank=1 -> start phase 0
global_rank=1, local_rank=1 -> adding connections to [0, 2, 3]
global_rank=0, local_rank=0 -> start phase 0
global_rank=0, local_rank=0 -> adding connections to [1, 2, 3]
global_rank=3, local_rank=3 -> start phase 0
global_rank=3, local_rank=3 -> adding connections to [0, 1, 2]
global_rank=2, local_rank=2 -> start phase 0
global_rank=2, local_rank=2 -> adding connections to [0, 1, 3]
[rank 1] Dispatch bandwidth: 46.03 GB/s, avg_t=164.80 us, min_t=157.60 us, max_t=171.90 us
[rank 2] Dispatch bandwidth: 46.17 GB/s, avg_t=164.31 us, min_t=156.93 us, max_t=171.58 us
[rank 3] Dispatch bandwidth: 46.17 GB/s, avg_t=164.29 us, min_t=155.01 us, max_t=169.60 us
global_rank=1, local_rank=1 -> end phase 0
[rank 0] Dispatch bandwidth: 46.14 GB/s, avg_t=164.42 us, min_t=155.71 us, max_t=173.73 us
global_rank=2, local_rank=2 -> end phase 0
global_rank=3, local_rank=3 -> end phase 0
global_rank=0, local_rank=0 -> end phase 0
[rank 1] nixlPut latency: samples=95232, p50=3.257000 us, p90=4.168000 us, p99=6.223500 us, average=3.367931 us, overflow_slots=0
[rank 3] nixlPut latency: samples=95232, p50=3.281000 us, p90=4.178000 us, p99=6.236500 us, average=3.376066 us, overflow_slots=0
[rank 2] nixlPut latency: samples=95232, p50=3.267000 us, p90=4.192500 us, p99=6.186000 us, average=3.372369 us, overflow_slots=0
[rank 0] nixlPut latency: samples=95232, p50=3.447000 us, p90=4.246000 us, p99=6.887000 us, average=3.489161 us, overflow_slots=0
global_rank=2, local_rank=2 -> done
global_rank=3, local_rank=3 -> done
global_rank=0, local_rank=0 -> done
global_rank=1, local_rank=1 -> done
