# started_at: 2026-07-26T05:11:55
# cwd: /workspace/external/nixl/examples/device/ep
# command: python3 tests/elastic/elastic.py --plan tests/elastic/no_expansion.json --num-processes 4 --num-tokens 128 --num-experts-per-rank 2 --dispatch-only
# env NIXL_EP_NUM_CHANNELS=2
# env PYTHONPATH=/workspace/external/nixl/install/lib/python3/dist-packages
# env UCX_TLS=rc,rc_gda,tcp,self,sm,cuda_copy

Starting TCPStore and rank server locally
Process 0 -> global_rank=0, local_rank=0
Process 2 -> global_rank=1, local_rank=1
Process 3 -> global_rank=2, local_rank=2
Process 1 -> global_rank=3, local_rank=3
Allocating buffer size: 59.638144 MB ...
global_rank=3, local_rank=3 -> start phase 0
global_rank=3, local_rank=3 -> adding connections to [0, 1, 2]
global_rank=2, local_rank=2 -> start phase 0
global_rank=2, local_rank=2 -> adding connections to [0, 1, 3]
global_rank=1, local_rank=1 -> start phase 0
global_rank=1, local_rank=1 -> adding connections to [0, 2, 3]
global_rank=0, local_rank=0 -> start phase 0
global_rank=0, local_rank=0 -> adding connections to [1, 2, 3]
[rank 0] Dispatch bandwidth: 46.27 GB/s, avg_t=163.95 us, min_t=154.94 us, max_t=171.04 us
[rank 1] Dispatch bandwidth: 46.02 GB/s, avg_t=164.83 us, min_t=157.60 us, max_t=178.08 us
[rank 2] Dispatch bandwidth: 46.16 GB/s, avg_t=164.32 us, min_t=157.09 us, max_t=173.47 us
[rank 3] Dispatch bandwidth: 46.17 GB/s, avg_t=164.28 us, min_t=157.09 us, max_t=175.49 us
global_rank=1, local_rank=1 -> end phase 0
global_rank=0, local_rank=0 -> end phase 0
global_rank=2, local_rank=2 -> end phase 0
global_rank=3, local_rank=3 -> end phase 0
[rank 1] nixlPut latency: samples=95232, p50=3.277000 us, p90=4.191000 us, p99=6.338000 us, average=3.388110 us, overflow_slots=0
[rank 0] nixlPut latency: samples=95232, p50=3.474500 us, p90=4.279500 us, p99=6.925500 us, average=3.512682 us, overflow_slots=0
[rank 2] nixlPut latency: samples=95232, p50=3.254500 us, p90=4.172500 us, p99=6.226500 us, average=3.363377 us, overflow_slots=0
[rank 3] nixlPut latency: samples=95232, p50=3.272500 us, p90=4.165500 us, p99=6.288500 us, average=3.369081 us, overflow_slots=0
global_rank=3, local_rank=3 -> done
global_rank=2, local_rank=2 -> done
global_rank=1, local_rank=1 -> done
global_rank=0, local_rank=0 -> done
