# started_at: 2026-07-26T05:13:19
# cwd: /workspace/external/nixl/examples/device/ep
# command: python3 tests/elastic/elastic.py --plan tests/elastic/no_expansion.json --num-processes 4 --num-tokens 128 --num-experts-per-rank 2 --dispatch-only
# env NIXL_EP_NUM_CHANNELS=32
# env PYTHONPATH=/workspace/external/nixl/install/lib/python3/dist-packages
# env UCX_TLS=rc,rc_gda,tcp,self,sm,cuda_copy

Starting TCPStore and rank server locally
Process 3 -> global_rank=0, local_rank=0
Process 0 -> global_rank=1, local_rank=1
Process 2 -> global_rank=2, local_rank=2
Process 1 -> global_rank=3, local_rank=3
Allocating buffer size: 59.638144 MB ...
global_rank=0, local_rank=0 -> start phase 0
global_rank=0, local_rank=0 -> adding connections to [1, 2, 3]
global_rank=1, local_rank=1 -> start phase 0
global_rank=1, local_rank=1 -> adding connections to [0, 2, 3]
global_rank=3, local_rank=3 -> start phase 0
global_rank=3, local_rank=3 -> adding connections to [0, 1, 2]
global_rank=2, local_rank=2 -> start phase 0
global_rank=2, local_rank=2 -> adding connections to [0, 1, 3]
[rank 1] Dispatch bandwidth: 46.18 GB/s, avg_t=164.26 us, min_t=157.50 us, max_t=171.97 us
[rank 0] Dispatch bandwidth: 46.20 GB/s, avg_t=164.19 us, min_t=157.60 us, max_t=169.89 us
[rank 2] Dispatch bandwidth: 46.21 GB/s, avg_t=164.16 us, min_t=157.63 us, max_t=169.86 us
[rank 3] Dispatch bandwidth: 46.47 GB/s, avg_t=163.24 us, min_t=154.69 us, max_t=171.14 us
global_rank=1, local_rank=1 -> end phase 0
global_rank=0, local_rank=0 -> end phase 0
global_rank=2, local_rank=2 -> end phase 0
global_rank=3, local_rank=3 -> end phase 0
[rank 1] nixlPut latency: samples=95232, p50=3.380000 us, p90=4.328000 us, p99=6.796000 us, average=3.488412 us, overflow_slots=0
[rank 0] nixlPut latency: samples=95232, p50=3.065000 us, p90=4.129500 us, p99=6.161000 us, average=3.240561 us, overflow_slots=0
[rank 2] nixlPut latency: samples=95232, p50=3.355500 us, p90=4.259000 us, p99=6.755500 us, average=3.456845 us, overflow_slots=0
[rank 3] nixlPut latency: samples=95232, p50=3.365500 us, p90=4.264000 us, p99=6.628500 us, average=3.459216 us, overflow_slots=0
global_rank=1, local_rank=1 -> done
global_rank=3, local_rank=3 -> done
global_rank=2, local_rank=2 -> done
global_rank=0, local_rank=0 -> done
