# started_at: 2026-07-26T05:13:01
# cwd: /workspace/external/nixl/examples/device/ep
# command: python3 tests/elastic/elastic.py --plan tests/elastic/no_expansion.json --num-processes 4 --num-tokens 128 --num-experts-per-rank 2 --dispatch-only
# env NIXL_EP_NUM_CHANNELS=16
# env PYTHONPATH=/workspace/external/nixl/install/lib/python3/dist-packages
# env UCX_TLS=rc,rc_gda,tcp,self,sm,cuda_copy

Starting TCPStore and rank server locally
Process 0 -> global_rank=0, local_rank=0
Process 2 -> global_rank=1, local_rank=1
Process 3 -> global_rank=2, local_rank=2
Process 1 -> global_rank=3, local_rank=3
Allocating buffer size: 59.638144 MB ...
global_rank=0, local_rank=0 -> start phase 0
global_rank=0, local_rank=0 -> adding connections to [1, 2, 3]
global_rank=2, local_rank=2 -> start phase 0
global_rank=2, local_rank=2 -> adding connections to [0, 1, 3]
global_rank=3, local_rank=3 -> start phase 0
global_rank=3, local_rank=3 -> adding connections to [0, 1, 2]
global_rank=1, local_rank=1 -> start phase 0
global_rank=1, local_rank=1 -> adding connections to [0, 2, 3]
[rank 3] Dispatch bandwidth: 46.15 GB/s, avg_t=164.38 us, min_t=159.17 us, max_t=173.50 us
[rank 0] Dispatch bandwidth: 46.11 GB/s, avg_t=164.50 us, min_t=159.04 us, max_t=171.68 us
[rank 2] Dispatch bandwidth: 46.29 GB/s, avg_t=163.88 us, min_t=156.74 us, max_t=171.10 us
[rank 1] Dispatch bandwidth: 46.19 GB/s, avg_t=164.22 us, min_t=155.01 us, max_t=173.47 us
global_rank=0, local_rank=0 -> end phase 0
global_rank=3, local_rank=3 -> end phase 0
global_rank=2, local_rank=2 -> end phase 0
global_rank=1, local_rank=1 -> end phase 0
[rank 2] nixlPut latency: samples=95232, p50=3.273000 us, p90=4.132000 us, p99=6.000000 us, average=3.349164 us, overflow_slots=0
[rank 0] nixlPut latency: samples=95232, p50=3.508500 us, p90=4.397500 us, p99=7.262000 us, average=3.598265 us, overflow_slots=0
[rank 1] nixlPut latency: samples=95232, p50=3.271500 us, p90=4.127500 us, p99=6.055500 us, average=3.351903 us, overflow_slots=0
[rank 3] nixlPut latency: samples=95232, p50=3.273500 us, p90=4.169500 us, p99=6.066500 us, average=3.349738 us, overflow_slots=0
global_rank=1, local_rank=1 -> done
global_rank=0, local_rank=0 -> done
global_rank=3, local_rank=3 -> done
global_rank=2, local_rank=2 -> done
