# started_at: 2026-07-26T05:11:15
# cwd: /workspace/external/nixl/examples/device/ep
# command: python3 tests/elastic/elastic.py --plan tests/elastic/no_expansion.json --num-processes 4 --num-tokens 128 --num-experts-per-rank 2 --dispatch-only
# env NIXL_EP_NUM_CHANNELS=1
# env PYTHONPATH=/workspace/external/nixl/install/lib/python3/dist-packages
# env UCX_TLS=rc,rc_gda,tcp,self,sm,cuda_copy

Starting TCPStore and rank server locally
Process 0 -> global_rank=0, local_rank=0
Process 2 -> global_rank=1, local_rank=1
Process 1 -> global_rank=2, local_rank=2
Process 3 -> global_rank=3, local_rank=3
Allocating buffer size: 59.638144 MB ...
global_rank=2, local_rank=2 -> start phase 0
global_rank=2, local_rank=2 -> adding connections to [0, 1, 3]
global_rank=1, local_rank=1 -> start phase 0
global_rank=1, local_rank=1 -> adding connections to [0, 2, 3]
global_rank=0, local_rank=0 -> start phase 0
global_rank=0, local_rank=0 -> adding connections to [1, 2, 3]
global_rank=3, local_rank=3 -> start phase 0
global_rank=3, local_rank=3 -> adding connections to [0, 1, 2]
[rank 0] Dispatch bandwidth: 36.71 GB/s, avg_t=206.66 us, min_t=199.78 us, max_t=213.98 us
[rank 3] Dispatch bandwidth: 36.72 GB/s, avg_t=206.57 us, min_t=199.78 us, max_t=214.08 us
[rank 2] Dispatch bandwidth: 36.72 GB/s, avg_t=206.59 us, min_t=199.65 us, max_t=214.14 us
[rank 1] Dispatch bandwidth: 36.61 GB/s, avg_t=207.22 us, min_t=200.35 us, max_t=216.74 us
global_rank=0, local_rank=0 -> end phase 0
global_rank=3, local_rank=3 -> end phase 0
global_rank=2, local_rank=2 -> end phase 0
global_rank=1, local_rank=1 -> end phase 0
[rank 0] nixlPut latency: samples=95232, p50=4.527000 us, p90=7.560000 us, p99=9.679000 us, average=5.049779 us, overflow_slots=0
[rank 3] nixlPut latency: samples=95232, p50=5.847000 us, p90=7.956500 us, p99=10.192000 us, average=5.739706 us, overflow_slots=0
[rank 2] nixlPut latency: samples=95232, p50=6.071000 us, p90=8.144500 us, p99=10.362000 us, average=5.906860 us, overflow_slots=0
[rank 1] nixlPut latency: samples=95232, p50=6.047500 us, p90=8.175000 us, p99=10.371000 us, average=5.926615 us, overflow_slots=0
global_rank=2, local_rank=2 -> done
global_rank=3, local_rank=3 -> done
global_rank=1, local_rank=1 -> done
global_rank=0, local_rank=0 -> done
