# started_at: 2026-07-26T05:12:28
# cwd: /workspace/external/nixl/examples/device/ep
# command: python3 tests/elastic/elastic.py --plan tests/elastic/no_expansion.json --num-processes 4 --num-tokens 128 --num-experts-per-rank 2 --dispatch-only
# env NIXL_EP_NUM_CHANNELS=8
# env PYTHONPATH=/workspace/external/nixl/install/lib/python3/dist-packages
# env UCX_TLS=rc,rc_gda,tcp,self,sm,cuda_copy

Starting TCPStore and rank server locally
Process 1 -> global_rank=0, local_rank=0
Process 3 -> global_rank=1, local_rank=1
Process 0 -> global_rank=2, local_rank=2
Process 2 -> global_rank=3, local_rank=3
Allocating buffer size: 59.638144 MB ...
global_rank=0, local_rank=0 -> start phase 0
global_rank=0, local_rank=0 -> adding connections to [1, 2, 3]
global_rank=2, local_rank=2 -> start phase 0
global_rank=2, local_rank=2 -> adding connections to [0, 1, 3]
global_rank=1, local_rank=1 -> start phase 0
global_rank=1, local_rank=1 -> adding connections to [0, 2, 3]
global_rank=3, local_rank=3 -> start phase 0
global_rank=3, local_rank=3 -> adding connections to [0, 1, 2]
[rank 2] Dispatch bandwidth: 46.27 GB/s, avg_t=163.95 us, min_t=157.22 us, max_t=169.38 us
[rank 3] Dispatch bandwidth: 46.30 GB/s, avg_t=163.86 us, min_t=157.09 us, max_t=173.47 us
[rank 1] Dispatch bandwidth: 46.29 GB/s, avg_t=163.88 us, min_t=157.09 us, max_t=171.23 us
[rank 0] Dispatch bandwidth: 46.24 GB/s, avg_t=164.05 us, min_t=156.96 us, max_t=173.66 us
global_rank=2, local_rank=2 -> end phase 0
global_rank=3, local_rank=3 -> end phase 0
global_rank=1, local_rank=1 -> end phase 0
global_rank=0, local_rank=0 -> end phase 0
[rank 2] nixlPut latency: samples=95232, p50=3.260000 us, p90=4.179500 us, p99=6.493000 us, average=3.373127 us, overflow_slots=0
[rank 3] nixlPut latency: samples=95232, p50=3.344500 us, p90=4.262000 us, p99=6.702000 us, average=3.465065 us, overflow_slots=0
[rank 0] nixlPut latency: samples=95232, p50=2.960500 us, p90=4.072500 us, p99=6.322500 us, average=3.184856 us, overflow_slots=0
[rank 1] nixlPut latency: samples=95232, p50=3.277500 us, p90=4.172000 us, p99=6.549500 us, average=3.391068 us, overflow_slots=0
global_rank=2, local_rank=2 -> done
global_rank=3, local_rank=3 -> done
global_rank=1, local_rank=1 -> done
global_rank=0, local_rank=0 -> done
