# started_at: 2026-07-26T05:12:53
# cwd: /workspace/external/nixl/examples/device/ep
# command: python3 tests/elastic/elastic.py --plan tests/elastic/no_expansion.json --num-processes 4 --num-tokens 128 --num-experts-per-rank 2 --dispatch-only
# env NIXL_EP_NUM_CHANNELS=16
# env PYTHONPATH=/workspace/external/nixl/install/lib/python3/dist-packages
# env UCX_TLS=rc,rc_gda,tcp,self,sm,cuda_copy

Starting TCPStore and rank server locally
Process 2 -> global_rank=0, local_rank=0
Process 1 -> global_rank=1, local_rank=1
Process 3 -> global_rank=2, local_rank=2
Process 0 -> global_rank=3, local_rank=3
Allocating buffer size: 59.638144 MB ...
global_rank=2, local_rank=2 -> start phase 0
global_rank=2, local_rank=2 -> adding connections to [0, 1, 3]
global_rank=1, local_rank=1 -> start phase 0
global_rank=1, local_rank=1 -> adding connections to [0, 2, 3]
global_rank=0, local_rank=0 -> start phase 0
global_rank=0, local_rank=0 -> adding connections to [1, 2, 3]
global_rank=3, local_rank=3 -> start phase 0
global_rank=3, local_rank=3 -> adding connections to [0, 1, 2]
[rank 0] Dispatch bandwidth: 46.10 GB/s, avg_t=164.55 us, min_t=155.52 us, max_t=177.06 us
[rank 2] Dispatch bandwidth: 46.21 GB/s, avg_t=164.18 us, min_t=156.90 us, max_t=171.71 us
[rank 3] Dispatch bandwidth: 46.19 GB/s, avg_t=164.25 us, min_t=157.09 us, max_t=175.52 us
[rank 1] Dispatch bandwidth: 46.20 GB/s, avg_t=164.19 us, min_t=154.24 us, max_t=175.74 us
global_rank=0, local_rank=0 -> end phase 0
global_rank=2, local_rank=2 -> end phase 0
global_rank=3, local_rank=3 -> end phase 0
global_rank=1, local_rank=1 -> end phase 0
[rank 0] nixlPut latency: samples=95232, p50=3.506500 us, p90=4.344000 us, p99=7.256000 us, average=3.586835 us, overflow_slots=0
[rank 2] nixlPut latency: samples=95232, p50=3.272000 us, p90=4.129000 us, p99=6.038500 us, average=3.349778 us, overflow_slots=0
[rank 3] nixlPut latency: samples=95232, p50=3.275000 us, p90=4.141000 us, p99=6.082500 us, average=3.345890 us, overflow_slots=0
[rank 1] nixlPut latency: samples=95232, p50=3.270500 us, p90=4.145500 us, p99=6.049000 us, average=3.356088 us, overflow_slots=0
global_rank=0, local_rank=0 -> done
global_rank=3, local_rank=3 -> done
global_rank=1, local_rank=1 -> done
global_rank=2, local_rank=2 -> done
