# started_at: 2026-07-26T05:12:12
# cwd: /workspace/external/nixl/examples/device/ep
# command: python3 tests/elastic/elastic.py --plan tests/elastic/no_expansion.json --num-processes 4 --num-tokens 128 --num-experts-per-rank 2 --dispatch-only
# env NIXL_EP_NUM_CHANNELS=4
# env PYTHONPATH=/workspace/external/nixl/install/lib/python3/dist-packages
# env UCX_TLS=rc,rc_gda,tcp,self,sm,cuda_copy

Starting TCPStore and rank server locally
Process 3 -> global_rank=0, local_rank=0
Process 2 -> global_rank=1, local_rank=1
Process 0 -> global_rank=2, local_rank=2
Process 1 -> global_rank=3, local_rank=3
Allocating buffer size: 59.638144 MB ...
global_rank=1, local_rank=1 -> start phase 0
global_rank=1, local_rank=1 -> adding connections to [0, 2, 3]
global_rank=2, local_rank=2 -> start phase 0
global_rank=3, local_rank=3 -> start phase 0
global_rank=2, local_rank=2 -> adding connections to [0, 1, 3]
global_rank=3, local_rank=3 -> adding connections to [0, 1, 2]
global_rank=0, local_rank=0 -> start phase 0
global_rank=0, local_rank=0 -> adding connections to [1, 2, 3]
[rank 0] Dispatch bandwidth: 46.37 GB/s, avg_t=163.58 us, min_t=156.74 us, max_t=173.12 us
[rank 2] Dispatch bandwidth: 46.27 GB/s, avg_t=163.93 us, min_t=157.06 us, max_t=171.46 us
[rank 3] Dispatch bandwidth: 46.31 GB/s, avg_t=163.82 us, min_t=157.09 us, max_t=175.49 us
[rank 1] Dispatch bandwidth: 46.24 GB/s, avg_t=164.06 us, min_t=157.31 us, max_t=171.39 us
global_rank=2, local_rank=2 -> end phase 0
global_rank=0, local_rank=0 -> end phase 0
global_rank=3, local_rank=3 -> end phase 0
global_rank=1, local_rank=1 -> end phase 0
[rank 2] nixlPut latency: samples=95232, p50=3.275000 us, p90=4.193500 us, p99=6.016500 us, average=3.373031 us, overflow_slots=0
[rank 0] nixlPut latency: samples=95232, p50=3.520500 us, p90=4.381000 us, p99=7.180500 us, average=3.646488 us, overflow_slots=0
[rank 3] nixlPut latency: samples=95232, p50=3.297000 us, p90=4.212500 us, p99=6.033000 us, average=3.393589 us, overflow_slots=0
[rank 1] nixlPut latency: samples=95232, p50=3.295000 us, p90=4.204500 us, p99=6.028000 us, average=3.391422 us, overflow_slots=0
global_rank=1, local_rank=1 -> done
global_rank=3, local_rank=3 -> done
global_rank=2, local_rank=2 -> done
global_rank=0, local_rank=0 -> done
