# started_at: 2026-07-26T05:12:44
# cwd: /workspace/external/nixl/examples/device/ep
# command: python3 tests/elastic/elastic.py --plan tests/elastic/no_expansion.json --num-processes 4 --num-tokens 128 --num-experts-per-rank 2 --dispatch-only
# env NIXL_EP_NUM_CHANNELS=8
# env PYTHONPATH=/workspace/external/nixl/install/lib/python3/dist-packages
# env UCX_TLS=rc,rc_gda,tcp,self,sm,cuda_copy

Starting TCPStore and rank server locally
Process 2 -> global_rank=0, local_rank=0
Process 0 -> global_rank=1, local_rank=1
Process 3 -> global_rank=2, local_rank=2
Process 1 -> global_rank=3, local_rank=3
Allocating buffer size: 59.638144 MB ...
global_rank=1, local_rank=1 -> start phase 0
global_rank=1, local_rank=1 -> adding connections to [0, 2, 3]
global_rank=0, local_rank=0 -> start phase 0
global_rank=0, local_rank=0 -> adding connections to [1, 2, 3]
global_rank=3, local_rank=3 -> start phase 0
global_rank=3, local_rank=3 -> adding connections to [0, 1, 2]
global_rank=2, local_rank=2 -> start phase 0
global_rank=2, local_rank=2 -> adding connections to [0, 1, 3]
[rank 1] Dispatch bandwidth: 46.22 GB/s, avg_t=164.12 us, min_t=157.57 us, max_t=169.86 us
[rank 2] Dispatch bandwidth: 46.39 GB/s, avg_t=163.54 us, min_t=158.94 us, max_t=169.41 us
[rank 3] Dispatch bandwidth: 46.33 GB/s, avg_t=163.75 us, min_t=157.25 us, max_t=171.58 us
global_rank=1, local_rank=1 -> end phase 0
global_rank=2, local_rank=2 -> end phase 0
[rank 0] Dispatch bandwidth: 46.33 GB/s, avg_t=163.74 us, min_t=158.30 us, max_t=171.65 us
global_rank=3, local_rank=3 -> end phase 0
global_rank=0, local_rank=0 -> end phase 0
[rank 2] nixlPut latency: samples=95232, p50=3.265500 us, p90=4.174500 us, p99=6.476000 us, average=3.377040 us, overflow_slots=0
[rank 1] nixlPut latency: samples=95232, p50=3.279500 us, p90=4.177000 us, p99=6.525000 us, average=3.391911 us, overflow_slots=0
[rank 3] nixlPut latency: samples=95232, p50=3.347000 us, p90=4.292000 us, p99=6.707000 us, average=3.471652 us, overflow_slots=0
[rank 0] nixlPut latency: samples=95232, p50=2.937500 us, p90=3.999500 us, p99=6.249000 us, average=3.158862 us, overflow_slots=0
global_rank=3, local_rank=3 -> done
global_rank=2, local_rank=2 -> done
global_rank=1, local_rank=1 -> done
global_rank=0, local_rank=0 -> done
