# started_at: 2026-07-26T05:12:20
# cwd: /workspace/external/nixl/examples/device/ep
# command: python3 tests/elastic/elastic.py --plan tests/elastic/no_expansion.json --num-processes 4 --num-tokens 128 --num-experts-per-rank 2 --dispatch-only
# env NIXL_EP_NUM_CHANNELS=4
# env PYTHONPATH=/workspace/external/nixl/install/lib/python3/dist-packages
# env UCX_TLS=rc,rc_gda,tcp,self,sm,cuda_copy

Starting TCPStore and rank server locally
Process 3 -> global_rank=0, local_rank=0
Process 1 -> global_rank=1, local_rank=1
Process 0 -> global_rank=2, local_rank=2
Process 2 -> global_rank=3, local_rank=3
Allocating buffer size: 59.638144 MB ...
global_rank=2, local_rank=2 -> start phase 0
global_rank=2, local_rank=2 -> adding connections to [0, 1, 3]
global_rank=1, local_rank=1 -> start phase 0
global_rank=1, local_rank=1 -> adding connections to [0, 2, 3]
global_rank=3, local_rank=3 -> start phase 0
global_rank=3, local_rank=3 -> adding connections to [0, 1, 2]
global_rank=0, local_rank=0 -> start phase 0
global_rank=0, local_rank=0 -> adding connections to [1, 2, 3]
[rank 2] Dispatch bandwidth: 46.13 GB/s, avg_t=164.45 us, min_t=156.93 us, max_t=178.69 us
[rank 3] Dispatch bandwidth: 46.15 GB/s, avg_t=164.38 us, min_t=157.09 us, max_t=175.52 us
[rank 0] Dispatch bandwidth: 46.07 GB/s, avg_t=164.65 us, min_t=156.96 us, max_t=175.74 us
[rank 1] Dispatch bandwidth: 46.12 GB/s, avg_t=164.48 us, min_t=157.31 us, max_t=171.65 us
global_rank=2, local_rank=2 -> end phase 0
global_rank=3, local_rank=3 -> end phase 0
global_rank=1, local_rank=1 -> end phase 0
global_rank=0, local_rank=0 -> end phase 0
[rank 2] nixlPut latency: samples=95232, p50=3.267500 us, p90=4.181500 us, p99=5.971000 us, average=3.362498 us, overflow_slots=0
[rank 3] nixlPut latency: samples=95232, p50=3.299500 us, p90=4.213500 us, p99=6.072500 us, average=3.396249 us, overflow_slots=0
[rank 1] nixlPut latency: samples=95232, p50=3.288500 us, p90=4.191000 us, p99=6.055000 us, average=3.385688 us, overflow_slots=0
[rank 0] nixlPut latency: samples=95232, p50=3.527500 us, p90=4.435500 us, p99=7.288000 us, average=3.665722 us, overflow_slots=0
global_rank=3, local_rank=3 -> done
global_rank=1, local_rank=1 -> done
global_rank=2, local_rank=2 -> done
global_rank=0, local_rank=0 -> done
