# started_at: 2026-07-26T04:50:35
# cwd: /workspace/external/nixl/examples/device/ep
# command: python3 tests/elastic/elastic.py --plan tests/elastic/no_expansion.json --num-processes 4 --num-tokens 128 --num-experts-per-rank 16 --dispatch-only
# env PYTHONPATH=/workspace/external/nixl/install/lib/python3/dist-packages
# env UCX_GDP_ENABLE=y
# env UCX_PLUGIN_PATH=/workspace/external/ucx-spcx-plugin/install/lib/ucx
# env UCX_RC_GDP_NUM_CHANNELS=2
# env UCX_TLS=rc,rc_gdp,tcp,self,sm,cuda_copy

Starting TCPStore and rank server locally
Process 1 -> global_rank=0, local_rank=0
Process 2 -> global_rank=1, local_rank=1
Process 0 -> global_rank=2, local_rank=2
Process 3 -> global_rank=3, local_rank=3
Allocating buffer size: 477.103232 MB ...
global_rank=0, local_rank=0 -> start phase 0
global_rank=0, local_rank=0 -> adding connections to [1, 2, 3]
global_rank=3, local_rank=3 -> start phase 0
global_rank=3, local_rank=3 -> adding connections to [0, 1, 2]
global_rank=2, local_rank=2 -> start phase 0
global_rank=2, local_rank=2 -> adding connections to [0, 1, 3]
global_rank=1, local_rank=1 -> start phase 0
global_rank=1, local_rank=1 -> adding connections to [0, 2, 3]
[rank 0] Dispatch bandwidth: 32.01 GB/s, avg_t=237.02 us, min_t=197.57 us, max_t=326.53 us
[rank 3] Dispatch bandwidth: 32.17 GB/s, avg_t=235.83 us, min_t=205.92 us, max_t=350.34 us
[rank 2] Dispatch bandwidth: 32.09 GB/s, avg_t=236.42 us, min_t=206.24 us, max_t=401.02 us
[rank 1] Dispatch bandwidth: 32.16 GB/s, avg_t=235.86 us, min_t=202.11 us, max_t=347.33 us
global_rank=0, local_rank=0 -> end phase 0
global_rank=3, local_rank=3 -> end phase 0
global_rank=2, local_rank=2 -> end phase 0
global_rank=1, local_rank=1 -> end phase 0
[rank 3] nixlPut latency: samples=93000, p50=1.359500 us, p90=1.701000 us, p99=2.761000 us, average=1.412902 us, overflow_slots=0
[rank 2] nixlPut latency: samples=95604, p50=1.322000 us, p90=1.607500 us, p99=2.355000 us, average=1.372962 us, overflow_slots=0
[rank 1] nixlPut latency: samples=95108, p50=1.339000 us, p90=1.600000 us, p99=2.251500 us, average=1.371635 us, overflow_slots=0
[rank 0] nixlPut latency: samples=96596, p50=1.414500 us, p90=1.689000 us, p99=2.574500 us, average=1.466191 us, overflow_slots=0
global_rank=0, local_rank=0 -> done
global_rank=1, local_rank=1 -> done
global_rank=2, local_rank=2 -> done
global_rank=3, local_rank=3 -> done
