# started_at: 2026-07-26T04:51:09
# cwd: /workspace/external/nixl/examples/device/ep
# command: python3 tests/elastic/elastic.py --plan tests/elastic/no_expansion.json --num-processes 4 --num-tokens 128 --num-experts-per-rank 16 --dispatch-only
# env PYTHONPATH=/workspace/external/nixl/install/lib/python3/dist-packages
# env UCX_GDP_ENABLE=y
# env UCX_PLUGIN_PATH=/workspace/external/ucx-spcx-plugin/install/lib/ucx
# env UCX_RC_GDP_NUM_CHANNELS=32
# env UCX_TLS=rc,rc_gdp,tcp,self,sm,cuda_copy

Starting TCPStore and rank server locally
Process 0 -> global_rank=0, local_rank=0
Process 1 -> global_rank=1, local_rank=1
Process 2 -> global_rank=2, local_rank=2
Process 3 -> global_rank=3, local_rank=3
Allocating buffer size: 477.103232 MB ...
global_rank=1, local_rank=1 -> start phase 0
global_rank=1, local_rank=1 -> adding connections to [0, 2, 3]
global_rank=3, local_rank=3 -> start phase 0
global_rank=3, local_rank=3 -> adding connections to [0, 1, 2]
global_rank=0, local_rank=0 -> start phase 0
global_rank=0, local_rank=0 -> adding connections to [1, 2, 3]
global_rank=2, local_rank=2 -> start phase 0
global_rank=2, local_rank=2 -> adding connections to [0, 1, 3]
[rank 3] Dispatch bandwidth: 49.05 GB/s, avg_t=154.65 us, min_t=132.54 us, max_t=195.17 us
[rank 2] Dispatch bandwidth: 49.23 GB/s, avg_t=154.09 us, min_t=116.29 us, max_t=224.83 us
[rank 0] Dispatch bandwidth: 49.26 GB/s, avg_t=154.01 us, min_t=130.11 us, max_t=197.82 us
[rank 1] Dispatch bandwidth: 49.05 GB/s, avg_t=154.66 us, min_t=122.43 us, max_t=216.48 us
global_rank=3, local_rank=3 -> end phase 0
global_rank=2, local_rank=2 -> end phase 0
global_rank=0, local_rank=0 -> end phase 0
global_rank=1, local_rank=1 -> end phase 0
[rank 3] nixlPut latency: samples=93000, p50=1.445500 us, p90=1.952500 us, p99=2.343500 us, average=1.531021 us, overflow_slots=0
[rank 2] nixlPut latency: samples=95604, p50=1.453500 us, p90=2.028500 us, p99=3.141500 us, average=1.745574 us, overflow_slots=0
[rank 0] nixlPut latency: samples=96596, p50=1.557500 us, p90=2.107000 us, p99=2.539000 us, average=1.689881 us, overflow_slots=0
[rank 1] nixlPut latency: samples=95108, p50=1.441000 us, p90=1.974000 us, p99=2.594000 us, average=1.575095 us, overflow_slots=0
global_rank=3, local_rank=3 -> done
global_rank=2, local_rank=2 -> done
global_rank=0, local_rank=0 -> done
global_rank=1, local_rank=1 -> done
