# started_at: 2026-07-26T04:47:54
# cwd: /workspace/external/nixl/examples/device/ep
# command: python3 tests/elastic/elastic.py --plan tests/elastic/no_expansion.json --num-processes 4 --num-tokens 128 --num-experts-per-rank 2 --dispatch-only
# env PYTHONPATH=/workspace/external/nixl/install/lib/python3/dist-packages
# env UCX_GDP_ENABLE=y
# env UCX_PLUGIN_PATH=/workspace/external/ucx-spcx-plugin/install/lib/ucx
# env UCX_RC_GDP_NUM_CHANNELS=1
# env UCX_TLS=rc,rc_gdp,tcp,self,sm,cuda_copy

Starting TCPStore and rank server locally
Process 1 -> global_rank=0, local_rank=0
Process 0 -> global_rank=1, local_rank=1
Process 3 -> global_rank=2, local_rank=2
Process 2 -> global_rank=3, local_rank=3
Allocating buffer size: 59.638144 MB ...
global_rank=0, local_rank=0 -> start phase 0
global_rank=0, local_rank=0 -> adding connections to [1, 2, 3]
global_rank=2, local_rank=2 -> start phase 0
global_rank=2, local_rank=2 -> adding connections to [0, 1, 3]
global_rank=3, local_rank=3 -> start phase 0
global_rank=3, local_rank=3 -> adding connections to [0, 1, 2]
global_rank=1, local_rank=1 -> start phase 0
global_rank=1, local_rank=1 -> adding connections to [0, 2, 3]
[rank 2] Dispatch bandwidth: 20.34 GB/s, avg_t=372.97 us, min_t=361.89 us, max_t=377.31 us
[rank 3] Dispatch bandwidth: 20.35 GB/s, avg_t=372.82 us, min_t=363.94 us, max_t=380.32 us
[rank 1] Dispatch bandwidth: 20.37 GB/s, avg_t=372.40 us, min_t=357.18 us, max_t=382.08 us
[rank 0] Dispatch bandwidth: 20.34 GB/s, avg_t=372.95 us, min_t=364.10 us, max_t=382.53 us
global_rank=3, local_rank=3 -> end phase 0
global_rank=2, local_rank=2 -> end phase 0
global_rank=1, local_rank=1 -> end phase 0
global_rank=0, local_rank=0 -> end phase 0
[rank 3] nixlPut latency: samples=95232, p50=1.318000 us, p90=1.438500 us, p99=1.854500 us, average=1.311260 us, overflow_slots=0
[rank 2] nixlPut latency: samples=95232, p50=1.284500 us, p90=1.401000 us, p99=1.804000 us, average=1.288326 us, overflow_slots=0
[rank 1] nixlPut latency: samples=95232, p50=1.296000 us, p90=1.415000 us, p99=1.784500 us, average=1.298231 us, overflow_slots=0
[rank 0] nixlPut latency: samples=95232, p50=1.259000 us, p90=1.356000 us, p99=1.949000 us, average=1.284779 us, overflow_slots=0
global_rank=1, local_rank=1 -> done
global_rank=3, local_rank=3 -> done
global_rank=2, local_rank=2 -> done
global_rank=0, local_rank=0 -> done
