# started_at: 2026-07-26T04:48:02
# cwd: /workspace/external/nixl/examples/device/ep
# command: python3 tests/elastic/elastic.py --plan tests/elastic/no_expansion.json --num-processes 4 --num-tokens 128 --num-experts-per-rank 2 --dispatch-only
# env PYTHONPATH=/workspace/external/nixl/install/lib/python3/dist-packages
# env UCX_GDP_ENABLE=y
# env UCX_PLUGIN_PATH=/workspace/external/ucx-spcx-plugin/install/lib/ucx
# env UCX_RC_GDP_NUM_CHANNELS=2
# env UCX_TLS=rc,rc_gdp,tcp,self,sm,cuda_copy

Starting TCPStore and rank server locally
Process 1 -> global_rank=0, local_rank=0
Process 0 -> global_rank=1, local_rank=1
Process 3 -> global_rank=2, local_rank=2
Process 2 -> global_rank=3, local_rank=3
Allocating buffer size: 59.638144 MB ...
global_rank=0, local_rank=0 -> start phase 0
global_rank=0, local_rank=0 -> adding connections to [1, 2, 3]
global_rank=3, local_rank=3 -> start phase 0
global_rank=3, local_rank=3 -> adding connections to [0, 1, 2]
global_rank=2, local_rank=2 -> start phase 0
global_rank=2, local_rank=2 -> adding connections to [0, 1, 3]
global_rank=1, local_rank=1 -> start phase 0
global_rank=1, local_rank=1 -> adding connections to [0, 2, 3]
[rank 0] Dispatch bandwidth: 35.49 GB/s, avg_t=213.75 us, min_t=208.77 us, max_t=219.01 us
[rank 2] Dispatch bandwidth: 35.57 GB/s, avg_t=213.29 us, min_t=208.26 us, max_t=218.53 us
[rank 3] Dispatch bandwidth: 35.57 GB/s, avg_t=213.24 us, min_t=208.29 us, max_t=218.53 us
[rank 1] Dispatch bandwidth: 35.56 GB/s, avg_t=213.34 us, min_t=208.35 us, max_t=218.56 us
global_rank=0, local_rank=0 -> end phase 0
global_rank=2, local_rank=2 -> end phase 0
global_rank=3, local_rank=3 -> end phase 0
global_rank=1, local_rank=1 -> end phase 0
[rank 0] nixlPut latency: samples=95232, p50=1.298000 us, p90=1.405000 us, p99=1.621500 us, average=1.295351 us, overflow_slots=0
[rank 2] nixlPut latency: samples=95232, p50=1.322000 us, p90=1.449000 us, p99=1.774000 us, average=1.320222 us, overflow_slots=0
[rank 3] nixlPut latency: samples=95232, p50=1.359500 us, p90=1.512500 us, p99=1.839500 us, average=1.357401 us, overflow_slots=0
[rank 1] nixlPut latency: samples=95232, p50=1.336000 us, p90=1.469000 us, p99=1.740500 us, average=1.331547 us, overflow_slots=0
global_rank=1, local_rank=1 -> done
global_rank=2, local_rank=2 -> done
global_rank=3, local_rank=3 -> done
global_rank=0, local_rank=0 -> done
