# started_at: 2026-07-26T04:48:35
# cwd: /workspace/external/nixl/examples/device/ep
# command: python3 tests/elastic/elastic.py --plan tests/elastic/no_expansion.json --num-processes 4 --num-tokens 128 --num-experts-per-rank 2 --dispatch-only
# env PYTHONPATH=/workspace/external/nixl/install/lib/python3/dist-packages
# env UCX_GDP_ENABLE=y
# env UCX_PLUGIN_PATH=/workspace/external/ucx-spcx-plugin/install/lib/ucx
# env UCX_RC_GDP_NUM_CHANNELS=32
# env UCX_TLS=rc,rc_gdp,tcp,self,sm,cuda_copy

Starting TCPStore and rank server locally
Process 3 -> global_rank=0, local_rank=0
Process 1 -> global_rank=1, local_rank=1
Process 2 -> global_rank=2, local_rank=2
Process 0 -> global_rank=3, local_rank=3
Allocating buffer size: 59.638144 MB ...
global_rank=0, local_rank=0 -> start phase 0
global_rank=0, local_rank=0 -> adding connections to [1, 2, 3]
global_rank=3, local_rank=3 -> start phase 0
global_rank=3, local_rank=3 -> adding connections to [0, 1, 2]
global_rank=1, local_rank=1 -> start phase 0
global_rank=1, local_rank=1 -> adding connections to [0, 2, 3]
global_rank=2, local_rank=2 -> start phase 0
global_rank=2, local_rank=2 -> adding connections to [0, 1, 3]
[rank 3] Dispatch bandwidth: 33.52 GB/s, avg_t=226.32 us, min_t=222.53 us, max_t=232.70 us
[rank 0] Dispatch bandwidth: 33.53 GB/s, avg_t=226.25 us, min_t=222.59 us, max_t=228.80 us
[rank 2] Dispatch bandwidth: 33.58 GB/s, avg_t=225.91 us, min_t=221.34 us, max_t=231.20 us
[rank 1] Dispatch bandwidth: 33.51 GB/s, avg_t=226.36 us, min_t=222.50 us, max_t=231.10 us
global_rank=0, local_rank=0 -> end phase 0
global_rank=3, local_rank=3 -> end phase 0
global_rank=2, local_rank=2 -> end phase 0
global_rank=1, local_rank=1 -> end phase 0
[rank 0] nixlPut latency: samples=95232, p50=6.619000 us, p90=11.388000 us, p99=17.683500 us, average=6.568037 us, overflow_slots=0
[rank 2] nixlPut latency: samples=95232, p50=6.871000 us, p90=11.924500 us, p99=18.845500 us, average=6.871101 us, overflow_slots=0
[rank 3] nixlPut latency: samples=95232, p50=6.737000 us, p90=12.058000 us, p99=19.380000 us, average=6.850503 us, overflow_slots=0
[rank 1] nixlPut latency: samples=95232, p50=6.952500 us, p90=11.695500 us, p99=18.726500 us, average=6.903954 us, overflow_slots=0
global_rank=1, local_rank=1 -> done
global_rank=3, local_rank=3 -> done
global_rank=2, local_rank=2 -> done
global_rank=0, local_rank=0 -> done
