# started_at: 2026-07-26T04:48:27
# cwd: /workspace/external/nixl/examples/device/ep
# command: python3 tests/elastic/elastic.py --plan tests/elastic/no_expansion.json --num-processes 4 --num-tokens 128 --num-experts-per-rank 2 --dispatch-only
# env PYTHONPATH=/workspace/external/nixl/install/lib/python3/dist-packages
# env UCX_GDP_ENABLE=y
# env UCX_PLUGIN_PATH=/workspace/external/ucx-spcx-plugin/install/lib/ucx
# env UCX_RC_GDP_NUM_CHANNELS=16
# env UCX_TLS=rc,rc_gdp,tcp,self,sm,cuda_copy

Starting TCPStore and rank server locally
Process 3 -> global_rank=0, local_rank=0
Process 2 -> global_rank=1, local_rank=1
Process 0 -> global_rank=2, local_rank=2
Process 1 -> global_rank=3, local_rank=3
Allocating buffer size: 59.638144 MB ...
global_rank=2, local_rank=2 -> start phase 0
global_rank=2, local_rank=2 -> adding connections to [0, 1, 3]
global_rank=3, local_rank=3 -> start phase 0
global_rank=3, local_rank=3 -> adding connections to [0, 1, 2]
global_rank=1, local_rank=1 -> start phase 0
global_rank=1, local_rank=1 -> adding connections to [0, 2, 3]
global_rank=0, local_rank=0 -> start phase 0
global_rank=0, local_rank=0 -> adding connections to [1, 2, 3]
[rank 1] Dispatch bandwidth: 35.04 GB/s, avg_t=216.46 us, min_t=210.85 us, max_t=223.17 us
[rank 2] Dispatch bandwidth: 35.10 GB/s, avg_t=216.14 us, min_t=212.61 us, max_t=220.80 us
[rank 3] Dispatch bandwidth: 35.13 GB/s, avg_t=215.96 us, min_t=212.32 us, max_t=220.54 us
[rank 0] Dispatch bandwidth: 35.11 GB/s, avg_t=216.06 us, min_t=210.24 us, max_t=222.85 us
global_rank=1, local_rank=1 -> end phase 0
global_rank=2, local_rank=2 -> end phase 0
global_rank=3, local_rank=3 -> end phase 0
global_rank=0, local_rank=0 -> end phase 0
[rank 1] nixlPut latency: samples=95232, p50=4.966000 us, p90=9.721000 us, p99=13.357500 us, average=5.077847 us, overflow_slots=0
[rank 2] nixlPut latency: samples=95232, p50=5.079000 us, p90=9.755500 us, p99=13.414500 us, average=5.122234 us, overflow_slots=0
[rank 3] nixlPut latency: samples=95232, p50=5.164500 us, p90=9.760500 us, p99=13.240000 us, average=5.171201 us, overflow_slots=0
[rank 0] nixlPut latency: samples=95232, p50=4.421000 us, p90=9.300500 us, p99=13.157000 us, average=4.767535 us, overflow_slots=0
global_rank=1, local_rank=1 -> done
global_rank=0, local_rank=0 -> done
global_rank=2, local_rank=2 -> done
global_rank=3, local_rank=3 -> done
