# started_at: 2026-07-26T04:51:54
# cwd: /workspace/external/nixl/examples/device/ep
# command: python3 tests/elastic/elastic.py --plan tests/elastic/no_expansion.json --num-processes 4 --num-tokens 128 --num-experts-per-rank 32 --dispatch-only
# env PYTHONPATH=/workspace/external/nixl/install/lib/python3/dist-packages
# env UCX_GDP_ENABLE=y
# env UCX_PLUGIN_PATH=/workspace/external/ucx-spcx-plugin/install/lib/ucx
# env UCX_RC_GDP_NUM_CHANNELS=16
# env UCX_TLS=rc,rc_gdp,tcp,self,sm,cuda_copy

Starting TCPStore and rank server locally
Process 1 -> global_rank=0, local_rank=0
Process 2 -> global_rank=1, local_rank=1
Process 0 -> global_rank=2, local_rank=2
Process 3 -> global_rank=3, local_rank=3
Allocating buffer size: 954.206336 MB ...
global_rank=0, local_rank=0 -> start phase 0
global_rank=0, local_rank=0 -> adding connections to [1, 2, 3]
global_rank=3, local_rank=3 -> start phase 0
global_rank=3, local_rank=3 -> adding connections to [0, 1, 2]
global_rank=1, local_rank=1 -> start phase 0
global_rank=1, local_rank=1 -> adding connections to [0, 2, 3]
global_rank=2, local_rank=2 -> start phase 0
global_rank=2, local_rank=2 -> adding connections to [0, 1, 3]
[rank 1] Dispatch bandwidth: 44.28 GB/s, avg_t=171.32 us, min_t=124.80 us, max_t=219.04 us
[rank 2] Dispatch bandwidth: 44.33 GB/s, avg_t=171.14 us, min_t=111.97 us, max_t=245.18 us
[rank 3] Dispatch bandwidth: 44.28 GB/s, avg_t=171.32 us, min_t=136.54 us, max_t=224.67 us
[rank 0] Dispatch bandwidth: 44.33 GB/s, avg_t=171.14 us, min_t=111.87 us, max_t=243.07 us
global_rank=1, local_rank=1 -> end phase 0
global_rank=2, local_rank=2 -> end phase 0
global_rank=3, local_rank=3 -> end phase 0
global_rank=0, local_rank=0 -> end phase 0
[rank 3] nixlPut latency: samples=92752, p50=1.421500 us, p90=1.951500 us, p99=2.377000 us, average=1.505219 us, overflow_slots=0
[rank 2] nixlPut latency: samples=95604, p50=1.426500 us, p90=1.941500 us, p99=2.300000 us, average=1.508797 us, overflow_slots=0
[rank 1] nixlPut latency: samples=97092, p50=1.432000 us, p90=1.966500 us, p99=2.301500 us, average=1.522870 us, overflow_slots=0
[rank 0] nixlPut latency: samples=94860, p50=1.529500 us, p90=2.031000 us, p99=2.368000 us, average=1.609648 us, overflow_slots=0
global_rank=1, local_rank=1 -> done
global_rank=3, local_rank=3 -> done
global_rank=2, local_rank=2 -> done
global_rank=0, local_rank=0 -> done
