# started_at: 2026-07-26T04:51:27
# cwd: /workspace/external/nixl/examples/device/ep
# command: python3 tests/elastic/elastic.py --plan tests/elastic/no_expansion.json --num-processes 4 --num-tokens 128 --num-experts-per-rank 32 --dispatch-only
# env PYTHONPATH=/workspace/external/nixl/install/lib/python3/dist-packages
# env UCX_GDP_ENABLE=y
# env UCX_PLUGIN_PATH=/workspace/external/ucx-spcx-plugin/install/lib/ucx
# env UCX_RC_GDP_NUM_CHANNELS=2
# env UCX_TLS=rc,rc_gdp,tcp,self,sm,cuda_copy

Starting TCPStore and rank server locally
Process 0 -> global_rank=0, local_rank=0
Process 3 -> global_rank=1, local_rank=1
Process 1 -> global_rank=2, local_rank=2
Process 2 -> global_rank=3, local_rank=3
Allocating buffer size: 954.206336 MB ...
global_rank=0, local_rank=0 -> start phase 0
global_rank=0, local_rank=0 -> adding connections to [1, 2, 3]
global_rank=3, local_rank=3 -> start phase 0
global_rank=3, local_rank=3 -> adding connections to [0, 1, 2]
global_rank=1, local_rank=1 -> start phase 0
global_rank=1, local_rank=1 -> adding connections to [0, 2, 3]
global_rank=2, local_rank=2 -> start phase 0
global_rank=2, local_rank=2 -> adding connections to [0, 1, 3]
[rank 1] Dispatch bandwidth: 31.10 GB/s, avg_t=243.90 us, min_t=196.51 us, max_t=290.69 us
[rank 3] Dispatch bandwidth: 31.06 GB/s, avg_t=244.22 us, min_t=204.16 us, max_t=277.95 us
[rank 0] Dispatch bandwidth: 31.11 GB/s, avg_t=243.81 us, min_t=219.94 us, max_t=265.15 us
[rank 2] Dispatch bandwidth: 30.99 GB/s, avg_t=244.79 us, min_t=195.33 us, max_t=289.89 us
global_rank=1, local_rank=1 -> end phase 0
global_rank=3, local_rank=3 -> end phase 0
global_rank=0, local_rank=0 -> end phase 0
global_rank=2, local_rank=2 -> end phase 0
[rank 3] nixlPut latency: samples=92752, p50=1.406000 us, p90=2.110500 us, p99=3.626000 us, average=1.560171 us, overflow_slots=0
[rank 1] nixlPut latency: samples=97092, p50=1.445000 us, p90=2.322000 us, p99=6.861500 us, average=1.727385 us, overflow_slots=0
[rank 0] nixlPut latency: samples=94860, p50=1.513000 us, p90=2.200500 us, p99=5.830500 us, average=1.712809 us, overflow_slots=0
[rank 2] nixlPut latency: samples=95604, p50=1.411500 us, p90=2.022000 us, p99=5.505500 us, average=1.599586 us, overflow_slots=0
global_rank=1, local_rank=1 -> done
global_rank=2, local_rank=2 -> done
global_rank=0, local_rank=0 -> done
global_rank=3, local_rank=3 -> done
