# started_at: 2026-07-26T04:52:02
# cwd: /workspace/external/nixl/examples/device/ep
# command: python3 tests/elastic/elastic.py --plan tests/elastic/no_expansion.json --num-processes 4 --num-tokens 128 --num-experts-per-rank 32 --dispatch-only
# env PYTHONPATH=/workspace/external/nixl/install/lib/python3/dist-packages
# env UCX_GDP_ENABLE=y
# env UCX_PLUGIN_PATH=/workspace/external/ucx-spcx-plugin/install/lib/ucx
# env UCX_RC_GDP_NUM_CHANNELS=32
# env UCX_TLS=rc,rc_gdp,tcp,self,sm,cuda_copy

Starting TCPStore and rank server locally
Process 3 -> global_rank=0, local_rank=0
Process 0 -> global_rank=1, local_rank=1
Process 1 -> global_rank=2, local_rank=2
Process 2 -> global_rank=3, local_rank=3
Allocating buffer size: 954.206336 MB ...
global_rank=2, local_rank=2 -> start phase 0
global_rank=2, local_rank=2 -> adding connections to [0, 1, 3]
global_rank=3, local_rank=3 -> start phase 0
global_rank=3, local_rank=3 -> adding connections to [0, 1, 2]
global_rank=0, local_rank=0 -> start phase 0
global_rank=0, local_rank=0 -> adding connections to [1, 2, 3]
global_rank=1, local_rank=1 -> start phase 0
global_rank=1, local_rank=1 -> adding connections to [0, 2, 3]
[rank 0] Dispatch bandwidth: 42.46 GB/s, avg_t=178.66 us, min_t=113.63 us, max_t=295.04 us
[rank 1] Dispatch bandwidth: 42.20 GB/s, avg_t=179.77 us, min_t=128.90 us, max_t=286.62 us
[rank 3] Dispatch bandwidth: 42.44 GB/s, avg_t=178.76 us, min_t=105.15 us, max_t=333.06 us
[rank 2] Dispatch bandwidth: 42.35 GB/s, avg_t=179.14 us, min_t=132.96 us, max_t=281.73 us
global_rank=1, local_rank=1 -> end phase 0
global_rank=0, local_rank=0 -> end phase 0
global_rank=3, local_rank=3 -> end phase 0
global_rank=2, local_rank=2 -> end phase 0
[rank 0] nixlPut latency: samples=94860, p50=1.527500 us, p90=2.021500 us, p99=2.304500 us, average=1.607496 us, overflow_slots=0
[rank 3] nixlPut latency: samples=92752, p50=1.456000 us, p90=1.990500 us, p99=2.380500 us, average=1.545310 us, overflow_slots=0
[rank 1] nixlPut latency: samples=97092, p50=1.424500 us, p90=1.966000 us, p99=2.324500 us, average=1.520375 us, overflow_slots=0
[rank 2] nixlPut latency: samples=95604, p50=1.447000 us, p90=2.000000 us, p99=2.412000 us, average=1.567355 us, overflow_slots=0
global_rank=1, local_rank=1 -> done
global_rank=0, local_rank=0 -> done
global_rank=3, local_rank=3 -> done
global_rank=2, local_rank=2 -> done
