# started_at: 2026-07-26T04:51:45
# cwd: /workspace/external/nixl/examples/device/ep
# command: python3 tests/elastic/elastic.py --plan tests/elastic/no_expansion.json --num-processes 4 --num-tokens 128 --num-experts-per-rank 32 --dispatch-only
# env PYTHONPATH=/workspace/external/nixl/install/lib/python3/dist-packages
# env UCX_GDP_ENABLE=y
# env UCX_PLUGIN_PATH=/workspace/external/ucx-spcx-plugin/install/lib/ucx
# env UCX_RC_GDP_NUM_CHANNELS=8
# env UCX_TLS=rc,rc_gdp,tcp,self,sm,cuda_copy

Starting TCPStore and rank server locally
Process 3 -> global_rank=0, local_rank=0
Process 2 -> global_rank=1, local_rank=1
Process 0 -> global_rank=2, local_rank=2
Process 1 -> global_rank=3, local_rank=3
Allocating buffer size: 954.206336 MB ...
global_rank=3, local_rank=3 -> start phase 0
global_rank=3, local_rank=3 -> adding connections to [0, 1, 2]
global_rank=0, local_rank=0 -> start phase 0
global_rank=0, local_rank=0 -> adding connections to [1, 2, 3]
global_rank=1, local_rank=1 -> start phase 0
global_rank=1, local_rank=1 -> adding connections to [0, 2, 3]
global_rank=2, local_rank=2 -> start phase 0
global_rank=2, local_rank=2 -> adding connections to [0, 1, 3]
[rank 3] Dispatch bandwidth: 42.78 GB/s, avg_t=177.31 us, min_t=126.37 us, max_t=259.49 us
[rank 1] Dispatch bandwidth: 42.63 GB/s, avg_t=177.96 us, min_t=126.82 us, max_t=235.36 us
[rank 2] Dispatch bandwidth: 42.68 GB/s, avg_t=177.75 us, min_t=126.30 us, max_t=255.65 us
[rank 0] Dispatch bandwidth: 42.76 GB/s, avg_t=177.39 us, min_t=116.06 us, max_t=243.14 us
global_rank=3, local_rank=3 -> end phase 0
global_rank=1, local_rank=1 -> end phase 0
global_rank=2, local_rank=2 -> end phase 0
global_rank=0, local_rank=0 -> end phase 0
[rank 3] nixlPut latency: samples=92752, p50=1.416500 us, p90=1.906000 us, p99=2.539500 us, average=1.497716 us, overflow_slots=0
[rank 1] nixlPut latency: samples=97092, p50=1.436500 us, p90=1.948000 us, p99=2.559500 us, average=1.530143 us, overflow_slots=0
[rank 2] nixlPut latency: samples=95604, p50=1.430000 us, p90=1.915000 us, p99=2.448500 us, average=1.513263 us, overflow_slots=0
[rank 0] nixlPut latency: samples=94860, p50=1.529500 us, p90=2.015000 us, p99=2.572500 us, average=1.608479 us, overflow_slots=0
global_rank=0, local_rank=0 -> done
global_rank=3, local_rank=3 -> done
global_rank=2, local_rank=2 -> done
global_rank=1, local_rank=1 -> done
