# started_at: 2026-07-26T04:51:36
# cwd: /workspace/external/nixl/examples/device/ep
# command: python3 tests/elastic/elastic.py --plan tests/elastic/no_expansion.json --num-processes 4 --num-tokens 128 --num-experts-per-rank 32 --dispatch-only
# env PYTHONPATH=/workspace/external/nixl/install/lib/python3/dist-packages
# env UCX_GDP_ENABLE=y
# env UCX_PLUGIN_PATH=/workspace/external/ucx-spcx-plugin/install/lib/ucx
# env UCX_RC_GDP_NUM_CHANNELS=4
# env UCX_TLS=rc,rc_gdp,tcp,self,sm,cuda_copy

Starting TCPStore and rank server locally
Process 3 -> global_rank=0, local_rank=0
Process 0 -> global_rank=1, local_rank=1
Process 2 -> global_rank=2, local_rank=2
Process 1 -> global_rank=3, local_rank=3
Allocating buffer size: 954.206336 MB ...
global_rank=3, local_rank=3 -> start phase 0
global_rank=3, local_rank=3 -> adding connections to [0, 1, 2]
global_rank=2, local_rank=2 -> start phase 0
global_rank=2, local_rank=2 -> adding connections to [0, 1, 3]
global_rank=1, local_rank=1 -> start phase 0
global_rank=1, local_rank=1 -> adding connections to [0, 2, 3]
global_rank=0, local_rank=0 -> start phase 0
global_rank=0, local_rank=0 -> adding connections to [1, 2, 3]
[rank 1] Dispatch bandwidth: 40.03 GB/s, avg_t=189.48 us, min_t=136.10 us, max_t=250.98 us
[rank 3] Dispatch bandwidth: 39.86 GB/s, avg_t=190.31 us, min_t=134.43 us, max_t=271.84 us
[rank 2] Dispatch bandwidth: 40.08 GB/s, avg_t=189.28 us, min_t=136.86 us, max_t=299.71 us
[rank 0] Dispatch bandwidth: 40.13 GB/s, avg_t=189.03 us, min_t=134.66 us, max_t=291.36 us
global_rank=1, local_rank=1 -> end phase 0
global_rank=3, local_rank=3 -> end phase 0
global_rank=2, local_rank=2 -> end phase 0
global_rank=0, local_rank=0 -> end phase 0
[rank 3] nixlPut latency: samples=92752, p50=1.422000 us, p90=1.983500 us, p99=2.999000 us, average=1.532411 us, overflow_slots=0
[rank 1] nixlPut latency: samples=97092, p50=1.426000 us, p90=2.024500 us, p99=4.431000 us, average=1.586168 us, overflow_slots=0
[rank 2] nixlPut latency: samples=95604, p50=1.434500 us, p90=2.073500 us, p99=4.390500 us, average=1.594568 us, overflow_slots=0
[rank 0] nixlPut latency: samples=94860, p50=1.537500 us, p90=2.170000 us, p99=3.788000 us, average=1.686403 us, overflow_slots=0
global_rank=3, local_rank=3 -> done
global_rank=1, local_rank=1 -> done
global_rank=2, local_rank=2 -> done
global_rank=0, local_rank=0 -> done
