# started_at: 2026-07-26T04:49:26
# cwd: /workspace/external/nixl/examples/device/ep
# command: python3 tests/elastic/elastic.py --plan tests/elastic/no_expansion.json --num-processes 4 --num-tokens 128 --num-experts-per-rank 4 --dispatch-only
# env PYTHONPATH=/workspace/external/nixl/install/lib/python3/dist-packages
# env UCX_GDP_ENABLE=y
# env UCX_PLUGIN_PATH=/workspace/external/ucx-spcx-plugin/install/lib/ucx
# env UCX_RC_GDP_NUM_CHANNELS=32
# env UCX_TLS=rc,rc_gdp,tcp,self,sm,cuda_copy

Starting TCPStore and rank server locally
Process 3 -> global_rank=0, local_rank=0
Process 1 -> global_rank=1, local_rank=1
Process 0 -> global_rank=2, local_rank=2
Process 2 -> global_rank=3, local_rank=3
Allocating buffer size: 119.275904 MB ...
global_rank=1, local_rank=1 -> start phase 0
global_rank=1, local_rank=1 -> adding connections to [0, 2, 3]
global_rank=3, local_rank=3 -> start phase 0
global_rank=0, local_rank=0 -> start phase 0
global_rank=3, local_rank=3 -> adding connections to [0, 1, 2]
global_rank=0, local_rank=0 -> adding connections to [1, 2, 3]
global_rank=2, local_rank=2 -> start phase 0
global_rank=2, local_rank=2 -> adding connections to [0, 1, 3]
[rank 1] Dispatch bandwidth: 49.99 GB/s, avg_t=151.74 us, min_t=142.11 us, max_t=166.78 us
[rank 0] Dispatch bandwidth: 49.72 GB/s, avg_t=152.56 us, min_t=141.25 us, max_t=169.86 us
[rank 2] Dispatch bandwidth: 49.88 GB/s, avg_t=152.09 us, min_t=140.67 us, max_t=166.30 us
[rank 3] Dispatch bandwidth: 49.88 GB/s, avg_t=152.09 us, min_t=142.69 us, max_t=169.38 us
global_rank=0, local_rank=0 -> end phase 0
global_rank=1, local_rank=1 -> end phase 0
global_rank=2, local_rank=2 -> end phase 0
global_rank=3, local_rank=3 -> end phase 0
[rank 2] nixlPut latency: samples=94116, p50=1.978500 us, p90=15.394500 us, p99=28.088000 us, average=5.727373 us, overflow_slots=0
[rank 1] nixlPut latency: samples=94984, p50=5.647000 us, p90=16.857500 us, p99=27.700000 us, average=7.401629 us, overflow_slots=0
[rank 3] nixlPut latency: samples=94860, p50=6.084000 us, p90=16.521000 us, p99=27.100000 us, average=7.461788 us, overflow_slots=0
[rank 0] nixlPut latency: samples=97464, p50=3.089000 us, p90=15.961000 us, p99=27.498500 us, average=6.523935 us, overflow_slots=0
global_rank=0, local_rank=0 -> done
global_rank=1, local_rank=1 -> done
global_rank=2, local_rank=2 -> done
global_rank=3, local_rank=3 -> done
