# started_at: 2026-07-26T04:48:53
# cwd: /workspace/external/nixl/examples/device/ep
# command: python3 tests/elastic/elastic.py --plan tests/elastic/no_expansion.json --num-processes 4 --num-tokens 128 --num-experts-per-rank 4 --dispatch-only
# env PYTHONPATH=/workspace/external/nixl/install/lib/python3/dist-packages
# env UCX_GDP_ENABLE=y
# env UCX_PLUGIN_PATH=/workspace/external/ucx-spcx-plugin/install/lib/ucx
# env UCX_RC_GDP_NUM_CHANNELS=2
# env UCX_TLS=rc,rc_gdp,tcp,self,sm,cuda_copy

Starting TCPStore and rank server locally
Process 2 -> global_rank=0, local_rank=0
Process 1 -> global_rank=1, local_rank=1
Process 3 -> global_rank=2, local_rank=2
Process 0 -> global_rank=3, local_rank=3
Allocating buffer size: 119.275904 MB ...
global_rank=0, local_rank=0 -> start phase 0
global_rank=0, local_rank=0 -> adding connections to [1, 2, 3]
global_rank=2, local_rank=2 -> start phase 0
global_rank=2, local_rank=2 -> adding connections to [0, 1, 3]
global_rank=3, local_rank=3 -> start phase 0
global_rank=3, local_rank=3 -> adding connections to [0, 1, 2]
global_rank=1, local_rank=1 -> start phase 0
global_rank=1, local_rank=1 -> adding connections to [0, 2, 3]
[rank 2] Dispatch bandwidth: 36.53 GB/s, avg_t=207.64 us, min_t=197.02 us, max_t=216.45 us
[rank 1] Dispatch bandwidth: 36.61 GB/s, avg_t=207.22 us, min_t=199.42 us, max_t=218.53 us
[rank 3] Dispatch bandwidth: 36.54 GB/s, avg_t=207.60 us, min_t=198.30 us, max_t=214.50 us
[rank 0] Dispatch bandwidth: 36.53 GB/s, avg_t=207.64 us, min_t=201.95 us, max_t=215.65 us
global_rank=1, local_rank=1 -> end phase 0
global_rank=2, local_rank=2 -> end phase 0
global_rank=3, local_rank=3 -> end phase 0
global_rank=0, local_rank=0 -> end phase 0
[rank 2] nixlPut latency: samples=94116, p50=1.308000 us, p90=1.486500 us, p99=2.106000 us, average=1.327665 us, overflow_slots=0
[rank 1] nixlPut latency: samples=94984, p50=1.310000 us, p90=1.510500 us, p99=1.788000 us, average=1.326100 us, overflow_slots=0
[rank 3] nixlPut latency: samples=94860, p50=1.314000 us, p90=1.508000 us, p99=2.038500 us, average=1.336275 us, overflow_slots=0
[rank 0] nixlPut latency: samples=97464, p50=1.351500 us, p90=1.576500 us, p99=1.880500 us, average=1.370690 us, overflow_slots=0
global_rank=1, local_rank=1 -> done
global_rank=3, local_rank=3 -> done
global_rank=2, local_rank=2 -> done
global_rank=0, local_rank=0 -> done
