# started_at: 2026-07-26T04:49:01
# cwd: /workspace/external/nixl/examples/device/ep
# command: python3 tests/elastic/elastic.py --plan tests/elastic/no_expansion.json --num-processes 4 --num-tokens 128 --num-experts-per-rank 4 --dispatch-only
# env PYTHONPATH=/workspace/external/nixl/install/lib/python3/dist-packages
# env UCX_GDP_ENABLE=y
# env UCX_PLUGIN_PATH=/workspace/external/ucx-spcx-plugin/install/lib/ucx
# env UCX_RC_GDP_NUM_CHANNELS=4
# env UCX_TLS=rc,rc_gdp,tcp,self,sm,cuda_copy

Starting TCPStore and rank server locally
Process 1 -> global_rank=0, local_rank=0
Process 3 -> global_rank=1, local_rank=1
Process 0 -> global_rank=2, local_rank=2
Process 2 -> global_rank=3, local_rank=3
Allocating buffer size: 119.275904 MB ...
global_rank=0, local_rank=0 -> start phase 0
global_rank=0, local_rank=0 -> adding connections to [1, 2, 3]
global_rank=3, local_rank=3 -> start phase 0
global_rank=3, local_rank=3 -> adding connections to [0, 1, 2]
global_rank=2, local_rank=2 -> start phase 0
global_rank=2, local_rank=2 -> adding connections to [0, 1, 3]
global_rank=1, local_rank=1 -> start phase 0
global_rank=1, local_rank=1 -> adding connections to [0, 2, 3]
[rank 1] Dispatch bandwidth: 43.55 GB/s, avg_t=174.19 us, min_t=141.15 us, max_t=233.31 us
[rank 2] Dispatch bandwidth: 43.55 GB/s, avg_t=174.19 us, min_t=138.85 us, max_t=247.17 us
[rank 0] Dispatch bandwidth: 43.64 GB/s, avg_t=173.82 us, min_t=138.24 us, max_t=234.78 us
[rank 3] Dispatch bandwidth: 43.60 GB/s, avg_t=173.97 us, min_t=140.42 us, max_t=232.61 us
global_rank=1, local_rank=1 -> end phase 0
global_rank=2, local_rank=2 -> end phase 0
global_rank=0, local_rank=0 -> end phase 0
global_rank=3, local_rank=3 -> end phase 0
[rank 2] nixlPut latency: samples=94116, p50=1.354000 us, p90=1.520500 us, p99=1.862000 us, average=1.358619 us, overflow_slots=0
[rank 1] nixlPut latency: samples=94984, p50=1.356500 us, p90=1.544000 us, p99=1.910000 us, average=1.364896 us, overflow_slots=0
[rank 0] nixlPut latency: samples=97464, p50=1.372000 us, p90=1.604500 us, p99=1.973500 us, average=1.409338 us, overflow_slots=0
[rank 3] nixlPut latency: samples=94860, p50=1.349500 us, p90=1.526000 us, p99=1.907000 us, average=1.361740 us, overflow_slots=0
global_rank=1, local_rank=1 -> done
global_rank=2, local_rank=2 -> done
global_rank=3, local_rank=3 -> done
global_rank=0, local_rank=0 -> done
