# started_at: 2026-07-26T04:48:44
# cwd: /workspace/external/nixl/examples/device/ep
# command: python3 tests/elastic/elastic.py --plan tests/elastic/no_expansion.json --num-processes 4 --num-tokens 128 --num-experts-per-rank 4 --dispatch-only
# env PYTHONPATH=/workspace/external/nixl/install/lib/python3/dist-packages
# env UCX_GDP_ENABLE=y
# env UCX_PLUGIN_PATH=/workspace/external/ucx-spcx-plugin/install/lib/ucx
# env UCX_RC_GDP_NUM_CHANNELS=1
# env UCX_TLS=rc,rc_gdp,tcp,self,sm,cuda_copy

Starting TCPStore and rank server locally
Process 2 -> global_rank=0, local_rank=0
Process 3 -> global_rank=1, local_rank=1
Process 0 -> global_rank=2, local_rank=2
Process 1 -> global_rank=3, local_rank=3
Allocating buffer size: 119.275904 MB ...
global_rank=2, local_rank=2 -> start phase 0
global_rank=2, local_rank=2 -> adding connections to [0, 1, 3]
global_rank=3, local_rank=3 -> start phase 0
global_rank=3, local_rank=3 -> adding connections to [0, 1, 2]
global_rank=0, local_rank=0 -> start phase 0
global_rank=0, local_rank=0 -> adding connections to [1, 2, 3]
global_rank=1, local_rank=1 -> start phase 0
global_rank=1, local_rank=1 -> adding connections to [0, 2, 3]
[rank 1] Dispatch bandwidth: 20.57 GB/s, avg_t=368.84 us, min_t=362.43 us, max_t=375.74 us
[rank 3] Dispatch bandwidth: 20.59 GB/s, avg_t=368.44 us, min_t=359.84 us, max_t=382.11 us
[rank 2] Dispatch bandwidth: 20.57 GB/s, avg_t=368.74 us, min_t=356.22 us, max_t=374.66 us
[rank 0] Dispatch bandwidth: 20.59 GB/s, avg_t=368.41 us, min_t=359.07 us, max_t=381.25 us
global_rank=1, local_rank=1 -> end phase 0
global_rank=3, local_rank=3 -> end phase 0
global_rank=2, local_rank=2 -> end phase 0
global_rank=0, local_rank=0 -> end phase 0
[rank 1] nixlPut latency: samples=94984, p50=1.288000 us, p90=1.472000 us, p99=1.795000 us, average=1.294505 us, overflow_slots=0
[rank 3] nixlPut latency: samples=94860, p50=1.310000 us, p90=1.470000 us, p99=1.813500 us, average=1.304028 us, overflow_slots=0
[rank 2] nixlPut latency: samples=94116, p50=1.279500 us, p90=1.447000 us, p99=1.843500 us, average=1.287579 us, overflow_slots=0
[rank 0] nixlPut latency: samples=97464, p50=1.301500 us, p90=1.573500 us, p99=1.970500 us, average=1.527896 us, overflow_slots=0
global_rank=1, local_rank=1 -> done
global_rank=3, local_rank=3 -> done
global_rank=0, local_rank=0 -> done
global_rank=2, local_rank=2 -> done
