# started_at: 2026-07-26T04:49:18
# cwd: /workspace/external/nixl/examples/device/ep
# command: python3 tests/elastic/elastic.py --plan tests/elastic/no_expansion.json --num-processes 4 --num-tokens 128 --num-experts-per-rank 4 --dispatch-only
# env PYTHONPATH=/workspace/external/nixl/install/lib/python3/dist-packages
# env UCX_GDP_ENABLE=y
# env UCX_PLUGIN_PATH=/workspace/external/ucx-spcx-plugin/install/lib/ucx
# env UCX_RC_GDP_NUM_CHANNELS=16
# env UCX_TLS=rc,rc_gdp,tcp,self,sm,cuda_copy

Starting TCPStore and rank server locally
Process 1 -> global_rank=0, local_rank=0
Process 0 -> global_rank=1, local_rank=1
Process 2 -> global_rank=2, local_rank=2
Process 3 -> global_rank=3, local_rank=3
Allocating buffer size: 119.275904 MB ...
global_rank=1, local_rank=1 -> start phase 0
global_rank=1, local_rank=1 -> adding connections to [0, 2, 3]
global_rank=0, local_rank=0 -> start phase 0
global_rank=0, local_rank=0 -> adding connections to [1, 2, 3]
global_rank=3, local_rank=3 -> start phase 0
global_rank=3, local_rank=3 -> adding connections to [0, 1, 2]
global_rank=2, local_rank=2 -> start phase 0
global_rank=2, local_rank=2 -> adding connections to [0, 1, 3]
[rank 3] Dispatch bandwidth: 46.91 GB/s, avg_t=161.72 us, min_t=140.42 us, max_t=199.49 us
[rank 2] Dispatch bandwidth: 46.96 GB/s, avg_t=161.55 us, min_t=144.48 us, max_t=203.90 us
[rank 1] Dispatch bandwidth: 46.79 GB/s, avg_t=162.14 us, min_t=138.69 us, max_t=204.26 us
[rank 0] Dispatch bandwidth: 46.73 GB/s, avg_t=162.34 us, min_t=140.83 us, max_t=199.94 us
global_rank=2, local_rank=2 -> end phase 0
global_rank=3, local_rank=3 -> end phase 0
global_rank=1, local_rank=1 -> end phase 0
global_rank=0, local_rank=0 -> end phase 0
[rank 2] nixlPut latency: samples=94116, p50=1.449500 us, p90=9.527000 us, p99=20.544500 us, average=3.238529 us, overflow_slots=0
[rank 1] nixlPut latency: samples=94984, p50=1.486000 us, p90=10.773500 us, p99=20.894500 us, average=3.752637 us, overflow_slots=0
[rank 3] nixlPut latency: samples=94860, p50=1.504000 us, p90=11.892000 us, p99=22.029000 us, average=4.173244 us, overflow_slots=0
[rank 0] nixlPut latency: samples=97464, p50=1.574000 us, p90=10.620000 us, p99=22.114000 us, average=3.732021 us, overflow_slots=0
global_rank=1, local_rank=1 -> done
global_rank=0, local_rank=0 -> done
global_rank=3, local_rank=3 -> done
global_rank=2, local_rank=2 -> done
