# started_at: 2026-07-26T04:49:09
# cwd: /workspace/external/nixl/examples/device/ep
# command: python3 tests/elastic/elastic.py --plan tests/elastic/no_expansion.json --num-processes 4 --num-tokens 128 --num-experts-per-rank 4 --dispatch-only
# env PYTHONPATH=/workspace/external/nixl/install/lib/python3/dist-packages
# env UCX_GDP_ENABLE=y
# env UCX_PLUGIN_PATH=/workspace/external/ucx-spcx-plugin/install/lib/ucx
# env UCX_RC_GDP_NUM_CHANNELS=8
# env UCX_TLS=rc,rc_gdp,tcp,self,sm,cuda_copy

Starting TCPStore and rank server locally
Process 2 -> global_rank=0, local_rank=0
Process 3 -> global_rank=1, local_rank=1
Process 1 -> global_rank=2, local_rank=2
Process 0 -> global_rank=3, local_rank=3
Allocating buffer size: 119.275904 MB ...
global_rank=3, local_rank=3 -> start phase 0
global_rank=3, local_rank=3 -> adding connections to [0, 1, 2]
global_rank=2, local_rank=2 -> start phase 0
global_rank=2, local_rank=2 -> adding connections to [0, 1, 3]
global_rank=1, local_rank=1 -> start phase 0
global_rank=1, local_rank=1 -> adding connections to [0, 2, 3]
global_rank=0, local_rank=0 -> start phase 0
global_rank=0, local_rank=0 -> adding connections to [1, 2, 3]
[rank 2] Dispatch bandwidth: 45.47 GB/s, avg_t=166.82 us, min_t=142.72 us, max_t=232.77 us
[rank 0] Dispatch bandwidth: 45.55 GB/s, avg_t=166.53 us, min_t=140.06 us, max_t=224.06 us
[rank 1] Dispatch bandwidth: 45.39 GB/s, avg_t=167.11 us, min_t=140.51 us, max_t=224.51 us
[rank 3] Dispatch bandwidth: 45.55 GB/s, avg_t=166.53 us, min_t=138.59 us, max_t=224.00 us
global_rank=2, local_rank=2 -> end phase 0
global_rank=0, local_rank=0 -> end phase 0
global_rank=1, local_rank=1 -> end phase 0
global_rank=3, local_rank=3 -> end phase 0
[rank 2] nixlPut latency: samples=94116, p50=1.346500 us, p90=1.546500 us, p99=1.904500 us, average=1.356228 us, overflow_slots=0
[rank 1] nixlPut latency: samples=94984, p50=1.351000 us, p90=1.562000 us, p99=2.026000 us, average=1.366851 us, overflow_slots=0
[rank 3] nixlPut latency: samples=94860, p50=1.367000 us, p90=1.557000 us, p99=2.038000 us, average=1.377111 us, overflow_slots=0
[rank 0] nixlPut latency: samples=97464, p50=1.378500 us, p90=1.653000 us, p99=1.986500 us, average=1.421607 us, overflow_slots=0
global_rank=1, local_rank=1 -> done
global_rank=3, local_rank=3 -> done
global_rank=2, local_rank=2 -> done
global_rank=0, local_rank=0 -> done
