# started_at: 2026-07-26T04:52:12
# cwd: /workspace/external/nixl/examples/device/ep
# command: python3 tests/elastic/elastic.py --plan tests/elastic/no_expansion.json --num-processes 4 --num-tokens 128 --num-experts-per-rank 64 --dispatch-only
# env PYTHONPATH=/workspace/external/nixl/install/lib/python3/dist-packages
# env UCX_GDP_ENABLE=y
# env UCX_PLUGIN_PATH=/workspace/external/ucx-spcx-plugin/install/lib/ucx
# env UCX_RC_GDP_NUM_CHANNELS=1
# env UCX_TLS=rc,rc_gdp,tcp,self,sm,cuda_copy

Starting TCPStore and rank server locally
Process 0 -> global_rank=0, local_rank=0
Process 3 -> global_rank=1, local_rank=1
Process 2 -> global_rank=2, local_rank=2
Process 1 -> global_rank=3, local_rank=3
Allocating buffer size: 1908.412544 MB ...
global_rank=3, local_rank=3 -> start phase 0
global_rank=3, local_rank=3 -> adding connections to [0, 1, 2]
global_rank=0, local_rank=0 -> start phase 0
global_rank=0, local_rank=0 -> adding connections to [1, 2, 3]
global_rank=2, local_rank=2 -> start phase 0
global_rank=1, local_rank=1 -> start phase 0
global_rank=2, local_rank=2 -> adding connections to [0, 1, 3]
global_rank=1, local_rank=1 -> adding connections to [0, 2, 3]
[rank 1] Dispatch bandwidth: 14.41 GB/s, avg_t=526.44 us, min_t=432.00 us, max_t=736.16 us
[rank 3] Dispatch bandwidth: 14.41 GB/s, avg_t=526.52 us, min_t=425.38 us, max_t=710.05 us
[rank 2] Dispatch bandwidth: 14.42 GB/s, avg_t=526.10 us, min_t=427.42 us, max_t=699.81 us
[rank 0] Dispatch bandwidth: 14.42 GB/s, avg_t=526.00 us, min_t=423.01 us, max_t=789.60 us
global_rank=1, local_rank=1 -> end phase 0
global_rank=3, local_rank=3 -> end phase 0
global_rank=2, local_rank=2 -> end phase 0
global_rank=0, local_rank=0 -> end phase 0
[rank 1] nixlPut latency: samples=94240, p50=1.746000 us, p90=6.836000 us, p99=13.659500 us, average=2.890313 us, overflow_slots=0
[rank 0] nixlPut latency: samples=92752, p50=1.819500 us, p90=4.960000 us, p99=10.569000 us, average=2.545410 us, overflow_slots=0
[rank 3] nixlPut latency: samples=96472, p50=1.785000 us, p90=5.683000 us, p99=12.948500 us, average=2.699106 us, overflow_slots=0
[rank 2] nixlPut latency: samples=94116, p50=1.776000 us, p90=6.971000 us, p99=13.333000 us, average=2.930317 us, overflow_slots=0
global_rank=3, local_rank=3 -> done
global_rank=1, local_rank=1 -> done
global_rank=2, local_rank=2 -> done
global_rank=0, local_rank=0 -> done
