# started_at: 2026-07-26T04:52:21
# cwd: /workspace/external/nixl/examples/device/ep
# command: python3 tests/elastic/elastic.py --plan tests/elastic/no_expansion.json --num-processes 4 --num-tokens 128 --num-experts-per-rank 64 --dispatch-only
# env PYTHONPATH=/workspace/external/nixl/install/lib/python3/dist-packages
# env UCX_GDP_ENABLE=y
# env UCX_PLUGIN_PATH=/workspace/external/ucx-spcx-plugin/install/lib/ucx
# env UCX_RC_GDP_NUM_CHANNELS=2
# env UCX_TLS=rc,rc_gdp,tcp,self,sm,cuda_copy

Starting TCPStore and rank server locally
Process 2 -> global_rank=0, local_rank=0
Process 1 -> global_rank=1, local_rank=1
Process 3 -> global_rank=2, local_rank=2
Process 0 -> global_rank=3, local_rank=3
Allocating buffer size: 1908.412544 MB ...
global_rank=0, local_rank=0 -> start phase 0
global_rank=0, local_rank=0 -> adding connections to [1, 2, 3]
global_rank=3, local_rank=3 -> start phase 0
global_rank=3, local_rank=3 -> adding connections to [0, 1, 2]
global_rank=1, local_rank=1 -> start phase 0
global_rank=1, local_rank=1 -> adding connections to [0, 2, 3]
global_rank=2, local_rank=2 -> start phase 0
global_rank=2, local_rank=2 -> adding connections to [0, 1, 3]
[rank 0] Dispatch bandwidth: 26.43 GB/s, avg_t=287.05 us, min_t=232.29 us, max_t=331.65 us
[rank 1] Dispatch bandwidth: 26.44 GB/s, avg_t=286.92 us, min_t=216.90 us, max_t=365.44 us
[rank 2] Dispatch bandwidth: 26.51 GB/s, avg_t=286.18 us, min_t=208.42 us, max_t=358.11 us
[rank 3] Dispatch bandwidth: 26.34 GB/s, avg_t=287.94 us, min_t=212.22 us, max_t=365.98 us
global_rank=1, local_rank=1 -> end phase 0
global_rank=0, local_rank=0 -> end phase 0
global_rank=2, local_rank=2 -> end phase 0
global_rank=3, local_rank=3 -> end phase 0
[rank 0] nixlPut latency: samples=92752, p50=1.579500 us, p90=2.417000 us, p99=9.360500 us, average=1.935681 us, overflow_slots=0
[rank 1] nixlPut latency: samples=94240, p50=1.501000 us, p90=2.271000 us, p99=6.998500 us, average=1.760357 us, overflow_slots=0
[rank 2] nixlPut latency: samples=94116, p50=1.523500 us, p90=2.524500 us, p99=11.493500 us, average=1.998032 us, overflow_slots=0
[rank 3] nixlPut latency: samples=96472, p50=1.472000 us, p90=2.237000 us, p99=10.897000 us, average=1.891861 us, overflow_slots=0
global_rank=1, local_rank=1 -> done
global_rank=0, local_rank=0 -> done
global_rank=2, local_rank=2 -> done
global_rank=3, local_rank=3 -> done
