# started_at: 2026-07-26T04:52:31
# cwd: /workspace/external/nixl/examples/device/ep
# command: python3 tests/elastic/elastic.py --plan tests/elastic/no_expansion.json --num-processes 4 --num-tokens 128 --num-experts-per-rank 64 --dispatch-only
# env PYTHONPATH=/workspace/external/nixl/install/lib/python3/dist-packages
# env UCX_GDP_ENABLE=y
# env UCX_PLUGIN_PATH=/workspace/external/ucx-spcx-plugin/install/lib/ucx
# env UCX_RC_GDP_NUM_CHANNELS=4
# env UCX_TLS=rc,rc_gdp,tcp,self,sm,cuda_copy

Starting TCPStore and rank server locally
Process 1 -> global_rank=0, local_rank=0
Process 3 -> global_rank=1, local_rank=1
Process 2 -> global_rank=2, local_rank=2
Process 0 -> global_rank=3, local_rank=3
Allocating buffer size: 1908.412544 MB ...
global_rank=0, local_rank=0 -> start phase 0
global_rank=0, local_rank=0 -> adding connections to [1, 2, 3]
global_rank=3, local_rank=3 -> start phase 0
global_rank=3, local_rank=3 -> adding connections to [0, 1, 2]
global_rank=2, local_rank=2 -> start phase 0
global_rank=2, local_rank=2 -> adding connections to [0, 1, 3]
global_rank=1, local_rank=1 -> start phase 0
global_rank=1, local_rank=1 -> adding connections to [0, 2, 3]
[rank 2] Dispatch bandwidth: 32.70 GB/s, avg_t=231.96 us, min_t=155.01 us, max_t=311.36 us
[rank 1] Dispatch bandwidth: 32.64 GB/s, avg_t=232.40 us, min_t=181.15 us, max_t=291.58 us
[rank 3] Dispatch bandwidth: 32.41 GB/s, avg_t=234.09 us, min_t=159.07 us, max_t=308.70 us
global_rank=1, local_rank=1 -> end phase 0
global_rank=2, local_rank=2 -> end phase 0
[rank 0] Dispatch bandwidth: 32.46 GB/s, avg_t=233.71 us, min_t=155.26 us, max_t=308.86 us
global_rank=3, local_rank=3 -> end phase 0
global_rank=0, local_rank=0 -> end phase 0
[rank 1] nixlPut latency: samples=94240, p50=1.480500 us, p90=2.064000 us, p99=5.700000 us, average=1.651711 us, overflow_slots=0
[rank 2] nixlPut latency: samples=94116, p50=1.511000 us, p90=2.009500 us, p99=6.287000 us, average=1.666235 us, overflow_slots=0
[rank 3] nixlPut latency: samples=96472, p50=1.455500 us, p90=2.037000 us, p99=7.470500 us, average=1.696206 us, overflow_slots=0
[rank 0] nixlPut latency: samples=92752, p50=1.573500 us, p90=2.167500 us, p99=5.015500 us, average=1.716115 us, overflow_slots=0
global_rank=1, local_rank=1 -> done
global_rank=3, local_rank=3 -> done
global_rank=2, local_rank=2 -> done
global_rank=0, local_rank=0 -> done
