# started_at: 2026-07-26T04:52:49
# cwd: /workspace/external/nixl/examples/device/ep
# command: python3 tests/elastic/elastic.py --plan tests/elastic/no_expansion.json --num-processes 4 --num-tokens 128 --num-experts-per-rank 64 --dispatch-only
# env PYTHONPATH=/workspace/external/nixl/install/lib/python3/dist-packages
# env UCX_GDP_ENABLE=y
# env UCX_PLUGIN_PATH=/workspace/external/ucx-spcx-plugin/install/lib/ucx
# env UCX_RC_GDP_NUM_CHANNELS=16
# env UCX_TLS=rc,rc_gdp,tcp,self,sm,cuda_copy

Starting TCPStore and rank server locally
Process 1 -> global_rank=0, local_rank=0
Process 2 -> global_rank=1, local_rank=1
Process 3 -> global_rank=2, local_rank=2
Process 0 -> global_rank=3, local_rank=3
Allocating buffer size: 1908.412544 MB ...
global_rank=1, local_rank=1 -> start phase 0
global_rank=1, local_rank=1 -> adding connections to [0, 2, 3]
global_rank=3, local_rank=3 -> start phase 0
global_rank=3, local_rank=3 -> adding connections to [0, 1, 2]
global_rank=2, local_rank=2 -> start phase 0
global_rank=2, local_rank=2 -> adding connections to [0, 1, 3]
global_rank=0, local_rank=0 -> start phase 0
global_rank=0, local_rank=0 -> adding connections to [1, 2, 3]
[rank 1] Dispatch bandwidth: 36.90 GB/s, avg_t=205.57 us, min_t=118.27 us, max_t=355.90 us
[rank 2] Dispatch bandwidth: 36.60 GB/s, avg_t=207.25 us, min_t=117.95 us, max_t=298.40 us
[rank 0] Dispatch bandwidth: 36.62 GB/s, avg_t=207.13 us, min_t=132.61 us, max_t=300.22 us
[rank 3] Dispatch bandwidth: 36.54 GB/s, avg_t=207.58 us, min_t=128.16 us, max_t=277.22 us
global_rank=1, local_rank=1 -> end phase 0
global_rank=3, local_rank=3 -> end phase 0
global_rank=0, local_rank=0 -> end phase 0
global_rank=2, local_rank=2 -> end phase 0
[rank 0] nixlPut latency: samples=92752, p50=1.544000 us, p90=2.028000 us, p99=2.456500 us, average=1.626738 us, overflow_slots=0
[rank 1] nixlPut latency: samples=94240, p50=1.461500 us, p90=1.962000 us, p99=2.538500 us, average=1.550281 us, overflow_slots=0
[rank 2] nixlPut latency: samples=94116, p50=1.460500 us, p90=2.017000 us, p99=2.444500 us, average=1.568838 us, overflow_slots=0
[rank 3] nixlPut latency: samples=96472, p50=1.462000 us, p90=1.990000 us, p99=2.447500 us, average=1.541622 us, overflow_slots=0
global_rank=0, local_rank=0 -> done
global_rank=2, local_rank=2 -> done
global_rank=3, local_rank=3 -> done
global_rank=1, local_rank=1 -> done
