# started_at: 2026-07-26T04:52:59
# cwd: /workspace/external/nixl/examples/device/ep
# command: python3 tests/elastic/elastic.py --plan tests/elastic/no_expansion.json --num-processes 4 --num-tokens 128 --num-experts-per-rank 64 --dispatch-only
# env PYTHONPATH=/workspace/external/nixl/install/lib/python3/dist-packages
# env UCX_GDP_ENABLE=y
# env UCX_PLUGIN_PATH=/workspace/external/ucx-spcx-plugin/install/lib/ucx
# env UCX_RC_GDP_NUM_CHANNELS=32
# env UCX_TLS=rc,rc_gdp,tcp,self,sm,cuda_copy

Starting TCPStore and rank server locally
Process 3 -> global_rank=0, local_rank=0
Process 2 -> global_rank=1, local_rank=1
Process 1 -> global_rank=2, local_rank=2
Process 0 -> global_rank=3, local_rank=3
Allocating buffer size: 1908.412544 MB ...
global_rank=0, local_rank=0 -> start phase 0
global_rank=0, local_rank=0 -> adding connections to [1, 2, 3]
global_rank=1, local_rank=1 -> start phase 0
global_rank=1, local_rank=1 -> adding connections to [0, 2, 3]
global_rank=2, local_rank=2 -> start phase 0
global_rank=2, local_rank=2 -> adding connections to [0, 1, 3]
global_rank=3, local_rank=3 -> start phase 0
global_rank=3, local_rank=3 -> adding connections to [0, 1, 2]
[rank 3] Dispatch bandwidth: 35.94 GB/s, avg_t=211.04 us, min_t=115.90 us, max_t=323.33 us
[rank 2] Dispatch bandwidth: 36.14 GB/s, avg_t=209.91 us, min_t=89.50 us, max_t=379.97 us
[rank 1] Dispatch bandwidth: 35.96 GB/s, avg_t=210.95 us, min_t=58.85 us, max_t=389.73 us
[rank 0] Dispatch bandwidth: 36.20 GB/s, avg_t=209.56 us, min_t=133.66 us, max_t=339.14 us
global_rank=3, local_rank=3 -> end phase 0
global_rank=2, local_rank=2 -> end phase 0
global_rank=0, local_rank=0 -> end phase 0
global_rank=1, local_rank=1 -> end phase 0
[rank 2] nixlPut latency: samples=94116, p50=1.452000 us, p90=1.996000 us, p99=2.434000 us, average=1.541818 us, overflow_slots=0
[rank 0] nixlPut latency: samples=92752, p50=1.565000 us, p90=2.089000 us, p99=2.369000 us, average=1.664935 us, overflow_slots=0
[rank 3] nixlPut latency: samples=96472, p50=1.440000 us, p90=1.983000 us, p99=2.331000 us, average=1.546130 us, overflow_slots=0
[rank 1] nixlPut latency: samples=94240, p50=1.477500 us, p90=2.011000 us, p99=2.511500 us, average=1.611503 us, overflow_slots=0
global_rank=3, local_rank=3 -> done
global_rank=1, local_rank=1 -> done
global_rank=2, local_rank=2 -> done
global_rank=0, local_rank=0 -> done
