# started_at: 2026-07-26T04:52:40
# cwd: /workspace/external/nixl/examples/device/ep
# command: python3 tests/elastic/elastic.py --plan tests/elastic/no_expansion.json --num-processes 4 --num-tokens 128 --num-experts-per-rank 64 --dispatch-only
# env PYTHONPATH=/workspace/external/nixl/install/lib/python3/dist-packages
# env UCX_GDP_ENABLE=y
# env UCX_PLUGIN_PATH=/workspace/external/ucx-spcx-plugin/install/lib/ucx
# env UCX_RC_GDP_NUM_CHANNELS=8
# env UCX_TLS=rc,rc_gdp,tcp,self,sm,cuda_copy

Starting TCPStore and rank server locally
Process 2 -> global_rank=0, local_rank=0
Process 3 -> global_rank=1, local_rank=1
Process 0 -> global_rank=2, local_rank=2
Process 1 -> global_rank=3, local_rank=3
Allocating buffer size: 1908.412544 MB ...
global_rank=0, local_rank=0 -> start phase 0
global_rank=0, local_rank=0 -> adding connections to [1, 2, 3]
global_rank=3, local_rank=3 -> start phase 0
global_rank=3, local_rank=3 -> adding connections to [0, 1, 2]
global_rank=1, local_rank=1 -> start phase 0
global_rank=1, local_rank=1 -> adding connections to [0, 2, 3]
global_rank=2, local_rank=2 -> start phase 0
global_rank=2, local_rank=2 -> adding connections to [0, 1, 3]
[rank 2] Dispatch bandwidth: 35.75 GB/s, avg_t=212.21 us, min_t=126.21 us, max_t=298.37 us
[rank 1] Dispatch bandwidth: 35.85 GB/s, avg_t=211.62 us, min_t=128.83 us, max_t=303.01 us
[rank 3] Dispatch bandwidth: 35.98 GB/s, avg_t=210.85 us, min_t=130.46 us, max_t=290.21 us
[rank 0] Dispatch bandwidth: 36.16 GB/s, avg_t=209.81 us, min_t=120.26 us, max_t=312.83 us
global_rank=2, local_rank=2 -> end phase 0
global_rank=1, local_rank=1 -> end phase 0
global_rank=3, local_rank=3 -> end phase 0
global_rank=0, local_rank=0 -> end phase 0
[rank 2] nixlPut latency: samples=94116, p50=1.456500 us, p90=2.008500 us, p99=2.829500 us, average=1.556451 us, overflow_slots=0
[rank 1] nixlPut latency: samples=94240, p50=1.453000 us, p90=2.002000 us, p99=2.861000 us, average=1.552292 us, overflow_slots=0
[rank 0] nixlPut latency: samples=92752, p50=1.561000 us, p90=2.121000 us, p99=3.241000 us, average=1.668420 us, overflow_slots=0
[rank 3] nixlPut latency: samples=96472, p50=1.449000 us, p90=2.010000 us, p99=3.638500 us, average=1.581190 us, overflow_slots=0
global_rank=1, local_rank=1 -> done
global_rank=0, local_rank=0 -> done
global_rank=2, local_rank=2 -> done
global_rank=3, local_rank=3 -> done
