# started_at: 2026-07-26T04:49:43
# cwd: /workspace/external/nixl/examples/device/ep
# command: python3 tests/elastic/elastic.py --plan tests/elastic/no_expansion.json --num-processes 4 --num-tokens 128 --num-experts-per-rank 8 --dispatch-only
# env PYTHONPATH=/workspace/external/nixl/install/lib/python3/dist-packages
# env UCX_GDP_ENABLE=y
# env UCX_PLUGIN_PATH=/workspace/external/ucx-spcx-plugin/install/lib/ucx
# env UCX_RC_GDP_NUM_CHANNELS=2
# env UCX_TLS=rc,rc_gdp,tcp,self,sm,cuda_copy

Starting TCPStore and rank server locally
Process 3 -> global_rank=0, local_rank=0
Process 1 -> global_rank=1, local_rank=1
Process 0 -> global_rank=2, local_rank=2
Process 2 -> global_rank=3, local_rank=3
Allocating buffer size: 238.55168 MB ...
global_rank=1, local_rank=1 -> start phase 0
global_rank=1, local_rank=1 -> adding connections to [0, 2, 3]
global_rank=3, local_rank=3 -> start phase 0
global_rank=3, local_rank=3 -> adding connections to [0, 1, 2]
global_rank=0, local_rank=0 -> start phase 0
global_rank=0, local_rank=0 -> adding connections to [1, 2, 3]
global_rank=2, local_rank=2 -> start phase 0
global_rank=2, local_rank=2 -> adding connections to [0, 1, 3]
[rank 0] Dispatch bandwidth: 34.86 GB/s, avg_t=217.60 us, min_t=202.50 us, max_t=262.14 us
[rank 2] Dispatch bandwidth: 34.95 GB/s, avg_t=217.06 us, min_t=195.97 us, max_t=257.15 us
[rank 3] Dispatch bandwidth: 34.96 GB/s, avg_t=216.99 us, min_t=199.65 us, max_t=259.23 us
[rank 1] Dispatch bandwidth: 34.92 GB/s, avg_t=217.26 us, min_t=198.08 us, max_t=255.68 us
global_rank=2, local_rank=2 -> end phase 0
global_rank=0, local_rank=0 -> end phase 0
global_rank=3, local_rank=3 -> end phase 0
global_rank=1, local_rank=1 -> end phase 0
[rank 2] nixlPut latency: samples=96348, p50=1.340000 us, p90=1.561000 us, p99=2.130000 us, average=1.361673 us, overflow_slots=0
[rank 0] nixlPut latency: samples=99200, p50=1.394000 us, p90=1.628000 us, p99=2.046500 us, average=1.415658 us, overflow_slots=0
[rank 1] nixlPut latency: samples=96348, p50=1.349500 us, p90=1.568000 us, p99=2.064500 us, average=1.364600 us, overflow_slots=0
[rank 3] nixlPut latency: samples=96224, p50=1.336500 us, p90=1.554000 us, p99=2.059000 us, average=1.352626 us, overflow_slots=0
global_rank=2, local_rank=2 -> done
global_rank=0, local_rank=0 -> done
global_rank=1, local_rank=1 -> done
global_rank=3, local_rank=3 -> done
