# started_at: 2026-07-26T04:50:09
# cwd: /workspace/external/nixl/examples/device/ep
# command: python3 tests/elastic/elastic.py --plan tests/elastic/no_expansion.json --num-processes 4 --num-tokens 128 --num-experts-per-rank 8 --dispatch-only
# env PYTHONPATH=/workspace/external/nixl/install/lib/python3/dist-packages
# env UCX_GDP_ENABLE=y
# env UCX_PLUGIN_PATH=/workspace/external/ucx-spcx-plugin/install/lib/ucx
# env UCX_RC_GDP_NUM_CHANNELS=16
# env UCX_TLS=rc,rc_gdp,tcp,self,sm,cuda_copy

Starting TCPStore and rank server locally
Process 3 -> global_rank=0, local_rank=0
Process 2 -> global_rank=1, local_rank=1
Process 0 -> global_rank=2, local_rank=2
Process 1 -> global_rank=3, local_rank=3
Allocating buffer size: 238.55168 MB ...
global_rank=0, local_rank=0 -> start phase 0
global_rank=0, local_rank=0 -> adding connections to [1, 2, 3]
global_rank=3, local_rank=3 -> start phase 0
global_rank=3, local_rank=3 -> adding connections to [0, 1, 2]
global_rank=2, local_rank=2 -> start phase 0
global_rank=2, local_rank=2 -> adding connections to [0, 1, 3]
global_rank=1, local_rank=1 -> start phase 0
global_rank=1, local_rank=1 -> adding connections to [0, 2, 3]
[rank 0] Dispatch bandwidth: 47.56 GB/s, avg_t=159.51 us, min_t=132.96 us, max_t=216.93 us
[rank 1] Dispatch bandwidth: 47.78 GB/s, avg_t=158.77 us, min_t=130.50 us, max_t=233.60 us
[rank 2] Dispatch bandwidth: 47.80 GB/s, avg_t=158.69 us, min_t=130.21 us, max_t=242.53 us
[rank 3] Dispatch bandwidth: 47.77 GB/s, avg_t=158.79 us, min_t=128.13 us, max_t=235.33 us
global_rank=3, local_rank=3 -> end phase 0
global_rank=1, local_rank=1 -> end phase 0
global_rank=2, local_rank=2 -> end phase 0
global_rank=0, local_rank=0 -> end phase 0
[rank 3] nixlPut latency: samples=96224, p50=1.406500 us, p90=1.696500 us, p99=2.300000 us, average=1.433889 us, overflow_slots=0
[rank 1] nixlPut latency: samples=96348, p50=1.423000 us, p90=1.733500 us, p99=2.333500 us, average=1.457026 us, overflow_slots=0
[rank 2] nixlPut latency: samples=96348, p50=1.409000 us, p90=1.719000 us, p99=2.320500 us, average=1.443200 us, overflow_slots=0
[rank 0] nixlPut latency: samples=99200, p50=1.496500 us, p90=1.791500 us, p99=2.416000 us, average=1.644498 us, overflow_slots=0
global_rank=2, local_rank=2 -> done
global_rank=1, local_rank=1 -> done
global_rank=3, local_rank=3 -> done
global_rank=0, local_rank=0 -> done
