# started_at: 2026-07-26T04:49:35
# cwd: /workspace/external/nixl/examples/device/ep
# command: python3 tests/elastic/elastic.py --plan tests/elastic/no_expansion.json --num-processes 4 --num-tokens 128 --num-experts-per-rank 8 --dispatch-only
# env PYTHONPATH=/workspace/external/nixl/install/lib/python3/dist-packages
# env UCX_GDP_ENABLE=y
# env UCX_PLUGIN_PATH=/workspace/external/ucx-spcx-plugin/install/lib/ucx
# env UCX_RC_GDP_NUM_CHANNELS=1
# env UCX_TLS=rc,rc_gdp,tcp,self,sm,cuda_copy

Starting TCPStore and rank server locally
Process 3 -> global_rank=0, local_rank=0
Process 2 -> global_rank=1, local_rank=1
Process 1 -> global_rank=2, local_rank=2
Process 0 -> global_rank=3, local_rank=3
Allocating buffer size: 238.55168 MB ...
global_rank=3, local_rank=3 -> start phase 0
global_rank=3, local_rank=3 -> adding connections to [0, 1, 2]
global_rank=0, local_rank=0 -> start phase 0
global_rank=0, local_rank=0 -> adding connections to [1, 2, 3]
global_rank=2, local_rank=2 -> start phase 0
global_rank=2, local_rank=2 -> adding connections to [0, 1, 3]
global_rank=1, local_rank=1 -> start phase 0
global_rank=1, local_rank=1 -> adding connections to [0, 2, 3]
[rank 2] Dispatch bandwidth: 20.06 GB/s, avg_t=378.16 us, min_t=366.21 us, max_t=406.91 us
[rank 1] Dispatch bandwidth: 20.08 GB/s, avg_t=377.82 us, min_t=363.33 us, max_t=405.28 us
[rank 3] Dispatch bandwidth: 20.05 GB/s, avg_t=378.26 us, min_t=366.11 us, max_t=407.10 us
[rank 0] Dispatch bandwidth: 20.04 GB/s, avg_t=378.47 us, min_t=364.13 us, max_t=418.11 us
global_rank=3, local_rank=3 -> end phase 0
global_rank=2, local_rank=2 -> end phase 0
global_rank=1, local_rank=1 -> end phase 0
global_rank=0, local_rank=0 -> end phase 0
[rank 2] nixlPut latency: samples=96348, p50=1.344000 us, p90=1.668500 us, p99=2.426000 us, average=1.380158 us, overflow_slots=0
[rank 1] nixlPut latency: samples=96348, p50=1.343000 us, p90=1.653000 us, p99=2.372000 us, average=1.377251 us, overflow_slots=0
[rank 3] nixlPut latency: samples=96224, p50=1.331500 us, p90=1.636500 us, p99=2.213000 us, average=1.359773 us, overflow_slots=0
[rank 0] nixlPut latency: samples=99200, p50=1.418500 us, p90=1.697500 us, p99=2.195000 us, average=1.433862 us, overflow_slots=0
global_rank=1, local_rank=1 -> done
global_rank=0, local_rank=0 -> done
global_rank=3, local_rank=3 -> done
global_rank=2, local_rank=2 -> done
