# started_at: 2026-07-26T04:49:52
# cwd: /workspace/external/nixl/examples/device/ep
# command: python3 tests/elastic/elastic.py --plan tests/elastic/no_expansion.json --num-processes 4 --num-tokens 128 --num-experts-per-rank 8 --dispatch-only
# env PYTHONPATH=/workspace/external/nixl/install/lib/python3/dist-packages
# env UCX_GDP_ENABLE=y
# env UCX_PLUGIN_PATH=/workspace/external/ucx-spcx-plugin/install/lib/ucx
# env UCX_RC_GDP_NUM_CHANNELS=4
# env UCX_TLS=rc,rc_gdp,tcp,self,sm,cuda_copy

Starting TCPStore and rank server locally
Process 2 -> global_rank=0, local_rank=0
Process 1 -> global_rank=1, local_rank=1
Process 0 -> global_rank=2, local_rank=2
Process 3 -> global_rank=3, local_rank=3
Allocating buffer size: 238.55168 MB ...
global_rank=3, local_rank=3 -> start phase 0
global_rank=3, local_rank=3 -> adding connections to [0, 1, 2]
global_rank=1, local_rank=1 -> start phase 0
global_rank=1, local_rank=1 -> adding connections to [0, 2, 3]
global_rank=0, local_rank=0 -> start phase 0
global_rank=0, local_rank=0 -> adding connections to [1, 2, 3]
global_rank=2, local_rank=2 -> start phase 0
global_rank=2, local_rank=2 -> adding connections to [0, 1, 3]
[rank 1] Dispatch bandwidth: 43.62 GB/s, avg_t=173.90 us, min_t=137.12 us, max_t=294.82 us
[rank 3] Dispatch bandwidth: 43.79 GB/s, avg_t=173.22 us, min_t=144.74 us, max_t=288.19 us
[rank 2] Dispatch bandwidth: 43.86 GB/s, avg_t=172.95 us, min_t=136.48 us, max_t=300.58 us
[rank 0] Dispatch bandwidth: 43.74 GB/s, avg_t=173.44 us, min_t=138.08 us, max_t=313.22 us
global_rank=1, local_rank=1 -> end phase 0
global_rank=3, local_rank=3 -> end phase 0
global_rank=2, local_rank=2 -> end phase 0
global_rank=0, local_rank=0 -> end phase 0
[rank 3] nixlPut latency: samples=96224, p50=1.367500 us, p90=1.573500 us, p99=2.062000 us, average=1.379254 us, overflow_slots=0
[rank 1] nixlPut latency: samples=96348, p50=1.385000 us, p90=1.586500 us, p99=2.012500 us, average=1.390509 us, overflow_slots=0
[rank 2] nixlPut latency: samples=96348, p50=1.372500 us, p90=1.577500 us, p99=1.971000 us, average=1.383757 us, overflow_slots=0
[rank 0] nixlPut latency: samples=99200, p50=1.423000 us, p90=1.675000 us, p99=2.097500 us, average=1.464058 us, overflow_slots=0
global_rank=3, local_rank=3 -> done
global_rank=2, local_rank=2 -> done
global_rank=1, local_rank=1 -> done
global_rank=0, local_rank=0 -> done
