# started_at: 2026-07-26T05:03:31
# cwd: /workspace/external/nixl/examples/device/ep
# command: python3 tests/elastic/elastic.py --plan tests/elastic/no_expansion.json --num-processes 4 --num-tokens 128 --num-experts-per-rank 16 --dispatch-only
# env PYTHONPATH=/workspace/external/nixl/install/lib/python3/dist-packages
# env UCX_GDP_ENABLE=y
# env UCX_PLUGIN_PATH=/workspace/external/ucx-spcx-plugin/install/lib/ucx
# env UCX_RC_GDP_NUM_CHANNELS=4
# env UCX_TLS=rc,rc_gdp,tcp,self,sm,cuda_copy

Starting TCPStore and rank server locally
Process 1 -> global_rank=0, local_rank=0
Process 3 -> global_rank=1, local_rank=1
Process 2 -> global_rank=2, local_rank=2
Process 0 -> global_rank=3, local_rank=3
Allocating buffer size: 477.103232 MB ...
global_rank=0, local_rank=0 -> start phase 0
global_rank=0, local_rank=0 -> adding connections to [1, 2, 3]
global_rank=3, local_rank=3 -> start phase 0
global_rank=3, local_rank=3 -> adding connections to [0, 1, 2]
global_rank=1, local_rank=1 -> start phase 0
global_rank=1, local_rank=1 -> adding connections to [0, 2, 3]
global_rank=2, local_rank=2 -> start phase 0
global_rank=2, local_rank=2 -> adding connections to [0, 1, 3]
[rank 0] Dispatch bandwidth: 44.35 GB/s, avg_t=171.06 us, min_t=135.01 us, max_t=229.25 us
[rank 3] Dispatch bandwidth: 44.51 GB/s, avg_t=170.42 us, min_t=136.61 us, max_t=259.78 us
[rank 1] Dispatch bandwidth: 44.68 GB/s, avg_t=169.78 us, min_t=130.14 us, max_t=244.90 us
[rank 2] Dispatch bandwidth: 44.51 GB/s, avg_t=170.44 us, min_t=130.66 us, max_t=247.39 us
global_rank=0, local_rank=0 -> end phase 0
global_rank=3, local_rank=3 -> end phase 0
global_rank=1, local_rank=1 -> end phase 0
global_rank=2, local_rank=2 -> end phase 0
[rank 3] nixlPut latency: samples=93000, p50=1.379000 us, p90=1.596500 us, p99=2.200500 us, average=1.394007 us, overflow_slots=0
[rank 0] nixlPut latency: samples=96596, p50=1.444000 us, p90=1.712500 us, p99=2.229500 us, average=1.482458 us, overflow_slots=0
[rank 1] nixlPut latency: samples=95108, p50=1.384000 us, p90=1.706500 us, p99=2.410000 us, average=1.422442 us, overflow_slots=0
[rank 2] nixlPut latency: samples=95604, p50=1.374000 us, p90=1.681000 us, p99=2.317000 us, average=1.409382 us, overflow_slots=0
global_rank=1, local_rank=1 -> done
global_rank=3, local_rank=3 -> done
global_rank=2, local_rank=2 -> done
global_rank=0, local_rank=0 -> done
