# started_at: 2026-07-26T05:04:06
# cwd: /workspace/external/nixl/examples/device/ep
# command: python3 tests/elastic/elastic.py --plan tests/elastic/no_expansion.json --num-processes 4 --num-tokens 128 --num-experts-per-rank 16 --dispatch-only
# env PYTHONPATH=/workspace/external/nixl/install/lib/python3/dist-packages
# env UCX_GDP_ENABLE=y
# env UCX_PLUGIN_PATH=/workspace/external/ucx-spcx-plugin/install/lib/ucx
# env UCX_RC_GDP_NUM_CHANNELS=8
# env UCX_TLS=rc,rc_gdp,tcp,self,sm,cuda_copy

Starting TCPStore and rank server locally
Process 2 -> global_rank=0, local_rank=0
Process 3 -> global_rank=1, local_rank=1
Process 1 -> global_rank=2, local_rank=2
Process 0 -> global_rank=3, local_rank=3
Allocating buffer size: 477.103232 MB ...
global_rank=1, local_rank=1 -> start phase 0
global_rank=1, local_rank=1 -> adding connections to [0, 2, 3]
global_rank=3, local_rank=3 -> start phase 0
global_rank=3, local_rank=3 -> adding connections to [0, 1, 2]
global_rank=0, local_rank=0 -> start phase 0
global_rank=0, local_rank=0 -> adding connections to [1, 2, 3]
global_rank=2, local_rank=2 -> start phase 0
global_rank=2, local_rank=2 -> adding connections to [0, 1, 3]
[rank 2] Dispatch bandwidth: 46.23 GB/s, avg_t=164.08 us, min_t=122.50 us, max_t=259.42 us
[rank 1] Dispatch bandwidth: 46.33 GB/s, avg_t=163.75 us, min_t=125.57 us, max_t=249.02 us
[rank 0] Dispatch bandwidth: 46.14 GB/s, avg_t=164.42 us, min_t=126.82 us, max_t=270.18 us
[rank 3] Dispatch bandwidth: 46.35 GB/s, avg_t=163.66 us, min_t=124.32 us, max_t=245.25 us
global_rank=0, local_rank=0 -> end phase 0
global_rank=1, local_rank=1 -> end phase 0
global_rank=2, local_rank=2 -> end phase 0
global_rank=3, local_rank=3 -> end phase 0
[rank 3] nixlPut latency: samples=93000, p50=1.395500 us, p90=1.706500 us, p99=2.257000 us, average=1.426605 us, overflow_slots=0
[rank 1] nixlPut latency: samples=95108, p50=1.384500 us, p90=1.662000 us, p99=2.152500 us, average=1.411213 us, overflow_slots=0
[rank 2] nixlPut latency: samples=95604, p50=1.384000 us, p90=1.691000 us, p99=2.236500 us, average=1.413174 us, overflow_slots=0
[rank 0] nixlPut latency: samples=96596, p50=1.487000 us, p90=1.776500 us, p99=2.309000 us, average=1.509863 us, overflow_slots=0
global_rank=3, local_rank=3 -> done
global_rank=0, local_rank=0 -> done
global_rank=2, local_rank=2 -> done
global_rank=1, local_rank=1 -> done
