# started_at: 2026-07-26T05:03:23
# cwd: /workspace/external/nixl/examples/device/ep
# command: python3 tests/elastic/elastic.py --plan tests/elastic/no_expansion.json --num-processes 4 --num-tokens 128 --num-experts-per-rank 16 --dispatch-only
# env PYTHONPATH=/workspace/external/nixl/install/lib/python3/dist-packages
# env UCX_GDP_ENABLE=y
# env UCX_PLUGIN_PATH=/workspace/external/ucx-spcx-plugin/install/lib/ucx
# env UCX_RC_GDP_NUM_CHANNELS=2
# env UCX_TLS=rc,rc_gdp,tcp,self,sm,cuda_copy

Starting TCPStore and rank server locally
Process 0 -> global_rank=0, local_rank=0
Process 3 -> global_rank=1, local_rank=1
Process 2 -> global_rank=2, local_rank=2
Process 1 -> global_rank=3, local_rank=3
Allocating buffer size: 477.103232 MB ...
global_rank=3, local_rank=3 -> start phase 0
global_rank=3, local_rank=3 -> adding connections to [0, 1, 2]
global_rank=1, local_rank=1 -> start phase 0
global_rank=1, local_rank=1 -> adding connections to [0, 2, 3]
global_rank=0, local_rank=0 -> start phase 0
global_rank=0, local_rank=0 -> adding connections to [1, 2, 3]
global_rank=2, local_rank=2 -> start phase 0
global_rank=2, local_rank=2 -> adding connections to [0, 1, 3]
[rank 1] Dispatch bandwidth: 33.58 GB/s, avg_t=225.88 us, min_t=198.53 us, max_t=290.75 us
[rank 3] Dispatch bandwidth: 33.67 GB/s, avg_t=225.31 us, min_t=203.17 us, max_t=302.50 us
[rank 2] Dispatch bandwidth: 33.67 GB/s, avg_t=225.30 us, min_t=204.42 us, max_t=288.29 us
[rank 0] Dispatch bandwidth: 33.63 GB/s, avg_t=225.56 us, min_t=198.24 us, max_t=304.70 us
global_rank=1, local_rank=1 -> end phase 0
global_rank=3, local_rank=3 -> end phase 0
global_rank=2, local_rank=2 -> end phase 0
global_rank=0, local_rank=0 -> end phase 0
[rank 3] nixlPut latency: samples=93000, p50=1.359500 us, p90=1.724500 us, p99=2.696000 us, average=1.414468 us, overflow_slots=0
[rank 1] nixlPut latency: samples=95108, p50=1.338000 us, p90=1.594500 us, p99=2.346000 us, average=1.370227 us, overflow_slots=0
[rank 2] nixlPut latency: samples=95604, p50=1.320500 us, p90=1.604500 us, p99=2.304500 us, average=1.371045 us, overflow_slots=0
[rank 0] nixlPut latency: samples=96596, p50=1.413000 us, p90=1.679000 us, p99=2.568000 us, average=1.462578 us, overflow_slots=0
global_rank=3, local_rank=3 -> done
global_rank=1, local_rank=1 -> done
global_rank=2, local_rank=2 -> done
global_rank=0, local_rank=0 -> done
