# started_at: 2026-07-26T05:02:40
# cwd: /workspace/external/nixl/examples/device/ep
# command: python3 tests/elastic/elastic.py --plan tests/elastic/no_expansion.json --num-processes 4 --num-tokens 128 --num-experts-per-rank 16 --dispatch-only
# env PYTHONPATH=/workspace/external/nixl/install/lib/python3/dist-packages
# env UCX_GDP_ENABLE=y
# env UCX_PLUGIN_PATH=/workspace/external/ucx-spcx-plugin/install/lib/ucx
# env UCX_RC_GDP_NUM_CHANNELS=1
# env UCX_TLS=rc,rc_gdp,tcp,self,sm,cuda_copy

Starting TCPStore and rank server locally
Process 0 -> global_rank=0, local_rank=0
Process 3 -> global_rank=1, local_rank=1
Process 1 -> global_rank=2, local_rank=2
Process 2 -> global_rank=3, local_rank=3
Allocating buffer size: 477.103232 MB ...
global_rank=1, local_rank=1 -> start phase 0
global_rank=1, local_rank=1 -> adding connections to [0, 2, 3]
global_rank=3, local_rank=3 -> start phase 0
global_rank=3, local_rank=3 -> adding connections to [0, 1, 2]
global_rank=2, local_rank=2 -> start phase 0
global_rank=2, local_rank=2 -> adding connections to [0, 1, 3]
global_rank=0, local_rank=0 -> start phase 0
global_rank=0, local_rank=0 -> adding connections to [1, 2, 3]
[rank 1] Dispatch bandwidth: 19.19 GB/s, avg_t=395.37 us, min_t=365.89 us, max_t=451.74 us
[rank 2] Dispatch bandwidth: 19.18 GB/s, avg_t=395.40 us, min_t=365.79 us, max_t=453.79 us
[rank 3] Dispatch bandwidth: 19.17 GB/s, avg_t=395.71 us, min_t=365.89 us, max_t=441.76 us
[rank 0] Dispatch bandwidth: 19.16 GB/s, avg_t=395.86 us, min_t=366.50 us, max_t=465.82 us
global_rank=2, local_rank=2 -> end phase 0
global_rank=3, local_rank=3 -> end phase 0
global_rank=1, local_rank=1 -> end phase 0
global_rank=0, local_rank=0 -> end phase 0
[rank 3] nixlPut latency: samples=93000, p50=1.323500 us, p90=1.871000 us, p99=2.609500 us, average=1.425079 us, overflow_slots=0
[rank 1] nixlPut latency: samples=95108, p50=1.314000 us, p90=1.912000 us, p99=3.295000 us, average=1.698612 us, overflow_slots=0
[rank 0] nixlPut latency: samples=96596, p50=1.431000 us, p90=1.989000 us, p99=2.620000 us, average=1.545478 us, overflow_slots=0
[rank 2] nixlPut latency: samples=95604, p50=1.321000 us, p90=1.930500 us, p99=3.339500 us, average=1.464128 us, overflow_slots=0
global_rank=3, local_rank=3 -> done
global_rank=2, local_rank=2 -> done
global_rank=0, local_rank=0 -> done
global_rank=1, local_rank=1 -> done
