# started_at: 2026-07-26T05:03:57
# cwd: /workspace/external/nixl/examples/device/ep
# command: python3 tests/elastic/elastic.py --plan tests/elastic/no_expansion.json --num-processes 4 --num-tokens 128 --num-experts-per-rank 16 --dispatch-only
# env PYTHONPATH=/workspace/external/nixl/install/lib/python3/dist-packages
# env UCX_GDP_ENABLE=y
# env UCX_PLUGIN_PATH=/workspace/external/ucx-spcx-plugin/install/lib/ucx
# env UCX_RC_GDP_NUM_CHANNELS=8
# env UCX_TLS=rc,rc_gdp,tcp,self,sm,cuda_copy

Starting TCPStore and rank server locally
Process 1 -> global_rank=0, local_rank=0
Process 3 -> global_rank=1, local_rank=1
Process 2 -> global_rank=2, local_rank=2
Process 0 -> global_rank=3, local_rank=3
Allocating buffer size: 477.103232 MB ...
global_rank=0, local_rank=0 -> start phase 0
global_rank=0, local_rank=0 -> adding connections to [1, 2, 3]
global_rank=3, local_rank=3 -> start phase 0
global_rank=3, local_rank=3 -> adding connections to [0, 1, 2]
global_rank=2, local_rank=2 -> start phase 0
global_rank=1, local_rank=1 -> start phase 0
global_rank=1, local_rank=1 -> adding connections to [0, 2, 3]
global_rank=2, local_rank=2 -> adding connections to [0, 1, 3]
[rank 1] Dispatch bandwidth: 49.52 GB/s, avg_t=153.18 us, min_t=117.54 us, max_t=230.34 us
[rank 3] Dispatch bandwidth: 49.46 GB/s, avg_t=153.37 us, min_t=128.26 us, max_t=210.24 us
[rank 2] Dispatch bandwidth: 49.42 GB/s, avg_t=153.50 us, min_t=127.33 us, max_t=202.14 us
[rank 0] Dispatch bandwidth: 49.44 GB/s, avg_t=153.45 us, min_t=126.53 us, max_t=206.46 us
global_rank=3, local_rank=3 -> end phase 0
global_rank=1, local_rank=1 -> end phase 0
global_rank=2, local_rank=2 -> end phase 0
global_rank=0, local_rank=0 -> end phase 0
[rank 3] nixlPut latency: samples=93000, p50=1.397000 us, p90=1.712500 us, p99=2.198000 us, average=1.427169 us, overflow_slots=0
[rank 1] nixlPut latency: samples=95108, p50=1.388000 us, p90=1.673000 us, p99=2.136000 us, average=1.414175 us, overflow_slots=0
[rank 2] nixlPut latency: samples=95604, p50=1.383500 us, p90=1.696000 us, p99=2.219000 us, average=1.413301 us, overflow_slots=0
[rank 0] nixlPut latency: samples=96596, p50=1.489000 us, p90=1.794500 us, p99=2.316500 us, average=1.512345 us, overflow_slots=0
global_rank=1, local_rank=1 -> done
global_rank=3, local_rank=3 -> done
global_rank=0, local_rank=0 -> done
global_rank=2, local_rank=2 -> done
