# started_at: 2026-07-26T05:03:40
# cwd: /workspace/external/nixl/examples/device/ep
# command: python3 tests/elastic/elastic.py --plan tests/elastic/no_expansion.json --num-processes 4 --num-tokens 128 --num-experts-per-rank 16 --dispatch-only
# env PYTHONPATH=/workspace/external/nixl/install/lib/python3/dist-packages
# env UCX_GDP_ENABLE=y
# env UCX_PLUGIN_PATH=/workspace/external/ucx-spcx-plugin/install/lib/ucx
# env UCX_RC_GDP_NUM_CHANNELS=4
# env UCX_TLS=rc,rc_gdp,tcp,self,sm,cuda_copy

Starting TCPStore and rank server locally
Process 3 -> global_rank=0, local_rank=0
Process 2 -> global_rank=1, local_rank=1
Process 0 -> global_rank=2, local_rank=2
Process 1 -> global_rank=3, local_rank=3
Allocating buffer size: 477.103232 MB ...
global_rank=1, local_rank=1 -> start phase 0
global_rank=1, local_rank=1 -> adding connections to [0, 2, 3]
global_rank=3, local_rank=3 -> start phase 0
global_rank=3, local_rank=3 -> adding connections to [0, 1, 2]
global_rank=0, local_rank=0 -> start phase 0
global_rank=0, local_rank=0 -> adding connections to [1, 2, 3]
global_rank=2, local_rank=2 -> start phase 0
global_rank=2, local_rank=2 -> adding connections to [0, 1, 3]
[rank 0] Dispatch bandwidth: 44.28 GB/s, avg_t=171.33 us, min_t=133.92 us, max_t=238.72 us
[rank 2] Dispatch bandwidth: 44.20 GB/s, avg_t=171.60 us, min_t=130.43 us, max_t=247.30 us
[rank 3] Dispatch bandwidth: 44.15 GB/s, avg_t=171.84 us, min_t=131.17 us, max_t=241.09 us
[rank 1] Dispatch bandwidth: 44.17 GB/s, avg_t=171.75 us, min_t=128.22 us, max_t=249.25 us
global_rank=2, local_rank=2 -> end phase 0
global_rank=0, local_rank=0 -> end phase 0
global_rank=3, local_rank=3 -> end phase 0
global_rank=1, local_rank=1 -> end phase 0
[rank 3] nixlPut latency: samples=93000, p50=1.380000 us, p90=1.604000 us, p99=2.175000 us, average=1.395752 us, overflow_slots=0
[rank 0] nixlPut latency: samples=96596, p50=1.442000 us, p90=1.711500 us, p99=2.311500 us, average=1.483719 us, overflow_slots=0
[rank 2] nixlPut latency: samples=95604, p50=1.374500 us, p90=1.675000 us, p99=2.237500 us, average=1.406965 us, overflow_slots=0
[rank 1] nixlPut latency: samples=95108, p50=1.383500 us, p90=1.688000 us, p99=2.386000 us, average=1.418989 us, overflow_slots=0
global_rank=2, local_rank=2 -> done
global_rank=0, local_rank=0 -> done
global_rank=3, local_rank=3 -> done
global_rank=1, local_rank=1 -> done
