# started_at: 2026-07-26T05:04:14
# cwd: /workspace/external/nixl/examples/device/ep
# command: python3 tests/elastic/elastic.py --plan tests/elastic/no_expansion.json --num-processes 4 --num-tokens 128 --num-experts-per-rank 16 --dispatch-only
# env PYTHONPATH=/workspace/external/nixl/install/lib/python3/dist-packages
# env UCX_GDP_ENABLE=y
# env UCX_PLUGIN_PATH=/workspace/external/ucx-spcx-plugin/install/lib/ucx
# env UCX_RC_GDP_NUM_CHANNELS=8
# env UCX_TLS=rc,rc_gdp,tcp,self,sm,cuda_copy

Starting TCPStore and rank server locally
Process 1 -> global_rank=0, local_rank=0
Process 0 -> global_rank=1, local_rank=1
Process 3 -> global_rank=3, local_rank=3
Process 2 -> global_rank=2, local_rank=2
Allocating buffer size: 477.103232 MB ...
global_rank=3, local_rank=3 -> start phase 0
global_rank=3, local_rank=3 -> adding connections to [0, 1, 2]
global_rank=0, local_rank=0 -> start phase 0
global_rank=0, local_rank=0 -> adding connections to [1, 2, 3]
global_rank=1, local_rank=1 -> start phase 0
global_rank=1, local_rank=1 -> adding connections to [0, 2, 3]
global_rank=2, local_rank=2 -> start phase 0
global_rank=2, local_rank=2 -> adding connections to [0, 1, 3]
[rank 0] Dispatch bandwidth: 48.96 GB/s, avg_t=154.95 us, min_t=126.85 us, max_t=220.00 us
[rank 3] Dispatch bandwidth: 48.99 GB/s, avg_t=154.85 us, min_t=128.67 us, max_t=222.88 us
[rank 2] Dispatch bandwidth: 49.09 GB/s, avg_t=154.52 us, min_t=118.14 us, max_t=202.14 us
[rank 1] Dispatch bandwidth: 48.80 GB/s, avg_t=155.44 us, min_t=124.19 us, max_t=228.96 us
global_rank=0, local_rank=0 -> end phase 0
global_rank=3, local_rank=3 -> end phase 0
global_rank=2, local_rank=2 -> end phase 0
global_rank=1, local_rank=1 -> end phase 0
[rank 3] nixlPut latency: samples=93000, p50=1.396000 us, p90=1.712000 us, p99=2.232500 us, average=1.426743 us, overflow_slots=0
[rank 0] nixlPut latency: samples=96596, p50=1.488500 us, p90=1.787000 us, p99=2.314500 us, average=1.511932 us, overflow_slots=0
[rank 2] nixlPut latency: samples=95604, p50=1.384500 us, p90=1.693000 us, p99=2.238500 us, average=1.414391 us, overflow_slots=0
[rank 1] nixlPut latency: samples=95108, p50=1.386500 us, p90=1.669000 us, p99=2.157500 us, average=1.412819 us, overflow_slots=0
global_rank=1, local_rank=1 -> done
global_rank=0, local_rank=0 -> done
global_rank=3, local_rank=3 -> done
global_rank=2, local_rank=2 -> done
