# started_at: 2026-07-26T05:02:57
# cwd: /workspace/external/nixl/examples/device/ep
# command: python3 tests/elastic/elastic.py --plan tests/elastic/no_expansion.json --num-processes 4 --num-tokens 128 --num-experts-per-rank 16 --dispatch-only
# env PYTHONPATH=/workspace/external/nixl/install/lib/python3/dist-packages
# env UCX_GDP_ENABLE=y
# env UCX_PLUGIN_PATH=/workspace/external/ucx-spcx-plugin/install/lib/ucx
# env UCX_RC_GDP_NUM_CHANNELS=1
# env UCX_TLS=rc,rc_gdp,tcp,self,sm,cuda_copy

Starting TCPStore and rank server locally
Process 1 -> global_rank=0, local_rank=0
Process 3 -> global_rank=1, local_rank=1
Process 0 -> global_rank=2, local_rank=2
Process 2 -> global_rank=3, local_rank=3
Allocating buffer size: 477.103232 MB ...
global_rank=1, local_rank=1 -> start phase 0
global_rank=1, local_rank=1 -> adding connections to [0, 2, 3]
global_rank=3, local_rank=3 -> start phase 0
global_rank=3, local_rank=3 -> adding connections to [0, 1, 2]
global_rank=0, local_rank=0 -> start phase 0
global_rank=0, local_rank=0 -> adding connections to [1, 2, 3]
global_rank=2, local_rank=2 -> start phase 0
global_rank=2, local_rank=2 -> adding connections to [0, 1, 3]
[rank 1] Dispatch bandwidth: 19.41 GB/s, avg_t=390.85 us, min_t=366.82 us, max_t=435.07 us
[rank 3] Dispatch bandwidth: 19.40 GB/s, avg_t=391.05 us, min_t=363.97 us, max_t=449.95 us
[rank 2] Dispatch bandwidth: 19.41 GB/s, avg_t=390.78 us, min_t=355.94 us, max_t=437.66 us
[rank 0] Dispatch bandwidth: 19.40 GB/s, avg_t=391.06 us, min_t=364.45 us, max_t=429.92 us
global_rank=2, local_rank=2 -> end phase 0
global_rank=3, local_rank=3 -> end phase 0
global_rank=1, local_rank=1 -> end phase 0
global_rank=0, local_rank=0 -> end phase 0
[rank 3] nixlPut latency: samples=93000, p50=1.325000 us, p90=1.858000 us, p99=2.733500 us, average=1.424876 us, overflow_slots=0
[rank 0] nixlPut latency: samples=96596, p50=1.431500 us, p90=2.026000 us, p99=2.740500 us, average=1.563171 us, overflow_slots=0
[rank 2] nixlPut latency: samples=95604, p50=1.322500 us, p90=1.952000 us, p99=3.569000 us, average=1.484548 us, overflow_slots=0
[rank 1] nixlPut latency: samples=95108, p50=1.313500 us, p90=1.897500 us, p99=3.438500 us, average=1.954770 us, overflow_slots=0
global_rank=0, local_rank=0 -> done
global_rank=2, local_rank=2 -> done
global_rank=3, local_rank=3 -> done
global_rank=1, local_rank=1 -> done
