# started_at: 2026-07-26T05:03:49
# cwd: /workspace/external/nixl/examples/device/ep
# command: python3 tests/elastic/elastic.py --plan tests/elastic/no_expansion.json --num-processes 4 --num-tokens 128 --num-experts-per-rank 16 --dispatch-only
# env PYTHONPATH=/workspace/external/nixl/install/lib/python3/dist-packages
# env UCX_GDP_ENABLE=y
# env UCX_PLUGIN_PATH=/workspace/external/ucx-spcx-plugin/install/lib/ucx
# env UCX_RC_GDP_NUM_CHANNELS=4
# env UCX_TLS=rc,rc_gdp,tcp,self,sm,cuda_copy

Starting TCPStore and rank server locally
Process 0 -> global_rank=0, local_rank=0
Process 2 -> global_rank=1, local_rank=1
Process 1 -> global_rank=2, local_rank=2
Process 3 -> global_rank=3, local_rank=3
Allocating buffer size: 477.103232 MB ...
global_rank=0, local_rank=0 -> start phase 0
global_rank=0, local_rank=0 -> adding connections to [1, 2, 3]
global_rank=3, local_rank=3 -> start phase 0
global_rank=3, local_rank=3 -> adding connections to [0, 1, 2]
global_rank=1, local_rank=1 -> start phase 0
global_rank=1, local_rank=1 -> adding connections to [0, 2, 3]
global_rank=2, local_rank=2 -> start phase 0
global_rank=2, local_rank=2 -> adding connections to [0, 1, 3]
[rank 1] Dispatch bandwidth: 44.80 GB/s, avg_t=169.33 us, min_t=132.93 us, max_t=288.67 us
[rank 2] Dispatch bandwidth: 44.91 GB/s, avg_t=168.90 us, min_t=134.75 us, max_t=279.78 us
[rank 3] Dispatch bandwidth: 45.04 GB/s, avg_t=168.41 us, min_t=130.50 us, max_t=288.13 us
[rank 0] Dispatch bandwidth: 44.86 GB/s, avg_t=169.09 us, min_t=134.72 us, max_t=272.67 us
global_rank=1, local_rank=1 -> end phase 0
global_rank=2, local_rank=2 -> end phase 0
global_rank=3, local_rank=3 -> end phase 0
global_rank=0, local_rank=0 -> end phase 0
[rank 3] nixlPut latency: samples=93000, p50=1.379000 us, p90=1.606500 us, p99=2.156000 us, average=1.395337 us, overflow_slots=0
[rank 2] nixlPut latency: samples=95604, p50=1.373500 us, p90=1.669000 us, p99=2.285500 us, average=1.405391 us, overflow_slots=0
[rank 1] nixlPut latency: samples=95108, p50=1.384000 us, p90=1.693500 us, p99=2.513500 us, average=1.423115 us, overflow_slots=0
[rank 0] nixlPut latency: samples=96596, p50=1.441500 us, p90=1.704000 us, p99=2.325500 us, average=1.481498 us, overflow_slots=0
global_rank=1, local_rank=1 -> done
global_rank=2, local_rank=2 -> done
global_rank=3, local_rank=3 -> done
global_rank=0, local_rank=0 -> done
