# started_at: 2026-07-26T05:18:57
# cwd: /workspace/external/nixl/examples/device/ep
# command: python3 tests/elastic/elastic.py --plan tests/elastic/no_expansion.json --num-processes 4 --num-tokens 128 --num-experts-per-rank 16 --dispatch-only
# env NIXL_EP_NUM_CHANNELS=1
# env PYTHONPATH=/workspace/external/nixl/install/lib/python3/dist-packages
# env UCX_TLS=rc,rc_gda,tcp,self,sm,cuda_copy

Starting TCPStore and rank server locally
Process 3 -> global_rank=0, local_rank=0
Process 2 -> global_rank=1, local_rank=1
Process 1 -> global_rank=2, local_rank=2
Process 0 -> global_rank=3, local_rank=3
Allocating buffer size: 477.103232 MB ...
global_rank=0, local_rank=0 -> start phase 0
global_rank=0, local_rank=0 -> adding connections to [1, 2, 3]
global_rank=3, local_rank=3 -> start phase 0
global_rank=3, local_rank=3 -> adding connections to [0, 1, 2]
global_rank=1, local_rank=1 -> start phase 0
global_rank=1, local_rank=1 -> adding connections to [0, 2, 3]
global_rank=2, local_rank=2 -> start phase 0
global_rank=2, local_rank=2 -> adding connections to [0, 1, 3]
[rank 2] Dispatch bandwidth: 39.53 GB/s, avg_t=191.92 us, min_t=177.44 us, max_t=206.40 us
[rank 0] Dispatch bandwidth: 39.55 GB/s, avg_t=191.80 us, min_t=181.38 us, max_t=205.98 us
[rank 1] Dispatch bandwidth: 39.37 GB/s, avg_t=192.68 us, min_t=180.10 us, max_t=202.66 us
[rank 3] Dispatch bandwidth: 39.53 GB/s, avg_t=191.89 us, min_t=175.58 us, max_t=206.30 us
global_rank=2, local_rank=2 -> end phase 0
global_rank=1, local_rank=1 -> end phase 0
global_rank=0, local_rank=0 -> end phase 0
global_rank=3, local_rank=3 -> end phase 0
[rank 3] nixlPut latency: samples=93000, p50=49.168000 us, p90=62.150000 us, p99=68.501000 us, average=43.317852 us, overflow_slots=0
[rank 1] nixlPut latency: samples=95108, p50=47.709000 us, p90=64.721000 us, p99=71.348000 us, average=43.632013 us, overflow_slots=0
[rank 2] nixlPut latency: samples=95604, p50=48.172500 us, p90=61.329500 us, p99=71.499000 us, average=42.698385 us, overflow_slots=0
[rank 0] nixlPut latency: samples=96596, p50=49.809500 us, p90=65.707500 us, p99=74.265000 us, average=44.613669 us, overflow_slots=0
global_rank=3, local_rank=3 -> done
global_rank=2, local_rank=2 -> done
global_rank=1, local_rank=1 -> done
global_rank=0, local_rank=0 -> done
