# started_at: 2026-07-26T05:19:31
# cwd: /workspace/external/nixl/examples/device/ep
# command: python3 tests/elastic/elastic.py --plan tests/elastic/no_expansion.json --num-processes 4 --num-tokens 128 --num-experts-per-rank 16 --dispatch-only
# env NIXL_EP_NUM_CHANNELS=2
# env PYTHONPATH=/workspace/external/nixl/install/lib/python3/dist-packages
# env UCX_TLS=rc,rc_gda,tcp,self,sm,cuda_copy

Starting TCPStore and rank server locally
Process 3 -> global_rank=0, local_rank=0
Process 1 -> global_rank=1, local_rank=1
Process 2 -> global_rank=2, local_rank=2
Process 0 -> global_rank=3, local_rank=3
Allocating buffer size: 477.103232 MB ...
global_rank=0, local_rank=0 -> start phase 0
global_rank=0, local_rank=0 -> adding connections to [1, 2, 3]
global_rank=1, local_rank=1 -> start phase 0
global_rank=1, local_rank=1 -> adding connections to [0, 2, 3]
global_rank=3, local_rank=3 -> start phase 0
global_rank=3, local_rank=3 -> adding connections to [0, 1, 2]
global_rank=2, local_rank=2 -> start phase 0
global_rank=2, local_rank=2 -> adding connections to [0, 1, 3]
[rank 1] Dispatch bandwidth: 49.79 GB/s, avg_t=152.37 us, min_t=136.06 us, max_t=174.08 us
[rank 3] Dispatch bandwidth: 49.96 GB/s, avg_t=151.83 us, min_t=133.89 us, max_t=172.90 us
[rank 2] Dispatch bandwidth: 49.68 GB/s, avg_t=152.70 us, min_t=137.06 us, max_t=173.98 us
[rank 0] Dispatch bandwidth: 49.86 GB/s, avg_t=152.13 us, min_t=140.90 us, max_t=165.15 us
global_rank=3, local_rank=3 -> end phase 0
global_rank=1, local_rank=1 -> end phase 0
global_rank=2, local_rank=2 -> end phase 0
global_rank=0, local_rank=0 -> end phase 0
[rank 3] nixlPut latency: samples=93000, p50=22.568500 us, p90=30.828000 us, p99=37.189000 us, average=20.959929 us, overflow_slots=0
[rank 2] nixlPut latency: samples=95604, p50=22.252000 us, p90=31.364000 us, p99=38.670500 us, average=21.019586 us, overflow_slots=0
[rank 1] nixlPut latency: samples=95108, p50=22.877500 us, p90=32.278500 us, p99=36.954000 us, average=21.409517 us, overflow_slots=0
[rank 0] nixlPut latency: samples=96596, p50=23.143000 us, p90=34.861000 us, p99=41.347000 us, average=22.212110 us, overflow_slots=0
global_rank=0, local_rank=0 -> done
global_rank=3, local_rank=3 -> done
global_rank=1, local_rank=1 -> done
global_rank=2, local_rank=2 -> done
