# started_at: 2026-07-26T05:19:47
# cwd: /workspace/external/nixl/examples/device/ep
# command: python3 tests/elastic/elastic.py --plan tests/elastic/no_expansion.json --num-processes 4 --num-tokens 128 --num-experts-per-rank 16 --dispatch-only
# env NIXL_EP_NUM_CHANNELS=4
# env PYTHONPATH=/workspace/external/nixl/install/lib/python3/dist-packages
# env UCX_TLS=rc,rc_gda,tcp,self,sm,cuda_copy

Starting TCPStore and rank server locally
Process 1 -> global_rank=0, local_rank=0
Process 3 -> global_rank=1, local_rank=1
Process 0 -> global_rank=2, local_rank=2
Process 2 -> global_rank=3, local_rank=3
Allocating buffer size: 477.103232 MB ...
global_rank=3, local_rank=3 -> start phase 0
global_rank=2, local_rank=2 -> start phase 0
global_rank=2, local_rank=2 -> adding connections to [0, 1, 3]
global_rank=3, local_rank=3 -> adding connections to [0, 1, 2]
global_rank=1, local_rank=1 -> start phase 0
global_rank=1, local_rank=1 -> adding connections to [0, 2, 3]
global_rank=0, local_rank=0 -> start phase 0
global_rank=0, local_rank=0 -> adding connections to [1, 2, 3]
[rank 1] Dispatch bandwidth: 52.40 GB/s, avg_t=144.76 us, min_t=130.05 us, max_t=160.74 us
[rank 0] Dispatch bandwidth: 52.00 GB/s, avg_t=145.88 us, min_t=130.98 us, max_t=161.70 us
[rank 2] Dispatch bandwidth: 52.15 GB/s, avg_t=145.46 us, min_t=130.53 us, max_t=157.15 us
[rank 3] Dispatch bandwidth: 52.27 GB/s, avg_t=145.14 us, min_t=128.32 us, max_t=158.11 us
global_rank=0, local_rank=0 -> end phase 0
global_rank=1, local_rank=1 -> end phase 0
global_rank=2, local_rank=2 -> end phase 0
global_rank=3, local_rank=3 -> end phase 0
[rank 3] nixlPut latency: samples=93000, p50=10.057000 us, p90=16.038000 us, p99=21.229500 us, average=10.250429 us, overflow_slots=0
[rank 0] nixlPut latency: samples=96596, p50=10.177000 us, p90=17.061000 us, p99=21.777000 us, average=10.600365 us, overflow_slots=0
[rank 1] nixlPut latency: samples=95108, p50=9.910500 us, p90=16.850500 us, p99=21.589500 us, average=10.290483 us, overflow_slots=0
[rank 2] nixlPut latency: samples=95604, p50=10.412500 us, p90=16.848500 us, p99=21.563000 us, average=10.688399 us, overflow_slots=0
global_rank=3, local_rank=3 -> done
global_rank=2, local_rank=2 -> done
global_rank=1, local_rank=1 -> done
global_rank=0, local_rank=0 -> done
