# started_at: 2026-07-26T05:18:49
# cwd: /workspace/external/nixl/examples/device/ep
# command: python3 tests/elastic/elastic.py --plan tests/elastic/no_expansion.json --num-processes 4 --num-tokens 128 --num-experts-per-rank 16 --dispatch-only
# env NIXL_EP_NUM_CHANNELS=1
# env PYTHONPATH=/workspace/external/nixl/install/lib/python3/dist-packages
# env UCX_TLS=rc,rc_gda,tcp,self,sm,cuda_copy

Starting TCPStore and rank server locally
Process 3 -> global_rank=0, local_rank=0
Process 1 -> global_rank=1, local_rank=1
Process 2 -> global_rank=2, local_rank=2
Process 0 -> global_rank=3, local_rank=3
Allocating buffer size: 477.103232 MB ...
global_rank=0, local_rank=0 -> start phase 0
global_rank=0, local_rank=0 -> adding connections to [1, 2, 3]
global_rank=3, local_rank=3 -> start phase 0
global_rank=3, local_rank=3 -> adding connections to [0, 1, 2]
global_rank=1, local_rank=1 -> start phase 0
global_rank=1, local_rank=1 -> adding connections to [0, 2, 3]
global_rank=2, local_rank=2 -> start phase 0
global_rank=2, local_rank=2 -> adding connections to [0, 1, 3]
[rank 2] Dispatch bandwidth: 39.45 GB/s, avg_t=192.27 us, min_t=175.71 us, max_t=206.08 us
[rank 0] Dispatch bandwidth: 39.39 GB/s, avg_t=192.58 us, min_t=181.95 us, max_t=206.08 us
[rank 3] Dispatch bandwidth: 39.54 GB/s, avg_t=191.85 us, min_t=176.96 us, max_t=205.95 us
[rank 1] Dispatch bandwidth: 39.42 GB/s, avg_t=192.43 us, min_t=181.92 us, max_t=200.35 us
global_rank=2, local_rank=2 -> end phase 0
global_rank=0, local_rank=0 -> end phase 0
global_rank=3, local_rank=3 -> end phase 0
global_rank=1, local_rank=1 -> end phase 0
[rank 3] nixlPut latency: samples=93000, p50=48.994000 us, p90=62.128000 us, p99=68.832000 us, average=43.220944 us, overflow_slots=0
[rank 2] nixlPut latency: samples=95604, p50=48.086000 us, p90=61.419500 us, p99=71.213500 us, average=42.762390 us, overflow_slots=0
[rank 1] nixlPut latency: samples=95108, p50=47.747000 us, p90=65.274500 us, p99=71.699000 us, average=43.806475 us, overflow_slots=0
[rank 0] nixlPut latency: samples=96596, p50=49.889000 us, p90=65.578000 us, p99=74.793000 us, average=44.605478 us, overflow_slots=0
global_rank=2, local_rank=2 -> done
global_rank=1, local_rank=1 -> done
global_rank=3, local_rank=3 -> done
global_rank=0, local_rank=0 -> done
