# started_at: 2026-07-26T05:20:21
# cwd: /workspace/external/nixl/examples/device/ep
# command: python3 tests/elastic/elastic.py --plan tests/elastic/no_expansion.json --num-processes 4 --num-tokens 128 --num-experts-per-rank 16 --dispatch-only
# env NIXL_EP_NUM_CHANNELS=8
# env PYTHONPATH=/workspace/external/nixl/install/lib/python3/dist-packages
# env UCX_TLS=rc,rc_gda,tcp,self,sm,cuda_copy

Starting TCPStore and rank server locally
Process 1 -> global_rank=0, local_rank=0
Process 2 -> global_rank=1, local_rank=1
Process 3 -> global_rank=2, local_rank=2
Process 0 -> global_rank=3, local_rank=3
Allocating buffer size: 477.103232 MB ...
global_rank=2, local_rank=2 -> start phase 0
global_rank=2, local_rank=2 -> adding connections to [0, 1, 3]
global_rank=3, local_rank=3 -> start phase 0
global_rank=3, local_rank=3 -> adding connections to [0, 1, 2]
global_rank=0, local_rank=0 -> start phase 0
global_rank=0, local_rank=0 -> adding connections to [1, 2, 3]
global_rank=1, local_rank=1 -> start phase 0
global_rank=1, local_rank=1 -> adding connections to [0, 2, 3]
[rank 0] Dispatch bandwidth: 53.71 GB/s, avg_t=141.22 us, min_t=128.93 us, max_t=151.42 us
[rank 2] Dispatch bandwidth: 53.89 GB/s, avg_t=140.78 us, min_t=130.66 us, max_t=151.10 us
[rank 3] Dispatch bandwidth: 53.96 GB/s, avg_t=140.58 us, min_t=128.26 us, max_t=150.98 us
[rank 1] Dispatch bandwidth: 53.73 GB/s, avg_t=141.17 us, min_t=124.61 us, max_t=157.31 us
global_rank=0, local_rank=0 -> end phase 0
global_rank=2, local_rank=2 -> end phase 0
global_rank=3, local_rank=3 -> end phase 0
global_rank=1, local_rank=1 -> end phase 0
[rank 3] nixlPut latency: samples=93000, p50=5.287000 us, p90=9.816000 us, p99=14.334500 us, average=5.937945 us, overflow_slots=0
[rank 2] nixlPut latency: samples=95604, p50=5.607500 us, p90=10.096500 us, p99=13.711000 us, average=6.182142 us, overflow_slots=0
[rank 0] nixlPut latency: samples=96596, p50=5.650000 us, p90=10.149000 us, p99=13.918500 us, average=6.206098 us, overflow_slots=0
[rank 1] nixlPut latency: samples=95108, p50=5.500500 us, p90=9.377000 us, p99=13.116500 us, average=5.933826 us, overflow_slots=0
global_rank=0, local_rank=0 -> done
global_rank=1, local_rank=1 -> done
global_rank=3, local_rank=3 -> done
global_rank=2, local_rank=2 -> done
