# started_at: 2026-07-26T05:20:30
# cwd: /workspace/external/nixl/examples/device/ep
# command: python3 tests/elastic/elastic.py --plan tests/elastic/no_expansion.json --num-processes 4 --num-tokens 128 --num-experts-per-rank 16 --dispatch-only
# env NIXL_EP_NUM_CHANNELS=16
# env PYTHONPATH=/workspace/external/nixl/install/lib/python3/dist-packages
# env UCX_TLS=rc,rc_gda,tcp,self,sm,cuda_copy

Starting TCPStore and rank server locally
Process 2 -> global_rank=0, local_rank=0
Process 3 -> global_rank=1, local_rank=1
Process 1 -> global_rank=2, local_rank=2
Process 0 -> global_rank=3, local_rank=3
Allocating buffer size: 477.103232 MB ...
global_rank=0, local_rank=0 -> start phase 0
global_rank=0, local_rank=0 -> adding connections to [1, 2, 3]
global_rank=2, local_rank=2 -> start phase 0
global_rank=2, local_rank=2 -> adding connections to [0, 1, 3]
global_rank=1, local_rank=1 -> start phase 0
global_rank=1, local_rank=1 -> adding connections to [0, 2, 3]
global_rank=3, local_rank=3 -> start phase 0
global_rank=3, local_rank=3 -> adding connections to [0, 1, 2]
[rank 3] Dispatch bandwidth: 54.57 GB/s, avg_t=139.00 us, min_t=124.32 us, max_t=149.18 us
[rank 0] Dispatch bandwidth: 54.71 GB/s, avg_t=138.65 us, min_t=128.10 us, max_t=150.66 us
[rank 2] Dispatch bandwidth: 54.58 GB/s, avg_t=138.99 us, min_t=125.34 us, max_t=152.99 us
[rank 1] Dispatch bandwidth: 54.38 GB/s, avg_t=139.50 us, min_t=126.21 us, max_t=153.22 us
global_rank=3, local_rank=3 -> end phase 0
global_rank=0, local_rank=0 -> end phase 0
global_rank=2, local_rank=2 -> end phase 0
global_rank=1, local_rank=1 -> end phase 0
[rank 3] nixlPut latency: samples=93000, p50=3.512000 us, p90=6.105500 us, p99=9.054500 us, average=3.973387 us, overflow_slots=0
[rank 0] nixlPut latency: samples=96596, p50=3.683000 us, p90=6.624500 us, p99=9.384500 us, average=4.203835 us, overflow_slots=0
[rank 2] nixlPut latency: samples=95604, p50=3.630000 us, p90=6.339500 us, p99=8.684500 us, average=4.089929 us, overflow_slots=0
[rank 1] nixlPut latency: samples=95108, p50=3.614000 us, p90=6.125500 us, p99=8.310000 us, average=4.029160 us, overflow_slots=0
global_rank=2, local_rank=2 -> done
global_rank=3, local_rank=3 -> done
global_rank=1, local_rank=1 -> done
global_rank=0, local_rank=0 -> done
