# started_at: 2026-07-26T05:21:14
# cwd: /workspace/external/nixl/examples/device/ep
# command: python3 tests/elastic/elastic.py --plan tests/elastic/no_expansion.json --num-processes 4 --num-tokens 128 --num-experts-per-rank 16 --dispatch-only
# env NIXL_EP_NUM_CHANNELS=32
# env PYTHONPATH=/workspace/external/nixl/install/lib/python3/dist-packages
# env UCX_TLS=rc,rc_gda,tcp,self,sm,cuda_copy

Starting TCPStore and rank server locally
Process 2 -> global_rank=0, local_rank=0
Process 1 -> global_rank=1, local_rank=1
Process 0 -> global_rank=2, local_rank=2
Process 3 -> global_rank=3, local_rank=3
Allocating buffer size: 477.103232 MB ...
global_rank=0, local_rank=0 -> start phase 0
global_rank=0, local_rank=0 -> adding connections to [1, 2, 3]
global_rank=2, local_rank=2 -> start phase 0
global_rank=1, local_rank=1 -> start phase 0
global_rank=2, local_rank=2 -> adding connections to [0, 1, 3]
global_rank=1, local_rank=1 -> adding connections to [0, 2, 3]
global_rank=3, local_rank=3 -> start phase 0
global_rank=3, local_rank=3 -> adding connections to [0, 1, 2]
[rank 1] Dispatch bandwidth: 54.89 GB/s, avg_t=138.19 us, min_t=123.71 us, max_t=150.88 us
[rank 2] Dispatch bandwidth: 54.78 GB/s, avg_t=138.49 us, min_t=126.34 us, max_t=150.98 us
[rank 3] Dispatch bandwidth: 54.87 GB/s, avg_t=138.25 us, min_t=127.36 us, max_t=148.29 us
[rank 0] Dispatch bandwidth: 54.79 GB/s, avg_t=138.45 us, min_t=124.32 us, max_t=152.96 us
global_rank=1, local_rank=1 -> end phase 0
global_rank=2, local_rank=2 -> end phase 0
global_rank=3, local_rank=3 -> end phase 0
global_rank=0, local_rank=0 -> end phase 0
[rank 1] nixlPut latency: samples=95108, p50=3.772500 us, p90=6.235500 us, p99=8.398500 us, average=4.157743 us, overflow_slots=0
[rank 3] nixlPut latency: samples=93000, p50=3.683500 us, p90=6.249500 us, p99=9.178500 us, average=4.121378 us, overflow_slots=0
[rank 2] nixlPut latency: samples=95604, p50=3.798500 us, p90=6.501000 us, p99=8.806500 us, average=4.226851 us, overflow_slots=0
[rank 0] nixlPut latency: samples=96596, p50=3.861500 us, p90=6.635500 us, p99=9.132500 us, average=4.315256 us, overflow_slots=0
global_rank=2, local_rank=2 -> done
global_rank=3, local_rank=3 -> done
global_rank=0, local_rank=0 -> done
global_rank=1, local_rank=1 -> done
