# started_at: 2026-07-26T05:19:56
# cwd: /workspace/external/nixl/examples/device/ep
# command: python3 tests/elastic/elastic.py --plan tests/elastic/no_expansion.json --num-processes 4 --num-tokens 128 --num-experts-per-rank 16 --dispatch-only
# env NIXL_EP_NUM_CHANNELS=4
# env PYTHONPATH=/workspace/external/nixl/install/lib/python3/dist-packages
# env UCX_TLS=rc,rc_gda,tcp,self,sm,cuda_copy

Starting TCPStore and rank server locally
Process 1 -> global_rank=0, local_rank=0
Process 3 -> global_rank=1, local_rank=1
Process 0 -> global_rank=2, local_rank=2
Process 2 -> global_rank=3, local_rank=3
Allocating buffer size: 477.103232 MB ...
global_rank=3, local_rank=3 -> start phase 0
global_rank=3, local_rank=3 -> adding connections to [0, 1, 2]
global_rank=0, local_rank=0 -> start phase 0
global_rank=0, local_rank=0 -> adding connections to [1, 2, 3]
global_rank=2, local_rank=2 -> start phase 0
global_rank=2, local_rank=2 -> adding connections to [0, 1, 3]
global_rank=1, local_rank=1 -> start phase 0
global_rank=1, local_rank=1 -> adding connections to [0, 2, 3]
[rank 2] Dispatch bandwidth: 52.17 GB/s, avg_t=145.41 us, min_t=130.27 us, max_t=160.16 us
[rank 3] Dispatch bandwidth: 52.25 GB/s, avg_t=145.18 us, min_t=128.42 us, max_t=159.14 us
[rank 1] Dispatch bandwidth: 52.36 GB/s, avg_t=144.88 us, min_t=130.14 us, max_t=161.18 us
[rank 0] Dispatch bandwidth: 52.16 GB/s, avg_t=145.44 us, min_t=134.75 us, max_t=155.26 us
global_rank=2, local_rank=2 -> end phase 0
global_rank=3, local_rank=3 -> end phase 0
global_rank=1, local_rank=1 -> end phase 0
global_rank=0, local_rank=0 -> end phase 0
[rank 3] nixlPut latency: samples=93000, p50=10.003000 us, p90=16.137500 us, p99=21.454000 us, average=10.244803 us, overflow_slots=0
[rank 2] nixlPut latency: samples=95604, p50=10.380000 us, p90=16.886500 us, p99=21.581000 us, average=10.703165 us, overflow_slots=0
[rank 1] nixlPut latency: samples=95108, p50=9.864500 us, p90=16.903000 us, p99=21.572000 us, average=10.286576 us, overflow_slots=0
[rank 0] nixlPut latency: samples=96596, p50=10.164000 us, p90=17.121000 us, p99=21.883000 us, average=10.615709 us, overflow_slots=0
global_rank=3, local_rank=3 -> done
global_rank=2, local_rank=2 -> done
global_rank=0, local_rank=0 -> done
global_rank=1, local_rank=1 -> done
