# started_at: 2026-07-26T05:20:12
# cwd: /workspace/external/nixl/examples/device/ep
# command: python3 tests/elastic/elastic.py --plan tests/elastic/no_expansion.json --num-processes 4 --num-tokens 128 --num-experts-per-rank 16 --dispatch-only
# env NIXL_EP_NUM_CHANNELS=8
# env PYTHONPATH=/workspace/external/nixl/install/lib/python3/dist-packages
# env UCX_TLS=rc,rc_gda,tcp,self,sm,cuda_copy

Starting TCPStore and rank server locally
Process 1 -> global_rank=0, local_rank=0
Process 3 -> global_rank=1, local_rank=1
Process 2 -> global_rank=2, local_rank=2
Process 0 -> global_rank=3, local_rank=3
Allocating buffer size: 477.103232 MB ...
global_rank=0, local_rank=0 -> start phase 0
global_rank=0, local_rank=0 -> adding connections to [1, 2, 3]
global_rank=1, local_rank=1 -> start phase 0
global_rank=1, local_rank=1 -> adding connections to [0, 2, 3]
global_rank=2, local_rank=2 -> start phase 0
global_rank=3, local_rank=3 -> start phase 0
global_rank=2, local_rank=2 -> adding connections to [0, 1, 3]
global_rank=3, local_rank=3 -> adding connections to [0, 1, 2]
[rank 2] Dispatch bandwidth: 53.68 GB/s, avg_t=141.31 us, min_t=134.46 us, max_t=146.82 us
[rank 3] Dispatch bandwidth: 53.68 GB/s, avg_t=141.32 us, min_t=130.53 us, max_t=150.88 us
[rank 0] Dispatch bandwidth: 53.66 GB/s, avg_t=141.37 us, min_t=128.38 us, max_t=152.99 us
[rank 1] Dispatch bandwidth: 53.64 GB/s, avg_t=141.41 us, min_t=126.27 us, max_t=155.26 us
global_rank=2, local_rank=2 -> end phase 0
global_rank=3, local_rank=3 -> end phase 0
global_rank=0, local_rank=0 -> end phase 0
global_rank=1, local_rank=1 -> end phase 0
[rank 3] nixlPut latency: samples=93000, p50=5.277000 us, p90=9.846500 us, p99=14.360000 us, average=5.940857 us, overflow_slots=0
[rank 2] nixlPut latency: samples=95604, p50=5.612000 us, p90=10.082500 us, p99=13.733500 us, average=6.171000 us, overflow_slots=0
[rank 1] nixlPut latency: samples=95108, p50=5.491000 us, p90=9.402500 us, p99=13.124000 us, average=5.934850 us, overflow_slots=0
[rank 0] nixlPut latency: samples=96596, p50=5.637000 us, p90=10.189500 us, p99=13.832000 us, average=6.196149 us, overflow_slots=0
global_rank=3, local_rank=3 -> done
global_rank=1, local_rank=1 -> done
global_rank=0, local_rank=0 -> done
global_rank=2, local_rank=2 -> done
