# started_at: 2026-07-26T05:20:56
# cwd: /workspace/external/nixl/examples/device/ep
# command: python3 tests/elastic/elastic.py --plan tests/elastic/no_expansion.json --num-processes 4 --num-tokens 128 --num-experts-per-rank 16 --dispatch-only
# env NIXL_EP_NUM_CHANNELS=32
# env PYTHONPATH=/workspace/external/nixl/install/lib/python3/dist-packages
# env UCX_TLS=rc,rc_gda,tcp,self,sm,cuda_copy

Starting TCPStore and rank server locally
Process 2 -> global_rank=0, local_rank=0
Process 0 -> global_rank=1, local_rank=1
Process 1 -> global_rank=2, local_rank=2
Process 3 -> global_rank=3, local_rank=3
Allocating buffer size: 477.103232 MB ...
global_rank=0, local_rank=0 -> start phase 0
global_rank=0, local_rank=0 -> adding connections to [1, 2, 3]
global_rank=1, local_rank=1 -> start phase 0
global_rank=1, local_rank=1 -> adding connections to [0, 2, 3]
global_rank=3, local_rank=3 -> start phase 0
global_rank=3, local_rank=3 -> adding connections to [0, 1, 2]
global_rank=2, local_rank=2 -> start phase 0
global_rank=2, local_rank=2 -> adding connections to [0, 1, 3]
[rank 1] Dispatch bandwidth: 54.77 GB/s, avg_t=138.50 us, min_t=127.78 us, max_t=148.64 us
[rank 2] Dispatch bandwidth: 54.67 GB/s, avg_t=138.75 us, min_t=129.44 us, max_t=146.85 us
[rank 3] Dispatch bandwidth: 54.63 GB/s, avg_t=138.85 us, min_t=128.03 us, max_t=147.26 us
[rank 0] Dispatch bandwidth: 54.52 GB/s, avg_t=139.14 us, min_t=120.22 us, max_t=155.04 us
global_rank=2, local_rank=2 -> end phase 0
global_rank=1, local_rank=1 -> end phase 0
global_rank=3, local_rank=3 -> end phase 0
global_rank=0, local_rank=0 -> end phase 0
[rank 1] nixlPut latency: samples=95108, p50=3.765000 us, p90=6.266500 us, p99=8.410500 us, average=4.151486 us, overflow_slots=0
[rank 3] nixlPut latency: samples=93000, p50=3.675000 us, p90=6.236500 us, p99=9.162000 us, average=4.114395 us, overflow_slots=0
[rank 2] nixlPut latency: samples=95604, p50=3.808500 us, p90=6.553500 us, p99=8.909000 us, average=4.245039 us, overflow_slots=0
[rank 0] nixlPut latency: samples=96596, p50=3.851000 us, p90=6.640000 us, p99=9.218500 us, average=4.310564 us, overflow_slots=0
global_rank=3, local_rank=3 -> done
global_rank=2, local_rank=2 -> done
global_rank=1, local_rank=1 -> done
global_rank=0, local_rank=0 -> done
